BL51 BANKED LINKER/LOCATER V6.22.2.0                                                    07/13/2021  11:06:07  PAGE 1


BL51 BANKED LINKER/LOCATER V6.22.2.0, INVOKED BY:
C:\KEIL_V5\C51\BIN\BL51.EXE .\OBJ\STARTUP.obj, .\OBJ\UART.obj, .\OBJ\BusCtrl.obj, .\OBJ\CommandShell.obj, .\OBJ\Main.obj
>> , .\OBJ\OSD_Graph.obj, .\OBJ\OSDAction.obj, .\OBJ\OSDCtrl.obj, .\OBJ\Timer.obj, .\OBJ\TW28xx_Audio.obj, .\OBJ\TW28xx_
>> Video.obj, .\OBJ\TW2835_Init.obj TO .\OBJ\TW2835 PRINT (.\OBJ\TW2835.m51) RAMSIZE (256)


MEMORY MODEL: COMPACT


INPUT MODULES INCLUDED:
  .\OBJ\STARTUP.obj (?C_STARTUP)
  .\OBJ\UART.obj (UART)
  .\OBJ\BusCtrl.obj (BUSCTRL)
  .\OBJ\CommandShell.obj (COMMANDSHELL)
  .\OBJ\Main.obj (MAIN)
  .\OBJ\OSD_Graph.obj (OSD_GRAPH)
  .\OBJ\OSDAction.obj (OSDACTION)
  .\OBJ\OSDCtrl.obj (OSDCTRL)
  .\OBJ\Timer.obj (TIMER)
  .\OBJ\TW28xx_Audio.obj (TW28XX_AUDIO)
  .\OBJ\TW28xx_Video.obj (TW28XX_VIDEO)
  .\OBJ\TW2835_Init.obj (TW2835_INIT)
  C:\KEIL_V5\C51\LIB\C51C.LIB (?C_INIT)
  C:\KEIL_V5\C51\LIB\C51C.LIB (?C?CLDPTR)
  C:\KEIL_V5\C51\LIB\C51C.LIB (?C?CLDOPTR)
  C:\KEIL_V5\C51\LIB\C51C.LIB (?C?CSTPTR)
  C:\KEIL_V5\C51\LIB\C51C.LIB (?C?IMUL)
  C:\KEIL_V5\C51\LIB\C51C.LIB (?C?ILDPTR)
  C:\KEIL_V5\C51\LIB\C51C.LIB (?C?IILDOPTR)
  C:\KEIL_V5\C51\LIB\C51C.LIB (?C?ULCMP)
  C:\KEIL_V5\C51\LIB\C51C.LIB (?C?PLDPTR)
  C:\KEIL_V5\C51\LIB\C51C.LIB (?C?PSTPTR)
  C:\KEIL_V5\C51\LIB\C51C.LIB (?C?CCASE)
  C:\KEIL_V5\C51\LIB\C51C.LIB (PRINTF)
  C:\KEIL_V5\C51\LIB\C51C.LIB (PUTS)
  C:\KEIL_V5\C51\LIB\C51C.LIB (SCANF)
  C:\KEIL_V5\C51\LIB\C51C.LIB (?C?STRCMP)
  C:\KEIL_V5\C51\LIB\C51C.LIB (STRLEN)
  C:\KEIL_V5\C51\LIB\C51C.LIB (ATOI)
  C:\KEIL_V5\C51\LIB\C51C.LIB (?C?IILDX)
  C:\KEIL_V5\C51\LIB\C51C.LIB (?C?ISTPTR)
  C:\KEIL_V5\C51\LIB\C51C.LIB (?C?LNEG)
  C:\KEIL_V5\C51\LIB\C51C.LIB (?C?LSTPTR)
  C:\KEIL_V5\C51\LIB\C51C.LIB (?C?PLDIDATA)
  C:\KEIL_V5\C51\LIB\C51C.LIB (?C?PSTIDATA)
  C:\KEIL_V5\C51\LIB\C51C.LIB (?C?PLDXDATA)
  C:\KEIL_V5\C51\LIB\C51C.LIB (?C?PSTXDATA)
  C:\KEIL_V5\C51\LIB\C51C.LIB (?C?PLDPDATA)
  C:\KEIL_V5\C51\LIB\C51C.LIB (?C?PLDIPDATA)
  C:\KEIL_V5\C51\LIB\C51C.LIB (?C?PILDPDATA)
  C:\KEIL_V5\C51\LIB\C51C.LIB (?C?PSTPDATA)
  C:\KEIL_V5\C51\LIB\C51C.LIB (?C?PLDCODE)
  C:\KEIL_V5\C51\LIB\C51C.LIB (PUTCHAR)
  C:\KEIL_V5\C51\LIB\C51C.LIB (GETCHAR)
  C:\KEIL_V5\C51\LIB\C51C.LIB (UNGETC)
  C:\KEIL_V5\C51\LIB\C51C.LIB (ISDIGIT)
  C:\KEIL_V5\C51\LIB\C51C.LIB (ISSPACE)
  C:\KEIL_V5\C51\LIB\C51C.LIB (?C?LSTIDATA)
BL51 BANKED LINKER/LOCATER V6.22.2.0                                                  07/13/2021  11:06:07  PAGE 2


  C:\KEIL_V5\C51\LIB\C51C.LIB (?C?LSTXDATA)
  C:\KEIL_V5\C51\LIB\C51C.LIB (?C?LSTPDATA)
  C:\KEIL_V5\C51\LIB\C51C.LIB (_GETKEY)


LINK MAP OF MODULE:  .\OBJ\TW2835 (?C_STARTUP)


            TYPE    BASE      LENGTH    RELOCATION   SEGMENT NAME
            -----------------------------------------------------

            * * * * * * *   D A T A   M E M O R Y   * * * * * * *
            REG     0000H     0008H     ABSOLUTE     "REG BANK 0"
            REG     0008H     0008H     ABSOLUTE     "REG BANK 1"
            DATA    0010H     0006H     UNIT         ?DT?TIMER
            DATA    0016H     0002H     UNIT         ?DT?OSDCTRL
                    0018H     0008H                  *** GAP ***
            DATA    0020H     0001H     BIT_ADDR     ?BA?MAIN
            DATA    0021H     0001H     BIT_ADDR     ?BA?OSDACTION
            DATA    0022H     0001H     BIT_ADDR     ?BA?OSDCTRL
            BIT     0023H.0   0001H.1   UNIT         _BIT_GROUP_
            BIT     0024H.1   0000H.1   UNIT         ?BI?MAIN
            BIT     0024H.2   0000H.1   UNIT         ?BI?GETCHAR
                    0024H.3   0000H.5                *** GAP ***
            DATA    0025H     0011H     UNIT         _DATA_GROUP_
            IDATA   0036H     0001H     UNIT         ?STACK

            * * * * * * *  X D A T A   M E M O R Y  * * * * * * *
            XDATA   0000H     0052H     INPAGE       ?PD?UART
            XDATA   0052H     0019H     INPAGE       ?PD?COMMANDSHELL
            XDATA   006BH     002DH     INPAGE       ?PD?MAIN
            XDATA   0098H     0001H     INPAGE       ?PD?OSD_GRAPH
            XDATA   0099H     0001H     INPAGE       ?PD?OSDACTION
            XDATA   009AH     0001H     INPAGE       ?PD?TW2835_INIT
            XDATA   009BH     0001H     INPAGE       ?PD?GETCHAR
            XDATA   009CH     003EH     INPAGE       _PDATA_GROUP_
            XDATA   00DAH     0001H     UNIT         ?XD?COMMANDSHELL

            * * * * * * *   C O D E   M E M O R Y   * * * * * * *
            CODE    0000H     0003H     ABSOLUTE     
            CODE    0003H     0008H     UNIT         ?PR?_RS_TX?UART
            CODE    000BH     0003H     ABSOLUTE     
            CODE    000EH     0015H     UNIT         ?PR?_STRLEN?STRLEN
            CODE    0023H     0003H     ABSOLUTE     
            CODE    0026H     24E6H     UNIT         ?CO?OSD_GRAPH
            CODE    250CH     0EA0H     UNIT         ?CO?OSDCTRL
            CODE    33ACH     0910H     UNIT         ?CO?TW2835_INIT
            CODE    3CBCH     0565H     UNIT         ?PR?PCT_SHOWVLOSS?OSDACTION
            CODE    4221H     04C2H     UNIT         ?PR?_PCT_SHOWMIRRORICON?OSDACTION
            CODE    46E3H     04ADH     UNIT         ?PR?_PCT_SHOWSPEAKICON?OSDACTION
            CODE    4B90H     0463H     UNIT         ?CO?TW28XX_VIDEO
            CODE    4FF3H     0406H     UNIT         ?C?LIB_CODE
            CODE    53F9H     0404H     UNIT         ?PR?_PCT_SETVIDEOHDELAY?TW28XX_VIDEO
            CODE    57FDH     03C8H     UNIT         ?PR?_PCT_OSD_ACTIONPTHX?OSDACTION
            CODE    5BC5H     035BH     UNIT         ?PR?PRINTF?PRINTF
            CODE    5F20H     0316H     UNIT         ?PR?SCANF?SCANF
            CODE    6236H     02DFH     UNIT         ?CO?COMMANDSHELL
BL51 BANKED LINKER/LOCATER V6.22.2.0                                                  07/13/2021  11:06:07  PAGE 3


            CODE    6515H     0296H     UNIT         ?PR?_PCT_RUNCOMMSHELL?COMMANDSHELL
            CODE    67ABH     027EH     UNIT         ?PR?_PCT_SHOWINDICATEICON?OSDACTION
            CODE    6A29H     0210H     UNIT         ?PR?_MONIVIDEOMIXATTR?COMMANDSHELL
            CODE    6C39H     020BH     UNIT         ?PR?COMMANDSHELL
            CODE    6E44H     01DDH     UNIT         ?PR?PCT_TW2835_INITIAL?TW2835_INIT
            CODE    7021H     01BCH     UNIT         ?PR?_PCT_OSD16X16GRAPHX?OSD_GRAPH
            CODE    71DDH     01B8H     UNIT         ?PR?PCT_AUDIOREGLIST?TW28XX_AUDIO
            CODE    7395H     0195H     UNIT         ?PR?_PCT_SETXVIDEOMIXING?TW28XX_VIDEO
            CODE    752AH     018AH     UNIT         ?PR?_MONIAUDIOMIXING?COMMANDSHELL
            CODE    76B4H     0169H     UNIT         ?PR?_PCT_WRITEOSDDATABUFFERX?OSDCTRL
            CODE    781DH     0165H     UNIT         ?PR?OSDCTRL
            CODE    7982H     013DH     UNIT         ?PR?_MONIAUDIOGAIN?COMMANDSHELL
            CODE    7ABFH     013CH     UNIT         ?PR?_MONIHSCOMM?COMMANDSHELL
            CODE    7BFBH     012FH     UNIT         ?PR?PCT_INITOSDCOLOR?OSDCTRL
            CODE    7D2AH     0120H     UNIT         ?PR?_PCT_RECOMPENSEYHDELAY?TW28XX_VIDEO
            CODE    7E4AH     011DH     UNIT         ?PR?_PCT_WRITEOSDDATABUFFERY?OSDCTRL
            CODE    7F67H     011AH     UNIT         ?PR?TW28XX_VIDEO
            CODE    8081H     0117H     UNIT         ?PR?_MONISETVIDEOFORMAT?COMMANDSHELL
            CODE    8198H     00FFH     UNIT         ?PR?_PCT_WRITEOSDFNTX?OSDCTRL
            CODE    8297H     00FAH     UNIT         ?PR?OSDACTION
            CODE    8391H     00EAH     UNIT         ?PR?_PCT_WRITEOSDFNTY?OSDCTRL
            CODE    847BH     00D0H     UNIT         ?PR?_ATOI?ATOI
            CODE    854BH     00ADH     UNIT         ?PR?_PCT_CLEARWORDSPATHX?OSDCTRL
            CODE    85F8H     009EH     UNIT         ?PR?_PCT_FULLCOLORONOSD?OSDCTRL
            CODE    8696H     0097H     UNIT         ?PR?_PCT_SETCHANELSCALE?TW28XX_VIDEO
            CODE    872DH     0097H     UNIT         ?PR?_PCT_CHANGESYSTEMTYPE?TW2835_INIT
            CODE    87C4H     0090H     UNIT         ?PR?_PCT_DETECTVIDEOFORMAT?TW28XX_VIDEO
            CODE    8854H     008CH     UNIT         ?C_C51STARTUP
            CODE    88E0H     007CH     UNIT         ?PR?_PCT_WRITEASICTABLE?BUSCTRL
            CODE    895CH     0077H     UNIT         ?PR?MAIN?MAIN
            CODE    89D3H     006BH     UNIT         ?PR?PCT_CHECKSYSTEM?COMMANDSHELL
            CODE    8A3EH     0068H     UNIT         ?PR?_PCT_GETFIRSTSTR?COMMANDSHELL
            CODE    8AA6H     0065H     UNIT         ?PR?_PCT_READASICBYTE?BUSCTRL
            CODE    8B0BH     0064H     UNIT         ?PR?_PCT_WRITEASICBYTE?BUSCTRL
            CODE    8B6FH     0061H     UNIT         ?PR?_PCT_AUDIOMIXCTRL?TW28XX_AUDIO
            CODE    8BD0H     0061H     UNIT         ?PR?PCT_INITIALTW2835?TW2835_INIT
            CODE    8C31H     0060H     UNIT         ?PR?_PCT_SHOWOSDSTRING?OSDCTRL
            CODE    8C91H     005DH     UNIT         ?PR?_MONISHOWSODSTR?COMMANDSHELL
            CODE    8CEEH     005BH     UNIT         ?PR?_PCT_SHOWGRAPHSTRING?OSD_GRAPH
            CODE    8D49H     005BH     UNIT         ?PR?_PCT_AUDIOGAINCTRL?TW28XX_AUDIO
            CODE    8DA4H     0057H     UNIT         ?PR?_PCT_WRITESTABLE?BUSCTRL
            CODE    8DFBH     0056H     UNIT         ?PR?_MONIVIDEOMIXWIN?COMMANDSHELL
            CODE    8E51H     0054H     UNIT         ?PR?TIMER0_INTERRUPT?TIMER
            CODE    8EA5H     0053H     UNIT         ?PR?_PCT_SETOSDCOLOR?OSDCTRL
            CODE    8EF8H     0052H     UNIT         ?PR?COMMANDSHELL?MAIN
            CODE    8F4AH     0052H     UNIT         ?PR?OSD_GRAPH
            CODE    8F9CH     0050H     UNIT         ?PR?PCT_INITIALOSD?OSDACTION
            CODE    8FECH     004FH     UNIT         ?PR?MONIREGISTERDUMP?COMMANDSHELL
            CODE    903BH     004CH     UNIT         ?PR?_MONIWRITEASICBYTE?COMMANDSHELL
            CODE    9087H     0047H     UNIT         ?PR?_MONIREADASICBYTE?COMMANDSHELL
            CODE    90CEH     0046H     UNIT         ?PR?_WAIT_MS?MAIN
            CODE    9114H     0046H     UNIT         ?PR?PCT_SHOWMODEICON?OSDACTION
            CODE    915AH     0043H     UNIT         ?PR?_MONIREADPAGEBUFFER?COMMANDSHELL
            CODE    919DH     0043H     UNIT         ?PR?MONIHSCOMMVERSION?COMMANDSHELL
            CODE    91E0H     0041H     UNIT         ?PR?_PCT_CHECKVMIXTYPE?COMMANDSHELL
            CODE    9221H     0041H     UNIT         ?PR?PCT_AUDIOACTIONFORHS?COMMANDSHELL
            CODE    9262H     0041H     UNIT         ?PR?TW28XX_AUDIO
BL51 BANKED LINKER/LOCATER V6.22.2.0                                                  07/13/2021  11:06:07  PAGE 4


            CODE    92A3H     0040H     UNIT         ?CO?TW28XX_AUDIO
            CODE    92E3H     003EH     UNIT         ?PR?_PCT_STRTOCOMMCODE?COMMANDSHELL
            CODE    9321H     003CH     UNIT         ?PR?_PCT_WINATTRCLEAR?TW28XX_VIDEO
            CODE    935DH     0038H     UNIT         ?PR?PCT_GETVIDEOSIGNALSTATUS?OSDACTION
            CODE    9395H     0038H     UNIT         ?PR?_PCT_WINATTRCTRLY?TW28XX_VIDEO
            CODE    93CDH     0036H     UNIT         ?PR?_PUTSP?MAIN
            CODE    9403H     0035H     UNIT         ?PR?_PCT_ENSHOWOSDPAGE?OSDCTRL
            CODE    9438H     0034H     UNIT         ?PR?_PCT_AUDIOMIXMUTE?TW28XX_AUDIO
            CODE    946CH     0033H     UNIT         ?PR?_MONIREADONEBUFFER?COMMANDSHELL
            CODE    949FH     0033H     UNIT         ?PR?_MONIWRITEONEBUFFER?COMMANDSHELL
            CODE    94D2H     0033H     UNIT         ?PR?MONIVIDEOAUTODETECT?COMMANDSHELL
            CODE    9505H     0031H     UNIT         ?PR?_PCT_WINATTRCTRL?TW28XX_VIDEO
            CODE    9536H     002EH     UNIT         ?PR?_CHKSTARTCOMMSHELL?MAIN
            CODE    9564H     002EH     UNIT         ?PR?TW2835_INIT
            CODE    9592H     002AH     UNIT         ?PR?_PUTS?PUTS
            CODE    95BCH     0029H     UNIT         ?PR?_PCT_AUDIOSELLIVE?TW28XX_AUDIO
            CODE    95E5H     0028H     UNIT         ?PR?PCT_OSDACTIONFORHS?OSDACTION
            CODE    960DH     0028H     UNIT         ?PR?_PCT_SETVIDEOFORMAT?TW28XX_VIDEO
            CODE    9635H     0027H     UNIT         ?PR?PUTCHAR?PUTCHAR
            CODE    965CH     0026H     UNIT         ?PR?INITIALTIMER0?TIMER
            CODE    9682H     0025H     UNIT         ?PR?_PCT_PAGECHANGE?BUSCTRL
            CODE    96A7H     0025H     UNIT         ?CO?OSDACTION
            CODE    96CCH     0023H     UNIT         ?PR?RS_INTERRUPT?UART
            CODE    96EFH     0023H     UNIT         ?PR?BUSCTRL
            CODE    9712H     0023H     UNIT         ?PR?INITIALMPU?MAIN
            CODE    9735H     001DH     UNIT         ?PR?_PCT_SETOSDDRAWPAGE?OSDCTRL
            CODE    9752H     001CH     UNIT         ?PR?_PCT_DISSHOWOSDPAGE?OSDCTRL
            CODE    976EH     0019H     UNIT         ?PR?_PCT_CLEAROSDPAGEX?OSDCTRL
            CODE    9787H     0019H     UNIT         ?PR?PCT_TW2837IDCHECK?TW2835_INIT
            CODE    97A0H     0017H     UNIT         ?CO?MAIN
            CODE    97B7H     0016H     UNIT         ?PR?RS_RX?UART
            CODE    97CDH     0016H     UNIT         ?PR?_MONIHSCOMMSJMODE?COMMANDSHELL
            CODE    97E3H     0016H     UNIT         ?PR?RESETCOMMSELL?MAIN
            CODE    97F9H     0014H     UNIT         ?PR?_MONIAUDIOLIVE?COMMANDSHELL
            CODE    980DH     0014H     UNIT         ?PR?_PCT_SETYVIDEOMIXING?TW28XX_VIDEO
            CODE    9821H     0014H     UNIT         ?PR?_ISSPACE?ISSPACE
            CODE    9835H     0013H     UNIT         ?PR?PCT_TW2835RESETN?TW2835_INIT
            CODE    9848H     0013H     UNIT         ?PR?GETCHAR?GETCHAR
            CODE    985BH     0012H     UNIT         ?PR?_MONIYVIDEOMIX?COMMANDSHELL
            CODE    986DH     0010H     UNIT         ?PR?INITIALUART?UART
            CODE    987DH     000FH     UNIT         ?PR?RS_RXREADY?UART
            CODE    988CH     000FH     UNIT         ?PR?PCT_SENDACK?COMMANDSHELL
            CODE    989BH     000FH     UNIT         ?PR?MONIAUDIOMUTE?COMMANDSHELL
            CODE    98AAH     000FH     UNIT         ?PR?_ISDIGIT?ISDIGIT
            CODE    98B9H     000CH     UNIT         ?PR?UART
            CODE    98C5H     000BH     UNIT         ?C_INITSEG
            CODE    98D0H     000BH     UNIT         ?PR?INITIALCOMMSHELL?MAIN
            CODE    98DBH     000AH     UNIT         ?PR?_GETKEY?_GETKEY
            CODE    98E5H     0009H     UNIT         ?PR?NEWLINE?MAIN
            CODE    98EEH     0009H     UNIT         ?PR?_PCT_FLASHOSDCTRL?MAIN
            CODE    98F7H     0007H     UNIT         ?PR?PCT_ENFALSHVLOSS?OSDACTION
            CODE    98FEH     0007H     UNIT         ?PR?GETCHAR?UNGETCHAR
            CODE    9905H     0005H     UNIT         ?PR?MONIHSCOMMDISSCROLL?COMMANDSHELL
            CODE    990AH     0005H     UNIT         ?PR?PCT_CLEARGRAPHATTR?OSD_GRAPH
            CODE    990FH     0003H     UNIT         ?PR?_PCT_PRESETFOREGROUNDCOLOR?OSDCTRL
            CODE    9912H     0003H     UNIT         ?PR?_PCT_PRESETBACKGROUNDCOLOR?OSDCTRL
            CODE    9915H     0001H     UNIT         ?PR?PTC_SWITCHTOI2CMODE?BUSCTRL
BL51 BANKED LINKER/LOCATER V6.22.2.0                                                  07/13/2021  11:06:07  PAGE 5





OVERLAY MAP OF MODULE:   .\OBJ\TW2835 (?C_STARTUP)


SEGMENT                                            BIT_GROUP          DATA_GROUP          PDATA_GROUP
  +--> CALLED SEGMENT                           START    LENGTH     START    LENGTH     START    LENGTH
-------------------------------------------------------------------------------------------------------
?C_C51STARTUP                                   -----    -----      -----    -----      -----    -----
  +--> ?PR?MAIN?MAIN
  +--> ?C_INITSEG

?PR?MAIN?MAIN                                   -----    -----      -----    -----      009CH    0003H
  +--> ?PR?INITIALMPU?MAIN
  +--> ?PR?INITIALCOMMSHELL?MAIN
  +--> ?PR?PTC_SWITCHTOI2CMODE?BUSCTRL
  +--> ?PR?PCT_INITIALTW2835?TW2835_INIT
  +--> ?PR?RESETCOMMSELL?MAIN
  +--> ?PR?COMMANDSHELL?MAIN
  +--> ?PR?_PCT_RUNCOMMSHELL?COMMANDSHELL
  +--> ?PR?PCT_CHECKSYSTEM?COMMANDSHELL
  +--> ?PR?RS_RXREADY?UART
  +--> ?PR?PCT_GETVIDEOSIGNALSTATUS?OSDACTION

?PR?INITIALMPU?MAIN                             -----    -----      -----    -----      -----    -----
  +--> ?PR?INITIALUART?UART
  +--> ?PR?INITIALTIMER0?TIMER

?PR?PCT_INITIALTW2835?TW2835_INIT               -----    -----      -----    -----      -----    -----
  +--> ?PR?PCT_TW2835RESETN?TW2835_INIT
  +--> ?PR?PCT_TW2837IDCHECK?TW2835_INIT
  +--> ?PR?_WAIT_MS?MAIN
  +--> ?PR?_PCT_DETECTVIDEOFORMAT?TW28XX_VIDEO
  +--> ?PR?PCT_TW2835_INITIAL?TW2835_INIT
  +--> ?PR?PCT_INITIALOSD?OSDACTION
  +--> ?PR?_PCT_READASICBYTE?BUSCTRL

?PR?PCT_TW2837IDCHECK?TW2835_INIT               -----    -----      -----    -----      -----    -----
  +--> ?PR?_PCT_READASICBYTE?BUSCTRL

?PR?_PCT_READASICBYTE?BUSCTRL                   -----    -----      -----    -----      -----    -----
  +--> ?PR?BUSCTRL
  +--> ?PR?_PCT_PAGECHANGE?BUSCTRL

?PR?_PCT_PAGECHANGE?BUSCTRL                     -----    -----      -----    -----      00D9H    0001H
  +--> ?PR?BUSCTRL

?PR?_WAIT_MS?MAIN                               -----    -----      -----    -----      00A5H    0004H

?PR?_PCT_DETECTVIDEOFORMAT?TW28XX_VIDEO         -----    -----      -----    -----      00A5H    0002H
  +--> ?PR?_PCT_READASICBYTE?BUSCTRL

?PR?PCT_TW2835_INITIAL?TW2835_INIT              -----    -----      -----    -----      00A5H    0002H
  +--> ?PR?TW2835_INIT
  +--> ?CO?TW2835_INIT
  +--> ?PR?_PCT_WRITEASICTABLE?BUSCTRL
BL51 BANKED LINKER/LOCATER V6.22.2.0                                                  07/13/2021  11:06:07  PAGE 6


  +--> ?PR?_PCT_WRITEASICBYTE?BUSCTRL

?PR?TW2835_INIT                                 -----    -----      -----    -----      -----    -----
  +--> ?CO?TW2835_INIT

?PR?_PCT_WRITEASICTABLE?BUSCTRL                 -----    -----      -----    -----      00A7H    0007H
  +--> ?PR?BUSCTRL
  +--> ?PR?_PCT_PAGECHANGE?BUSCTRL

?PR?_PCT_WRITEASICBYTE?BUSCTRL                  -----    -----      -----    -----      00D5H    0004H
  +--> ?PR?BUSCTRL
  +--> ?PR?_PCT_PAGECHANGE?BUSCTRL

?PR?PCT_INITIALOSD?OSDACTION                    -----    -----      0027H    0001H      -----    -----
  +--> ?PR?PCT_INITOSDCOLOR?OSDCTRL
  +--> ?PR?PCT_CLEARGRAPHATTR?OSD_GRAPH
  +--> ?PR?_PCT_PRESETFOREGROUNDCOLOR?OSDCTRL
  +--> ?PR?_PCT_PRESETBACKGROUNDCOLOR?OSDCTRL
  +--> ?PR?_PCT_ENSHOWOSDPAGE?OSDCTRL
  +--> ?PR?_PCT_SETOSDDRAWPAGE?OSDCTRL
  +--> ?PR?_PCT_FULLCOLORONOSD?OSDCTRL

?PR?PCT_INITOSDCOLOR?OSDCTRL                    -----    -----      -----    -----      -----    -----
  +--> ?PR?_PCT_WRITEASICBYTE?BUSCTRL
  +--> ?PR?OSDCTRL
  +--> ?PR?_PCT_SETOSDCOLOR?OSDCTRL

?PR?OSDCTRL                                     -----    -----      -----    -----      -----    -----
  +--> ?CO?OSDCTRL

?PR?_PCT_SETOSDCOLOR?OSDCTRL                    -----    -----      -----    -----      00A5H    0005H
  +--> ?PR?_PCT_WRITEASICBYTE?BUSCTRL

?PR?_PCT_ENSHOWOSDPAGE?OSDCTRL                  -----    -----      -----    -----      00ABH    0001H
  +--> ?PR?OSDCTRL
  +--> ?PR?_PCT_WRITEASICBYTE?BUSCTRL
  +--> ?PR?_PCT_READASICBYTE?BUSCTRL

?PR?_PCT_SETOSDDRAWPAGE?OSDCTRL                 -----    -----      -----    -----      00ABH    0001H
  +--> ?PR?OSDCTRL
  +--> ?PR?_PCT_READASICBYTE?BUSCTRL
  +--> ?PR?_PCT_WRITEASICBYTE?BUSCTRL

?PR?_PCT_FULLCOLORONOSD?OSDCTRL                 -----    -----      -----    -----      00A5H    0006H
  +--> ?PR?OSDCTRL
  +--> ?PR?_PCT_WRITEASICBYTE?BUSCTRL
  +--> ?PR?_PCT_READASICBYTE?BUSCTRL

?PR?RESETCOMMSELL?MAIN                          -----    -----      -----    -----      -----    -----
  +--> ?CO?MAIN
  +--> ?PR?_PUTSP?MAIN

?PR?_PUTSP?MAIN                                 -----    -----      0025H    0001H      009FH    0003H
  +--> ?PR?_RS_TX?UART

?PR?COMMANDSHELL?MAIN                           -----    -----      0025H    0001H      -----    -----
  +--> ?PR?RS_RXREADY?UART
BL51 BANKED LINKER/LOCATER V6.22.2.0                                                  07/13/2021  11:06:07  PAGE 7


  +--> ?PR?RS_RX?UART
  +--> ?PR?_RS_TX?UART
  +--> ?PR?_CHKSTARTCOMMSHELL?MAIN
  +--> ?PR?NEWLINE?MAIN

?PR?RS_RX?UART                                  -----    -----      -----    -----      -----    -----
  +--> ?PR?UART

?PR?_CHKSTARTCOMMSHELL?MAIN                     -----    -----      -----    -----      009FH    0003H
  +--> ?CO?MAIN

?PR?NEWLINE?MAIN                                -----    -----      -----    -----      -----    -----
  +--> ?CO?MAIN
  +--> ?PR?_PUTS?PUTS

?PR?_PUTS?PUTS                                  -----    -----      -----    -----      -----    -----
  +--> ?PR?PUTCHAR?PUTCHAR

?PR?_PCT_RUNCOMMSHELL?COMMANDSHELL              -----    -----      0025H    0002H      009FH    0006H
  +--> ?PR?COMMANDSHELL
  +--> ?PR?_PCT_GETFIRSTSTR?COMMANDSHELL
  +--> ?PR?_PCT_STRTOCOMMCODE?COMMANDSHELL
  +--> ?CO?COMMANDSHELL
  +--> ?PR?_MONIREADPAGEBUFFER?COMMANDSHELL
  +--> ?PR?_MONIREADONEBUFFER?COMMANDSHELL
  +--> ?PR?_MONIWRITEONEBUFFER?COMMANDSHELL
  +--> ?PR?_MONIWRITEASICBYTE?COMMANDSHELL
  +--> ?PR?_MONIREADASICBYTE?COMMANDSHELL
  +--> ?PR?_MONIAUDIOMIXING?COMMANDSHELL
  +--> ?PR?MONIAUDIOMUTE?COMMANDSHELL
  +--> ?PR?PCT_AUDIOREGLIST?TW28XX_AUDIO
  +--> ?PR?_MONIAUDIOGAIN?COMMANDSHELL
  +--> ?PR?_MONIAUDIOLIVE?COMMANDSHELL
  +--> ?PR?MONIREGISTERDUMP?COMMANDSHELL
  +--> ?PR?_PCT_WINATTRCLEAR?TW28XX_VIDEO
  +--> ?PR?_MONIVIDEOMIXWIN?COMMANDSHELL
  +--> ?PR?PCT_SENDACK?COMMANDSHELL
  +--> ?PR?_MONIVIDEOMIXATTR?COMMANDSHELL
  +--> ?PR?_MONIYVIDEOMIX?COMMANDSHELL
  +--> ?PR?PCT_INITIALTW2835?TW2835_INIT
  +--> ?PR?MONIVIDEOAUTODETECT?COMMANDSHELL
  +--> ?PR?_MONISETVIDEOFORMAT?COMMANDSHELL
  +--> ?PR?_MONISHOWSODSTR?COMMANDSHELL
  +--> ?PR?_MONIHSCOMM?COMMANDSHELL
  +--> ?PR?PCT_AUDIOACTIONFORHS?COMMANDSHELL
  +--> ?PR?PCT_OSDACTIONFORHS?OSDACTION
  +--> ?PR?_PCT_FLASHOSDCTRL?MAIN
  +--> ?PR?_MONIHSCOMMSJMODE?COMMANDSHELL
  +--> ?PR?MONIHSCOMMDISSCROLL?COMMANDSHELL
  +--> ?PR?MONIHSCOMMVERSION?COMMANDSHELL

?PR?COMMANDSHELL                                -----    -----      -----    -----      -----    -----
  +--> ?CO?COMMANDSHELL

?PR?_PCT_GETFIRSTSTR?COMMANDSHELL               -----    -----      -----    -----      00ABH    0006H
  +--> ?PR?COMMANDSHELL

BL51 BANKED LINKER/LOCATER V6.22.2.0                                                  07/13/2021  11:06:07  PAGE 8


?PR?_PCT_STRTOCOMMCODE?COMMANDSHELL             -----    -----      0031H    0002H      00ABH    0003H
  +--> ?PR?COMMANDSHELL

?PR?_MONIREADPAGEBUFFER?COMMANDSHELL            -----    -----      0027H    0003H      -----    -----
  +--> ?PR?COMMANDSHELL
  +--> ?CO?COMMANDSHELL
  +--> ?PR?SCANF?SCANF
  +--> ?PR?_PCT_READASICBYTE?BUSCTRL
  +--> ?PR?PRINTF?PRINTF

?PR?SCANF?SCANF                                 0023H.0  0000H.6    0031H    0005H      00ABH    0015H
  +--> ?PR?GETCHAR?UNGETCHAR
  +--> ?PR?_ISSPACE?ISSPACE
  +--> ?PR?GETCHAR?GETCHAR

?PR?GETCHAR?GETCHAR                             -----    -----      -----    -----      -----    -----
  +--> ?PR?_GETKEY?_GETKEY
  +--> ?PR?PUTCHAR?PUTCHAR

?PR?PRINTF?PRINTF                               0023H.0  0001H.1    002BH    0005H      00A5H    000FH
  +--> ?PR?PUTCHAR?PUTCHAR

?PR?_MONIREADONEBUFFER?COMMANDSHELL             -----    -----      0027H    0002H      -----    -----
  +--> ?PR?COMMANDSHELL
  +--> ?CO?COMMANDSHELL
  +--> ?PR?SCANF?SCANF
  +--> ?PR?_PCT_READASICBYTE?BUSCTRL
  +--> ?PR?PRINTF?PRINTF

?PR?_MONIWRITEONEBUFFER?COMMANDSHELL            -----    -----      0027H    0003H      -----    -----
  +--> ?PR?COMMANDSHELL
  +--> ?CO?COMMANDSHELL
  +--> ?PR?SCANF?SCANF
  +--> ?PR?_PCT_WRITEASICBYTE?BUSCTRL

?PR?_MONIWRITEASICBYTE?COMMANDSHELL             -----    -----      0027H    0004H      -----    -----
  +--> ?PR?COMMANDSHELL
  +--> ?CO?COMMANDSHELL
  +--> ?PR?SCANF?SCANF
  +--> ?PR?_PCT_WRITEASICBYTE?BUSCTRL

?PR?_MONIREADASICBYTE?COMMANDSHELL              -----    -----      0027H    0004H      -----    -----
  +--> ?PR?COMMANDSHELL
  +--> ?CO?COMMANDSHELL
  +--> ?PR?SCANF?SCANF
  +--> ?PR?_PCT_READASICBYTE?BUSCTRL
  +--> ?PR?PRINTF?PRINTF

?PR?_MONIAUDIOMIXING?COMMANDSHELL               -----    -----      0027H    000AH      00A5H    0006H
  +--> ?PR?COMMANDSHELL
  +--> ?PR?_PCT_GETFIRSTSTR?COMMANDSHELL
  +--> ?PR?_PCT_AUDIOMIXMUTE?TW28XX_AUDIO
  +--> ?PR?_ATOI?ATOI
  +--> ?PR?SCANF?SCANF
  +--> ?PR?_PCT_AUDIOMIXCTRL?TW28XX_AUDIO
  +--> ?CO?COMMANDSHELL

BL51 BANKED LINKER/LOCATER V6.22.2.0                                                  07/13/2021  11:06:07  PAGE 9


?PR?_PCT_AUDIOMIXMUTE?TW28XX_AUDIO              -----    -----      0031H    0001H      00ABH    0002H
  +--> ?PR?_PCT_READASICBYTE?BUSCTRL
  +--> ?PR?_PCT_WRITEASICBYTE?BUSCTRL

?PR?_ATOI?ATOI                                  0023H.0  0000H.1    -----    -----      00ABH    0005H
  +--> ?PR?_ISSPACE?ISSPACE
  +--> ?PR?_ISDIGIT?ISDIGIT

?PR?_PCT_AUDIOMIXCTRL?TW28XX_AUDIO              -----    -----      -----    -----      00ABH    0004H
  +--> ?PR?TW28XX_AUDIO
  +--> ?PR?_PCT_READASICBYTE?BUSCTRL
  +--> ?CO?TW28XX_AUDIO
  +--> ?PR?_PCT_WRITEASICBYTE?BUSCTRL
  +--> ?PR?_PCT_AUDIOSELLIVE?TW28XX_AUDIO

?PR?TW28XX_AUDIO                                -----    -----      -----    -----      -----    -----
  +--> ?CO?TW28XX_AUDIO

?PR?_PCT_AUDIOSELLIVE?TW28XX_AUDIO              -----    -----      -----    -----      00AFH    0001H
  +--> ?PR?_PCT_WRITEASICBYTE?BUSCTRL

?PR?MONIAUDIOMUTE?COMMANDSHELL                  -----    -----      -----    -----      -----    -----
  +--> ?PR?_PCT_AUDIOMIXMUTE?TW28XX_AUDIO
  +--> ?PR?_PCT_AUDIOSELLIVE?TW28XX_AUDIO

?PR?PCT_AUDIOREGLIST?TW28XX_AUDIO               -----    -----      -----    -----      -----    -----
  +--> ?PR?PRINTF?PRINTF
  +--> ?PR?_PCT_READASICBYTE?BUSCTRL
  +--> ?CO?TW28XX_AUDIO

?PR?_MONIAUDIOGAIN?COMMANDSHELL                 -----    -----      0027H    000AH      00A5H    0006H
  +--> ?PR?COMMANDSHELL
  +--> ?PR?_PCT_GETFIRSTSTR?COMMANDSHELL
  +--> ?PR?_ATOI?ATOI
  +--> ?PR?SCANF?SCANF
  +--> ?CO?COMMANDSHELL
  +--> ?PR?_PCT_AUDIOGAINCTRL?TW28XX_AUDIO

?PR?_PCT_AUDIOGAINCTRL?TW28XX_AUDIO             -----    -----      -----    -----      00ABH    0003H
  +--> ?PR?TW28XX_AUDIO
  +--> ?PR?_PCT_READASICBYTE?BUSCTRL
  +--> ?CO?TW28XX_AUDIO
  +--> ?PR?_PCT_WRITEASICBYTE?BUSCTRL

?PR?_MONIAUDIOLIVE?COMMANDSHELL                 -----    -----      0027H    0001H      -----    -----
  +--> ?PR?COMMANDSHELL
  +--> ?PR?SCANF?SCANF
  +--> ?PR?_PCT_AUDIOSELLIVE?TW28XX_AUDIO

?PR?MONIREGISTERDUMP?COMMANDSHELL               -----    -----      0027H    0002H      -----    -----
  +--> ?CO?COMMANDSHELL
  +--> ?PR?PRINTF?PRINTF
  +--> ?PR?_PCT_READASICBYTE?BUSCTRL

?PR?_PCT_WINATTRCLEAR?TW28XX_VIDEO              -----    -----      -----    -----      00A5H    0003H
  +--> ?PR?TW28XX_VIDEO
  +--> ?PR?_PCT_READASICBYTE?BUSCTRL
BL51 BANKED LINKER/LOCATER V6.22.2.0                                                  07/13/2021  11:06:07  PAGE 10


  +--> ?PR?_PCT_WRITEASICBYTE?BUSCTRL

?PR?TW28XX_VIDEO                                -----    -----      -----    -----      -----    -----
  +--> ?CO?TW28XX_VIDEO

?PR?_MONIVIDEOMIXWIN?COMMANDSHELL               -----    -----      0027H    0002H      -----    -----
  +--> ?PR?COMMANDSHELL
  +--> ?CO?COMMANDSHELL
  +--> ?PR?SCANF?SCANF
  +--> ?PR?_PCT_SETXVIDEOMIXING?TW28XX_VIDEO

?PR?_PCT_SETXVIDEOMIXING?TW28XX_VIDEO           -----    -----      -----    -----      00A5H    0007H
  +--> ?PR?TW28XX_VIDEO
  +--> ?PR?_PCT_WRITEASICBYTE?BUSCTRL
  +--> ?CO?TW28XX_VIDEO
  +--> ?PR?_PCT_SETCHANELSCALE?TW28XX_VIDEO
  +--> ?PR?_PCT_WRITESTABLE?BUSCTRL

?PR?_PCT_SETCHANELSCALE?TW28XX_VIDEO            -----    -----      -----    -----      00ACH    0008H
  +--> ?PR?TW28XX_VIDEO
  +--> ?CO?TW28XX_VIDEO
  +--> ?PR?_PCT_WRITEASICBYTE?BUSCTRL

?PR?_PCT_WRITESTABLE?BUSCTRL                    -----    -----      -----    -----      00ACH    0003H
  +--> ?PR?BUSCTRL
  +--> ?PR?_PCT_READASICBYTE?BUSCTRL
  +--> ?PR?_PCT_WRITEASICBYTE?BUSCTRL

?PR?PCT_SENDACK?COMMANDSHELL                    -----    -----      -----    -----      -----    -----
  +--> ?PR?_RS_TX?UART

?PR?_MONIVIDEOMIXATTR?COMMANDSHELL              -----    -----      0027H    000AH      00A5H    0006H
  +--> ?PR?COMMANDSHELL
  +--> ?PR?_ATOI?ATOI
  +--> ?PR?_PCT_STRTOCOMMCODE?COMMANDSHELL
  +--> ?CO?COMMANDSHELL
  +--> ?PR?_PCT_GETFIRSTSTR?COMMANDSHELL
  +--> ?PR?_PCT_WINATTRCTRL?TW28XX_VIDEO

?PR?_PCT_WINATTRCTRL?TW28XX_VIDEO               -----    -----      -----    -----      00ABH    0003H
  +--> ?PR?TW28XX_VIDEO
  +--> ?PR?_PCT_READASICBYTE?BUSCTRL
  +--> ?PR?_PCT_WRITEASICBYTE?BUSCTRL

?PR?_MONIYVIDEOMIX?COMMANDSHELL                 -----    -----      0027H    0001H      -----    -----
  +--> ?PR?COMMANDSHELL
  +--> ?PR?SCANF?SCANF
  +--> ?PR?_PCT_SETYVIDEOMIXING?TW28XX_VIDEO

?PR?_PCT_SETYVIDEOMIXING?TW28XX_VIDEO           -----    -----      -----    -----      -----    -----
  +--> ?CO?TW28XX_VIDEO
  +--> ?PR?_PCT_WRITESTABLE?BUSCTRL

?PR?MONIVIDEOAUTODETECT?COMMANDSHELL            -----    -----      -----    -----      -----    -----
  +--> ?PR?_PCT_DETECTVIDEOFORMAT?TW28XX_VIDEO
  +--> ?CO?COMMANDSHELL
  +--> ?PR?PRINTF?PRINTF
BL51 BANKED LINKER/LOCATER V6.22.2.0                                                  07/13/2021  11:06:07  PAGE 11



?PR?_MONISETVIDEOFORMAT?COMMANDSHELL            -----    -----      0027H    0008H      00A5H    0006H
  +--> ?PR?COMMANDSHELL
  +--> ?PR?_PCT_GETFIRSTSTR?COMMANDSHELL
  +--> ?PR?_ATOI?ATOI
  +--> ?CO?COMMANDSHELL
  +--> ?PR?_PCT_SETVIDEOFORMAT?TW28XX_VIDEO
  +--> ?PR?SCANF?SCANF

?PR?_PCT_SETVIDEOFORMAT?TW28XX_VIDEO            -----    -----      -----    -----      00ABH    0002H
  +--> ?PR?_PCT_READASICBYTE?BUSCTRL
  +--> ?PR?TW28XX_VIDEO
  +--> ?PR?_PCT_WRITEASICBYTE?BUSCTRL

?PR?_MONISHOWSODSTR?COMMANDSHELL                -----    -----      0027H    0002H      00A5H    0006H
  +--> ?PR?COMMANDSHELL
  +--> ?PR?_ATOI?ATOI
  +--> ?PR?_PCT_PRESETFOREGROUNDCOLOR?OSDCTRL
  +--> ?PR?_PCT_PRESETBACKGROUNDCOLOR?OSDCTRL
  +--> ?PR?_PCT_SETOSDDRAWPAGE?OSDCTRL
  +--> ?PR?_PCT_SHOWOSDSTRING?OSDCTRL
  +--> ?PR?_PCT_ENSHOWOSDPAGE?OSDCTRL
  +--> ?PR?_PCT_GETFIRSTSTR?COMMANDSHELL

?PR?_PCT_SHOWOSDSTRING?OSDCTRL                  -----    -----      -----    -----      00ABH    0007H
  +--> ?PR?OSDCTRL
  +--> ?PR?_STRLEN?STRLEN
  +--> ?PR?_PCT_WRITEOSDFNTX?OSDCTRL
  +--> ?PR?_PCT_WRITEOSDFNTY?OSDCTRL
  +--> ?PR?PTC_SWITCHTOI2CMODE?BUSCTRL

?PR?_PCT_WRITEOSDFNTX?OSDCTRL                   -----    -----      0029H    0003H      00B2H    0013H
  +--> ?PR?OSDCTRL
  +--> ?PR?_PCT_WRITEOSDDATABUFFERX?OSDCTRL
  +--> ?PR?_PCT_WRITEASICBYTE?BUSCTRL
  +--> ?PR?_PCT_READASICBYTE?BUSCTRL

?PR?_PCT_WRITEOSDDATABUFFERX?OSDCTRL            -----    -----      -----    -----      00C5H    0004H
  +--> ?PR?OSDCTRL
  +--> ?PR?_PCT_WRITEASICBYTE?BUSCTRL

?PR?_PCT_WRITEOSDFNTY?OSDCTRL                   -----    -----      0029H    0002H      00B2H    001FH
  +--> ?PR?OSDCTRL
  +--> ?PR?_PCT_WRITEOSDDATABUFFERY?OSDCTRL
  +--> ?PR?_PCT_WRITEASICBYTE?BUSCTRL
  +--> ?PR?_PCT_READASICBYTE?BUSCTRL

?PR?_PCT_WRITEOSDDATABUFFERY?OSDCTRL            -----    -----      -----    -----      00D1H    0004H
  +--> ?PR?OSDCTRL
  +--> ?PR?_PCT_WRITEASICBYTE?BUSCTRL

?PR?_MONIHSCOMM?COMMANDSHELL                    -----    -----      0027H    0003H      -----    -----
  +--> ?PR?COMMANDSHELL
  +--> ?CO?COMMANDSHELL
  +--> ?PR?SCANF?SCANF
  +--> ?PR?_PCT_WINATTRCTRLY?TW28XX_VIDEO
  +--> ?PR?_PCT_RECOMPENSEYHDELAY?TW28XX_VIDEO
BL51 BANKED LINKER/LOCATER V6.22.2.0                                                  07/13/2021  11:06:07  PAGE 12


  +--> ?PR?_PCT_SETVIDEOHDELAY?TW28XX_VIDEO
  +--> ?PR?_PCT_SETXVIDEOMIXING?TW28XX_VIDEO
  +--> ?PR?_PCT_WINATTRCTRL?TW28XX_VIDEO
  +--> ?PR?_PCT_FLASHOSDCTRL?MAIN
  +--> ?PR?_PCT_CHECKVMIXTYPE?COMMANDSHELL
  +--> ?PR?_PCT_DISSHOWOSDPAGE?OSDCTRL
  +--> ?PR?_PCT_CLEAROSDPAGEX?OSDCTRL
  +--> ?PR?PCT_SHOWMODEICON?OSDACTION
  +--> ?PR?_PCT_OSD_ACTIONPTHX?OSDACTION

?PR?_PCT_WINATTRCTRLY?TW28XX_VIDEO              -----    -----      -----    -----      00A5H    0003H
  +--> ?PR?TW28XX_VIDEO
  +--> ?PR?_PCT_READASICBYTE?BUSCTRL
  +--> ?PR?_PCT_WRITEASICBYTE?BUSCTRL

?PR?_PCT_RECOMPENSEYHDELAY?TW28XX_VIDEO         -----    -----      -----    -----      00A5H    0003H
  +--> ?PR?TW28XX_VIDEO
  +--> ?PR?_PCT_READASICBYTE?BUSCTRL
  +--> ?CO?TW28XX_VIDEO
  +--> ?PR?_PCT_WRITEASICBYTE?BUSCTRL

?PR?_PCT_SETVIDEOHDELAY?TW28XX_VIDEO            -----    -----      -----    -----      00A5H    000BH
  +--> ?PR?TW28XX_VIDEO
  +--> ?CO?TW28XX_VIDEO
  +--> ?PR?_PCT_WRITEASICBYTE?BUSCTRL
  +--> ?PR?_PCT_READASICBYTE?BUSCTRL

?PR?_PCT_CHECKVMIXTYPE?COMMANDSHELL             -----    -----      002AH    0001H      -----    -----
  +--> ?PR?COMMANDSHELL

?PR?_PCT_DISSHOWOSDPAGE?OSDCTRL                 -----    -----      -----    -----      00A5H    0001H
  +--> ?PR?OSDCTRL
  +--> ?PR?_PCT_READASICBYTE?BUSCTRL
  +--> ?PR?_PCT_WRITEASICBYTE?BUSCTRL

?PR?_PCT_CLEAROSDPAGEX?OSDCTRL                  -----    -----      -----    -----      -----    -----
  +--> ?PR?_PCT_SETOSDDRAWPAGE?OSDCTRL
  +--> ?PR?_PCT_PRESETBACKGROUNDCOLOR?OSDCTRL
  +--> ?PR?_PCT_FULLCOLORONOSD?OSDCTRL

?PR?PCT_SHOWMODEICON?OSDACTION                  -----    -----      -----    -----      -----    -----
  +--> ?PR?_PCT_SETOSDDRAWPAGE?OSDCTRL
  +--> ?PR?OSDACTION
  +--> ?CO?OSDACTION
  +--> ?PR?_PCT_SHOWGRAPHSTRING?OSD_GRAPH
  +--> ?PR?_PCT_PRESETBACKGROUNDCOLOR?OSDCTRL
  +--> ?PR?_PCT_PRESETFOREGROUNDCOLOR?OSDCTRL

?PR?OSDACTION                                   -----    -----      -----    -----      -----    -----
  +--> ?CO?OSDACTION

?PR?_PCT_SHOWGRAPHSTRING?OSD_GRAPH              -----    -----      -----    -----      00A8H    0007H
  +--> ?PR?OSD_GRAPH
  +--> ?PR?_STRLEN?STRLEN
  +--> ?PR?_PCT_OSD16X16GRAPHX?OSD_GRAPH
  +--> ?PR?PTC_SWITCHTOI2CMODE?BUSCTRL

BL51 BANKED LINKER/LOCATER V6.22.2.0                                                  07/13/2021  11:06:07  PAGE 13


?PR?_PCT_OSD16X16GRAPHX?OSD_GRAPH               -----    -----      -----    -----      00AFH    000BH
  +--> ?PR?OSD_GRAPH
  +--> ?CO?OSD_GRAPH
  +--> ?PR?_PCT_WRITEASICBYTE?BUSCTRL
  +--> ?PR?_PCT_READASICBYTE?BUSCTRL

?PR?_PCT_OSD_ACTIONPTHX?OSDACTION               -----    -----      -----    -----      00A5H    0003H
  +--> ?PR?OSDACTION
  +--> ?PR?_PCT_PRESETFOREGROUNDCOLOR?OSDCTRL
  +--> ?PR?_PCT_PRESETBACKGROUNDCOLOR?OSDCTRL
  +--> ?PR?_PCT_SHOWGRAPHSTRING?OSD_GRAPH

?PR?PCT_AUDIOACTIONFORHS?COMMANDSHELL           -----    -----      0027H    0002H      -----    -----
  +--> ?PR?_PCT_AUDIOSELLIVE?TW28XX_AUDIO
  +--> ?PR?_PCT_AUDIOMIXMUTE?TW28XX_AUDIO

?PR?PCT_OSDACTIONFORHS?OSDACTION                -----    -----      -----    -----      -----    -----
  +--> ?PR?_PCT_SETOSDDRAWPAGE?OSDCTRL
  +--> ?PR?OSDACTION
  +--> ?PR?_PCT_SHOWMIRRORICON?OSDACTION
  +--> ?PR?_PCT_SHOWSPEAKICON?OSDACTION
  +--> ?PR?_PCT_SHOWINDICATEICON?OSDACTION
  +--> ?PR?PCT_ENFALSHVLOSS?OSDACTION
  +--> ?PR?_PCT_ENSHOWOSDPAGE?OSDCTRL

?PR?_PCT_SHOWMIRRORICON?OSDACTION               -----    -----      -----    -----      00A5H    0003H
  +--> ?PR?OSDACTION
  +--> ?PR?_PCT_PRESETFOREGROUNDCOLOR?OSDCTRL
  +--> ?PR?_PCT_CLEARWORDSPATHX?OSDCTRL
  +--> ?PR?_PCT_SHOWGRAPHSTRING?OSD_GRAPH

?PR?_PCT_CLEARWORDSPATHX?OSDCTRL                -----    -----      -----    -----      00A8H    0007H
  +--> ?PR?OSDCTRL
  +--> ?PR?_PCT_WRITEASICBYTE?BUSCTRL
  +--> ?PR?_PCT_READASICBYTE?BUSCTRL

?PR?_PCT_SHOWSPEAKICON?OSDACTION                -----    -----      -----    -----      00A5H    0003H
  +--> ?PR?OSDACTION
  +--> ?PR?_PCT_PRESETFOREGROUNDCOLOR?OSDCTRL
  +--> ?PR?_PCT_CLEARWORDSPATHX?OSDCTRL
  +--> ?PR?_PCT_SHOWGRAPHSTRING?OSD_GRAPH

?PR?_PCT_SHOWINDICATEICON?OSDACTION             -----    -----      0027H    0001H      00A5H    0003H
  +--> ?PR?OSDACTION
  +--> ?PR?_PCT_PRESETFOREGROUNDCOLOR?OSDCTRL
  +--> ?PR?_PCT_CLEARWORDSPATHX?OSDCTRL
  +--> ?PR?_PCT_SHOWGRAPHSTRING?OSD_GRAPH
  +--> ?CO?OSDACTION

?PR?_MONIHSCOMMSJMODE?COMMANDSHELL              -----    -----      -----    -----      -----    -----
  +--> ?PR?COMMANDSHELL
  +--> ?CO?COMMANDSHELL
  +--> ?PR?SCANF?SCANF

?PR?MONIHSCOMMDISSCROLL?COMMANDSHELL            -----    -----      -----    -----      -----    -----
  +--> ?PR?_PCT_ENSHOWOSDPAGE?OSDCTRL

BL51 BANKED LINKER/LOCATER V6.22.2.0                                                  07/13/2021  11:06:07  PAGE 14


?PR?MONIHSCOMMVERSION?COMMANDSHELL              -----    -----      -----    -----      00A5H    0001H
  +--> ?PR?_RS_TX?UART
  +--> ?CO?COMMANDSHELL

?PR?PCT_CHECKSYSTEM?COMMANDSHELL                -----    -----      -----    -----      -----    -----
  +--> ?PR?_PCT_DETECTVIDEOFORMAT?TW28XX_VIDEO
  +--> ?PR?_PCT_ENSHOWOSDPAGE?OSDCTRL
  +--> ?PR?_PCT_CHANGESYSTEMTYPE?TW2835_INIT
  +--> ?PR?_PCT_RECOMPENSEYHDELAY?TW28XX_VIDEO
  +--> ?PR?COMMANDSHELL
  +--> ?PR?_PCT_SETVIDEOHDELAY?TW28XX_VIDEO
  +--> ?PR?_PCT_SETXVIDEOMIXING?TW28XX_VIDEO
  +--> ?PR?_PCT_CLEAROSDPAGEX?OSDCTRL
  +--> ?PR?PCT_SHOWMODEICON?OSDACTION
  +--> ?PR?_PCT_OSD_ACTIONPTHX?OSDACTION
  +--> ?PR?PCT_OSDACTIONFORHS?OSDACTION

?PR?_PCT_CHANGESYSTEMTYPE?TW2835_INIT           -----    -----      -----    -----      009FH    0002H
  +--> ?PR?TW2835_INIT
  +--> ?CO?TW2835_INIT
  +--> ?PR?_PCT_WRITEASICTABLE?BUSCTRL

?PR?PCT_GETVIDEOSIGNALSTATUS?OSDACTION          -----    -----      -----    -----      -----    -----
  +--> ?PR?_PCT_READASICBYTE?BUSCTRL
  +--> ?PR?_PCT_WRITEASICBYTE?BUSCTRL
  +--> ?PR?PCT_SHOWVLOSS?OSDACTION

?PR?PCT_SHOWVLOSS?OSDACTION                     -----    -----      -----    -----      -----    -----
  +--> ?PR?OSDACTION
  +--> ?PR?_PCT_SHOWGRAPHSTRING?OSD_GRAPH
  +--> ?PR?_PCT_CLEARWORDSPATHX?OSDCTRL

*** NEW ROOT ***************************************************

?PR?RS_INTERRUPT?UART                           -----    -----      -----    -----      -----    -----
  +--> ?PR?UART



SYMBOL TABLE OF MODULE:  .\OBJ\TW2835 (?C_STARTUP)

  VALUE           TYPE          NAME
  ----------------------------------

  -------         MODULE        ?C_STARTUP
  C:8854H         SEGMENT       ?C_C51STARTUP
  I:0036H         SEGMENT       ?STACK
  C:0000H         PUBLIC        ?C_STARTUP
  D:00E0H         SYMBOL        ACC
  D:00F0H         SYMBOL        B
  D:0083H         SYMBOL        DPH
  D:0082H         SYMBOL        DPL
  N:0000H         SYMBOL        IBPSTACK
  N:0100H         SYMBOL        IBPSTACKTOP
  N:0080H         SYMBOL        IDATALEN
  C:8857H         SYMBOL        IDATALOOP
  N:0000H         SYMBOL        PBPSTACK
BL51 BANKED LINKER/LOCATER V6.22.2.0                                                  07/13/2021  11:06:07  PAGE 15


  N:0100H         SYMBOL        PBPSTACKTOP
  N:0000H         SYMBOL        PDATALEN
  N:0000H         SYMBOL        PDATASTART
  N:0000H         SYMBOL        PPAGE
  N:0000H         SYMBOL        PPAGEENABLE
  D:00A0H         SYMBOL        PPAGE_SFR
  D:0081H         SYMBOL        SP
  C:8854H         SYMBOL        STARTUP1
  N:0000H         SYMBOL        XBPSTACK
  N:0000H         SYMBOL        XBPSTACKTOP
  N:0000H         SYMBOL        XDATALEN
  N:0000H         SYMBOL        XDATASTART
  C:0000H         LINE#         126
  C:8854H         LINE#         133
  C:8856H         LINE#         134
  C:8857H         LINE#         135
  C:8858H         LINE#         136
  C:885AH         LINE#         185
  C:885DH         LINE#         196
  -------         ENDMOD        ?C_STARTUP

  -------         MODULE        UART
  C:0000H         SYMBOL        _ICE_DUMMY_
  D:0090H         PUBLIC        P1
  D:00B0H         PUBLIC        P3
  C:986DH         PUBLIC        InitialUART
  D:00A8H         PUBLIC        IE
  X:0000H         PUBLIC        RS_RECVBUF
  B:00A8H.4       PUBLIC        ES
  D:00B8H         PUBLIC        IP
  B:0098H.0       PUBLIC        RI
  B:0098H.1       PUBLIC        TI
  B:00B8H.4       PUBLIC        PS
  D:00D8H         PUBLIC        CCON
  D:0099H         PUBLIC        SBUF
  D:00C0H         PUBLIC        WDTC
  D:0098H         PUBLIC        SCON
  D:0088H         PUBLIC        TCON
  C:987DH         PUBLIC        RS_RxReady
  D:008DH         PUBLIC        TH1
  D:00E8H         PUBLIC        IEA
  X:0050H         PUBLIC        RsRxRp
  B:0088H.6       PUBLIC        TR1
  X:0051H         PUBLIC        RsRxWp
  D:00F8H         PUBLIC        IPA
  D:00C8H         PUBLIC        T2CON
  C:97B7H         PUBLIC        RS_rx
  C:0003H         PUBLIC        _RS_tx
  C:96CCH         PUBLIC        RS_interrupt
  D:00D0H         PUBLIC        PSW
  C:98B9H         SYMBOL        Com000E
  C:98B9H         SYMBOL        L?0015
  -------         PROC          COM000E
  -------         ENDPROC       COM000E
  -------         PROC          INITIALUART
  C:986DH         LINE#         66
  C:986DH         LINE#         67
BL51 BANKED LINKER/LOCATER V6.22.2.0                                                  07/13/2021  11:06:07  PAGE 16


  C:986DH         LINE#         69
  C:986FH         LINE#         70
  C:9871H         LINE#         77
  C:9874H         LINE#         84
  C:9876H         LINE#         86
  C:987AH         LINE#         87
  C:987CH         LINE#         88
  -------         ENDPROC       INITIALUART
  -------         PROC          RS_RXREADY
  C:987DH         LINE#         94
  C:987DH         LINE#         95
  C:987DH         LINE#         96
  C:9889H         LINE#         97
  C:988BH         LINE#         98
  -------         ENDPROC       RS_RXREADY
  -------         PROC          RS_RX
  -------         DO            
  D:0007H         SYMBOL        ret
  -------         ENDDO         
  C:97B7H         LINE#         104
  C:97B7H         LINE#         105
  C:97B7H         LINE#         108
  C:97B9H         LINE#         112
  C:97C1H         LINE#         113
  C:97C3H         LINE#         114
  C:97C8H         LINE#         115
  C:97CAH         LINE#         116
  C:97CCH         LINE#         118
  C:97CCH         LINE#         119
  -------         ENDPROC       RS_RX
  -------         PROC          _RS_TX
  D:0007H         SYMBOL        tx_buf
  C:0003H         LINE#         125
  C:0003H         LINE#         126
  C:0003H         LINE#         127
  C:0003H         LINE#         128
  C:0006H         LINE#         129
  C:0008H         LINE#         130
  C:000AH         LINE#         131
  C:000AH         LINE#         132
  C:000AH         LINE#         133
  C:000AH         LINE#         134
  -------         ENDPROC       _RS_TX
  -------         PROC          RS_INTERRUPT
  C:96CCH         LINE#         140
  C:96D3H         LINE#         142
  C:96D6H         LINE#         143
  C:96D8H         LINE#         147
  C:96E1H         LINE#         148
  C:96E3H         LINE#         149
  C:96EAH         LINE#         161
  C:96EAH         LINE#         162
  -------         ENDPROC       RS_INTERRUPT
  -------         ENDMOD        UART

  -------         MODULE        BUSCTRL
  C:0000H         SYMBOL        _ICE_DUMMY_
BL51 BANKED LINKER/LOCATER V6.22.2.0                                                  07/13/2021  11:06:07  PAGE 17


  D:0080H         PUBLIC        P0
  D:0090H         PUBLIC        P1
  D:00B0H         PUBLIC        P3
  B:00A8H.7       PUBLIC        EA
  D:00A8H         PUBLIC        IE
  C:9682H         PUBLIC        _PCT_PageChange
  C:8DA4H         PUBLIC        _PCT_WriteSTable
  D:00B8H         PUBLIC        IP
  B:0090H.3       PUBLIC        HALE
  B:0090H.2       PUBLIC        HRDB
  D:00D8H         PUBLIC        CCON
  D:00C0H         PUBLIC        WDTC
  B:0090H.1       PUBLIC        HWRB
  D:0098H         PUBLIC        SCON
  D:0088H         PUBLIC        TCON
  C:88E0H         PUBLIC        _PCT_WriteAsicTable
  C:9915H         PUBLIC        PTC_SwitchToI2CMode
  D:00E8H         PUBLIC        IEA
  B:00B0H.6       PUBLIC        HCSB0
  B:00B0H.7       PUBLIC        HCSB1
  D:00F8H         PUBLIC        IPA
  C:8AA6H         PUBLIC        _PCT_ReadAsicByte
  D:00C8H         PUBLIC        T2CON
  C:8B0BH         PUBLIC        _PCT_WriteAsicByte
  D:00D0H         PUBLIC        PSW
  C:96EFH         SYMBOL        Com002C
  C:96EFH         SYMBOL        L?0045
  C:96EFH         SYMBOL        L?0046
  C:96FAH         SYMBOL        L?0047
  C:96FAH         SYMBOL        L?0048
  C:9701H         SYMBOL        L?0049
  C:9701H         SYMBOL        L?0050
  C:9709H         SYMBOL        L?0051
  C:970BH         SYMBOL        L?0052
  -------         PROC          COM002C
  -------         ENDPROC       COM002C
  -------         PROC          _PCT_PAGECHANGE
  D:0007H         SYMBOL        _pg
  -------         DO            
  X:00D9H         SYMBOL        _dvc
  D:0006H         SYMBOL        _addr
  -------         ENDDO         
  C:9682H         LINE#         66
  C:9682H         LINE#         67
  C:9682H         LINE#         68
  C:9686H         LINE#         69
  C:9688H         LINE#         71
  C:968AH         LINE#         73
  C:968DH         LINE#         77
  C:968FH         LINE#         78
  C:9691H         LINE#         80
  C:9691H         LINE#         81
  C:9691H         LINE#         82
  C:9694H         LINE#         83
  C:9696H         LINE#         84
  C:9698H         LINE#         85
  C:969AH         LINE#         87
BL51 BANKED LINKER/LOCATER V6.22.2.0                                                  07/13/2021  11:06:07  PAGE 18


  C:969DH         LINE#         88
  C:969FH         LINE#         89
  C:96A1H         LINE#         90
  C:96A4H         LINE#         91
  C:96A6H         LINE#         92
  -------         ENDPROC       _PCT_PAGECHANGE
  -------         PROC          _PCT_WRITEASICBYTE
  D:0007H         SYMBOL        _dvc
  D:0005H         SYMBOL        _pg
  D:0003H         SYMBOL        _addr
  X:00D8H         SYMBOL        _wdat
  C:8B0BH         LINE#         94
  C:8B0BH         LINE#         95
  C:8B0BH         LINE#         96
  C:8B0BH         LINE#         98
  C:8B0BH         LINE#         101
  C:8B10H         LINE#         102
  C:8B15H         LINE#         104
  C:8B15H         LINE#         106
  C:8B1DH         LINE#         107
  C:8B1DH         LINE#         108
  C:8B1FH         LINE#         109
  C:8B21H         LINE#         110
  C:8B23H         LINE#         112
  C:8B23H         LINE#         114
  C:8B31H         LINE#         115
  C:8B3FH         LINE#         116
  C:8B4BH         LINE#         117
  C:8B4BH         LINE#         119
  C:8B4BH         LINE#         120
  C:8B4BH         LINE#         121
  C:8B4EH         LINE#         122
  C:8B53H         LINE#         123
  C:8B55H         LINE#         124
  C:8B57H         LINE#         126
  C:8B5AH         LINE#         128
  C:8B5FH         LINE#         129
  C:8B5FH         LINE#         130
  C:8B61H         LINE#         131
  C:8B63H         LINE#         132
  C:8B65H         LINE#         134
  C:8B65H         LINE#         135
  C:8B67H         LINE#         136
  C:8B69H         LINE#         137
  C:8B69H         LINE#         138
  C:8B6CH         LINE#         139
  C:8B6EH         LINE#         140
  -------         ENDPROC       _PCT_WRITEASICBYTE
  -------         PROC          _PCT_WRITEASICTABLE
  D:0007H         SYMBOL        _dvc
  D:0005H         SYMBOL        _pg
  D:0004H         SYMBOL        _addr
  X:00AAH         SYMBOL        _tbl_ptr
  X:00ADH         SYMBOL        _tbl_cnt
  C:88E0H         LINE#         146
  C:88E2H         LINE#         147
  C:88E2H         LINE#         148
BL51 BANKED LINKER/LOCATER V6.22.2.0                                                  07/13/2021  11:06:07  PAGE 19


  C:88E2H         LINE#         150
  C:88E2H         LINE#         154
  C:88E7H         LINE#         155
  C:88ECH         LINE#         157
  C:88ECH         LINE#         159
  C:88F3H         LINE#         160
  C:88F3H         LINE#         161
  C:88F5H         LINE#         162
  C:88F7H         LINE#         163
  C:88F9H         LINE#         165
  C:88F9H         LINE#         167
  C:8905H         LINE#         168
  C:8911H         LINE#         169
  C:891BH         LINE#         170
  C:891BH         LINE#         172
  C:891BH         LINE#         173
  C:8920H         LINE#         175
  C:8922H         LINE#         176
  C:8924H         LINE#         178
  C:893AH         LINE#         179
  C:893CH         LINE#         180
  C:893EH         LINE#         181
  C:8945H         LINE#         185
  C:8945H         LINE#         187
  C:894CH         LINE#         188
  C:894CH         LINE#         189
  C:894EH         LINE#         190
  C:8950H         LINE#         191
  C:8952H         LINE#         193
  C:8952H         LINE#         194
  C:8954H         LINE#         195
  C:8956H         LINE#         196
  C:8956H         LINE#         197
  C:8959H         LINE#         199
  C:895BH         LINE#         200
  -------         ENDPROC       _PCT_WRITEASICTABLE
  -------         PROC          _PCT_READASICBYTE
  D:0004H         SYMBOL        _dvc
  D:0005H         SYMBOL        _pg
  D:0003H         SYMBOL        _addr
  -------         DO            
  D:0006H         SYMBOL        _rdat_
  -------         ENDDO         
  C:8AA6H         LINE#         207
  C:8AA8H         LINE#         208
  C:8AA8H         LINE#         211
  C:8AA8H         LINE#         213
  C:8AADH         LINE#         214
  C:8AB2H         LINE#         217
  C:8AB2H         LINE#         219
  C:8AB2H         LINE#         221
  C:8ABAH         LINE#         222
  C:8ABAH         LINE#         223
  C:8ABCH         LINE#         224
  C:8ABEH         LINE#         225
  C:8AC0H         LINE#         227
  C:8AC0H         LINE#         229
BL51 BANKED LINKER/LOCATER V6.22.2.0                                                  07/13/2021  11:06:07  PAGE 20


  C:8ACEH         LINE#         230
  C:8ADCH         LINE#         231
  C:8AE8H         LINE#         232
  C:8AE8H         LINE#         234
  C:8AE8H         LINE#         235
  C:8AE8H         LINE#         236
  C:8AEBH         LINE#         237
  C:8AEEH         LINE#         238
  C:8AF0H         LINE#         239
  C:8AF2H         LINE#         240
  C:8AF4H         LINE#         242
  C:8AF7H         LINE#         244
  C:8AFCH         LINE#         245
  C:8AFCH         LINE#         246
  C:8AFEH         LINE#         247
  C:8B00H         LINE#         248
  C:8B02H         LINE#         250
  C:8B02H         LINE#         251
  C:8B04H         LINE#         252
  C:8B06H         LINE#         253
  C:8B06H         LINE#         255
  C:8B08H         LINE#         256
  C:8B0AH         LINE#         257
  -------         ENDPROC       _PCT_READASICBYTE
  -------         PROC          _PCT_WRITESTABLE
  D:0007H         SYMBOL        _dvc
  X:00ACH         SYMBOL        _tbl_ptr
  C:8DA4H         LINE#         264
  C:8DAEH         LINE#         265
  C:8DAEH         LINE#         269
  C:8DAEH         LINE#         270
  C:8DBCH         LINE#         271
  C:8DD9H         LINE#         272
  C:8DD9H         LINE#         273
  C:8DEDH         LINE#         274
  C:8DEDH         LINE#         275
  C:8DF8H         LINE#         276
  C:8DFAH         LINE#         277
  -------         ENDPROC       _PCT_WRITESTABLE
  -------         PROC          PTC_SWITCHTOI2CMODE
  C:9915H         LINE#         283
  C:9915H         LINE#         284
  C:9915H         LINE#         294
  -------         ENDPROC       PTC_SWITCHTOI2CMODE
  -------         ENDMOD        BUSCTRL

  -------         MODULE        COMMANDSHELL
  C:0000H         SYMBOL        _ICE_DUMMY_
  D:0090H         PUBLIC        P1
  D:00B0H         PUBLIC        P3
  C:97CDH         PUBLIC        _MoniHSCommSJmode
  C:94D2H         PUBLIC        MoniVideoAutoDetect
  C:6515H         PUBLIC        _PCT_RunCommShell
  C:7982H         PUBLIC        _MoniAudioGain
  D:00A8H         PUBLIC        IE
  C:946CH         PUBLIC        _MoniReadOneBuffer
  D:00B8H         PUBLIC        IP
BL51 BANKED LINKER/LOCATER V6.22.2.0                                                  07/13/2021  11:06:07  PAGE 21


  C:985BH         PUBLIC        _MoniYVideoMix
  X:0052H         PUBLIC        sysdat
  C:97F9H         PUBLIC        _MoniAudioLive
  D:00D8H         PUBLIC        CCON
  C:988CH         PUBLIC        PCT_SendACK
  C:949FH         PUBLIC        _MoniWriteOneBuffer
  C:989BH         PUBLIC        MoniAudioMute
  C:919DH         PUBLIC        MoniHSCommVersion
  C:8081H         PUBLIC        _MoniSetVideoFormat
  C:9087H         PUBLIC        _MoniReadAsicByte
  C:8A3EH         PUBLIC        _PCT_GetFirstStr
  C:89D3H         PUBLIC        PCT_CheckSystem
  D:00C0H         PUBLIC        WDTC
  D:0098H         PUBLIC        SCON
  D:0088H         PUBLIC        TCON
  C:903BH         PUBLIC        _MoniWriteAsicByte
  C:7ABFH         PUBLIC        _MoniHSComm
  X:0063H         PUBLIC        msg
  D:00E8H         PUBLIC        IEA
  C:92E3H         PUBLIC        _PCT_StrToCommCode
  C:91E0H         PUBLIC        _PCT_CheckVMixType
  C:9905H         PUBLIC        MoniHSCommDisScroll
  D:00F8H         PUBLIC        IPA
  C:8C91H         PUBLIC        _MoniShowSODStr
  C:6A29H         PUBLIC        _MoniVideoMixAttr
  C:9221H         PUBLIC        PCT_AudioActionForHS
  D:00C8H         PUBLIC        T2CON
  C:8DFBH         PUBLIC        _MoniVideoMixWin
  C:915AH         PUBLIC        _MoniReadPageBuffer
  X:00DAH         PUBLIC        Original_selwintype
  C:8FECH         PUBLIC        MoniRegisterDump
  D:00D0H         PUBLIC        PSW
  C:752AH         PUBLIC        _MoniAudioMixing
  C:6C39H         SYMBOL        Com00E8
  C:6C39H         SYMBOL        L?0233
  C:6C3AH         SYMBOL        L?0234
  C:6C70H         SYMBOL        L?0235
  C:6C77H         SYMBOL        L?0236
  C:6C78H         SYMBOL        L?0237
  C:6CAEH         SYMBOL        L?0238
  C:6CB5H         SYMBOL        L?0239
  C:6CB5H         SYMBOL        L?0240
  C:6CB7H         SYMBOL        L?0241
  C:6CC0H         SYMBOL        L?0242
  C:6CC1H         SYMBOL        L?0243
  C:6CE1H         SYMBOL        L?0244
  C:6CE8H         SYMBOL        L?0245
  C:6CE8H         SYMBOL        L?0246
  C:6CF3H         SYMBOL        L?0247
  C:6CFAH         SYMBOL        L?0248
  C:6D0AH         SYMBOL        L?0249
  C:6D11H         SYMBOL        L?0250
  C:6D21H         SYMBOL        L?0251
  C:6D28H         SYMBOL        L?0252
  C:6D38H         SYMBOL        L?0253
  C:6D3FH         SYMBOL        L?0254
  C:6D4AH         SYMBOL        L?0255
BL51 BANKED LINKER/LOCATER V6.22.2.0                                                  07/13/2021  11:06:07  PAGE 22


  C:6D51H         SYMBOL        L?0256
  C:6D5CH         SYMBOL        L?0257
  C:6D63H         SYMBOL        L?0258
  C:6D68H         SYMBOL        L?0259
  C:6D6FH         SYMBOL        L?0260
  C:6D74H         SYMBOL        L?0261
  C:6D7BH         SYMBOL        L?0263
  C:6D87H         SYMBOL        L?0264
  C:6D88H         SYMBOL        L?0265
  C:6D8FH         SYMBOL        L?0267
  C:6D8FH         SYMBOL        L?0268
  C:6D97H         SYMBOL        L?0269
  C:6D9EH         SYMBOL        L?0270
  C:6DA5H         SYMBOL        L?0274
  C:6DA5H         SYMBOL        L?0275
  C:6DACH         SYMBOL        L?0276
  C:6DB3H         SYMBOL        L?0280
  C:6DBAH         SYMBOL        L?0283
  C:6DC1H         SYMBOL        L?0288
  C:6DC8H         SYMBOL        L?0290
  C:6DD7H         SYMBOL        L?0291
  C:6DDEH         SYMBOL        L?0294
  C:6DE5H         SYMBOL        L?0297
  C:6DECH         SYMBOL        L?0301
  C:6DECH         SYMBOL        L?0302
  C:6DEDH         SYMBOL        L?0303
  C:6DF5H         SYMBOL        L?0304
  C:6DF5H         SYMBOL        L?0305
  C:6DFFH         SYMBOL        L?0307
  C:6E06H         SYMBOL        L?0308
  C:6E07H         SYMBOL        L?0309
  C:6E0EH         SYMBOL        L?0310
  C:6E0EH         SYMBOL        L?0311
  C:6E15H         SYMBOL        L?0313
  C:6E15H         SYMBOL        L?0314
  C:6E1EH         SYMBOL        L?0315
  C:6E2BH         SYMBOL        L?0318
  C:6E37H         SYMBOL        L?0320
  C:6E37H         SYMBOL        L?0321
  C:6E3DH         SYMBOL        L?0322
  -------         PROC          COM00E8
  -------         ENDPROC       COM00E8
  -------         PROC          _PCT_GETFIRSTSTR
  X:00ABH         SYMBOL        tagStr
  X:00AEH         SYMBOL        sourceStr
  C:8A3EH         LINE#         105
  C:8A43H         LINE#         106
  C:8A43H         LINE#         107
  C:8A4EH         LINE#         108
  C:8A63H         LINE#         109
  C:8A79H         LINE#         110
  C:8A7BH         LINE#         111
  C:8A7BH         LINE#         112
  C:8A87H         LINE#         113
  C:8A8BH         LINE#         114
  C:8A93H         LINE#         115
  C:8A96H         LINE#         116
BL51 BANKED LINKER/LOCATER V6.22.2.0                                                  07/13/2021  11:06:07  PAGE 23


  C:8A99H         LINE#         117
  C:8A9CH         LINE#         118
  C:8AA4H         LINE#         119
  -------         ENDPROC       _PCT_GETFIRSTSTR
  -------         PROC          _PCT_STRTOCOMMCODE
  X:00ABH         SYMBOL        Str
  -------         DO            
  D:0031H         SYMBOL        ret
  -------         ENDDO         
  C:92E3H         LINE#         126
  C:92E8H         LINE#         127
  C:92E8H         LINE#         128
  C:92EDH         LINE#         130
  C:931CH         LINE#         131
  C:9320H         LINE#         132
  -------         ENDPROC       _PCT_STRTOCOMMCODE
  -------         PROC          PCT_SENDACK
  C:988CH         LINE#         138
  C:988CH         LINE#         139
  C:988CH         LINE#         140
  C:9891H         LINE#         141
  C:9896H         LINE#         142
  -------         ENDPROC       PCT_SENDACK
  -------         PROC          _PCT_CHECKVMIXTYPE
  D:0007H         SYMBOL        _typ
  -------         DO            
  D:002AH         SYMBOL        tmplktp
  -------         ENDDO         
  C:91E0H         LINE#         149
  C:91E0H         LINE#         150
  C:91E0H         LINE#         151
  C:91E3H         LINE#         153
  C:91E8H         LINE#         154
  C:91EFH         LINE#         155
  C:91F5H         LINE#         156
  C:9201H         LINE#         158
  C:920DH         LINE#         159
  C:9212H         LINE#         161
  C:9212H         LINE#         162
  C:9217H         LINE#         163
  C:921CH         LINE#         164
  C:9220H         LINE#         165
  -------         ENDPROC       _PCT_CHECKVMIXTYPE
  -------         PROC          _MONIREADPAGEBUFFER
  D:0001H         SYMBOL        szParam
  -------         DO            
  D:0027H         SYMBOL        page
  D:0028H         SYMBOL        start
  D:0029H         SYMBOL        end
  -------         ENDDO         
  C:915AH         LINE#         175
  C:915AH         LINE#         176
  C:915AH         LINE#         179
  C:917FH         LINE#         181
  C:917FH         LINE#         182
  C:9195H         LINE#         183
  C:9197H         LINE#         184
BL51 BANKED LINKER/LOCATER V6.22.2.0                                                  07/13/2021  11:06:07  PAGE 24


  C:919CH         LINE#         185
  -------         ENDPROC       _MONIREADPAGEBUFFER
  -------         PROC          _MONIREADONEBUFFER
  D:0001H         SYMBOL        szParam
  -------         DO            
  D:0027H         SYMBOL        page
  D:0028H         SYMBOL        addr
  -------         ENDDO         
  C:946CH         LINE#         191
  C:946CH         LINE#         192
  C:946CH         LINE#         195
  C:9489H         LINE#         197
  -------         ENDPROC       _MONIREADONEBUFFER
  -------         PROC          _MONIWRITEONEBUFFER
  D:0001H         SYMBOL        szParam
  -------         DO            
  D:0027H         SYMBOL        page
  D:0028H         SYMBOL        addr
  D:0029H         SYMBOL        dat
  -------         ENDDO         
  C:949FH         LINE#         204
  C:949FH         LINE#         205
  C:949FH         LINE#         208
  C:94C4H         LINE#         209
  -------         ENDPROC       _MONIWRITEONEBUFFER
  -------         PROC          _MONIWRITEASICBYTE
  D:0001H         SYMBOL        szParam
  -------         DO            
  D:0027H         SYMBOL        _dev
  D:0028H         SYMBOL        _pg
  D:0029H         SYMBOL        _addr
  D:002AH         SYMBOL        _wdat
  -------         ENDDO         
  C:903BH         LINE#         216
  C:903BH         LINE#         217
  C:903BH         LINE#         218
  C:903EH         LINE#         219
  C:9040H         LINE#         220
  C:9042H         LINE#         221
  C:9044H         LINE#         223
  C:9079H         LINE#         224
  -------         ENDPROC       _MONIWRITEASICBYTE
  -------         PROC          _MONIREADASICBYTE
  D:0001H         SYMBOL        szParam
  -------         DO            
  D:0027H         SYMBOL        _dev
  D:0028H         SYMBOL        _pg
  D:0029H         SYMBOL        _addr
  D:002AH         SYMBOL        _rdat
  -------         ENDDO         
  C:9087H         LINE#         231
  C:9087H         LINE#         232
  C:9087H         LINE#         233
  C:908AH         LINE#         234
  C:908CH         LINE#         235
  C:908EH         LINE#         236
  C:9090H         LINE#         238
BL51 BANKED LINKER/LOCATER V6.22.2.0                                                  07/13/2021  11:06:07  PAGE 25


  C:90B5H         LINE#         239
  C:90C0H         LINE#         240
  -------         ENDPROC       _MONIREADASICBYTE
  C:7665H         SYMBOL        L?0271
  C:767BH         SYMBOL        L?0284
  C:7691H         SYMBOL        L?0287
  -------         PROC          _MONIAUDIOMIXING
  X:00A5H         SYMBOL        szParam
  -------         DO            
  D:0027H         SYMBOL        selch0
  D:0028H         SYMBOL        selch1
  D:0029H         SYMBOL        selch2
  D:002AH         SYMBOL        selch3
  D:002BH         SYMBOL        selch4
  D:002CH         SYMBOL        valch0
  D:002DH         SYMBOL        valch1
  D:002EH         SYMBOL        valch2
  D:002FH         SYMBOL        valch3
  D:0030H         SYMBOL        valch4
  X:00A8H         SYMBOL        getStr
  C:6510H         SYMBOL        chaddr
  -------         ENDDO         
  C:752AH         LINE#         248
  C:752CH         LINE#         249
  C:752CH         LINE#         260
  C:753FH         LINE#         262
  C:7547H         LINE#         268
  C:7570H         LINE#         269
  C:7570H         LINE#         270
  C:7585H         LINE#         271
  C:758EH         LINE#         272
  C:7594H         LINE#         273
  C:7597H         LINE#         275
  C:7597H         LINE#         276
  C:75B9H         LINE#         278
  C:75B9H         LINE#         279
  C:75BCH         LINE#         280
  C:75BFH         LINE#         281
  C:75C2H         LINE#         283
  C:75C2H         LINE#         284
  C:75D9H         LINE#         286
  C:75D9H         LINE#         287
  C:75DCH         LINE#         288
  C:75E0H         LINE#         289
  C:75E3H         LINE#         290
  C:75E6H         LINE#         292
  C:75E6H         LINE#         293
  C:7600H         LINE#         295
  C:7600H         LINE#         296
  C:7600H         LINE#         297
  C:7600H         LINE#         298
  C:7603H         LINE#         300
  C:760BH         LINE#         301
  C:760EH         LINE#         303
  C:760EH         LINE#         304
  C:7639H         LINE#         306
  C:7639H         LINE#         307
BL51 BANKED LINKER/LOCATER V6.22.2.0                                                  07/13/2021  11:06:07  PAGE 26


  C:7639H         LINE#         308
  C:7639H         LINE#         309
  C:7641H         LINE#         310
  C:764AH         LINE#         312
  C:7664H         LINE#         313
  C:7664H         LINE#         315
  C:7664H         LINE#         316
  C:7664H         LINE#         317
  C:7664H         LINE#         318
  -------         ENDPROC       _MONIAUDIOMIXING
  -------         PROC          MONIAUDIOMUTE
  C:989BH         LINE#         325
  C:989BH         LINE#         326
  C:989BH         LINE#         327
  C:98A3H         LINE#         332
  -------         ENDPROC       MONIAUDIOMUTE
  C:7A8AH         SYMBOL        L?0279
  C:7AA4H         SYMBOL        L?0306
  C:7AB5H         SYMBOL        L?0323
  -------         PROC          _MONIAUDIOGAIN
  X:00A5H         SYMBOL        szParam
  -------         DO            
  D:0027H         SYMBOL        selch0
  D:0028H         SYMBOL        selch1
  D:0029H         SYMBOL        selch2
  D:002AH         SYMBOL        selch3
  D:002BH         SYMBOL        selch4
  D:002CH         SYMBOL        ch0val
  D:002DH         SYMBOL        ch1val
  D:002EH         SYMBOL        ch2val
  D:002FH         SYMBOL        ch3val
  D:0030H         SYMBOL        ch4val
  X:00A8H         SYMBOL        getStr
  -------         ENDDO         
  C:7982H         LINE#         340
  C:7984H         LINE#         341
  C:7984H         LINE#         346
  C:7997H         LINE#         348
  C:79BDH         LINE#         349
  C:79BDH         LINE#         350
  C:79D2H         LINE#         351
  C:79D6H         LINE#         352
  C:79D9H         LINE#         354
  C:79D9H         LINE#         355
  C:79FBH         LINE#         357
  C:79FBH         LINE#         358
  C:79FEH         LINE#         359
  C:7A01H         LINE#         361
  C:7A01H         LINE#         362
  C:7A18H         LINE#         364
  C:7A18H         LINE#         365
  C:7A18H         LINE#         366
  C:7A1BH         LINE#         367
  C:7A1EH         LINE#         369
  C:7A1EH         LINE#         370
  C:7A38H         LINE#         372
  C:7A38H         LINE#         373
BL51 BANKED LINKER/LOCATER V6.22.2.0                                                  07/13/2021  11:06:07  PAGE 27


  C:7A38H         LINE#         374
  C:7A3BH         LINE#         375
  C:7A3EH         LINE#         376
  C:7A41H         LINE#         378
  C:7A41H         LINE#         379
  C:7A6CH         LINE#         381
  C:7A6CH         LINE#         382
  C:7A74H         LINE#         383
  C:7A78H         LINE#         384
  C:7A80H         LINE#         385
  C:7A89H         LINE#         386
  C:7A89H         LINE#         388
  C:7A89H         LINE#         389
  C:7A89H         LINE#         390
  C:7A89H         LINE#         391
  -------         ENDPROC       _MONIAUDIOGAIN
  -------         PROC          _MONIAUDIOLIVE
  D:0001H         SYMBOL        szParam
  -------         DO            
  D:0027H         SYMBOL        chan
  -------         ENDDO         
  C:97F9H         LINE#         398
  C:97F9H         LINE#         399
  C:97F9H         LINE#         402
  C:9806H         LINE#         404
  -------         ENDPROC       _MONIAUDIOLIVE
  -------         PROC          MONIREGISTERDUMP
  -------         DO            
  D:0027H         SYMBOL        addr
  D:0028H         SYMBOL        page
  -------         ENDDO         
  C:8FECH         LINE#         411
  C:8FECH         LINE#         412
  C:8FECH         LINE#         416
  C:8FFAH         LINE#         417
  C:9008H         LINE#         418
  C:900BH         LINE#         419
  C:900BH         LINE#         420
  C:9021H         LINE#         421
  C:9023H         LINE#         422
  C:9032H         LINE#         423
  C:9036H         LINE#         424
  C:903AH         LINE#         425
  -------         ENDPROC       MONIREGISTERDUMP
  -------         PROC          _MONIVIDEOMIXWIN
  D:0001H         SYMBOL        szParam
  -------         DO            
  D:0027H         SYMBOL        chose
  D:0028H         SYMBOL        wintp
  -------         ENDDO         
  C:8DFBH         LINE#         431
  C:8DFBH         LINE#         432
  C:8DFBH         LINE#         435
  C:8E3DH         LINE#         437
  C:8E4AH         LINE#         438
  -------         ENDPROC       _MONIVIDEOMIXWIN
  C:6BF7H         SYMBOL        L?0278
BL51 BANKED LINKER/LOCATER V6.22.2.0                                                  07/13/2021  11:06:07  PAGE 28


  C:6BFEH         SYMBOL        L?0282
  C:6C05H         SYMBOL        L?0286
  C:6C0CH         SYMBOL        L?0292
  C:6C13H         SYMBOL        L?0293
  C:6C24H         SYMBOL        L?0296
  C:6C2BH         SYMBOL        L?0299
  C:6C32H         SYMBOL        L?0316
  -------         PROC          _MONIVIDEOMIXATTR
  X:00A5H         SYMBOL        szParam
  -------         DO            
  D:0027H         SYMBOL        chose
  D:0029H         SYMBOL        attrsel
  D:002AH         SYMBOL        setval
  D:002BH         SYMBOL        winNm
  D:002FH         SYMBOL        wincnt
  D:0030H         SYMBOL        division
  X:00A8H         SYMBOL        getStr
  -------         ENDDO         
  C:6A29H         LINE#         445
  C:6A2EH         LINE#         446
  C:6A2EH         LINE#         449
  C:6A31H         LINE#         453
  C:6A37H         LINE#         454
  C:6A41H         LINE#         456
  C:6A47H         LINE#         457
  C:6A53H         LINE#         459
  C:6A61H         LINE#         460
  C:6A64H         LINE#         461
  C:6A64H         LINE#         462
  C:6A75H         LINE#         463
  C:6A78H         LINE#         464
  C:6A78H         LINE#         465
  C:6A89H         LINE#         466
  C:6A8CH         LINE#         467
  C:6A8CH         LINE#         468
  C:6A9CH         LINE#         469
  C:6A9FH         LINE#         470
  C:6A9FH         LINE#         471
  C:6AAFH         LINE#         472
  C:6AB2H         LINE#         473
  C:6AB2H         LINE#         474
  C:6AC2H         LINE#         475
  C:6AC5H         LINE#         476
  C:6AC5H         LINE#         477
  C:6AD5H         LINE#         478
  C:6AD8H         LINE#         479
  C:6AD8H         LINE#         480
  C:6AE8H         LINE#         481
  C:6AEBH         LINE#         482
  C:6AEEH         LINE#         483
  C:6AFFH         LINE#         484
  C:6B02H         LINE#         485
  C:6B02H         LINE#         486
  C:6B13H         LINE#         487
  C:6B16H         LINE#         488
  C:6B16H         LINE#         489
  C:6B26H         LINE#         490
BL51 BANKED LINKER/LOCATER V6.22.2.0                                                  07/13/2021  11:06:07  PAGE 29


  C:6B29H         LINE#         491
  C:6B29H         LINE#         492
  C:6B39H         LINE#         493
  C:6B3CH         LINE#         494
  C:6B3CH         LINE#         495
  C:6B4CH         LINE#         496
  C:6B4FH         LINE#         497
  C:6B4FH         LINE#         498
  C:6B5FH         LINE#         499
  C:6B62H         LINE#         500
  C:6B62H         LINE#         501
  C:6B75H         LINE#         502
  C:6B78H         LINE#         503
  C:6B7BH         LINE#         504
  C:6B90H         LINE#         505
  C:6B93H         LINE#         506
  C:6B95H         LINE#         507
  C:6B95H         LINE#         509
  C:6B95H         LINE#         511
  C:6BABH         LINE#         512
  C:6BC8H         LINE#         513
  C:6BC8H         LINE#         514
  C:6BD9H         LINE#         515
  C:6BDBH         LINE#         516
  C:6BDBH         LINE#         517
  C:6BDDH         LINE#         518
  C:6BE1H         LINE#         519
  C:6BEBH         LINE#         520
  C:6BF2H         LINE#         521
  C:6BF2H         LINE#         522
  C:6BF6H         LINE#         523
  -------         ENDPROC       _MONIVIDEOMIXATTR
  -------         PROC          _MONIYVIDEOMIX
  D:0001H         SYMBOL        szParam
  -------         DO            
  D:0027H         SYMBOL        chan
  -------         ENDDO         
  C:985BH         LINE#         530
  C:985BH         LINE#         531
  C:985BH         LINE#         534
  C:9868H         LINE#         535
  -------         ENDPROC       _MONIYVIDEOMIX
  -------         PROC          MONIVIDEOAUTODETECT
  C:94D2H         LINE#         542
  C:94D2H         LINE#         543
  C:94D2H         LINE#         544
  -------         ENDPROC       MONIVIDEOAUTODETECT
  C:816EH         SYMBOL        L?0273
  C:818CH         SYMBOL        L?0319
  -------         PROC          _MONISETVIDEOFORMAT
  X:00A5H         SYMBOL        szParam
  -------         DO            
  D:0027H         SYMBOL        selch0
  D:0028H         SYMBOL        selch1
  D:0029H         SYMBOL        selch2
  D:002AH         SYMBOL        selch3
  D:002BH         SYMBOL        valch0
BL51 BANKED LINKER/LOCATER V6.22.2.0                                                  07/13/2021  11:06:07  PAGE 30


  D:002CH         SYMBOL        valch1
  D:002DH         SYMBOL        valch2
  D:002EH         SYMBOL        valch3
  X:00A8H         SYMBOL        getStr
  -------         ENDDO         
  C:8081H         LINE#         556
  C:8083H         LINE#         557
  C:8083H         LINE#         562
  C:8096H         LINE#         564
  C:80B6H         LINE#         565
  C:80B6H         LINE#         566
  C:80CDH         LINE#         567
  C:80D0H         LINE#         568
  C:80D3H         LINE#         570
  C:80D3H         LINE#         571
  C:80EAH         LINE#         573
  C:80F2H         LINE#         574
  C:80FAH         LINE#         575
  C:80FDH         LINE#         577
  C:80FDH         LINE#         578
  C:8117H         LINE#         580
  C:8117H         LINE#         581
  C:811AH         LINE#         582
  C:8122H         LINE#         583
  C:8125H         LINE#         585
  C:8125H         LINE#         586
  C:8150H         LINE#         588
  C:8150H         LINE#         589
  C:8153H         LINE#         590
  C:8160H         LINE#         591
  C:816DH         LINE#         592
  C:816DH         LINE#         594
  C:816DH         LINE#         595
  C:816DH         LINE#         596
  C:816DH         LINE#         597
  -------         ENDPROC       _MONISETVIDEOFORMAT
  C:8CDBH         SYMBOL        L?0300
  -------         PROC          _MONISHOWSODSTR
  X:00A5H         SYMBOL        szParam
  -------         DO            
  D:0027H         SYMBOL        addrx
  D:0028H         SYMBOL        addry
  X:00A8H         SYMBOL        getStr
  -------         ENDDO         
  C:8C91H         LINE#         603
  C:8C93H         LINE#         604
  C:8C93H         LINE#         608
  C:8C96H         LINE#         609
  C:8CA1H         LINE#         610
  C:8CA4H         LINE#         611
  C:8CAFH         LINE#         613
  C:8CB4H         LINE#         614
  C:8CB9H         LINE#         615
  C:8CBEH         LINE#         616
  C:8CD6H         LINE#         617
  C:8CDBH         LINE#         618
  -------         ENDPROC       _MONISHOWSODSTR
BL51 BANKED LINKER/LOCATER V6.22.2.0                                                  07/13/2021  11:06:07  PAGE 31


  -------         PROC          PCT_AUDIOACTIONFORHS
  -------         DO            
  D:0027H         SYMBOL        winid
  D:0028H         SYMBOL        muteFlage
  -------         ENDDO         
  C:9221H         LINE#         624
  C:9221H         LINE#         625
  C:9221H         LINE#         627
  C:9224H         LINE#         630
  C:9232H         LINE#         631
  C:923BH         LINE#         632
  C:9247H         LINE#         633
  C:924AH         LINE#         634
  C:924AH         LINE#         635
  C:924EH         LINE#         637
  C:9252H         LINE#         639
  C:925AH         LINE#         644
  C:9261H         LINE#         645
  C:9261H         LINE#         647
  -------         ENDPROC       PCT_AUDIOACTIONFORHS
  -------         PROC          _MONIHSCOMM
  D:0001H         SYMBOL        szParam
  -------         DO            
  D:0027H         SYMBOL        winid
  D:0028H         SYMBOL        chose
  D:0029H         SYMBOL        wintp
  -------         ENDDO         
  C:7ABFH         LINE#         654
  C:7ABFH         LINE#         658
  C:7B29H         LINE#         661
  C:7B43H         LINE#         665
  C:7B4BH         LINE#         666
  C:7B53H         LINE#         667
  C:7B5CH         LINE#         668
  C:7B65H         LINE#         670
  C:7B6FH         LINE#         671
  C:7B79H         LINE#         672
  C:7B83H         LINE#         673
  C:7B8DH         LINE#         678
  C:7B96H         LINE#         679
  C:7B9EH         LINE#         681
  C:7BA8H         LINE#         683
  C:7BB6H         LINE#         684
  C:7BC7H         LINE#         688
  C:7BCCH         LINE#         689
  C:7BD1H         LINE#         690
  C:7BD6H         LINE#         691
  C:7BDDH         LINE#         692
  C:7BE2H         LINE#         693
  C:7BE7H         LINE#         694
  C:7BEAH         LINE#         695
  C:7BF3H         LINE#         696
  C:7BFAH         LINE#         698
  -------         ENDPROC       _MONIHSCOMM
  -------         PROC          PCT_CHECKSYSTEM
  -------         DO            
  D:0007H         SYMBOL        TempSystem
BL51 BANKED LINKER/LOCATER V6.22.2.0                                                  07/13/2021  11:06:07  PAGE 32


  -------         ENDDO         
  C:89D3H         LINE#         704
  C:89D3H         LINE#         705
  C:89D3H         LINE#         708
  C:89D8H         LINE#         710
  C:89E4H         LINE#         711
  C:89E6H         LINE#         712
  C:89ECH         LINE#         713
  C:89EEH         LINE#         715
  C:89F2H         LINE#         718
  C:8A01H         LINE#         720
  C:8A06H         LINE#         722
  C:8A0DH         LINE#         723
  C:8A16H         LINE#         724
  C:8A1EH         LINE#         726
  C:8A28H         LINE#         729
  C:8A2DH         LINE#         730
  C:8A30H         LINE#         731
  C:8A39H         LINE#         732
  C:8A3CH         LINE#         734
  C:8A3DH         LINE#         735
  -------         ENDPROC       PCT_CHECKSYSTEM
  -------         PROC          _MONIHSCOMMSJMODE
  D:0001H         SYMBOL        szParam
  C:97CDH         LINE#         741
  C:97CDH         LINE#         742
  C:97CDH         LINE#         743
  -------         ENDPROC       _MONIHSCOMMSJMODE
  -------         PROC          MONIHSCOMMDISSCROLL
  C:9905H         LINE#         750
  C:9905H         LINE#         751
  C:9905H         LINE#         752
  -------         ENDPROC       MONIHSCOMMDISSCROLL
  C:91D6H         SYMBOL        L?0317
  -------         PROC          MONIHSCOMMVERSION
  -------         DO            
  X:00A5H         SYMBOL        version
  -------         ENDDO         
  C:919DH         LINE#         760
  C:919DH         LINE#         761
  C:919DH         LINE#         762
  C:91A1H         LINE#         765
  C:91A6H         LINE#         772
  C:91A9H         LINE#         773
  C:91ADH         LINE#         774
  C:91B8H         LINE#         775
  C:91BDH         LINE#         777
  C:91C6H         LINE#         778
  C:91C6H         LINE#         779
  C:91C9H         LINE#         780
  C:91CBH         LINE#         781
  C:91CDH         LINE#         783
  C:91CDH         LINE#         784
  C:91D0H         LINE#         785
  C:91D5H         LINE#         786
  C:91D5H         LINE#         788
  -------         ENDPROC       MONIHSCOMMVERSION
[...]
  C:5596H         LINE#         296
  C:559CH         LINE#         298
  C:559CH         LINE#         299
  C:559CH         LINE#         300
  C:55A4H         LINE#         301
  C:55AAH         LINE#         303
  C:55AAH         LINE#         304
  C:55B6H         LINE#         305
  C:55C7H         LINE#         306
  C:55CDH         LINE#         307
  C:55D0H         LINE#         309
  C:55D0H         LINE#         310
  C:55D0H         LINE#         313
  C:55D0H         LINE#         314
  C:55DAH         LINE#         315
  C:55E8H         LINE#         316
  C:55EEH         LINE#         318
  C:55EEH         LINE#         319
  C:55EEH         LINE#         320
  C:55F6H         LINE#         321
  C:55FCH         LINE#         323
  C:55FCH         LINE#         324
  C:5608H         LINE#         325
  C:5616H         LINE#         326
  C:5622H         LINE#         328
  C:5627H         LINE#         329
  C:5630H         LINE#         330
BL51 BANKED LINKER/LOCATER V6.22.2.0                                                  07/13/2021  11:06:07  PAGE 74


  C:5641H         LINE#         331
  C:564DH         LINE#         332
  C:564DH         LINE#         334
  C:564DH         LINE#         335
  C:564DH         LINE#         336
  C:564DH         LINE#         337
  -------         ENDPROC       _PCT_SETVIDEOHDELAY
  C:7515H         SYMBOL        L?0160
  C:7522H         SYMBOL        L?0174
  -------         PROC          _PCT_SETXVIDEOMIXING
  X:00A5H         SYMBOL        _typ
  X:00A6H         SYMBOL        _winch
  -------         DO            
  X:00A9H         SYMBOL        wregptr
  -------         ENDDO         
  C:7395H         LINE#         340
  C:739EH         LINE#         341
  C:739EH         LINE#         344
  C:73AEH         LINE#         345
  C:73BEH         LINE#         346
  C:73D2H         LINE#         347
  C:73E6H         LINE#         349
  C:741CH         LINE#         350
  C:741CH         LINE#         351
  C:741CH         LINE#         355
  C:742BH         LINE#         356
  C:7435H         LINE#         357
  C:7435H         LINE#         358
  C:7438H         LINE#         360
  C:7438H         LINE#         361
  C:7438H         LINE#         362
  C:7438H         LINE#         363
  C:7438H         LINE#         364
  C:7447H         LINE#         365
  C:7449H         LINE#         367
  C:745AH         LINE#         368
  C:7465H         LINE#         369
  C:7465H         LINE#         370
  C:7468H         LINE#         372
  C:7468H         LINE#         373
  C:7468H         LINE#         374
  C:7468H         LINE#         375
  C:7468H         LINE#         376
  C:7468H         LINE#         377
  C:7468H         LINE#         378
  C:7468H         LINE#         379
  C:7468H         LINE#         380
  C:7477H         LINE#         381
  C:7479H         LINE#         383
  C:748AH         LINE#         384
  C:749EH         LINE#         385
  C:74AFH         LINE#         386
  C:74B4H         LINE#         387
  C:74B7H         LINE#         389
  C:74B7H         LINE#         390
  C:74B7H         LINE#         391
  C:74C6H         LINE#         392
BL51 BANKED LINKER/LOCATER V6.22.2.0                                                  07/13/2021  11:06:07  PAGE 75


  C:74D6H         LINE#         393
  C:74E7H         LINE#         394
  C:74F8H         LINE#         395
  C:7506H         LINE#         396
  C:7514H         LINE#         397
  C:7514H         LINE#         399
  C:7514H         LINE#         400
  C:7514H         LINE#         401
  C:7514H         LINE#         402
  -------         ENDPROC       _PCT_SETXVIDEOMIXING
  -------         PROC          _PCT_SETYVIDEOMIXING
  D:0007H         SYMBOL        _typ
  C:980DH         LINE#         408
  C:980DH         LINE#         409
  C:980DH         LINE#         410
  -------         ENDPROC       _PCT_SETYVIDEOMIXING
  C:7E17H         SYMBOL        L?0150
  C:7E22H         SYMBOL        L?0155
  C:7E2DH         SYMBOL        L?0165
  C:7E38H         SYMBOL        L?0178
  C:7E3FH         SYMBOL        L?0181
  -------         PROC          _PCT_RECOMPENSEYHDELAY
  X:00A5H         SYMBOL        _chmiro
  C:7D2AH         LINE#         414
  C:7D30H         LINE#         415
  C:7D30H         LINE#         416
  C:7D5AH         LINE#         417
  C:7D5AH         LINE#         419
  C:7D6BH         LINE#         420
  C:7D74H         LINE#         421
  C:7D82H         LINE#         422
  C:7D8BH         LINE#         423
  C:7D9CH         LINE#         424
  C:7DA8H         LINE#         425
  C:7DB6H         LINE#         426
  C:7DB6H         LINE#         427
  C:7DB9H         LINE#         429
  C:7DB9H         LINE#         430
  C:7DC7H         LINE#         431
  C:7DCDH         LINE#         432
  C:7DD0H         LINE#         434
  C:7DD0H         LINE#         435
  C:7DDEH         LINE#         436
  C:7DE4H         LINE#         437
  C:7DE6H         LINE#         439
  C:7DE6H         LINE#         440
  C:7DF4H         LINE#         441
  C:7DFAH         LINE#         442
  C:7DFCH         LINE#         444
  C:7DFCH         LINE#         445
  C:7E0AH         LINE#         446
  C:7E16H         LINE#         447
  C:7E16H         LINE#         448
  C:7E16H         LINE#         449
  -------         ENDPROC       _PCT_RECOMPENSEYHDELAY
  -------         PROC          _PCT_WINATTRCTRL
  X:00ABH         SYMBOL        _wid
BL51 BANKED LINKER/LOCATER V6.22.2.0                                                  07/13/2021  11:06:07  PAGE 76


  X:00ACH         SYMBOL        _attrsel
  X:00ADH         SYMBOL        _setval
  -------         DO            
  D:0004H         SYMBOL        dat
  -------         ENDDO         
  C:9505H         LINE#         500
  C:9510H         LINE#         501
  C:9510H         LINE#         507
  C:951AH         LINE#         508
  C:952BH         LINE#         509
  -------         ENDPROC       _PCT_WINATTRCTRL
  -------         PROC          _PCT_WINATTRCTRLY
  X:00A5H         SYMBOL        _wid
  X:00A6H         SYMBOL        _attrsel
  X:00A7H         SYMBOL        _setval
  -------         DO            
  D:0004H         SYMBOL        dat
  -------         ENDDO         
  C:9395H         LINE#         518
  C:93A0H         LINE#         519
  C:93A0H         LINE#         524
  C:93ADH         LINE#         525
  C:93BEH         LINE#         526
  -------         ENDPROC       _PCT_WINATTRCTRLY
  -------         PROC          _PCT_WINATTRCLEAR
  X:00A5H         SYMBOL        _attrsel
  -------         DO            
  X:00A6H         SYMBOL        _wid
  X:00A7H         SYMBOL        dat
  -------         ENDDO         
  C:9321H         LINE#         535
  C:9325H         LINE#         536
  C:9325H         LINE#         543
  C:9335H         LINE#         544
  C:9342H         LINE#         545
  C:934BH         LINE#         546
  C:9355H         LINE#         547
  C:935CH         LINE#         548
  -------         ENDPROC       _PCT_WINATTRCLEAR
  -------         ENDMOD        TW28XX_VIDEO

  -------         MODULE        TW2835_INIT
  C:0000H         SYMBOL        _ICE_DUMMY_
  D:0090H         PUBLIC        P1
  D:00B0H         PUBLIC        P3
  D:00A8H         PUBLIC        IE
  C:33ACH         PUBLIC        TW2835_Page0
  C:35ACH         PUBLIC        TW2835_Page1
  C:37ACH         PUBLIC        TW2837_Page0
  C:39ACH         PUBLIC        TW2837_Page1
  C:3BACH         PUBLIC        TW2837_Page2
  C:8BD0H         PUBLIC        PCT_InitialTW2835
  D:00B8H         PUBLIC        IP
  C:3C2CH         PUBLIC        tbl_ntsc_pg1_pic_fl
  C:3C3CH         PUBLIC        tbl_ntsc_pg1_pic_qd
  C:9835H         PUBLIC        PCT_TW2835ResetN
  C:3C7CH         PUBLIC        tbl_pal_pg1_pic_qd
BL51 BANKED LINKER/LOCATER V6.22.2.0                                                  07/13/2021  11:06:07  PAGE 77


  D:00D8H         PUBLIC        CCON
  D:00C0H         PUBLIC        WDTC
  D:0098H         PUBLIC        SCON
  C:3C5CH         PUBLIC        tbl_ntsc_pg1_pic_9_rb
  D:0088H         PUBLIC        TCON
  C:3C9CH         PUBLIC        tbl_pal_pg1_pic_9_rb
  C:9787H         PUBLIC        PCT_TW2837IDCheck
  C:3C4CH         PUBLIC        tbl_ntsc_pg1_pic_9_lt
  C:872DH         PUBLIC        _PCT_ChangeSystemType
  C:3C8CH         PUBLIC        tbl_pal_pg1_pic_9_lt
  D:00E8H         PUBLIC        IEA
  D:00F8H         PUBLIC        IPA
  C:3C6CH         PUBLIC        tbl_ntsc_pg1_enc
  C:3CACH         PUBLIC        tbl_pal_pg1_enc
  D:00C8H         PUBLIC        T2CON
  B:00B0H.4       PUBLIC        RSTn
  X:009AH         PUBLIC        TW2837IDCheck
  C:6E44H         PUBLIC        PCT_TW2835_Initial
  D:00D0H         PUBLIC        PSW
  C:9564H         SYMBOL        Com001B
  C:9564H         SYMBOL        L?0028
  C:956DH         SYMBOL        L?0029
  C:957CH         SYMBOL        L?0042
  C:9588H         SYMBOL        L?0043
  -------         PROC          COM001B
  -------         ENDPROC       COM001B
  C:8C27H         SYMBOL        L?0044
  -------         PROC          PCT_INITIALTW2835
  C:8BD0H         LINE#         73
  C:8BD0H         LINE#         74
  C:8BD0H         LINE#         75
  C:8BD3H         LINE#         76
  C:8BD7H         LINE#         79
  C:8BDCH         LINE#         81
  C:8BDFH         LINE#         83
  C:8BE7H         LINE#         85
  C:8BEEH         LINE#         86
  C:8BEEH         LINE#         87
  C:8BF4H         LINE#         89
  C:8BFDH         LINE#         90
  C:8BFDH         LINE#         91
  C:8BFFH         LINE#         92
  C:8BFFH         LINE#         94
  C:8BFFH         LINE#         96
  C:8BFFH         LINE#         97
  C:8C08H         LINE#         98
  C:8C11H         LINE#         99
  C:8C13H         LINE#         100
  C:8C13H         LINE#         102
  C:8C13H         LINE#         103
  C:8C1AH         LINE#         104
  C:8C1CH         LINE#         105
  C:8C21H         LINE#         107
  C:8C24H         LINE#         108
  C:8C27H         LINE#         109
  -------         ENDPROC       PCT_INITIALTW2835
  -------         PROC          PCT_TW2835RESETN
BL51 BANKED LINKER/LOCATER V6.22.2.0                                                  07/13/2021  11:06:07  PAGE 78


  -------         DO            
  D:0006H         SYMBOL        _delay
  -------         ENDDO         
  C:9835H         LINE#         115
  C:9835H         LINE#         116
  C:9835H         LINE#         131
  C:9837H         LINE#         132
  C:9845H         LINE#         133
  C:9847H         LINE#         135
  -------         ENDPROC       PCT_TW2835RESETN
  -------         PROC          PCT_TW2837IDCHECK
  C:9787H         LINE#         142
  C:9787H         LINE#         143
  C:9787H         LINE#         144
  C:9796H         LINE#         145
  C:979BH         LINE#         147
  C:979FH         LINE#         148
  -------         ENDPROC       PCT_TW2837IDCHECK
  C:6F88H         SYMBOL        L?0030
  C:6F9EH         SYMBOL        L?0031
  C:6FB1H         SYMBOL        L?0032
  C:6FC7H         SYMBOL        L?0033
  C:6FD6H         SYMBOL        L?0035
  C:6FE8H         SYMBOL        L?0036
  C:6FF8H         SYMBOL        L?0038
  C:7006H         SYMBOL        L?0039
  C:7013H         SYMBOL        L?0041
  -------         PROC          PCT_TW2835_INITIAL
  -------         DO            
  X:00A5H         SYMBOL        offset
  -------         ENDDO         
  C:6E44H         LINE#         154
  C:6E44H         LINE#         155
  C:6E44H         LINE#         158
  C:6E49H         LINE#         159
  C:6E51H         LINE#         160
  C:6E51H         LINE#         162
  C:6E58H         LINE#         164
  C:6E68H         LINE#         165
  C:6E78H         LINE#         167
  C:6E8EH         LINE#         169
  C:6E9CH         LINE#         171
  C:6EA7H         LINE#         173
  C:6EB7H         LINE#         176
  C:6EC7H         LINE#         177
  C:6ED7H         LINE#         178
  C:6EEEH         LINE#         180
  C:6EF5H         LINE#         181
  C:6EFEH         LINE#         182
  C:6F06H         LINE#         183
  C:6F11H         LINE#         184
  C:6F15H         LINE#         185
  C:6F17H         LINE#         186
  C:6F17H         LINE#         187
  C:6F20H         LINE#         188
  C:6F30H         LINE#         189
  C:6F38H         LINE#         190
BL51 BANKED LINKER/LOCATER V6.22.2.0                                                  07/13/2021  11:06:07  PAGE 79


  C:6F43H         LINE#         191
  C:6F50H         LINE#         192
  C:6F50H         LINE#         194
  C:6F50H         LINE#         196
  C:6F50H         LINE#         197
  C:6F5AH         LINE#         198
  C:6F65H         LINE#         200
  C:6F70H         LINE#         202
  C:6F87H         LINE#         204
  C:6F87H         LINE#         208
  -------         ENDPROC       PCT_TW2835_INITIAL
  C:878EH         SYMBOL        L?0034
  C:87A1H         SYMBOL        L?0037
  C:87B3H         SYMBOL        L?0040
  -------         PROC          _PCT_CHANGESYSTEMTYPE
  D:0007H         SYMBOL        _sys
  -------         DO            
  X:009FH         SYMBOL        offset
  -------         ENDDO         
  C:872DH         LINE#         214
  C:872DH         LINE#         215
  C:872DH         LINE#         218
  C:8730H         LINE#         220
  C:8737H         LINE#         221
  C:8737H         LINE#         222
  C:873AH         LINE#         224
  C:8745H         LINE#         226
  C:8750H         LINE#         227
  C:8758H         LINE#         228
  C:875AH         LINE#         231
  C:875AH         LINE#         232
  C:8760H         LINE#         234
  C:876BH         LINE#         236
  C:8776H         LINE#         237
  C:878DH         LINE#         239
  C:878DH         LINE#         241
  -------         ENDPROC       _PCT_CHANGESYSTEMTYPE
  -------         ENDMOD        TW2835_INIT

  -------         MODULE        ?C?CLDPTR
  C:4FF3H         PUBLIC        ?C?CLDPTR
  -------         ENDMOD        ?C?CLDPTR

  -------         MODULE        ?C?CLDOPTR
  C:500CH         PUBLIC        ?C?CLDOPTR
  -------         ENDMOD        ?C?CLDOPTR

  -------         MODULE        ?C?CSTPTR
  C:5039H         PUBLIC        ?C?CSTPTR
  -------         ENDMOD        ?C?CSTPTR

  -------         MODULE        ?C?IMUL
  C:504BH         PUBLIC        ?C?IMUL
  -------         ENDMOD        ?C?IMUL

  -------         MODULE        ?C?ILDPTR
  C:505DH         PUBLIC        ?C?ILDPTR
BL51 BANKED LINKER/LOCATER V6.22.2.0                                                  07/13/2021  11:06:07  PAGE 80


  -------         ENDMOD        ?C?ILDPTR

  -------         MODULE        ?C?IILDOPTR
  C:5088H         PUBLIC        ?C?IILDOPTR
  -------         ENDMOD        ?C?IILDOPTR

  -------         MODULE        ?C?ULCMP
  C:50D5H         PUBLIC        ?C?ULCMP
  -------         ENDMOD        ?C?ULCMP

  -------         MODULE        ?C?PLDPTR
  C:50E6H         PUBLIC        ?C?PLDPTR
  -------         ENDMOD        ?C?PLDPTR

  -------         MODULE        ?C?PSTPTR
  C:5106H         PUBLIC        ?C?PSTPTR
  -------         ENDMOD        ?C?PSTPTR

  -------         MODULE        ?C?CCASE
  C:5155H         PUBLIC        ?C?CCASE
  -------         ENDMOD        ?C?CCASE

  -------         MODULE        PRINTF
  X:00A5H         PUBLIC        ?_PRINTF517?BYTE
  X:00A5H         PUBLIC        ?_PRINTF?BYTE
  X:00A5H         PUBLIC        ?_SPRINTF517?BYTE
  X:00A5H         PUBLIC        ?_SPRINTF?BYTE
  C:5C27H         PUBLIC        _PRINTF
  C:5C27H         PUBLIC        _PRINTF517
  C:5C21H         PUBLIC        _SPRINTF
  C:5C21H         PUBLIC        _SPRINTF517
  -------         ENDMOD        PRINTF

  -------         MODULE        PUTS
  C:9592H         PUBLIC        _PUTS
  -------         ENDMOD        PUTS

  -------         MODULE        SCANF
  X:00ABH         PUBLIC        ?_SCANF517?BYTE
  X:00ABH         PUBLIC        ?_SCANF?BYTE
  X:00ABH         PUBLIC        ?_SSCANF517?BYTE
  X:00ABH         PUBLIC        ?_SSCANF?BYTE
  C:5FA2H         PUBLIC        _SCANF
  C:5FA2H         PUBLIC        _SCANF517
  C:5F9EH         PUBLIC        _SSCANF
  C:5F9EH         PUBLIC        _SSCANF517
  -------         ENDMOD        SCANF

  -------         MODULE        ?C?STRCMP
  C:52F9H         PUBLIC        ?C?STRCMP
  -------         ENDMOD        ?C?STRCMP

  -------         MODULE        STRLEN
  C:000EH         PUBLIC        _STRLEN
  -------         ENDMOD        STRLEN

  -------         MODULE        ATOI
BL51 BANKED LINKER/LOCATER V6.22.2.0                                                  07/13/2021  11:06:07  PAGE 81


  C:847BH         PUBLIC        _atoi
  -------         ENDMOD        ATOI

  -------         MODULE        ?C?IILDX
  C:5316H         PUBLIC        ?C?IILDX
  -------         ENDMOD        ?C?IILDX

  -------         MODULE        ?C?ISTPTR
  C:532CH         PUBLIC        ?C?ISTPTR
  -------         ENDMOD        ?C?ISTPTR

  -------         MODULE        ?C?LNEG
  C:534BH         PUBLIC        ?C?LNEG
  -------         ENDMOD        ?C?LNEG

  -------         MODULE        ?C?LSTPTR
  C:5359H         PUBLIC        ?C?LSTPTR
  -------         ENDMOD        ?C?LSTPTR

  -------         MODULE        ?C?PLDIDATA
  C:5373H         PUBLIC        ?C?PLDIDATA
  -------         ENDMOD        ?C?PLDIDATA

  -------         MODULE        ?C?PSTIDATA
  C:537CH         PUBLIC        ?C?PSTIDATA
  -------         ENDMOD        ?C?PSTIDATA

  -------         MODULE        ?C?PLDXDATA
  C:5385H         PUBLIC        ?C?PLDXDATA
  -------         ENDMOD        ?C?PLDXDATA

  -------         MODULE        ?C?PSTXDATA
  C:538EH         PUBLIC        ?C?PSTXDATA
  -------         ENDMOD        ?C?PSTXDATA

  -------         MODULE        ?C?PLDPDATA
  C:5397H         PUBLIC        ?C?PLDPDATA
  -------         ENDMOD        ?C?PLDPDATA

  -------         MODULE        ?C?PLDIPDATA
  C:53A0H         PUBLIC        ?C?PLDIPDATA
  -------         ENDMOD        ?C?PLDIPDATA

  -------         MODULE        ?C?PILDPDATA
  C:53B0H         PUBLIC        ?C?PILDPDATA
  -------         ENDMOD        ?C?PILDPDATA

  -------         MODULE        ?C?PSTPDATA
  C:53C0H         PUBLIC        ?C?PSTPDATA
  -------         ENDMOD        ?C?PSTPDATA

  -------         MODULE        ?C?PLDCODE
  C:53C9H         PUBLIC        ?C?PLDCODE
  -------         ENDMOD        ?C?PLDCODE

  -------         MODULE        PUTCHAR
  C:9635H         PUBLIC        _PUTCHAR
BL51 BANKED LINKER/LOCATER V6.22.2.0                                                  07/13/2021  11:06:07  PAGE 82


  -------         ENDMOD        PUTCHAR

  -------         MODULE        GETCHAR
  B:0024H.2       PUBLIC        ?C?CHARLOADED
  X:009BH         PUBLIC        ?_UNGETCHAR?BYTE
  C:9848H         PUBLIC        GETCHAR
  -------         ENDMOD        GETCHAR

  -------         MODULE        UNGETC
  C:98FEH         PUBLIC        _UNGETCHAR
  -------         ENDMOD        UNGETC

  -------         MODULE        ISDIGIT
  C:98AAH         PUBLIC        _isdigit
  -------         ENDMOD        ISDIGIT

  -------         MODULE        ISSPACE
  C:9821H         PUBLIC        _isspace
  -------         ENDMOD        ISSPACE

  -------         MODULE        ?C?LSTIDATA
  C:53D5H         PUBLIC        ?C?LSTIDATA
  -------         ENDMOD        ?C?LSTIDATA

  -------         MODULE        ?C?LSTXDATA
  C:53E1H         PUBLIC        ?C?LSTXDATA
  -------         ENDMOD        ?C?LSTXDATA

  -------         MODULE        ?C?LSTPDATA
  C:53EDH         PUBLIC        ?C?LSTPDATA
  -------         ENDMOD        ?C?LSTPDATA

  -------         MODULE        _GETKEY
  C:98DBH         PUBLIC        _GETKEY
  -------         ENDMOD        _GETKEY

Program Size: data=46.3 xdata=219 code=39190
LINK/LOCATE RUN COMPLETE.  0 WARNING(S),  0 ERROR(S)
