BL51 BANKED LINKER/LOCATER V6.22.2.0                                                    06/22/2021  15:07:28  PAGE 1


BL51 BANKED LINKER/LOCATER V6.22.2.0, INVOKED BY:
C:\KEIL_V5\C51\BIN\BL51.EXE .\OBJ\STARTUP.obj, .\OBJ\UART.obj, .\OBJ\BusCtrl.obj, .\OBJ\CommandShell.obj, .\OBJ\Main.obj
>> , .\OBJ\OSD_Graph.obj, .\OBJ\OSDAction.obj, .\OBJ\OSDCtrl.obj, .\OBJ\Timer.obj, .\OBJ\TW28xx_Audio.obj, .\OBJ\TW28xx_
>> Video.obj, .\OBJ\TW2835_Init.obj TO .\OBJ\TW2835 PRINT (.\OBJ\TW2835.m51) RAMSIZE (256)


MEMORY MODEL: COMPACT


INPUT MODULES INCLUDED:
  .\OBJ\STARTUP.obj (?C_STARTUP)
  .\OBJ\UART.obj (UART)
  .\OBJ\BusCtrl.obj (BUSCTRL)
  .\OBJ\CommandShell.obj (COMMANDSHELL)
  .\OBJ\Main.obj (MAIN)
  .\OBJ\OSD_Graph.obj (OSD_GRAPH)
  .\OBJ\OSDAction.obj (OSDACTION)
  .\OBJ\OSDCtrl.obj (OSDCTRL)
  .\OBJ\Timer.obj (TIMER)
  .\OBJ\TW28xx_Audio.obj (TW28XX_AUDIO)
  .\OBJ\TW28xx_Video.obj (TW28XX_VIDEO)
  .\OBJ\TW2835_Init.obj (TW2835_INIT)
  C:\KEIL_V5\C51\LIB\C51C.LIB (?C_INIT)
  C:\KEIL_V5\C51\LIB\C51C.LIB (?C?CLDPTR)
  C:\KEIL_V5\C51\LIB\C51C.LIB (?C?CLDOPTR)
  C:\KEIL_V5\C51\LIB\C51C.LIB (?C?CSTPTR)
  C:\KEIL_V5\C51\LIB\C51C.LIB (?C?IMUL)
  C:\KEIL_V5\C51\LIB\C51C.LIB (?C?ILDPTR)
  C:\KEIL_V5\C51\LIB\C51C.LIB (?C?IILDOPTR)
  C:\KEIL_V5\C51\LIB\C51C.LIB (?C?ULCMP)
  C:\KEIL_V5\C51\LIB\C51C.LIB (?C?PLDPTR)
  C:\KEIL_V5\C51\LIB\C51C.LIB (?C?PSTPTR)
  C:\KEIL_V5\C51\LIB\C51C.LIB (?C?CCASE)
  C:\KEIL_V5\C51\LIB\C51C.LIB (PRINTF)
  C:\KEIL_V5\C51\LIB\C51C.LIB (PUTS)
  C:\KEIL_V5\C51\LIB\C51C.LIB (SCANF)
  C:\KEIL_V5\C51\LIB\C51C.LIB (?C?STRCMP)
  C:\KEIL_V5\C51\LIB\C51C.LIB (STRLEN)
  C:\KEIL_V5\C51\LIB\C51C.LIB (ATOI)
  C:\KEIL_V5\C51\LIB\C51C.LIB (?C?IILDX)
  C:\KEIL_V5\C51\LIB\C51C.LIB (?C?ISTPTR)
  C:\KEIL_V5\C51\LIB\C51C.LIB (?C?LNEG)
  C:\KEIL_V5\C51\LIB\C51C.LIB (?C?LSTPTR)
  C:\KEIL_V5\C51\LIB\C51C.LIB (?C?PLDIDATA)
  C:\KEIL_V5\C51\LIB\C51C.LIB (?C?PSTIDATA)
  C:\KEIL_V5\C51\LIB\C51C.LIB (?C?PLDXDATA)
  C:\KEIL_V5\C51\LIB\C51C.LIB (?C?PSTXDATA)
  C:\KEIL_V5\C51\LIB\C51C.LIB (?C?PLDPDATA)
  C:\KEIL_V5\C51\LIB\C51C.LIB (?C?PLDIPDATA)
  C:\KEIL_V5\C51\LIB\C51C.LIB (?C?PILDPDATA)
  C:\KEIL_V5\C51\LIB\C51C.LIB (?C?PSTPDATA)
  C:\KEIL_V5\C51\LIB\C51C.LIB (?C?PLDCODE)
  C:\KEIL_V5\C51\LIB\C51C.LIB (PUTCHAR)
  C:\KEIL_V5\C51\LIB\C51C.LIB (GETCHAR)
  C:\KEIL_V5\C51\LIB\C51C.LIB (UNGETC)
  C:\KEIL_V5\C51\LIB\C51C.LIB (ISDIGIT)
  C:\KEIL_V5\C51\LIB\C51C.LIB (ISSPACE)
  C:\KEIL_V5\C51\LIB\C51C.LIB (?C?LSTIDATA)
BL51 BANKED LINKER/LOCATER V6.22.2.0                                                  06/22/2021  15:07:28  PAGE 2


  C:\KEIL_V5\C51\LIB\C51C.LIB (?C?LSTXDATA)
  C:\KEIL_V5\C51\LIB\C51C.LIB (?C?LSTPDATA)
  C:\KEIL_V5\C51\LIB\C51C.LIB (_GETKEY)


LINK MAP OF MODULE:  .\OBJ\TW2835 (?C_STARTUP)


            TYPE    BASE      LENGTH    RELOCATION   SEGMENT NAME
            -----------------------------------------------------

            * * * * * * *   D A T A   M E M O R Y   * * * * * * *
            REG     0000H     0008H     ABSOLUTE     "REG BANK 0"
            REG     0008H     0008H     ABSOLUTE     "REG BANK 1"
            DATA    0010H     0006H     UNIT         ?DT?TIMER
            DATA    0016H     0002H     UNIT         ?DT?OSDCTRL
                    0018H     0008H                  *** GAP ***
            DATA    0020H     0001H     BIT_ADDR     ?BA?MAIN
            DATA    0021H     0001H     BIT_ADDR     ?BA?OSDACTION
            DATA    0022H     0001H     BIT_ADDR     ?BA?OSDCTRL
            BIT     0023H.0   0001H.1   UNIT         _BIT_GROUP_
            BIT     0024H.1   0000H.1   UNIT         ?BI?MAIN
            BIT     0024H.2   0000H.1   UNIT         ?BI?GETCHAR
                    0024H.3   0000H.5                *** GAP ***
            DATA    0025H     0011H     UNIT         _DATA_GROUP_
            IDATA   0036H     0001H     UNIT         ?STACK

            * * * * * * *  X D A T A   M E M O R Y  * * * * * * *
            XDATA   0000H     0052H     INPAGE       ?PD?UART
            XDATA   0052H     0019H     INPAGE       ?PD?COMMANDSHELL
            XDATA   006BH     002DH     INPAGE       ?PD?MAIN
            XDATA   0098H     0001H     INPAGE       ?PD?OSD_GRAPH
            XDATA   0099H     0001H     INPAGE       ?PD?OSDACTION
            XDATA   009AH     0001H     INPAGE       ?PD?GETCHAR
            XDATA   009BH     003EH     INPAGE       _PDATA_GROUP_
            XDATA   00D9H     0001H     UNIT         ?XD?COMMANDSHELL

            * * * * * * *   C O D E   M E M O R Y   * * * * * * *
            CODE    0000H     0003H     ABSOLUTE     
            CODE    0003H     0008H     UNIT         ?PR?_RS_TX?UART
            CODE    000BH     0003H     ABSOLUTE     
            CODE    000EH     0015H     UNIT         ?PR?_STRLEN?STRLEN
            CODE    0023H     0003H     ABSOLUTE     
            CODE    0026H     24E6H     UNIT         ?CO?OSD_GRAPH
            CODE    250CH     0EA0H     UNIT         ?CO?OSDCTRL
            CODE    33ACH     0565H     UNIT         ?PR?PCT_SHOWVLOSS?OSDACTION
            CODE    3911H     0510H     UNIT         ?CO?TW2835_INIT
            CODE    3E21H     04C2H     UNIT         ?PR?_PCT_SHOWMIRRORICON?OSDACTION
            CODE    42E3H     04ADH     UNIT         ?PR?_PCT_SHOWSPEAKICON?OSDACTION
            CODE    4790H     0453H     UNIT         ?CO?TW28XX_VIDEO
            CODE    4BE3H     0406H     UNIT         ?C?LIB_CODE
            CODE    4FE9H     03C8H     UNIT         ?PR?_PCT_OSD_ACTIONPTHX?OSDACTION
            CODE    53B1H     0367H     UNIT         ?PR?_PCT_SETVIDEOHDELAY?TW28XX_VIDEO
            CODE    5718H     035BH     UNIT         ?PR?PRINTF?PRINTF
            CODE    5A73H     0316H     UNIT         ?PR?SCANF?SCANF
            CODE    5D89H     02DFH     UNIT         ?CO?COMMANDSHELL
            CODE    6068H     0296H     UNIT         ?PR?_PCT_RUNCOMMSHELL?COMMANDSHELL
BL51 BANKED LINKER/LOCATER V6.22.2.0                                                  06/22/2021  15:07:28  PAGE 3


            CODE    62FEH     027EH     UNIT         ?PR?_PCT_SHOWINDICATEICON?OSDACTION
            CODE    657CH     0210H     UNIT         ?PR?_MONIVIDEOMIXATTR?COMMANDSHELL
            CODE    678CH     020BH     UNIT         ?PR?COMMANDSHELL
            CODE    6997H     01B8H     UNIT         ?PR?PCT_AUDIOREGLIST?TW28XX_AUDIO
            CODE    6B4FH     0195H     UNIT         ?PR?_PCT_SETXVIDEOMIXING?TW28XX_VIDEO
            CODE    6CE4H     0191H     UNIT         ?PR?PCT_TW2835_INITIAL?TW2835_INIT
            CODE    6E75H     018AH     UNIT         ?PR?_MONIAUDIOMIXING?COMMANDSHELL
            CODE    6FFFH     017BH     UNIT         ?PR?_PCT_OSD16X16GRAPHX?OSD_GRAPH
            CODE    717AH     0169H     UNIT         ?PR?_PCT_WRITEOSDDATABUFFERX?OSDCTRL
            CODE    72E3H     0165H     UNIT         ?PR?OSDCTRL
            CODE    7448H     013DH     UNIT         ?PR?_MONIAUDIOGAIN?COMMANDSHELL
            CODE    7585H     013CH     UNIT         ?PR?_MONIHSCOMM?COMMANDSHELL
            CODE    76C1H     012FH     UNIT         ?PR?PCT_INITOSDCOLOR?OSDCTRL
            CODE    77F0H     0120H     UNIT         ?PR?_PCT_RECOMPENSEYHDELAY?TW28XX_VIDEO
            CODE    7910H     011DH     UNIT         ?PR?_PCT_WRITEOSDDATABUFFERY?OSDCTRL
            CODE    7A2DH     0117H     UNIT         ?PR?_MONISETVIDEOFORMAT?COMMANDSHELL
            CODE    7B44H     0109H     UNIT         ?PR?TW28XX_VIDEO
            CODE    7C4DH     00FFH     UNIT         ?PR?_PCT_WRITEOSDFNTX?OSDCTRL
            CODE    7D4CH     00FAH     UNIT         ?PR?OSDACTION
            CODE    7E46H     00EAH     UNIT         ?PR?_PCT_WRITEOSDFNTY?OSDCTRL
            CODE    7F30H     00D0H     UNIT         ?PR?_ATOI?ATOI
            CODE    8000H     00A1H     UNIT         ?PR?_PCT_CLEARWORDSPATHX?OSDCTRL
            CODE    80A1H     009EH     UNIT         ?PR?_PCT_FULLCOLORONOSD?OSDCTRL
            CODE    813FH     0097H     UNIT         ?PR?_PCT_SETCHANELSCALE?TW28XX_VIDEO
            CODE    81D6H     008CH     UNIT         ?C_C51STARTUP
            CODE    8262H     0077H     UNIT         ?PR?MAIN?MAIN
            CODE    82D9H     006BH     UNIT         ?PR?PCT_CHECKSYSTEM?COMMANDSHELL
            CODE    8344H     0068H     UNIT         ?PR?_PCT_GETFIRSTSTR?COMMANDSHELL
            CODE    83ACH     0062H     UNIT         ?PR?_PCT_CHANGESYSTEMTYPE?TW2835_INIT
            CODE    840EH     0061H     UNIT         ?PR?_PCT_AUDIOMIXCTRL?TW28XX_AUDIO
            CODE    846FH     0060H     UNIT         ?PR?_PCT_SHOWOSDSTRING?OSDCTRL
            CODE    84CFH     005DH     UNIT         ?PR?_MONISHOWSODSTR?COMMANDSHELL
            CODE    852CH     005BH     UNIT         ?PR?_PCT_SHOWGRAPHSTRING?OSD_GRAPH
            CODE    8587H     005BH     UNIT         ?PR?_PCT_AUDIOGAINCTRL?TW28XX_AUDIO
            CODE    85E2H     0057H     UNIT         ?PR?_PCT_WRITESTABLE?BUSCTRL
            CODE    8639H     0056H     UNIT         ?PR?_MONIVIDEOMIXWIN?COMMANDSHELL
            CODE    868FH     0054H     UNIT         ?PR?TIMER0_INTERRUPT?TIMER
            CODE    86E3H     0053H     UNIT         ?PR?_PCT_SETOSDCOLOR?OSDCTRL
            CODE    8736H     0052H     UNIT         ?PR?COMMANDSHELL?MAIN
            CODE    8788H     0052H     UNIT         ?PR?OSD_GRAPH
            CODE    87DAH     0050H     UNIT         ?PR?PCT_INITIALOSD?OSDACTION
            CODE    882AH     004FH     UNIT         ?PR?MONIREGISTERDUMP?COMMANDSHELL
            CODE    8879H     004CH     UNIT         ?PR?_MONIWRITEASICBYTE?COMMANDSHELL
            CODE    88C5H     004BH     UNIT         ?PR?_PCT_DETECTVIDEOFORMAT?TW28XX_VIDEO
            CODE    8910H     0047H     UNIT         ?PR?_MONIREADASICBYTE?COMMANDSHELL
            CODE    8957H     0046H     UNIT         ?PR?_WAIT_MS?MAIN
            CODE    899DH     0046H     UNIT         ?PR?PCT_SHOWMODEICON?OSDACTION
            CODE    89E3H     0043H     UNIT         ?PR?_MONIREADPAGEBUFFER?COMMANDSHELL
            CODE    8A26H     0042H     UNIT         ?PR?PCT_INITIALTW2835?TW2835_INIT
            CODE    8A68H     0041H     UNIT         ?PR?_PCT_CHECKVMIXTYPE?COMMANDSHELL
            CODE    8AA9H     0041H     UNIT         ?PR?PCT_AUDIOACTIONFORHS?COMMANDSHELL
            CODE    8AEAH     0041H     UNIT         ?PR?TW28XX_AUDIO
            CODE    8B2BH     0040H     UNIT         ?CO?TW28XX_AUDIO
            CODE    8B6BH     003EH     UNIT         ?PR?_PCT_STRTOCOMMCODE?COMMANDSHELL
            CODE    8BA9H     003CH     UNIT         ?PR?_PCT_WINATTRCLEAR?TW28XX_VIDEO
            CODE    8BE5H     003BH     UNIT         ?PR?_PCT_WRITEASICTABLE?BUSCTRL
            CODE    8C20H     0038H     UNIT         ?PR?PCT_GETVIDEOSIGNALSTATUS?OSDACTION
BL51 BANKED LINKER/LOCATER V6.22.2.0                                                  06/22/2021  15:07:28  PAGE 4


            CODE    8C58H     0038H     UNIT         ?PR?_PCT_WINATTRCTRLY?TW28XX_VIDEO
            CODE    8C90H     0036H     UNIT         ?PR?_PUTSP?MAIN
            CODE    8CC6H     0035H     UNIT         ?PR?_PCT_ENSHOWOSDPAGE?OSDCTRL
            CODE    8CFBH     0034H     UNIT         ?PR?_PCT_AUDIOMIXMUTE?TW28XX_AUDIO
            CODE    8D2FH     0033H     UNIT         ?PR?_MONIREADONEBUFFER?COMMANDSHELL
            CODE    8D62H     0033H     UNIT         ?PR?_MONIWRITEONEBUFFER?COMMANDSHELL
            CODE    8D95H     0033H     UNIT         ?PR?MONIVIDEOAUTODETECT?COMMANDSHELL
            CODE    8DC8H     0031H     UNIT         ?PR?_PCT_WINATTRCTRL?TW28XX_VIDEO
            CODE    8DF9H     002EH     UNIT         ?PR?_CHKSTARTCOMMSHELL?MAIN
            CODE    8E27H     002AH     UNIT         ?PR?MONIHSCOMMVERSION?COMMANDSHELL
            CODE    8E51H     002AH     UNIT         ?PR?_PUTS?PUTS
            CODE    8E7BH     0029H     UNIT         ?PR?_PCT_AUDIOSELLIVE?TW28XX_AUDIO
            CODE    8EA4H     0028H     UNIT         ?PR?BUSCTRL
            CODE    8ECCH     0028H     UNIT         ?PR?PCT_OSDACTIONFORHS?OSDACTION
            CODE    8EF4H     0028H     UNIT         ?PR?_PCT_SETVIDEOFORMAT?TW28XX_VIDEO
            CODE    8F1CH     0027H     UNIT         ?PR?PUTCHAR?PUTCHAR
            CODE    8F43H     0026H     UNIT         ?PR?INITIALTIMER0?TIMER
            CODE    8F69H     0025H     UNIT         ?CO?OSDACTION
            CODE    8F8EH     0023H     UNIT         ?PR?RS_INTERRUPT?UART
            CODE    8FB1H     0023H     UNIT         ?PR?INITIALMPU?MAIN
            CODE    8FD4H     001DH     UNIT         ?PR?_PCT_SETOSDDRAWPAGE?OSDCTRL
            CODE    8FF1H     001CH     UNIT         ?PR?_PCT_DISSHOWOSDPAGE?OSDCTRL
            CODE    900DH     001BH     UNIT         ?PR?_PCT_PAGECHANGE?BUSCTRL
            CODE    9028H     001BH     UNIT         ?PR?_PCT_READASICBYTE?BUSCTRL
            CODE    9043H     0019H     UNIT         ?PR?_PCT_CLEAROSDPAGEX?OSDCTRL
            CODE    905CH     0018H     UNIT         ?PR?TW2835_INIT
            CODE    9074H     0017H     UNIT         ?CO?MAIN
            CODE    908BH     0016H     UNIT         ?PR?RS_RX?UART
            CODE    90A1H     0016H     UNIT         ?PR?_MONIHSCOMMSJMODE?COMMANDSHELL
            CODE    90B7H     0016H     UNIT         ?PR?RESETCOMMSELL?MAIN
            CODE    90CDH     0014H     UNIT         ?PR?_MONIAUDIOLIVE?COMMANDSHELL
            CODE    90E1H     0014H     UNIT         ?PR?_PCT_SETYVIDEOMIXING?TW28XX_VIDEO
            CODE    90F5H     0014H     UNIT         ?PR?_ISSPACE?ISSPACE
            CODE    9109H     0013H     UNIT         ?PR?_PCT_WRITEASICBYTE?BUSCTRL
            CODE    911CH     0013H     UNIT         ?PR?PCT_TW2835RESETN?TW2835_INIT
            CODE    912FH     0013H     UNIT         ?PR?GETCHAR?GETCHAR
            CODE    9142H     0012H     UNIT         ?PR?_MONIYVIDEOMIX?COMMANDSHELL
            CODE    9154H     0010H     UNIT         ?PR?INITIALUART?UART
            CODE    9164H     000FH     UNIT         ?PR?RS_RXREADY?UART
            CODE    9173H     000FH     UNIT         ?PR?PCT_SENDACK?COMMANDSHELL
            CODE    9182H     000FH     UNIT         ?PR?MONIAUDIOMUTE?COMMANDSHELL
            CODE    9191H     000FH     UNIT         ?PR?_ISDIGIT?ISDIGIT
            CODE    91A0H     000CH     UNIT         ?PR?UART
            CODE    91ACH     000BH     UNIT         ?PR?INITIALCOMMSHELL?MAIN
            CODE    91B7H     000AH     UNIT         ?PR?_GETKEY?_GETKEY
            CODE    91C1H     0009H     UNIT         ?PR?NEWLINE?MAIN
            CODE    91CAH     0009H     UNIT         ?PR?_PCT_FLASHOSDCTRL?MAIN
            CODE    91D3H     0008H     UNIT         ?C_INITSEG
            CODE    91DBH     0007H     UNIT         ?PR?PCT_ENFALSHVLOSS?OSDACTION
            CODE    91E2H     0007H     UNIT         ?PR?GETCHAR?UNGETCHAR
            CODE    91E9H     0005H     UNIT         ?PR?MONIHSCOMMDISSCROLL?COMMANDSHELL
            CODE    91EEH     0005H     UNIT         ?PR?PCT_CLEARGRAPHATTR?OSD_GRAPH
            CODE    91F3H     0003H     UNIT         ?PR?_PCT_PRESETFOREGROUNDCOLOR?OSDCTRL
            CODE    91F6H     0003H     UNIT         ?PR?_PCT_PRESETBACKGROUNDCOLOR?OSDCTRL
            CODE    91F9H     0001H     UNIT         ?PR?PTC_SWITCHTOI2CMODE?BUSCTRL


BL51 BANKED LINKER/LOCATER V6.22.2.0                                                  06/22/2021  15:07:28  PAGE 5



OVERLAY MAP OF MODULE:   .\OBJ\TW2835 (?C_STARTUP)


SEGMENT                                            BIT_GROUP          DATA_GROUP          PDATA_GROUP
  +--> CALLED SEGMENT                           START    LENGTH     START    LENGTH     START    LENGTH
-------------------------------------------------------------------------------------------------------
?C_C51STARTUP                                   -----    -----      -----    -----      -----    -----
  +--> ?PR?MAIN?MAIN
  +--> ?C_INITSEG

?PR?MAIN?MAIN                                   -----    -----      -----    -----      009BH    0003H
  +--> ?PR?INITIALMPU?MAIN
  +--> ?PR?INITIALCOMMSHELL?MAIN
  +--> ?PR?PTC_SWITCHTOI2CMODE?BUSCTRL
  +--> ?PR?PCT_INITIALTW2835?TW2835_INIT
  +--> ?PR?RESETCOMMSELL?MAIN
  +--> ?PR?COMMANDSHELL?MAIN
  +--> ?PR?_PCT_RUNCOMMSHELL?COMMANDSHELL
  +--> ?PR?PCT_CHECKSYSTEM?COMMANDSHELL
  +--> ?PR?RS_RXREADY?UART
  +--> ?PR?PCT_GETVIDEOSIGNALSTATUS?OSDACTION

?PR?INITIALMPU?MAIN                             -----    -----      -----    -----      -----    -----
  +--> ?PR?INITIALUART?UART
  +--> ?PR?INITIALTIMER0?TIMER

?PR?PCT_INITIALTW2835?TW2835_INIT               -----    -----      -----    -----      -----    -----
  +--> ?PR?PCT_TW2835RESETN?TW2835_INIT
  +--> ?PR?_PCT_READASICBYTE?BUSCTRL
  +--> ?PR?_PCT_DETECTVIDEOFORMAT?TW28XX_VIDEO
  +--> ?PR?_WAIT_MS?MAIN
  +--> ?PR?PCT_TW2835_INITIAL?TW2835_INIT
  +--> ?PR?PCT_INITIALOSD?OSDACTION

?PR?_PCT_READASICBYTE?BUSCTRL                   -----    -----      -----    -----      -----    -----
  +--> ?PR?_PCT_PAGECHANGE?BUSCTRL
  +--> ?PR?BUSCTRL

?PR?_PCT_PAGECHANGE?BUSCTRL                     -----    -----      -----    -----      00D8H    0001H
  +--> ?PR?BUSCTRL

?PR?_PCT_DETECTVIDEOFORMAT?TW28XX_VIDEO         -----    -----      -----    -----      00A4H    0002H
  +--> ?PR?_PCT_READASICBYTE?BUSCTRL

?PR?_WAIT_MS?MAIN                               -----    -----      -----    -----      00A4H    0004H

?PR?PCT_TW2835_INITIAL?TW2835_INIT              -----    -----      -----    -----      00A4H    0002H
  +--> ?PR?TW2835_INIT
  +--> ?CO?TW2835_INIT
  +--> ?PR?_PCT_WRITEASICTABLE?BUSCTRL
  +--> ?PR?_PCT_WRITEASICBYTE?BUSCTRL

?PR?TW2835_INIT                                 -----    -----      -----    -----      -----    -----
  +--> ?CO?TW2835_INIT

?PR?_PCT_WRITEASICTABLE?BUSCTRL                 -----    -----      -----    -----      00A6H    0007H
BL51 BANKED LINKER/LOCATER V6.22.2.0                                                  06/22/2021  15:07:28  PAGE 6


  +--> ?PR?_PCT_PAGECHANGE?BUSCTRL
  +--> ?PR?BUSCTRL

?PR?_PCT_WRITEASICBYTE?BUSCTRL                  -----    -----      -----    -----      00D4H    0004H
  +--> ?PR?_PCT_PAGECHANGE?BUSCTRL
  +--> ?PR?BUSCTRL

?PR?PCT_INITIALOSD?OSDACTION                    -----    -----      0027H    0001H      -----    -----
  +--> ?PR?PCT_INITOSDCOLOR?OSDCTRL
  +--> ?PR?PCT_CLEARGRAPHATTR?OSD_GRAPH
  +--> ?PR?_PCT_PRESETFOREGROUNDCOLOR?OSDCTRL
  +--> ?PR?_PCT_PRESETBACKGROUNDCOLOR?OSDCTRL
  +--> ?PR?_PCT_ENSHOWOSDPAGE?OSDCTRL
  +--> ?PR?_PCT_SETOSDDRAWPAGE?OSDCTRL
  +--> ?PR?_PCT_FULLCOLORONOSD?OSDCTRL

?PR?PCT_INITOSDCOLOR?OSDCTRL                    -----    -----      -----    -----      -----    -----
  +--> ?PR?_PCT_WRITEASICBYTE?BUSCTRL
  +--> ?PR?OSDCTRL
  +--> ?PR?_PCT_SETOSDCOLOR?OSDCTRL

?PR?OSDCTRL                                     -----    -----      -----    -----      -----    -----
  +--> ?CO?OSDCTRL

?PR?_PCT_SETOSDCOLOR?OSDCTRL                    -----    -----      -----    -----      00A4H    0005H
  +--> ?PR?_PCT_WRITEASICBYTE?BUSCTRL

?PR?_PCT_ENSHOWOSDPAGE?OSDCTRL                  -----    -----      -----    -----      00AAH    0001H
  +--> ?PR?OSDCTRL
  +--> ?PR?_PCT_WRITEASICBYTE?BUSCTRL
  +--> ?PR?_PCT_READASICBYTE?BUSCTRL

?PR?_PCT_SETOSDDRAWPAGE?OSDCTRL                 -----    -----      -----    -----      00AAH    0001H
  +--> ?PR?OSDCTRL
  +--> ?PR?_PCT_READASICBYTE?BUSCTRL
  +--> ?PR?_PCT_WRITEASICBYTE?BUSCTRL

?PR?_PCT_FULLCOLORONOSD?OSDCTRL                 -----    -----      -----    -----      00A4H    0006H
  +--> ?PR?OSDCTRL
  +--> ?PR?_PCT_WRITEASICBYTE?BUSCTRL
  +--> ?PR?_PCT_READASICBYTE?BUSCTRL

?PR?RESETCOMMSELL?MAIN                          -----    -----      -----    -----      -----    -----
  +--> ?CO?MAIN
  +--> ?PR?_PUTSP?MAIN

?PR?_PUTSP?MAIN                                 -----    -----      0025H    0001H      009EH    0003H
  +--> ?PR?_RS_TX?UART

?PR?COMMANDSHELL?MAIN                           -----    -----      0025H    0001H      -----    -----
  +--> ?PR?RS_RXREADY?UART
  +--> ?PR?RS_RX?UART
  +--> ?PR?_RS_TX?UART
  +--> ?PR?_CHKSTARTCOMMSHELL?MAIN
  +--> ?PR?NEWLINE?MAIN

?PR?RS_RX?UART                                  -----    -----      -----    -----      -----    -----
BL51 BANKED LINKER/LOCATER V6.22.2.0                                                  06/22/2021  15:07:28  PAGE 7


  +--> ?PR?UART

?PR?_CHKSTARTCOMMSHELL?MAIN                     -----    -----      -----    -----      009EH    0003H
  +--> ?CO?MAIN

?PR?NEWLINE?MAIN                                -----    -----      -----    -----      -----    -----
  +--> ?CO?MAIN
  +--> ?PR?_PUTS?PUTS

?PR?_PUTS?PUTS                                  -----    -----      -----    -----      -----    -----
  +--> ?PR?PUTCHAR?PUTCHAR

?PR?_PCT_RUNCOMMSHELL?COMMANDSHELL              -----    -----      0025H    0002H      009EH    0006H
  +--> ?PR?COMMANDSHELL
  +--> ?PR?_PCT_GETFIRSTSTR?COMMANDSHELL
  +--> ?PR?_PCT_STRTOCOMMCODE?COMMANDSHELL
  +--> ?CO?COMMANDSHELL
  +--> ?PR?_MONIREADPAGEBUFFER?COMMANDSHELL
  +--> ?PR?_MONIREADONEBUFFER?COMMANDSHELL
  +--> ?PR?_MONIWRITEONEBUFFER?COMMANDSHELL
  +--> ?PR?_MONIWRITEASICBYTE?COMMANDSHELL
  +--> ?PR?_MONIREADASICBYTE?COMMANDSHELL
  +--> ?PR?_MONIAUDIOMIXING?COMMANDSHELL
  +--> ?PR?MONIAUDIOMUTE?COMMANDSHELL
  +--> ?PR?PCT_AUDIOREGLIST?TW28XX_AUDIO
  +--> ?PR?_MONIAUDIOGAIN?COMMANDSHELL
  +--> ?PR?_MONIAUDIOLIVE?COMMANDSHELL
  +--> ?PR?MONIREGISTERDUMP?COMMANDSHELL
  +--> ?PR?_PCT_WINATTRCLEAR?TW28XX_VIDEO
  +--> ?PR?_MONIVIDEOMIXWIN?COMMANDSHELL
  +--> ?PR?PCT_SENDACK?COMMANDSHELL
  +--> ?PR?_MONIVIDEOMIXATTR?COMMANDSHELL
  +--> ?PR?_MONIYVIDEOMIX?COMMANDSHELL
  +--> ?PR?PCT_INITIALTW2835?TW2835_INIT
  +--> ?PR?MONIVIDEOAUTODETECT?COMMANDSHELL
  +--> ?PR?_MONISETVIDEOFORMAT?COMMANDSHELL
  +--> ?PR?_MONISHOWSODSTR?COMMANDSHELL
  +--> ?PR?_MONIHSCOMM?COMMANDSHELL
  +--> ?PR?PCT_AUDIOACTIONFORHS?COMMANDSHELL
  +--> ?PR?PCT_OSDACTIONFORHS?OSDACTION
  +--> ?PR?_PCT_FLASHOSDCTRL?MAIN
  +--> ?PR?_MONIHSCOMMSJMODE?COMMANDSHELL
  +--> ?PR?MONIHSCOMMDISSCROLL?COMMANDSHELL
  +--> ?PR?MONIHSCOMMVERSION?COMMANDSHELL

?PR?COMMANDSHELL                                -----    -----      -----    -----      -----    -----
  +--> ?CO?COMMANDSHELL

?PR?_PCT_GETFIRSTSTR?COMMANDSHELL               -----    -----      -----    -----      00AAH    0006H
  +--> ?PR?COMMANDSHELL

?PR?_PCT_STRTOCOMMCODE?COMMANDSHELL             -----    -----      0031H    0002H      00AAH    0003H
  +--> ?PR?COMMANDSHELL

?PR?_MONIREADPAGEBUFFER?COMMANDSHELL            -----    -----      0027H    0003H      -----    -----
  +--> ?PR?COMMANDSHELL
  +--> ?CO?COMMANDSHELL
BL51 BANKED LINKER/LOCATER V6.22.2.0                                                  06/22/2021  15:07:28  PAGE 8


  +--> ?PR?SCANF?SCANF
  +--> ?PR?_PCT_READASICBYTE?BUSCTRL
  +--> ?PR?PRINTF?PRINTF

?PR?SCANF?SCANF                                 0023H.0  0000H.6    0031H    0005H      00AAH    0015H
  +--> ?PR?GETCHAR?UNGETCHAR
  +--> ?PR?_ISSPACE?ISSPACE
  +--> ?PR?GETCHAR?GETCHAR

?PR?GETCHAR?GETCHAR                             -----    -----      -----    -----      -----    -----
  +--> ?PR?_GETKEY?_GETKEY
  +--> ?PR?PUTCHAR?PUTCHAR

?PR?PRINTF?PRINTF                               0023H.0  0001H.1    002BH    0005H      00A4H    000FH
  +--> ?PR?PUTCHAR?PUTCHAR

?PR?_MONIREADONEBUFFER?COMMANDSHELL             -----    -----      0027H    0002H      -----    -----
  +--> ?PR?COMMANDSHELL
  +--> ?CO?COMMANDSHELL
  +--> ?PR?SCANF?SCANF
  +--> ?PR?_PCT_READASICBYTE?BUSCTRL
  +--> ?PR?PRINTF?PRINTF

?PR?_MONIWRITEONEBUFFER?COMMANDSHELL            -----    -----      0027H    0003H      -----    -----
  +--> ?PR?COMMANDSHELL
  +--> ?CO?COMMANDSHELL
  +--> ?PR?SCANF?SCANF
  +--> ?PR?_PCT_WRITEASICBYTE?BUSCTRL

?PR?_MONIWRITEASICBYTE?COMMANDSHELL             -----    -----      0027H    0004H      -----    -----
  +--> ?PR?COMMANDSHELL
  +--> ?CO?COMMANDSHELL
  +--> ?PR?SCANF?SCANF
  +--> ?PR?_PCT_WRITEASICBYTE?BUSCTRL

?PR?_MONIREADASICBYTE?COMMANDSHELL              -----    -----      0027H    0004H      -----    -----
  +--> ?PR?COMMANDSHELL
  +--> ?CO?COMMANDSHELL
  +--> ?PR?SCANF?SCANF
  +--> ?PR?_PCT_READASICBYTE?BUSCTRL
  +--> ?PR?PRINTF?PRINTF

?PR?_MONIAUDIOMIXING?COMMANDSHELL               -----    -----      0027H    000AH      00A4H    0006H
  +--> ?PR?COMMANDSHELL
  +--> ?PR?_PCT_GETFIRSTSTR?COMMANDSHELL
  +--> ?PR?_PCT_AUDIOMIXMUTE?TW28XX_AUDIO
  +--> ?PR?_ATOI?ATOI
  +--> ?PR?SCANF?SCANF
  +--> ?PR?_PCT_AUDIOMIXCTRL?TW28XX_AUDIO
  +--> ?CO?COMMANDSHELL

?PR?_PCT_AUDIOMIXMUTE?TW28XX_AUDIO              -----    -----      0031H    0001H      00AAH    0002H
  +--> ?PR?_PCT_READASICBYTE?BUSCTRL
  +--> ?PR?_PCT_WRITEASICBYTE?BUSCTRL

?PR?_ATOI?ATOI                                  0023H.0  0000H.1    -----    -----      00AAH    0005H
  +--> ?PR?_ISSPACE?ISSPACE
BL51 BANKED LINKER/LOCATER V6.22.2.0                                                  06/22/2021  15:07:28  PAGE 9


  +--> ?PR?_ISDIGIT?ISDIGIT

?PR?_PCT_AUDIOMIXCTRL?TW28XX_AUDIO              -----    -----      -----    -----      00AAH    0004H
  +--> ?PR?TW28XX_AUDIO
  +--> ?PR?_PCT_READASICBYTE?BUSCTRL
  +--> ?CO?TW28XX_AUDIO
  +--> ?PR?_PCT_WRITEASICBYTE?BUSCTRL
  +--> ?PR?_PCT_AUDIOSELLIVE?TW28XX_AUDIO

?PR?TW28XX_AUDIO                                -----    -----      -----    -----      -----    -----
  +--> ?CO?TW28XX_AUDIO

?PR?_PCT_AUDIOSELLIVE?TW28XX_AUDIO              -----    -----      -----    -----      00AEH    0001H
  +--> ?PR?_PCT_WRITEASICBYTE?BUSCTRL

?PR?MONIAUDIOMUTE?COMMANDSHELL                  -----    -----      -----    -----      -----    -----
  +--> ?PR?_PCT_AUDIOMIXMUTE?TW28XX_AUDIO
  +--> ?PR?_PCT_AUDIOSELLIVE?TW28XX_AUDIO

?PR?PCT_AUDIOREGLIST?TW28XX_AUDIO               -----    -----      -----    -----      -----    -----
  +--> ?PR?PRINTF?PRINTF
  +--> ?PR?_PCT_READASICBYTE?BUSCTRL
  +--> ?CO?TW28XX_AUDIO

?PR?_MONIAUDIOGAIN?COMMANDSHELL                 -----    -----      0027H    000AH      00A4H    0006H
  +--> ?PR?COMMANDSHELL
  +--> ?PR?_PCT_GETFIRSTSTR?COMMANDSHELL
  +--> ?PR?_ATOI?ATOI
  +--> ?PR?SCANF?SCANF
  +--> ?CO?COMMANDSHELL
  +--> ?PR?_PCT_AUDIOGAINCTRL?TW28XX_AUDIO

?PR?_PCT_AUDIOGAINCTRL?TW28XX_AUDIO             -----    -----      -----    -----      00AAH    0003H
  +--> ?PR?TW28XX_AUDIO
  +--> ?PR?_PCT_READASICBYTE?BUSCTRL
  +--> ?CO?TW28XX_AUDIO
  +--> ?PR?_PCT_WRITEASICBYTE?BUSCTRL

?PR?_MONIAUDIOLIVE?COMMANDSHELL                 -----    -----      0027H    0001H      -----    -----
  +--> ?PR?COMMANDSHELL
  +--> ?PR?SCANF?SCANF
  +--> ?PR?_PCT_AUDIOSELLIVE?TW28XX_AUDIO

?PR?MONIREGISTERDUMP?COMMANDSHELL               -----    -----      0027H    0002H      -----    -----
  +--> ?CO?COMMANDSHELL
  +--> ?PR?PRINTF?PRINTF
  +--> ?PR?_PCT_READASICBYTE?BUSCTRL

?PR?_PCT_WINATTRCLEAR?TW28XX_VIDEO              -----    -----      -----    -----      00A4H    0003H
  +--> ?PR?TW28XX_VIDEO
  +--> ?PR?_PCT_READASICBYTE?BUSCTRL
  +--> ?PR?_PCT_WRITEASICBYTE?BUSCTRL

?PR?TW28XX_VIDEO                                -----    -----      -----    -----      -----    -----
  +--> ?CO?TW28XX_VIDEO

?PR?_MONIVIDEOMIXWIN?COMMANDSHELL               -----    -----      0027H    0002H      -----    -----
BL51 BANKED LINKER/LOCATER V6.22.2.0                                                  06/22/2021  15:07:28  PAGE 10


  +--> ?PR?COMMANDSHELL
  +--> ?CO?COMMANDSHELL
  +--> ?PR?SCANF?SCANF
  +--> ?PR?_PCT_SETXVIDEOMIXING?TW28XX_VIDEO

?PR?_PCT_SETXVIDEOMIXING?TW28XX_VIDEO           -----    -----      -----    -----      00A4H    0007H
  +--> ?PR?TW28XX_VIDEO
  +--> ?PR?_PCT_WRITEASICBYTE?BUSCTRL
  +--> ?CO?TW28XX_VIDEO
  +--> ?PR?_PCT_SETCHANELSCALE?TW28XX_VIDEO
  +--> ?PR?_PCT_WRITESTABLE?BUSCTRL

?PR?_PCT_SETCHANELSCALE?TW28XX_VIDEO            -----    -----      -----    -----      00ABH    0008H
  +--> ?PR?TW28XX_VIDEO
  +--> ?CO?TW28XX_VIDEO
  +--> ?PR?_PCT_WRITEASICBYTE?BUSCTRL

?PR?_PCT_WRITESTABLE?BUSCTRL                    -----    -----      -----    -----      00ABH    0003H
  +--> ?PR?BUSCTRL
  +--> ?PR?_PCT_READASICBYTE?BUSCTRL
  +--> ?PR?_PCT_WRITEASICBYTE?BUSCTRL

?PR?PCT_SENDACK?COMMANDSHELL                    -----    -----      -----    -----      -----    -----
  +--> ?PR?_RS_TX?UART

?PR?_MONIVIDEOMIXATTR?COMMANDSHELL              -----    -----      0027H    000AH      00A4H    0006H
  +--> ?PR?COMMANDSHELL
  +--> ?PR?_ATOI?ATOI
  +--> ?PR?_PCT_STRTOCOMMCODE?COMMANDSHELL
  +--> ?CO?COMMANDSHELL
  +--> ?PR?_PCT_GETFIRSTSTR?COMMANDSHELL
  +--> ?PR?_PCT_WINATTRCTRL?TW28XX_VIDEO

?PR?_PCT_WINATTRCTRL?TW28XX_VIDEO               -----    -----      -----    -----      00AAH    0003H
  +--> ?PR?TW28XX_VIDEO
  +--> ?PR?_PCT_READASICBYTE?BUSCTRL
  +--> ?PR?_PCT_WRITEASICBYTE?BUSCTRL

?PR?_MONIYVIDEOMIX?COMMANDSHELL                 -----    -----      0027H    0001H      -----    -----
  +--> ?PR?COMMANDSHELL
  +--> ?PR?SCANF?SCANF
  +--> ?PR?_PCT_SETYVIDEOMIXING?TW28XX_VIDEO

?PR?_PCT_SETYVIDEOMIXING?TW28XX_VIDEO           -----    -----      -----    -----      -----    -----
  +--> ?CO?TW28XX_VIDEO
  +--> ?PR?_PCT_WRITESTABLE?BUSCTRL

?PR?MONIVIDEOAUTODETECT?COMMANDSHELL            -----    -----      -----    -----      -----    -----
  +--> ?PR?_PCT_DETECTVIDEOFORMAT?TW28XX_VIDEO
  +--> ?CO?COMMANDSHELL
  +--> ?PR?PRINTF?PRINTF

?PR?_MONISETVIDEOFORMAT?COMMANDSHELL            -----    -----      0027H    0008H      00A4H    0006H
  +--> ?PR?COMMANDSHELL
  +--> ?PR?_PCT_GETFIRSTSTR?COMMANDSHELL
  +--> ?PR?_ATOI?ATOI
  +--> ?CO?COMMANDSHELL
BL51 BANKED LINKER/LOCATER V6.22.2.0                                                  06/22/2021  15:07:28  PAGE 11


  +--> ?PR?_PCT_SETVIDEOFORMAT?TW28XX_VIDEO
  +--> ?PR?SCANF?SCANF

?PR?_PCT_SETVIDEOFORMAT?TW28XX_VIDEO            -----    -----      -----    -----      00AAH    0002H
  +--> ?PR?_PCT_READASICBYTE?BUSCTRL
  +--> ?PR?TW28XX_VIDEO
  +--> ?PR?_PCT_WRITEASICBYTE?BUSCTRL

?PR?_MONISHOWSODSTR?COMMANDSHELL                -----    -----      0027H    0002H      00A4H    0006H
  +--> ?PR?COMMANDSHELL
  +--> ?PR?_ATOI?ATOI
  +--> ?PR?_PCT_PRESETFOREGROUNDCOLOR?OSDCTRL
  +--> ?PR?_PCT_PRESETBACKGROUNDCOLOR?OSDCTRL
  +--> ?PR?_PCT_SETOSDDRAWPAGE?OSDCTRL
  +--> ?PR?_PCT_SHOWOSDSTRING?OSDCTRL
  +--> ?PR?_PCT_ENSHOWOSDPAGE?OSDCTRL
  +--> ?PR?_PCT_GETFIRSTSTR?COMMANDSHELL

?PR?_PCT_SHOWOSDSTRING?OSDCTRL                  -----    -----      -----    -----      00AAH    0007H
  +--> ?PR?OSDCTRL
  +--> ?PR?_STRLEN?STRLEN
  +--> ?PR?_PCT_WRITEOSDFNTX?OSDCTRL
  +--> ?PR?_PCT_WRITEOSDFNTY?OSDCTRL
  +--> ?PR?PTC_SWITCHTOI2CMODE?BUSCTRL

?PR?_PCT_WRITEOSDFNTX?OSDCTRL                   -----    -----      0029H    0003H      00B1H    0013H
  +--> ?PR?OSDCTRL
  +--> ?PR?_PCT_WRITEOSDDATABUFFERX?OSDCTRL
  +--> ?PR?_PCT_WRITEASICBYTE?BUSCTRL
  +--> ?PR?_PCT_READASICBYTE?BUSCTRL

?PR?_PCT_WRITEOSDDATABUFFERX?OSDCTRL            -----    -----      -----    -----      00C4H    0004H
  +--> ?PR?OSDCTRL
  +--> ?PR?_PCT_WRITEASICBYTE?BUSCTRL

?PR?_PCT_WRITEOSDFNTY?OSDCTRL                   -----    -----      0029H    0002H      00B1H    001FH
  +--> ?PR?OSDCTRL
  +--> ?PR?_PCT_WRITEOSDDATABUFFERY?OSDCTRL
  +--> ?PR?_PCT_WRITEASICBYTE?BUSCTRL
  +--> ?PR?_PCT_READASICBYTE?BUSCTRL

?PR?_PCT_WRITEOSDDATABUFFERY?OSDCTRL            -----    -----      -----    -----      00D0H    0004H
  +--> ?PR?OSDCTRL
  +--> ?PR?_PCT_WRITEASICBYTE?BUSCTRL

?PR?_MONIHSCOMM?COMMANDSHELL                    -----    -----      0027H    0003H      -----    -----
  +--> ?PR?COMMANDSHELL
  +--> ?CO?COMMANDSHELL
  +--> ?PR?SCANF?SCANF
  +--> ?PR?_PCT_WINATTRCTRLY?TW28XX_VIDEO
  +--> ?PR?_PCT_RECOMPENSEYHDELAY?TW28XX_VIDEO
  +--> ?PR?_PCT_SETVIDEOHDELAY?TW28XX_VIDEO
  +--> ?PR?_PCT_SETXVIDEOMIXING?TW28XX_VIDEO
  +--> ?PR?_PCT_WINATTRCTRL?TW28XX_VIDEO
  +--> ?PR?_PCT_FLASHOSDCTRL?MAIN
  +--> ?PR?_PCT_CHECKVMIXTYPE?COMMANDSHELL
  +--> ?PR?_PCT_DISSHOWOSDPAGE?OSDCTRL
BL51 BANKED LINKER/LOCATER V6.22.2.0                                                  06/22/2021  15:07:28  PAGE 12


  +--> ?PR?_PCT_CLEAROSDPAGEX?OSDCTRL
  +--> ?PR?PCT_SHOWMODEICON?OSDACTION
  +--> ?PR?_PCT_OSD_ACTIONPTHX?OSDACTION

?PR?_PCT_WINATTRCTRLY?TW28XX_VIDEO              -----    -----      -----    -----      00A4H    0003H
  +--> ?PR?TW28XX_VIDEO
  +--> ?PR?_PCT_READASICBYTE?BUSCTRL
  +--> ?PR?_PCT_WRITEASICBYTE?BUSCTRL

?PR?_PCT_RECOMPENSEYHDELAY?TW28XX_VIDEO         -----    -----      -----    -----      00A4H    0003H
  +--> ?PR?TW28XX_VIDEO
  +--> ?PR?_PCT_READASICBYTE?BUSCTRL
  +--> ?CO?TW28XX_VIDEO
  +--> ?PR?_PCT_WRITEASICBYTE?BUSCTRL

?PR?_PCT_SETVIDEOHDELAY?TW28XX_VIDEO            -----    -----      -----    -----      00A4H    0008H
  +--> ?PR?TW28XX_VIDEO
  +--> ?PR?_PCT_WRITEASICBYTE?BUSCTRL
  +--> ?PR?_PCT_READASICBYTE?BUSCTRL
  +--> ?CO?TW28XX_VIDEO

?PR?_PCT_CHECKVMIXTYPE?COMMANDSHELL             -----    -----      002AH    0001H      -----    -----
  +--> ?PR?COMMANDSHELL

?PR?_PCT_DISSHOWOSDPAGE?OSDCTRL                 -----    -----      -----    -----      00A4H    0001H
  +--> ?PR?OSDCTRL
  +--> ?PR?_PCT_READASICBYTE?BUSCTRL
  +--> ?PR?_PCT_WRITEASICBYTE?BUSCTRL

?PR?_PCT_CLEAROSDPAGEX?OSDCTRL                  -----    -----      -----    -----      -----    -----
  +--> ?PR?_PCT_SETOSDDRAWPAGE?OSDCTRL
  +--> ?PR?_PCT_PRESETBACKGROUNDCOLOR?OSDCTRL
  +--> ?PR?_PCT_FULLCOLORONOSD?OSDCTRL

?PR?PCT_SHOWMODEICON?OSDACTION                  -----    -----      -----    -----      -----    -----
  +--> ?PR?_PCT_SETOSDDRAWPAGE?OSDCTRL
  +--> ?PR?OSDACTION
  +--> ?CO?OSDACTION
  +--> ?PR?_PCT_SHOWGRAPHSTRING?OSD_GRAPH
  +--> ?PR?_PCT_PRESETBACKGROUNDCOLOR?OSDCTRL
  +--> ?PR?_PCT_PRESETFOREGROUNDCOLOR?OSDCTRL

?PR?OSDACTION                                   -----    -----      -----    -----      -----    -----
  +--> ?CO?OSDACTION

?PR?_PCT_SHOWGRAPHSTRING?OSD_GRAPH              -----    -----      -----    -----      00A7H    0007H
  +--> ?PR?OSD_GRAPH
  +--> ?PR?_STRLEN?STRLEN
  +--> ?PR?_PCT_OSD16X16GRAPHX?OSD_GRAPH
  +--> ?PR?PTC_SWITCHTOI2CMODE?BUSCTRL

?PR?_PCT_OSD16X16GRAPHX?OSD_GRAPH               -----    -----      -----    -----      00AEH    000BH
  +--> ?PR?OSD_GRAPH
  +--> ?CO?OSD_GRAPH
  +--> ?PR?_PCT_WRITEASICBYTE?BUSCTRL
  +--> ?PR?_PCT_READASICBYTE?BUSCTRL

BL51 BANKED LINKER/LOCATER V6.22.2.0                                                  06/22/2021  15:07:28  PAGE 13


?PR?_PCT_OSD_ACTIONPTHX?OSDACTION               -----    -----      -----    -----      00A4H    0003H
  +--> ?PR?OSDACTION
  +--> ?PR?_PCT_PRESETFOREGROUNDCOLOR?OSDCTRL
  +--> ?PR?_PCT_PRESETBACKGROUNDCOLOR?OSDCTRL
  +--> ?PR?_PCT_SHOWGRAPHSTRING?OSD_GRAPH

?PR?PCT_AUDIOACTIONFORHS?COMMANDSHELL           -----    -----      0027H    0002H      -----    -----
  +--> ?PR?_PCT_AUDIOSELLIVE?TW28XX_AUDIO
  +--> ?PR?_PCT_AUDIOMIXMUTE?TW28XX_AUDIO

?PR?PCT_OSDACTIONFORHS?OSDACTION                -----    -----      -----    -----      -----    -----
  +--> ?PR?_PCT_SETOSDDRAWPAGE?OSDCTRL
  +--> ?PR?OSDACTION
  +--> ?PR?_PCT_SHOWMIRRORICON?OSDACTION
  +--> ?PR?_PCT_SHOWSPEAKICON?OSDACTION
  +--> ?PR?_PCT_SHOWINDICATEICON?OSDACTION
  +--> ?PR?PCT_ENFALSHVLOSS?OSDACTION
  +--> ?PR?_PCT_ENSHOWOSDPAGE?OSDCTRL

?PR?_PCT_SHOWMIRRORICON?OSDACTION               -----    -----      -----    -----      00A4H    0003H
  +--> ?PR?OSDACTION
  +--> ?PR?_PCT_PRESETFOREGROUNDCOLOR?OSDCTRL
  +--> ?PR?_PCT_CLEARWORDSPATHX?OSDCTRL
  +--> ?PR?_PCT_SHOWGRAPHSTRING?OSD_GRAPH

?PR?_PCT_CLEARWORDSPATHX?OSDCTRL                -----    -----      -----    -----      00A7H    0007H
  +--> ?PR?OSDCTRL
  +--> ?PR?_PCT_WRITEASICBYTE?BUSCTRL
  +--> ?PR?_PCT_READASICBYTE?BUSCTRL

?PR?_PCT_SHOWSPEAKICON?OSDACTION                -----    -----      -----    -----      00A4H    0003H
  +--> ?PR?OSDACTION
  +--> ?PR?_PCT_PRESETFOREGROUNDCOLOR?OSDCTRL
  +--> ?PR?_PCT_CLEARWORDSPATHX?OSDCTRL
  +--> ?PR?_PCT_SHOWGRAPHSTRING?OSD_GRAPH

?PR?_PCT_SHOWINDICATEICON?OSDACTION             -----    -----      0027H    0001H      00A4H    0003H
  +--> ?PR?OSDACTION
  +--> ?PR?_PCT_PRESETFOREGROUNDCOLOR?OSDCTRL
  +--> ?PR?_PCT_CLEARWORDSPATHX?OSDCTRL
  +--> ?PR?_PCT_SHOWGRAPHSTRING?OSD_GRAPH
  +--> ?CO?OSDACTION

?PR?_MONIHSCOMMSJMODE?COMMANDSHELL              -----    -----      -----    -----      -----    -----
  +--> ?PR?COMMANDSHELL
  +--> ?CO?COMMANDSHELL
  +--> ?PR?SCANF?SCANF

?PR?MONIHSCOMMDISSCROLL?COMMANDSHELL            -----    -----      -----    -----      -----    -----
  +--> ?PR?_PCT_ENSHOWOSDPAGE?OSDCTRL

?PR?MONIHSCOMMVERSION?COMMANDSHELL              -----    -----      -----    -----      00A4H    0001H
  +--> ?PR?_RS_TX?UART
  +--> ?CO?COMMANDSHELL

?PR?PCT_CHECKSYSTEM?COMMANDSHELL                -----    -----      -----    -----      -----    -----
  +--> ?PR?_PCT_DETECTVIDEOFORMAT?TW28XX_VIDEO
BL51 BANKED LINKER/LOCATER V6.22.2.0                                                  06/22/2021  15:07:28  PAGE 14


  +--> ?PR?_PCT_ENSHOWOSDPAGE?OSDCTRL
  +--> ?PR?_PCT_CHANGESYSTEMTYPE?TW2835_INIT
  +--> ?PR?_PCT_RECOMPENSEYHDELAY?TW28XX_VIDEO
  +--> ?PR?COMMANDSHELL
  +--> ?PR?_PCT_SETVIDEOHDELAY?TW28XX_VIDEO
  +--> ?PR?_PCT_SETXVIDEOMIXING?TW28XX_VIDEO
  +--> ?PR?_PCT_CLEAROSDPAGEX?OSDCTRL
  +--> ?PR?PCT_SHOWMODEICON?OSDACTION
  +--> ?PR?_PCT_OSD_ACTIONPTHX?OSDACTION
  +--> ?PR?PCT_OSDACTIONFORHS?OSDACTION

?PR?_PCT_CHANGESYSTEMTYPE?TW2835_INIT           -----    -----      -----    -----      009EH    0002H
  +--> ?PR?TW2835_INIT
  +--> ?CO?TW2835_INIT
  +--> ?PR?_PCT_WRITEASICTABLE?BUSCTRL

?PR?PCT_GETVIDEOSIGNALSTATUS?OSDACTION          -----    -----      -----    -----      -----    -----
  +--> ?PR?_PCT_READASICBYTE?BUSCTRL
  +--> ?PR?_PCT_WRITEASICBYTE?BUSCTRL
  +--> ?PR?PCT_SHOWVLOSS?OSDACTION

?PR?PCT_SHOWVLOSS?OSDACTION                     -----    -----      -----    -----      -----    -----
  +--> ?PR?OSDACTION
  +--> ?PR?_PCT_SHOWGRAPHSTRING?OSD_GRAPH
  +--> ?PR?_PCT_CLEARWORDSPATHX?OSDCTRL

*** NEW ROOT ***************************************************

?PR?RS_INTERRUPT?UART                           -----    -----      -----    -----      -----    -----
  +--> ?PR?UART



SYMBOL TABLE OF MODULE:  .\OBJ\TW2835 (?C_STARTUP)

  VALUE           TYPE          NAME
  ----------------------------------

  -------         MODULE        ?C_STARTUP
  C:81D6H         SEGMENT       ?C_C51STARTUP
  I:0036H         SEGMENT       ?STACK
  C:0000H         PUBLIC        ?C_STARTUP
  D:00E0H         SYMBOL        ACC
  D:00F0H         SYMBOL        B
  D:0083H         SYMBOL        DPH
  D:0082H         SYMBOL        DPL
  N:0000H         SYMBOL        IBPSTACK
  N:0100H         SYMBOL        IBPSTACKTOP
  N:0080H         SYMBOL        IDATALEN
  C:81D9H         SYMBOL        IDATALOOP
  N:0000H         SYMBOL        PBPSTACK
  N:0100H         SYMBOL        PBPSTACKTOP
  N:0000H         SYMBOL        PDATALEN
  N:0000H         SYMBOL        PDATASTART
  N:0000H         SYMBOL        PPAGE
  N:0000H         SYMBOL        PPAGEENABLE
  D:00A0H         SYMBOL        PPAGE_SFR
BL51 BANKED LINKER/LOCATER V6.22.2.0                                                  06/22/2021  15:07:28  PAGE 15


  D:0081H         SYMBOL        SP
  C:81D6H         SYMBOL        STARTUP1
  N:0000H         SYMBOL        XBPSTACK
  N:0000H         SYMBOL        XBPSTACKTOP
  N:0000H         SYMBOL        XDATALEN
  N:0000H         SYMBOL        XDATASTART
  C:0000H         LINE#         126
  C:81D6H         LINE#         133
  C:81D8H         LINE#         134
  C:81D9H         LINE#         135
  C:81DAH         LINE#         136
  C:81DCH         LINE#         185
  C:81DFH         LINE#         196
  -------         ENDMOD        ?C_STARTUP

  -------         MODULE        UART
  C:0000H         SYMBOL        _ICE_DUMMY_
  D:0090H         PUBLIC        P1
  D:00B0H         PUBLIC        P3
  C:9154H         PUBLIC        InitialUART
  D:00A8H         PUBLIC        IE
  X:0000H         PUBLIC        RS_RECVBUF
  B:00A8H.4       PUBLIC        ES
  D:00B8H         PUBLIC        IP
  B:0098H.0       PUBLIC        RI
  B:0098H.1       PUBLIC        TI
  B:00B8H.4       PUBLIC        PS
  D:00D8H         PUBLIC        CCON
  D:0099H         PUBLIC        SBUF
  D:00C0H         PUBLIC        WDTC
  D:0098H         PUBLIC        SCON
  D:0088H         PUBLIC        TCON
  C:9164H         PUBLIC        RS_RxReady
  D:008DH         PUBLIC        TH1
  D:00E8H         PUBLIC        IEA
  X:0050H         PUBLIC        RsRxRp
  B:0088H.6       PUBLIC        TR1
  X:0051H         PUBLIC        RsRxWp
  D:00F8H         PUBLIC        IPA
  D:00C8H         PUBLIC        T2CON
  C:908BH         PUBLIC        RS_rx
  C:0003H         PUBLIC        _RS_tx
  C:8F8EH         PUBLIC        RS_interrupt
  D:00D0H         PUBLIC        PSW
  C:91A0H         SYMBOL        Com000E
  C:91A0H         SYMBOL        L?0015
  -------         PROC          COM000E
  -------         ENDPROC       COM000E
  -------         PROC          INITIALUART
  C:9154H         LINE#         66
  C:9154H         LINE#         67
  C:9154H         LINE#         69
  C:9156H         LINE#         70
  C:9158H         LINE#         77
  C:915BH         LINE#         84
  C:915DH         LINE#         86
  C:9161H         LINE#         87
BL51 BANKED LINKER/LOCATER V6.22.2.0                                                  06/22/2021  15:07:28  PAGE 16


  C:9163H         LINE#         88
  -------         ENDPROC       INITIALUART
  -------         PROC          RS_RXREADY
  C:9164H         LINE#         94
  C:9164H         LINE#         95
  C:9164H         LINE#         96
  C:9170H         LINE#         97
  C:9172H         LINE#         98
  -------         ENDPROC       RS_RXREADY
  -------         PROC          RS_RX
  -------         DO            
  D:0007H         SYMBOL        ret
  -------         ENDDO         
  C:908BH         LINE#         104
  C:908BH         LINE#         105
  C:908BH         LINE#         108
  C:908DH         LINE#         112
  C:9095H         LINE#         113
  C:9097H         LINE#         114
  C:909CH         LINE#         115
  C:909EH         LINE#         116
  C:90A0H         LINE#         118
  C:90A0H         LINE#         119
  -------         ENDPROC       RS_RX
  -------         PROC          _RS_TX
  D:0007H         SYMBOL        tx_buf
  C:0003H         LINE#         125
  C:0003H         LINE#         126
  C:0003H         LINE#         127
  C:0003H         LINE#         128
  C:0006H         LINE#         129
  C:0008H         LINE#         130
  C:000AH         LINE#         131
  C:000AH         LINE#         132
  C:000AH         LINE#         133
  C:000AH         LINE#         134
  -------         ENDPROC       _RS_TX
  -------         PROC          RS_INTERRUPT
  C:8F8EH         LINE#         140
  C:8F95H         LINE#         142
  C:8F98H         LINE#         143
  C:8F9AH         LINE#         147
  C:8FA3H         LINE#         148
  C:8FA5H         LINE#         149
  C:8FACH         LINE#         161
  C:8FACH         LINE#         162
  -------         ENDPROC       RS_INTERRUPT
  -------         ENDMOD        UART

  -------         MODULE        BUSCTRL
  C:0000H         SYMBOL        _ICE_DUMMY_
  D:0080H         PUBLIC        P0
  D:0090H         PUBLIC        P1
  D:00B0H         PUBLIC        P3
  B:00A8H.7       PUBLIC        EA
  D:00A8H         PUBLIC        IE
  C:900DH         PUBLIC        _PCT_PageChange
BL51 BANKED LINKER/LOCATER V6.22.2.0                                                  06/22/2021  15:07:28  PAGE 17


  C:85E2H         PUBLIC        _PCT_WriteSTable
  D:00B8H         PUBLIC        IP
  B:0090H.3       PUBLIC        HALE
  B:0090H.2       PUBLIC        HRDB
  D:00D8H         PUBLIC        CCON
  D:00C0H         PUBLIC        WDTC
  B:0090H.1       PUBLIC        HWRB
  D:0098H         PUBLIC        SCON
  D:0088H         PUBLIC        TCON
  C:8BE5H         PUBLIC        _PCT_WriteAsicTable
  C:91F9H         PUBLIC        PTC_SwitchToI2CMode
  D:00E8H         PUBLIC        IEA
  B:00B0H.6       PUBLIC        HCSB0
  B:00B0H.7       PUBLIC        HCSB1
  D:00F8H         PUBLIC        IPA
  C:9028H         PUBLIC        _PCT_ReadAsicByte
  D:00C8H         PUBLIC        T2CON
  C:9109H         PUBLIC        _PCT_WriteAsicByte
  D:00D0H         PUBLIC        PSW
  C:8EA4H         SYMBOL        Com000E
  C:8EA4H         SYMBOL        L?0015
  C:8EA4H         SYMBOL        L?0016
  C:8EAFH         SYMBOL        L?0017
  C:8EB8H         SYMBOL        L?0018
  C:8EBFH         SYMBOL        L?0019
  C:8EC3H         SYMBOL        L?0020
  -------         PROC          COM000E
  -------         ENDPROC       COM000E
  -------         PROC          _PCT_PAGECHANGE
  D:0007H         SYMBOL        _pg
  -------         DO            
  X:00D8H         SYMBOL        _dvc
  D:0006H         SYMBOL        _addr
  -------         ENDDO         
  C:900DH         LINE#         64
  C:900DH         LINE#         65
  C:900DH         LINE#         66
  C:9011H         LINE#         67
  C:9013H         LINE#         69
  C:9015H         LINE#         71
  C:9018H         LINE#         75
  C:901AH         LINE#         76
  C:901CH         LINE#         78
  C:901EH         LINE#         79
  C:9020H         LINE#         80
  C:9022H         LINE#         81
  C:9024H         LINE#         82
  C:9024H         LINE#         83
  C:9024H         LINE#         85
  C:9024H         LINE#         88
  C:9024H         LINE#         89
  C:9027H         LINE#         90
  -------         ENDPROC       _PCT_PAGECHANGE
  -------         PROC          _PCT_WRITEASICBYTE
  D:0007H         SYMBOL        _dvc
  D:0005H         SYMBOL        _pg
  D:0003H         SYMBOL        _addr
BL51 BANKED LINKER/LOCATER V6.22.2.0                                                  06/22/2021  15:07:28  PAGE 18


  X:00D7H         SYMBOL        _wdat
  C:9109H         LINE#         92
  C:9109H         LINE#         93
  C:9109H         LINE#         94
  C:9109H         LINE#         96
  C:910BH         LINE#         100
  C:9110H         LINE#         101
  C:9110H         LINE#         102
  C:9110H         LINE#         105
  C:9110H         LINE#         111
  C:9110H         LINE#         112
  C:9110H         LINE#         113
  C:9113H         LINE#         114
  C:9118H         LINE#         115
  C:9118H         LINE#         116
  C:9118H         LINE#         118
  C:9118H         LINE#         121
  C:9118H         LINE#         122
  C:911BH         LINE#         123
  -------         ENDPROC       _PCT_WRITEASICBYTE
  -------         PROC          _PCT_WRITEASICTABLE
  D:0007H         SYMBOL        _dvc
  D:0005H         SYMBOL        _pg
  D:0004H         SYMBOL        _addr
  X:00A9H         SYMBOL        _tbl_ptr
  X:00ACH         SYMBOL        _tbl_cnt
  C:8BE5H         LINE#         129
  C:8BE7H         LINE#         130
  C:8BE7H         LINE#         131
  C:8BE7H         LINE#         133
  C:8BE9H         LINE#         138
  C:8BEEH         LINE#         139
  C:8BF0H         LINE#         140
  C:8BF2H         LINE#         143
  C:8BF5H         LINE#         153
  C:8BF5H         LINE#         154
  C:8BF8H         LINE#         156
  C:8BF8H         LINE#         159
  C:8BFBH         LINE#         161
  C:8C11H         LINE#         162
  C:8C13H         LINE#         165
  C:8C15H         LINE#         166
  C:8C1CH         LINE#         170
  C:8C1CH         LINE#         175
  C:8C1CH         LINE#         177
  C:8C1FH         LINE#         178
  -------         ENDPROC       _PCT_WRITEASICTABLE
  -------         PROC          _PCT_READASICBYTE
  D:0004H         SYMBOL        _dvc
  D:0005H         SYMBOL        _pg
  D:0003H         SYMBOL        _addr
  -------         DO            
  D:0007H         SYMBOL        _rdat_
  -------         ENDDO         
  C:9028H         LINE#         185
  C:902AH         LINE#         186
  C:902AH         LINE#         189
BL51 BANKED LINKER/LOCATER V6.22.2.0                                                  06/22/2021  15:07:28  PAGE 19


  C:902CH         LINE#         191
  C:9031H         LINE#         192
  C:9031H         LINE#         193
  C:9031H         LINE#         197
  C:9031H         LINE#         199
  C:9031H         LINE#         204
  C:9031H         LINE#         205
  C:9031H         LINE#         206
  C:9034H         LINE#         207
  C:9037H         LINE#         208
  C:9039H         LINE#         209
  C:903BH         LINE#         210
  C:903DH         LINE#         212
  C:9040H         LINE#         215
  C:9042H         LINE#         216
  C:9042H         LINE#         217
  -------         ENDPROC       _PCT_READASICBYTE
  -------         PROC          _PCT_WRITESTABLE
  D:0007H         SYMBOL        _dvc
  X:00ABH         SYMBOL        _tbl_ptr
  C:85E2H         LINE#         224
  C:85ECH         LINE#         225
  C:85ECH         LINE#         229
  C:85ECH         LINE#         230
  C:85FAH         LINE#         231
  C:8617H         LINE#         232
  C:8617H         LINE#         233
  C:862BH         LINE#         234
  C:862BH         LINE#         235
  C:8636H         LINE#         236
  C:8638H         LINE#         237
  -------         ENDPROC       _PCT_WRITESTABLE
  -------         PROC          PTC_SWITCHTOI2CMODE
  C:91F9H         LINE#         243
  C:91F9H         LINE#         244
  C:91F9H         LINE#         254
  -------         ENDPROC       PTC_SWITCHTOI2CMODE
  -------         ENDMOD        BUSCTRL

  -------         MODULE        COMMANDSHELL
  C:0000H         SYMBOL        _ICE_DUMMY_
  D:0090H         PUBLIC        P1
  D:00B0H         PUBLIC        P3
  C:90A1H         PUBLIC        _MoniHSCommSJmode
  C:8D95H         PUBLIC        MoniVideoAutoDetect
  C:6068H         PUBLIC        _PCT_RunCommShell
  C:7448H         PUBLIC        _MoniAudioGain
  D:00A8H         PUBLIC        IE
  C:8D2FH         PUBLIC        _MoniReadOneBuffer
  D:00B8H         PUBLIC        IP
  C:9142H         PUBLIC        _MoniYVideoMix
  X:0052H         PUBLIC        sysdat
  C:90CDH         PUBLIC        _MoniAudioLive
  D:00D8H         PUBLIC        CCON
  C:9173H         PUBLIC        PCT_SendACK
  C:8D62H         PUBLIC        _MoniWriteOneBuffer
  C:9182H         PUBLIC        MoniAudioMute
BL51 BANKED LINKER/LOCATER V6.22.2.0                                                  06/22/2021  15:07:28  PAGE 20


  C:8E27H         PUBLIC        MoniHSCommVersion
  C:7A2DH         PUBLIC        _MoniSetVideoFormat
  C:8910H         PUBLIC        _MoniReadAsicByte
  C:8344H         PUBLIC        _PCT_GetFirstStr
  C:82D9H         PUBLIC        PCT_CheckSystem
  D:00C0H         PUBLIC        WDTC
  D:0098H         PUBLIC        SCON
  D:0088H         PUBLIC        TCON
  C:8879H         PUBLIC        _MoniWriteAsicByte
  C:7585H         PUBLIC        _MoniHSComm
  X:0063H         PUBLIC        msg
  D:00E8H         PUBLIC        IEA
  C:8B6BH         PUBLIC        _PCT_StrToCommCode
  C:8A68H         PUBLIC        _PCT_CheckVMixType
  C:91E9H         PUBLIC        MoniHSCommDisScroll
  D:00F8H         PUBLIC        IPA
  C:84CFH         PUBLIC        _MoniShowSODStr
  C:657CH         PUBLIC        _MoniVideoMixAttr
  C:8AA9H         PUBLIC        PCT_AudioActionForHS
  D:00C8H         PUBLIC        T2CON
  C:8639H         PUBLIC        _MoniVideoMixWin
  C:89E3H         PUBLIC        _MoniReadPageBuffer
  X:00D9H         PUBLIC        Original_selwintype
  C:882AH         PUBLIC        MoniRegisterDump
  D:00D0H         PUBLIC        PSW
  C:6E75H         PUBLIC        _MoniAudioMixing
  C:678CH         SYMBOL        Com00E5
  C:678CH         SYMBOL        L?0230
  C:678DH         SYMBOL        L?0231
  C:67C3H         SYMBOL        L?0232
  C:67CAH         SYMBOL        L?0233
  C:67CBH         SYMBOL        L?0234
  C:6801H         SYMBOL        L?0235
  C:6808H         SYMBOL        L?0236
  C:6808H         SYMBOL        L?0237
  C:680AH         SYMBOL        L?0238
  C:6813H         SYMBOL        L?0239
  C:6814H         SYMBOL        L?0240
  C:6834H         SYMBOL        L?0241
  C:683BH         SYMBOL        L?0242
  C:683BH         SYMBOL        L?0243
  C:6846H         SYMBOL        L?0244
  C:684DH         SYMBOL        L?0245
  C:685DH         SYMBOL        L?0246
  C:6864H         SYMBOL        L?0247
  C:6874H         SYMBOL        L?0248
  C:687BH         SYMBOL        L?0249
  C:688BH         SYMBOL        L?0250
  C:6892H         SYMBOL        L?0251
  C:689DH         SYMBOL        L?0252
  C:68A4H         SYMBOL        L?0253
  C:68AFH         SYMBOL        L?0254
  C:68B6H         SYMBOL        L?0255
  C:68BBH         SYMBOL        L?0256
  C:68C2H         SYMBOL        L?0257
  C:68C7H         SYMBOL        L?0258
  C:68CEH         SYMBOL        L?0260
BL51 BANKED LINKER/LOCATER V6.22.2.0                                                  06/22/2021  15:07:28  PAGE 21


  C:68DAH         SYMBOL        L?0261
  C:68DBH         SYMBOL        L?0262
  C:68E2H         SYMBOL        L?0264
  C:68E2H         SYMBOL        L?0265
  C:68EAH         SYMBOL        L?0266
  C:68F1H         SYMBOL        L?0267
  C:68F8H         SYMBOL        L?0271
  C:68F8H         SYMBOL        L?0272
  C:68FFH         SYMBOL        L?0273
  C:6906H         SYMBOL        L?0277
  C:690DH         SYMBOL        L?0280
  C:6914H         SYMBOL        L?0285
  C:691BH         SYMBOL        L?0287
  C:692AH         SYMBOL        L?0288
  C:6931H         SYMBOL        L?0291
  C:6938H         SYMBOL        L?0294
  C:693FH         SYMBOL        L?0298
  C:693FH         SYMBOL        L?0299
  C:6940H         SYMBOL        L?0300
  C:6948H         SYMBOL        L?0301
  C:6948H         SYMBOL        L?0302
  C:6952H         SYMBOL        L?0304
  C:6959H         SYMBOL        L?0305
  C:695AH         SYMBOL        L?0306
  C:6961H         SYMBOL        L?0307
  C:6961H         SYMBOL        L?0308
  C:6968H         SYMBOL        L?0310
  C:6968H         SYMBOL        L?0311
  C:6971H         SYMBOL        L?0312
  C:697EH         SYMBOL        L?0315
  C:698AH         SYMBOL        L?0317
  C:698AH         SYMBOL        L?0318
  C:6990H         SYMBOL        L?0319
  -------         PROC          COM00E5
  -------         ENDPROC       COM00E5
  -------         PROC          _PCT_GETFIRSTSTR
  X:00AAH         SYMBOL        tagStr
  X:00ADH         SYMBOL        sourceStr
  C:8344H         LINE#         103
  C:8349H         LINE#         104
  C:8349H         LINE#         105
  C:8354H         LINE#         106
  C:8369H         LINE#         107
  C:837FH         LINE#         108
  C:8381H         LINE#         109
  C:8381H         LINE#         110
  C:838DH         LINE#         111
  C:8391H         LINE#         112
  C:8399H         LINE#         113
  C:839CH         LINE#         114
  C:839FH         LINE#         115
  C:83A2H         LINE#         116
  C:83AAH         LINE#         117
  -------         ENDPROC       _PCT_GETFIRSTSTR
  -------         PROC          _PCT_STRTOCOMMCODE
  X:00AAH         SYMBOL        Str
  -------         DO            
BL51 BANKED LINKER/LOCATER V6.22.2.0                                                  06/22/2021  15:07:28  PAGE 22


  D:0031H         SYMBOL        ret
  -------         ENDDO         
  C:8B6BH         LINE#         124
  C:8B70H         LINE#         125
  C:8B70H         LINE#         126
  C:8B75H         LINE#         128
  C:8BA4H         LINE#         129
  C:8BA8H         LINE#         130
  -------         ENDPROC       _PCT_STRTOCOMMCODE
  -------         PROC          PCT_SENDACK
  C:9173H         LINE#         136
  C:9173H         LINE#         137
  C:9173H         LINE#         138
  C:9178H         LINE#         139
  C:917DH         LINE#         140
  -------         ENDPROC       PCT_SENDACK
  -------         PROC          _PCT_CHECKVMIXTYPE
  D:0007H         SYMBOL        _typ
  -------         DO            
  D:002AH         SYMBOL        tmplktp
  -------         ENDDO         
  C:8A68H         LINE#         147
  C:8A68H         LINE#         148
  C:8A68H         LINE#         149
  C:8A6BH         LINE#         151
  C:8A70H         LINE#         152
  C:8A77H         LINE#         153
  C:8A7DH         LINE#         154
  C:8A89H         LINE#         156
  C:8A95H         LINE#         157
  C:8A9AH         LINE#         159
  C:8A9AH         LINE#         160
  C:8A9FH         LINE#         161
  C:8AA4H         LINE#         162
  C:8AA8H         LINE#         163
  -------         ENDPROC       _PCT_CHECKVMIXTYPE
  -------         PROC          _MONIREADPAGEBUFFER
  D:0001H         SYMBOL        szParam
  -------         DO            
  D:0027H         SYMBOL        page
  D:0028H         SYMBOL        start
  D:0029H         SYMBOL        end
  -------         ENDDO         
  C:89E3H         LINE#         173
  C:89E3H         LINE#         174
  C:89E3H         LINE#         177
  C:8A08H         LINE#         179
  C:8A08H         LINE#         180
  C:8A1EH         LINE#         181
  C:8A20H         LINE#         182
  C:8A25H         LINE#         183
  -------         ENDPROC       _MONIREADPAGEBUFFER
  -------         PROC          _MONIREADONEBUFFER
  D:0001H         SYMBOL        szParam
  -------         DO            
  D:0027H         SYMBOL        page
  D:0028H         SYMBOL        addr
BL51 BANKED LINKER/LOCATER V6.22.2.0                                                  06/22/2021  15:07:28  PAGE 23


  -------         ENDDO         
  C:8D2FH         LINE#         189
  C:8D2FH         LINE#         190
  C:8D2FH         LINE#         193
  C:8D4CH         LINE#         195
  -------         ENDPROC       _MONIREADONEBUFFER
  -------         PROC          _MONIWRITEONEBUFFER
  D:0001H         SYMBOL        szParam
  -------         DO            
  D:0027H         SYMBOL        page
  D:0028H         SYMBOL        addr
  D:0029H         SYMBOL        dat
  -------         ENDDO         
  C:8D62H         LINE#         202
  C:8D62H         LINE#         203
  C:8D62H         LINE#         206
  C:8D87H         LINE#         207
  -------         ENDPROC       _MONIWRITEONEBUFFER
  -------         PROC          _MONIWRITEASICBYTE
  D:0001H         SYMBOL        szParam
  -------         DO            
  D:0027H         SYMBOL        _dev
  D:0028H         SYMBOL        _pg
  D:0029H         SYMBOL        _addr
  D:002AH         SYMBOL        _wdat
  -------         ENDDO         
  C:8879H         LINE#         214
  C:8879H         LINE#         215
  C:8879H         LINE#         216
  C:887CH         LINE#         217
  C:887EH         LINE#         218
  C:8880H         LINE#         219
  C:8882H         LINE#         221
  C:88B7H         LINE#         222
  -------         ENDPROC       _MONIWRITEASICBYTE
  -------         PROC          _MONIREADASICBYTE
  D:0001H         SYMBOL        szParam
  -------         DO            
  D:0027H         SYMBOL        _dev
  D:0028H         SYMBOL        _pg
  D:0029H         SYMBOL        _addr
  D:002AH         SYMBOL        _rdat
  -------         ENDDO         
  C:8910H         LINE#         229
  C:8910H         LINE#         230
  C:8910H         LINE#         231
  C:8913H         LINE#         232
  C:8915H         LINE#         233
  C:8917H         LINE#         234
  C:8919H         LINE#         236
  C:893EH         LINE#         237
  C:8949H         LINE#         238
  -------         ENDPROC       _MONIREADASICBYTE
  C:6FB0H         SYMBOL        L?0268
  C:6FC6H         SYMBOL        L?0281
  C:6FDCH         SYMBOL        L?0284
  -------         PROC          _MONIAUDIOMIXING
BL51 BANKED LINKER/LOCATER V6.22.2.0                                                  06/22/2021  15:07:28  PAGE 24


  X:00A4H         SYMBOL        szParam
  -------         DO            
  D:0027H         SYMBOL        selch0
  D:0028H         SYMBOL        selch1
  D:0029H         SYMBOL        selch2
  D:002AH         SYMBOL        selch3
  D:002BH         SYMBOL        selch4
  D:002CH         SYMBOL        valch0
  D:002DH         SYMBOL        valch1
  D:002EH         SYMBOL        valch2
  D:002FH         SYMBOL        valch3
  D:0030H         SYMBOL        valch4
  X:00A7H         SYMBOL        getStr
  C:6063H         SYMBOL        chaddr
  -------         ENDDO         
  C:6E75H         LINE#         246
  C:6E77H         LINE#         247
  C:6E77H         LINE#         258
  C:6E8AH         LINE#         260
  C:6E92H         LINE#         266
  C:6EBBH         LINE#         267
  C:6EBBH         LINE#         268
  C:6ED0H         LINE#         269
  C:6ED9H         LINE#         270
  C:6EDFH         LINE#         271
  C:6EE2H         LINE#         273
  C:6EE2H         LINE#         274
  C:6F04H         LINE#         276
  C:6F04H         LINE#         277
  C:6F07H         LINE#         278
  C:6F0AH         LINE#         279
  C:6F0DH         LINE#         281
  C:6F0DH         LINE#         282
  C:6F24H         LINE#         284
  C:6F24H         LINE#         285
  C:6F27H         LINE#         286
  C:6F2BH         LINE#         287
  C:6F2EH         LINE#         288
  C:6F31H         LINE#         290
  C:6F31H         LINE#         291
  C:6F4BH         LINE#         293
  C:6F4BH         LINE#         294
  C:6F4BH         LINE#         295
  C:6F4BH         LINE#         296
  C:6F4EH         LINE#         298
  C:6F56H         LINE#         299
  C:6F59H         LINE#         301
  C:6F59H         LINE#         302
  C:6F84H         LINE#         304
  C:6F84H         LINE#         305
  C:6F84H         LINE#         306
  C:6F84H         LINE#         307
  C:6F8CH         LINE#         308
  C:6F95H         LINE#         310
  C:6FAFH         LINE#         311
  C:6FAFH         LINE#         313
  C:6FAFH         LINE#         314
BL51 BANKED LINKER/LOCATER V6.22.2.0                                                  06/22/2021  15:07:28  PAGE 25


  C:6FAFH         LINE#         315
  C:6FAFH         LINE#         316
  -------         ENDPROC       _MONIAUDIOMIXING
  -------         PROC          MONIAUDIOMUTE
  C:9182H         LINE#         323
  C:9182H         LINE#         324
  C:9182H         LINE#         325
  C:918AH         LINE#         330
  -------         ENDPROC       MONIAUDIOMUTE
  C:7550H         SYMBOL        L?0276
  C:756AH         SYMBOL        L?0303
  C:757BH         SYMBOL        L?0320
  -------         PROC          _MONIAUDIOGAIN
  X:00A4H         SYMBOL        szParam
  -------         DO            
  D:0027H         SYMBOL        selch0
  D:0028H         SYMBOL        selch1
  D:0029H         SYMBOL        selch2
  D:002AH         SYMBOL        selch3
  D:002BH         SYMBOL        selch4
  D:002CH         SYMBOL        ch0val
  D:002DH         SYMBOL        ch1val
  D:002EH         SYMBOL        ch2val
  D:002FH         SYMBOL        ch3val
  D:0030H         SYMBOL        ch4val
  X:00A7H         SYMBOL        getStr
  -------         ENDDO         
  C:7448H         LINE#         338
  C:744AH         LINE#         339
  C:744AH         LINE#         344
  C:745DH         LINE#         346
  C:7483H         LINE#         347
  C:7483H         LINE#         348
  C:7498H         LINE#         349
  C:749CH         LINE#         350
  C:749FH         LINE#         352
  C:749FH         LINE#         353
  C:74C1H         LINE#         355
  C:74C1H         LINE#         356
  C:74C4H         LINE#         357
  C:74C7H         LINE#         359
  C:74C7H         LINE#         360
  C:74DEH         LINE#         362
  C:74DEH         LINE#         363
  C:74DEH         LINE#         364
  C:74E1H         LINE#         365
  C:74E4H         LINE#         367
  C:74E4H         LINE#         368
  C:74FEH         LINE#         370
  C:74FEH         LINE#         371
  C:74FEH         LINE#         372
  C:7501H         LINE#         373
  C:7504H         LINE#         374
  C:7507H         LINE#         376
  C:7507H         LINE#         377
  C:7532H         LINE#         379
  C:7532H         LINE#         380
BL51 BANKED LINKER/LOCATER V6.22.2.0                                                  06/22/2021  15:07:28  PAGE 26


  C:753AH         LINE#         381
  C:753EH         LINE#         382
  C:7546H         LINE#         383
  C:754FH         LINE#         384
  C:754FH         LINE#         386
  C:754FH         LINE#         387
  C:754FH         LINE#         388
  C:754FH         LINE#         389
  -------         ENDPROC       _MONIAUDIOGAIN
  -------         PROC          _MONIAUDIOLIVE
  D:0001H         SYMBOL        szParam
  -------         DO            
  D:0027H         SYMBOL        chan
  -------         ENDDO         
  C:90CDH         LINE#         396
  C:90CDH         LINE#         397
  C:90CDH         LINE#         400
  C:90DAH         LINE#         402
  -------         ENDPROC       _MONIAUDIOLIVE
  -------         PROC          MONIREGISTERDUMP
  -------         DO            
  D:0027H         SYMBOL        addr
  D:0028H         SYMBOL        page
  -------         ENDDO         
  C:882AH         LINE#         409
  C:882AH         LINE#         410
  C:882AH         LINE#         414
  C:8838H         LINE#         415
  C:8846H         LINE#         416
  C:8849H         LINE#         417
  C:8849H         LINE#         418
  C:885FH         LINE#         419
  C:8861H         LINE#         420
  C:8870H         LINE#         421
  C:8874H         LINE#         422
  C:8878H         LINE#         423
  -------         ENDPROC       MONIREGISTERDUMP
  -------         PROC          _MONIVIDEOMIXWIN
  D:0001H         SYMBOL        szParam
  -------         DO            
  D:0027H         SYMBOL        chose
  D:0028H         SYMBOL        wintp
  -------         ENDDO         
  C:8639H         LINE#         429
  C:8639H         LINE#         430
  C:8639H         LINE#         433
  C:867BH         LINE#         435
  C:8688H         LINE#         436
  -------         ENDPROC       _MONIVIDEOMIXWIN
  C:674AH         SYMBOL        L?0275
  C:6751H         SYMBOL        L?0279
  C:6758H         SYMBOL        L?0283
  C:675FH         SYMBOL        L?0289
  C:6766H         SYMBOL        L?0290
  C:6777H         SYMBOL        L?0293
  C:677EH         SYMBOL        L?0296
  C:6785H         SYMBOL        L?0313
BL51 BANKED LINKER/LOCATER V6.22.2.0                                                  06/22/2021  15:07:28  PAGE 27


  -------         PROC          _MONIVIDEOMIXATTR
  X:00A4H         SYMBOL        szParam
  -------         DO            
  D:0027H         SYMBOL        chose
  D:0029H         SYMBOL        attrsel
  D:002AH         SYMBOL        setval
  D:002BH         SYMBOL        winNm
  D:002FH         SYMBOL        wincnt
  D:0030H         SYMBOL        division
  X:00A7H         SYMBOL        getStr
  -------         ENDDO         
  C:657CH         LINE#         443
  C:6581H         LINE#         444
  C:6581H         LINE#         447
  C:6584H         LINE#         451
  C:658AH         LINE#         452
  C:6594H         LINE#         454
  C:659AH         LINE#         455
  C:65A6H         LINE#         457
  C:65B4H         LINE#         458
  C:65B7H         LINE#         459
  C:65B7H         LINE#         460
  C:65C8H         LINE#         461
  C:65CBH         LINE#         462
  C:65CBH         LINE#         463
  C:65DCH         LINE#         464
  C:65DFH         LINE#         465
  C:65DFH         LINE#         466
  C:65EFH         LINE#         467
  C:65F2H         LINE#         468
  C:65F2H         LINE#         469
  C:6602H         LINE#         470
  C:6605H         LINE#         471
  C:6605H         LINE#         472
  C:6615H         LINE#         473
  C:6618H         LINE#         474
  C:6618H         LINE#         475
  C:6628H         LINE#         476
  C:662BH         LINE#         477
  C:662BH         LINE#         478
  C:663BH         LINE#         479
  C:663EH         LINE#         480
  C:6641H         LINE#         481
  C:6652H         LINE#         482
  C:6655H         LINE#         483
  C:6655H         LINE#         484
  C:6666H         LINE#         485
  C:6669H         LINE#         486
  C:6669H         LINE#         487
  C:6679H         LINE#         488
  C:667CH         LINE#         489
  C:667CH         LINE#         490
  C:668CH         LINE#         491
  C:668FH         LINE#         492
  C:668FH         LINE#         493
  C:669FH         LINE#         494
  C:66A2H         LINE#         495
BL51 BANKED LINKER/LOCATER V6.22.2.0                                                  06/22/2021  15:07:28  PAGE 28


  C:66A2H         LINE#         496
  C:66B2H         LINE#         497
  C:66B5H         LINE#         498
  C:66B5H         LINE#         499
  C:66C8H         LINE#         500
  C:66CBH         LINE#         501
  C:66CEH         LINE#         502
  C:66E3H         LINE#         503
  C:66E6H         LINE#         504
  C:66E8H         LINE#         505
  C:66E8H         LINE#         507
  C:66E8H         LINE#         509
  C:66FEH         LINE#         510
  C:671BH         LINE#         511
  C:671BH         LINE#         512
  C:672CH         LINE#         513
  C:672EH         LINE#         514
  C:672EH         LINE#         515
  C:6730H         LINE#         516
  C:6734H         LINE#         517
  C:673EH         LINE#         518
  C:6745H         LINE#         519
  C:6745H         LINE#         520
  C:6749H         LINE#         521
  -------         ENDPROC       _MONIVIDEOMIXATTR
  -------         PROC          _MONIYVIDEOMIX
  D:0001H         SYMBOL        szParam
  -------         DO            
  D:0027H         SYMBOL        chan
  -------         ENDDO         
  C:9142H         LINE#         528
  C:9142H         LINE#         529
  C:9142H         LINE#         532
  C:914FH         LINE#         533
  -------         ENDPROC       _MONIYVIDEOMIX
  -------         PROC          MONIVIDEOAUTODETECT
  C:8D95H         LINE#         540
  C:8D95H         LINE#         541
  C:8D95H         LINE#         542
  -------         ENDPROC       MONIVIDEOAUTODETECT
  C:7B1AH         SYMBOL        L?0270
  C:7B38H         SYMBOL        L?0316
  -------         PROC          _MONISETVIDEOFORMAT
  X:00A4H         SYMBOL        szParam
  -------         DO            
  D:0027H         SYMBOL        selch0
  D:0028H         SYMBOL        selch1
  D:0029H         SYMBOL        selch2
  D:002AH         SYMBOL        selch3
  D:002BH         SYMBOL        valch0
  D:002CH         SYMBOL        valch1
  D:002DH         SYMBOL        valch2
  D:002EH         SYMBOL        valch3
  X:00A7H         SYMBOL        getStr
  -------         ENDDO         
  C:7A2DH         LINE#         554
  C:7A2FH         LINE#         555
BL51 BANKED LINKER/LOCATER V6.22.2.0                                                  06/22/2021  15:07:28  PAGE 29


  C:7A2FH         LINE#         560
  C:7A42H         LINE#         562
  C:7A62H         LINE#         563
  C:7A62H         LINE#         564
  C:7A79H         LINE#         565
  C:7A7CH         LINE#         566
  C:7A7FH         LINE#         568
  C:7A7FH         LINE#         569
  C:7A96H         LINE#         571
  C:7A9EH         LINE#         572
  C:7AA6H         LINE#         573
  C:7AA9H         LINE#         575
  C:7AA9H         LINE#         576
  C:7AC3H         LINE#         578
  C:7AC3H         LINE#         579
  C:7AC6H         LINE#         580
  C:7ACEH         LINE#         581
  C:7AD1H         LINE#         583
  C:7AD1H         LINE#         584
  C:7AFCH         LINE#         586
  C:7AFCH         LINE#         587
  C:7AFFH         LINE#         588
  C:7B0CH         LINE#         589
  C:7B19H         LINE#         590
  C:7B19H         LINE#         592
  C:7B19H         LINE#         593
  C:7B19H         LINE#         594
  C:7B19H         LINE#         595
  -------         ENDPROC       _MONISETVIDEOFORMAT
  C:8519H         SYMBOL        L?0297
  -------         PROC          _MONISHOWSODSTR
  X:00A4H         SYMBOL        szParam
  -------         DO            
  D:0027H         SYMBOL        addrx
  D:0028H         SYMBOL        addry
  X:00A7H         SYMBOL        getStr
  -------         ENDDO         
  C:84CFH         LINE#         601
  C:84D1H         LINE#         602
  C:84D1H         LINE#         606
  C:84D4H         LINE#         607
  C:84DFH         LINE#         608
  C:84E2H         LINE#         609
  C:84EDH         LINE#         611
  C:84F2H         LINE#         612
  C:84F7H         LINE#         613
  C:84FCH         LINE#         614
  C:8514H         LINE#         615
  C:8519H         LINE#         616
  -------         ENDPROC       _MONISHOWSODSTR
  -------         PROC          PCT_AUDIOACTIONFORHS
  -------         DO            
  D:0027H         SYMBOL        winid
  D:0028H         SYMBOL        muteFlage
  -------         ENDDO         
  C:8AA9H         LINE#         622
  C:8AA9H         LINE#         623
BL51 BANKED LINKER/LOCATER V6.22.2.0                                                  06/22/2021  15:07:28  PAGE 30


  C:8AA9H         LINE#         625
  C:8AACH         LINE#         628
  C:8ABAH         LINE#         629
  C:8AC3H         LINE#         630
  C:8ACFH         LINE#         631
  C:8AD2H         LINE#         632
  C:8AD2H         LINE#         633
  C:8AD6H         LINE#         635
  C:8ADAH         LINE#         637
  C:8AE2H         LINE#         642
  C:8AE9H         LINE#         643
  C:8AE9H         LINE#         645
  -------         ENDPROC       PCT_AUDIOACTIONFORHS
  -------         PROC          _MONIHSCOMM
  D:0001H         SYMBOL        szParam
  -------         DO            
  D:0027H         SYMBOL        winid
  D:0028H         SYMBOL        chose
  D:0029H         SYMBOL        wintp
  -------         ENDDO         
  C:7585H         LINE#         652
  C:7585H         LINE#         656
  C:75EFH         LINE#         659
  C:7609H         LINE#         663
  C:7611H         LINE#         664
  C:7619H         LINE#         665
  C:7622H         LINE#         666
  C:762BH         LINE#         668
  C:7635H         LINE#         669
  C:763FH         LINE#         670
  C:7649H         LINE#         671
  C:7653H         LINE#         676
  C:765CH         LINE#         677
  C:7664H         LINE#         679
  C:766EH         LINE#         681
  C:767CH         LINE#         682
  C:768DH         LINE#         686
  C:7692H         LINE#         687
  C:7697H         LINE#         688
  C:769CH         LINE#         689
  C:76A3H         LINE#         690
  C:76A8H         LINE#         691
  C:76ADH         LINE#         692
  C:76B0H         LINE#         693
  C:76B9H         LINE#         694
  C:76C0H         LINE#         696
  -------         ENDPROC       _MONIHSCOMM
  -------         PROC          PCT_CHECKSYSTEM
  -------         DO            
  D:0007H         SYMBOL        TempSystem
  -------         ENDDO         
  C:82D9H         LINE#         702
  C:82D9H         LINE#         703
  C:82D9H         LINE#         706
  C:82DEH         LINE#         708
  C:82EAH         LINE#         709
  C:82ECH         LINE#         710
BL51 BANKED LINKER/LOCATER V6.22.2.0                                                  06/22/2021  15:07:28  PAGE 31


  C:82F2H         LINE#         711
  C:82F4H         LINE#         713
  C:82F8H         LINE#         716
  C:8307H         LINE#         718
  C:830CH         LINE#         720
  C:8313H         LINE#         721
  C:831CH         LINE#         722
  C:8324H         LINE#         724
  C:832EH         LINE#         727
  C:8333H         LINE#         728
  C:8336H         LINE#         729
  C:833FH         LINE#         730
  C:8342H         LINE#         732
  C:8343H         LINE#         733
  -------         ENDPROC       PCT_CHECKSYSTEM
  -------         PROC          _MONIHSCOMMSJMODE
  D:0001H         SYMBOL        szParam
  C:90A1H         LINE#         739
  C:90A1H         LINE#         740
  C:90A1H         LINE#         741
  -------         ENDPROC       _MONIHSCOMMSJMODE
  -------         PROC          MONIHSCOMMDISSCROLL
  C:91E9H         LINE#         748
  C:91E9H         LINE#         749
  C:91E9H         LINE#         750
  -------         ENDPROC       MONIHSCOMMDISSCROLL
  C:8E47H         SYMBOL        L?0314
  -------         PROC          MONIHSCOMMVERSION
  -------         DO            
  X:00A4H         SYMBOL        version
  -------         ENDDO         
  C:8E27H         LINE#         758
  C:8E27H         LINE#         759
  C:8E27H         LINE#         760
  C:8E2BH         LINE#         763
  C:8E30H         LINE#         770
  C:8E33H         LINE#         771
  C:8E37H         LINE#         772
  C:8E42H         LINE#         773
  C:8E47H         LINE#         775
  -------         ENDPROC       MONIHSCOMMVERSION
  C:62B1H         SYMBOL        L?0259
  C:62B8H         SYMBOL        L?0263
  C:62BFH         SYMBOL        L?0269
  C:62C6H         SYMBOL        L?0274
  C:62CDH         SYMBOL        L?0278
  C:62D4H         SYMBOL        L?0282
  C:62DBH         SYMBOL        L?0286
  C:62E2H         SYMBOL        L?0292
  C:62E9H         SYMBOL        L?0295
  C:62F0H         SYMBOL        L?0309
  C:62F7H         SYMBOL        L?0321
  -------         PROC          _PCT_RUNCOMMSHELL
  X:009EH         SYMBOL        strptr
  -------         DO            
  D:0025H         SYMBOL        commcode
  X:00A1H         SYMBOL        getStr
BL51 BANKED LINKER/LOCATER V6.22.2.0                                                  06/22/2021  15:07:28  PAGE 32


  -------         ENDDO         
  C:6068H         LINE#         789
  C:606AH         LINE#         790
  C:606AH         LINE#         796
  C:607DH         LINE#         799
  C:6089H         LINE#         801
  C:6097H         LINE#         803
  C:609DH         LINE#         804
  C:60AEH         LINE#         806
  C:60B4H         LINE#         807
  C:60C5H         LINE#         809
  C:60CBH         LINE#         810
  C:60DCH         LINE#         813
  C:60E2H         LINE#         814
  C:60F3H         LINE#         817
  C:60F9H         LINE#         818
  C:610AH         LINE#         821
  C:6110H         LINE#         822
  C:6121H         LINE#         825
  C:6124H         LINE#         826
  C:6135H         LINE#         829
  C:6138H         LINE#         830
  C:6149H         LINE#         833
  C:614FH         LINE#         834
  C:6160H         LINE#         837
  C:6166H         LINE#         838
  C:6177H         LINE#         841
  C:617AH         LINE#         842
  C:618BH         LINE#         845
  C:6190H         LINE#         846
  C:6196H         LINE#         847
  C:6199H         LINE#         848
  C:61AAH         LINE#         851
  C:61B0H         LINE#         852
  C:61C1H         LINE#         855
  C:61C7H         LINE#         856
  C:61D8H         LINE#         858
  C:61DBH         LINE#         860
  C:61E1H         LINE#         861
  C:61F2H         LINE#         864
  C:61F5H         LINE#         865
  C:6206H         LINE#         868
  C:6209H         LINE#         869
  C:621AH         LINE#         872
  C:6220H         LINE#         873
  C:6231H         LINE#         876
  C:6237H         LINE#         878
  C:6248H         LINE#         879
  C:624BH         LINE#         881
  C:6251H         LINE#         883
  C:6254H         LINE#         884
  C:6257H         LINE#         885
  C:625CH         LINE#         889
  C:6261H         LINE#         890
  C:6266H         LINE#         893
  C:6276H         LINE#         894
  C:6279H         LINE#         896
[...]
  C:544AH         LINE#         194
  C:544DH         LINE#         196
  C:544DH         LINE#         197
  C:544DH         LINE#         199
  C:544DH         LINE#         200
  C:5457H         LINE#         201
  C:545FH         LINE#         202
  C:5465H         LINE#         204
  C:5465H         LINE#         205
  C:5465H         LINE#         206
  C:5470H         LINE#         207
  C:5476H         LINE#         208
  C:5479H         LINE#         210
BL51 BANKED LINKER/LOCATER V6.22.2.0                                                  06/22/2021  15:07:28  PAGE 71


  C:5479H         LINE#         211
  C:5479H         LINE#         213
  C:5479H         LINE#         214
  C:5482H         LINE#         215
  C:548AH         LINE#         216
  C:5490H         LINE#         218
  C:5490H         LINE#         219
  C:549CH         LINE#         220
  C:54A4H         LINE#         221
  C:54AAH         LINE#         223
  C:54B3H         LINE#         224
  C:54B6H         LINE#         225
  C:54C1H         LINE#         226
  C:54C7H         LINE#         227
  C:54CAH         LINE#         229
  C:54CAH         LINE#         230
  C:54CAH         LINE#         231
  C:54CAH         LINE#         233
  C:54CAH         LINE#         234
  C:54CAH         LINE#         237
  C:54CAH         LINE#         238
  C:54D4H         LINE#         239
  C:54DCH         LINE#         240
  C:54E2H         LINE#         242
  C:54E2H         LINE#         243
  C:54E2H         LINE#         244
  C:54EAH         LINE#         245
  C:54F0H         LINE#         247
  C:54F5H         LINE#         248
  C:54FEH         LINE#         249
  C:5509H         LINE#         250
  C:550FH         LINE#         251
  C:5512H         LINE#         253
  C:5512H         LINE#         254
  C:5512H         LINE#         257
  C:5512H         LINE#         258
  C:551CH         LINE#         259
  C:5524H         LINE#         260
  C:552AH         LINE#         262
  C:552AH         LINE#         263
  C:552AH         LINE#         264
  C:5532H         LINE#         265
  C:5538H         LINE#         267
  C:5538H         LINE#         268
  C:5544H         LINE#         269
  C:554CH         LINE#         270
  C:5552H         LINE#         271
  C:5555H         LINE#         273
  C:5555H         LINE#         274
  C:5555H         LINE#         277
  C:5555H         LINE#         278
  C:555FH         LINE#         279
  C:5567H         LINE#         280
  C:556DH         LINE#         282
  C:556DH         LINE#         283
  C:556DH         LINE#         284
  C:5575H         LINE#         285
BL51 BANKED LINKER/LOCATER V6.22.2.0                                                  06/22/2021  15:07:28  PAGE 72


  C:557BH         LINE#         287
  C:557BH         LINE#         288
  C:5587H         LINE#         289
  C:558FH         LINE#         290
  C:559BH         LINE#         292
  C:55A0H         LINE#         293
  C:55A9H         LINE#         294
  C:55B4H         LINE#         295
  C:55C0H         LINE#         296
  C:55C0H         LINE#         298
  C:55C0H         LINE#         299
  C:55C0H         LINE#         300
  C:55C0H         LINE#         301
  -------         ENDPROC       _PCT_SETVIDEOHDELAY
  C:6CCFH         SYMBOL        L?0156
  C:6CDCH         SYMBOL        L?0169
  -------         PROC          _PCT_SETXVIDEOMIXING
  X:00A4H         SYMBOL        _typ
  X:00A5H         SYMBOL        _winch
  -------         DO            
  X:00A8H         SYMBOL        wregptr
  -------         ENDDO         
  C:6B4FH         LINE#         304
  C:6B58H         LINE#         305
  C:6B58H         LINE#         308
  C:6B68H         LINE#         309
  C:6B78H         LINE#         310
  C:6B8CH         LINE#         311
  C:6BA0H         LINE#         313
  C:6BD6H         LINE#         314
  C:6BD6H         LINE#         315
  C:6BD6H         LINE#         319
  C:6BE5H         LINE#         320
  C:6BEFH         LINE#         321
  C:6BEFH         LINE#         322
  C:6BF2H         LINE#         324
  C:6BF2H         LINE#         325
  C:6BF2H         LINE#         326
  C:6BF2H         LINE#         327
  C:6BF2H         LINE#         328
  C:6C01H         LINE#         329
  C:6C03H         LINE#         331
  C:6C14H         LINE#         332
  C:6C1FH         LINE#         333
  C:6C1FH         LINE#         334
  C:6C22H         LINE#         336
  C:6C22H         LINE#         337
  C:6C22H         LINE#         338
  C:6C22H         LINE#         339
  C:6C22H         LINE#         340
  C:6C22H         LINE#         341
  C:6C22H         LINE#         342
  C:6C22H         LINE#         343
  C:6C22H         LINE#         344
  C:6C31H         LINE#         345
  C:6C33H         LINE#         347
  C:6C44H         LINE#         348
BL51 BANKED LINKER/LOCATER V6.22.2.0                                                  06/22/2021  15:07:28  PAGE 73


  C:6C58H         LINE#         349
  C:6C69H         LINE#         350
  C:6C6EH         LINE#         351
  C:6C71H         LINE#         353
  C:6C71H         LINE#         354
  C:6C71H         LINE#         355
  C:6C80H         LINE#         356
  C:6C90H         LINE#         357
  C:6CA1H         LINE#         358
  C:6CB2H         LINE#         359
  C:6CC0H         LINE#         360
  C:6CCEH         LINE#         361
  C:6CCEH         LINE#         363
  C:6CCEH         LINE#         364
  C:6CCEH         LINE#         365
  C:6CCEH         LINE#         366
  -------         ENDPROC       _PCT_SETXVIDEOMIXING
  -------         PROC          _PCT_SETYVIDEOMIXING
  D:0007H         SYMBOL        _typ
  C:90E1H         LINE#         372
  C:90E1H         LINE#         373
  C:90E1H         LINE#         374
  -------         ENDPROC       _PCT_SETYVIDEOMIXING
  C:78DDH         SYMBOL        L?0144
  C:78E8H         SYMBOL        L?0153
  C:78F3H         SYMBOL        L?0160
  C:78FEH         SYMBOL        L?0170
  C:7905H         SYMBOL        L?0172
  -------         PROC          _PCT_RECOMPENSEYHDELAY
  X:00A4H         SYMBOL        _chmiro
  C:77F0H         LINE#         378
  C:77F6H         LINE#         379
  C:77F6H         LINE#         380
  C:7820H         LINE#         381
  C:7820H         LINE#         383
  C:782EH         LINE#         384
  C:7837H         LINE#         385
  C:7848H         LINE#         386
  C:7851H         LINE#         387
  C:785FH         LINE#         388
  C:786BH         LINE#         389
  C:787CH         LINE#         390
  C:787CH         LINE#         391
  C:787FH         LINE#         393
  C:787FH         LINE#         394
  C:788DH         LINE#         395
  C:7893H         LINE#         396
  C:7896H         LINE#         398
  C:7896H         LINE#         399
  C:78A4H         LINE#         400
  C:78AAH         LINE#         401
  C:78ACH         LINE#         403
  C:78ACH         LINE#         404
  C:78BAH         LINE#         405
  C:78C0H         LINE#         406
  C:78C2H         LINE#         408
  C:78C2H         LINE#         409
BL51 BANKED LINKER/LOCATER V6.22.2.0                                                  06/22/2021  15:07:28  PAGE 74


  C:78D0H         LINE#         410
  C:78DCH         LINE#         411
  C:78DCH         LINE#         412
  C:78DCH         LINE#         413
  -------         ENDPROC       _PCT_RECOMPENSEYHDELAY
  -------         PROC          _PCT_WINATTRCTRL
  X:00AAH         SYMBOL        _wid
  X:00ABH         SYMBOL        _attrsel
  X:00ACH         SYMBOL        _setval
  -------         DO            
  D:0004H         SYMBOL        dat
  -------         ENDDO         
  C:8DC8H         LINE#         464
  C:8DD3H         LINE#         465
  C:8DD3H         LINE#         471
  C:8DDDH         LINE#         472
  C:8DEEH         LINE#         473
  -------         ENDPROC       _PCT_WINATTRCTRL
  -------         PROC          _PCT_WINATTRCTRLY
  X:00A4H         SYMBOL        _wid
  X:00A5H         SYMBOL        _attrsel
  X:00A6H         SYMBOL        _setval
  -------         DO            
  D:0004H         SYMBOL        dat
  -------         ENDDO         
  C:8C58H         LINE#         482
  C:8C63H         LINE#         483
  C:8C63H         LINE#         488
  C:8C70H         LINE#         489
  C:8C81H         LINE#         490
  -------         ENDPROC       _PCT_WINATTRCTRLY
  -------         PROC          _PCT_WINATTRCLEAR
  X:00A4H         SYMBOL        _attrsel
  -------         DO            
  X:00A5H         SYMBOL        _wid
  X:00A6H         SYMBOL        dat
  -------         ENDDO         
  C:8BA9H         LINE#         499
  C:8BADH         LINE#         500
  C:8BADH         LINE#         507
  C:8BBDH         LINE#         508
  C:8BCAH         LINE#         509
  C:8BD3H         LINE#         510
  C:8BDDH         LINE#         511
  C:8BE4H         LINE#         512
  -------         ENDPROC       _PCT_WINATTRCLEAR
  -------         ENDMOD        TW28XX_VIDEO

  -------         MODULE        TW2835_INIT
  C:0000H         SYMBOL        _ICE_DUMMY_
  D:0090H         PUBLIC        P1
  D:00B0H         PUBLIC        P3
  D:00A8H         PUBLIC        IE
  C:3911H         PUBLIC        TW2835_Page0
  C:3B11H         PUBLIC        TW2835_Page1
  C:3D11H         PUBLIC        TW2835_Page2
  C:8A26H         PUBLIC        PCT_InitialTW2835
BL51 BANKED LINKER/LOCATER V6.22.2.0                                                  06/22/2021  15:07:28  PAGE 75


  D:00B8H         PUBLIC        IP
  C:3D91H         PUBLIC        tbl_ntsc_pg1_pic_fl
  C:3DA1H         PUBLIC        tbl_ntsc_pg1_pic_qd
  C:911CH         PUBLIC        PCT_TW2835ResetN
  C:3DE1H         PUBLIC        tbl_pal_pg1_pic_qd
  D:00D8H         PUBLIC        CCON
  D:00C0H         PUBLIC        WDTC
  D:0098H         PUBLIC        SCON
  C:3DC1H         PUBLIC        tbl_ntsc_pg1_pic_9_rb
  D:0088H         PUBLIC        TCON
  C:3E01H         PUBLIC        tbl_pal_pg1_pic_9_rb
  C:3DB1H         PUBLIC        tbl_ntsc_pg1_pic_9_lt
  C:83ACH         PUBLIC        _PCT_ChangeSystemType
  C:3DF1H         PUBLIC        tbl_pal_pg1_pic_9_lt
  D:00E8H         PUBLIC        IEA
  D:00F8H         PUBLIC        IPA
  C:3DD1H         PUBLIC        tbl_ntsc_pg1_enc
  C:3E11H         PUBLIC        tbl_pal_pg1_enc
  D:00C8H         PUBLIC        T2CON
  B:00B0H.4       PUBLIC        RSTn
  C:6CE4H         PUBLIC        PCT_TW2835_Initial
  D:00D0H         PUBLIC        PSW
  C:905CH         SYMBOL        Com000F
  C:905CH         SYMBOL        L?0016
  C:9065H         SYMBOL        L?0017
  -------         PROC          COM000F
  -------         ENDPROC       COM000F
  -------         PROC          PCT_INITIALTW2835
  C:8A26H         LINE#         72
  C:8A26H         LINE#         73
  C:8A26H         LINE#         74
  C:8A29H         LINE#         75
  C:8A2DH         LINE#         78
  C:8A32H         LINE#         79
  C:8A3AH         LINE#         80
  C:8A49H         LINE#         81
  C:8A52H         LINE#         82
  C:8A54H         LINE#         83
  C:8A54H         LINE#         84
  C:8A5BH         LINE#         85
  C:8A5DH         LINE#         86
  C:8A62H         LINE#         88
  C:8A65H         LINE#         89
  -------         ENDPROC       PCT_INITIALTW2835
  -------         PROC          PCT_TW2835RESETN
  -------         DO            
  D:0006H         SYMBOL        _delay
  -------         ENDDO         
  C:911CH         LINE#         96
  C:911CH         LINE#         97
  C:911CH         LINE#         112
  C:911EH         LINE#         113
  C:912CH         LINE#         114
  C:912EH         LINE#         116
  -------         ENDPROC       PCT_TW2835RESETN
  C:6DF9H         SYMBOL        L?0018
  C:6E0FH         SYMBOL        L?0019
BL51 BANKED LINKER/LOCATER V6.22.2.0                                                  06/22/2021  15:07:28  PAGE 76


  C:6E25H         SYMBOL        L?0020
  C:6E32H         SYMBOL        L?0021
  C:6E42H         SYMBOL        L?0022
  C:6E50H         SYMBOL        L?0023
  C:6E5CH         SYMBOL        L?0025
  C:6E6AH         SYMBOL        L?0026
  -------         PROC          PCT_TW2835_INITIAL
  -------         DO            
  X:00A4H         SYMBOL        offset
  -------         ENDDO         
  C:6CE4H         LINE#         122
  C:6CE4H         LINE#         123
  C:6CE4H         LINE#         126
  C:6CEFH         LINE#         130
  C:6CF9H         LINE#         132
  C:6D09H         LINE#         133
  C:6D19H         LINE#         135
  C:6D2AH         LINE#         137
  C:6D3CH         LINE#         139
  C:6D4FH         LINE#         141
  C:6D5FH         LINE#         154
  C:6D6FH         LINE#         155
  C:6D7FH         LINE#         156
  C:6D96H         LINE#         158
  C:6D9DH         LINE#         159
  C:6DA6H         LINE#         160
  C:6DAEH         LINE#         161
  C:6DB9H         LINE#         162
  C:6DBDH         LINE#         163
  C:6DBFH         LINE#         164
  C:6DBFH         LINE#         165
  C:6DC8H         LINE#         166
  C:6DD8H         LINE#         167
  C:6DE0H         LINE#         168
  C:6DEBH         LINE#         169
  C:6DF8H         LINE#         170
  C:6DF8H         LINE#         172
  -------         ENDPROC       PCT_TW2835_INITIAL
  C:8403H         SYMBOL        L?0024
  -------         PROC          _PCT_CHANGESYSTEMTYPE
  D:0007H         SYMBOL        _sys
  -------         DO            
  X:009EH         SYMBOL        offset
  -------         ENDDO         
  C:83ACH         LINE#         178
  C:83ACH         LINE#         179
  C:83ACH         LINE#         182
  C:83B5H         LINE#         183
  C:83C0H         LINE#         185
  C:83D3H         LINE#         187
  C:83E9H         LINE#         188
  C:8403H         LINE#         189
  -------         ENDPROC       _PCT_CHANGESYSTEMTYPE
  -------         ENDMOD        TW2835_INIT

  -------         MODULE        ?C?CLDPTR
  C:4BE3H         PUBLIC        ?C?CLDPTR
BL51 BANKED LINKER/LOCATER V6.22.2.0                                                  06/22/2021  15:07:28  PAGE 77


  -------         ENDMOD        ?C?CLDPTR

  -------         MODULE        ?C?CLDOPTR
  C:4BFCH         PUBLIC        ?C?CLDOPTR
  -------         ENDMOD        ?C?CLDOPTR

  -------         MODULE        ?C?CSTPTR
  C:4C29H         PUBLIC        ?C?CSTPTR
  -------         ENDMOD        ?C?CSTPTR

  -------         MODULE        ?C?IMUL
  C:4C3BH         PUBLIC        ?C?IMUL
  -------         ENDMOD        ?C?IMUL

  -------         MODULE        ?C?ILDPTR
  C:4C4DH         PUBLIC        ?C?ILDPTR
  -------         ENDMOD        ?C?ILDPTR

  -------         MODULE        ?C?IILDOPTR
  C:4C78H         PUBLIC        ?C?IILDOPTR
  -------         ENDMOD        ?C?IILDOPTR

  -------         MODULE        ?C?ULCMP
  C:4CC5H         PUBLIC        ?C?ULCMP
  -------         ENDMOD        ?C?ULCMP

  -------         MODULE        ?C?PLDPTR
  C:4CD6H         PUBLIC        ?C?PLDPTR
  -------         ENDMOD        ?C?PLDPTR

  -------         MODULE        ?C?PSTPTR
  C:4CF6H         PUBLIC        ?C?PSTPTR
  -------         ENDMOD        ?C?PSTPTR

  -------         MODULE        ?C?CCASE
  C:4D45H         PUBLIC        ?C?CCASE
  -------         ENDMOD        ?C?CCASE

  -------         MODULE        PRINTF
  X:00A4H         PUBLIC        ?_PRINTF517?BYTE
  X:00A4H         PUBLIC        ?_PRINTF?BYTE
  X:00A4H         PUBLIC        ?_SPRINTF517?BYTE
  X:00A4H         PUBLIC        ?_SPRINTF?BYTE
  C:577AH         PUBLIC        _PRINTF
  C:577AH         PUBLIC        _PRINTF517
  C:5774H         PUBLIC        _SPRINTF
  C:5774H         PUBLIC        _SPRINTF517
  -------         ENDMOD        PRINTF

  -------         MODULE        PUTS
  C:8E51H         PUBLIC        _PUTS
  -------         ENDMOD        PUTS

  -------         MODULE        SCANF
  X:00AAH         PUBLIC        ?_SCANF517?BYTE
  X:00AAH         PUBLIC        ?_SCANF?BYTE
  X:00AAH         PUBLIC        ?_SSCANF517?BYTE
BL51 BANKED LINKER/LOCATER V6.22.2.0                                                  06/22/2021  15:07:28  PAGE 78


  X:00AAH         PUBLIC        ?_SSCANF?BYTE
  C:5AF5H         PUBLIC        _SCANF
  C:5AF5H         PUBLIC        _SCANF517
  C:5AF1H         PUBLIC        _SSCANF
  C:5AF1H         PUBLIC        _SSCANF517
  -------         ENDMOD        SCANF

  -------         MODULE        ?C?STRCMP
  C:4EE9H         PUBLIC        ?C?STRCMP
  -------         ENDMOD        ?C?STRCMP

  -------         MODULE        STRLEN
  C:000EH         PUBLIC        _STRLEN
  -------         ENDMOD        STRLEN

  -------         MODULE        ATOI
  C:7F30H         PUBLIC        _atoi
  -------         ENDMOD        ATOI

  -------         MODULE        ?C?IILDX
  C:4F06H         PUBLIC        ?C?IILDX
  -------         ENDMOD        ?C?IILDX

  -------         MODULE        ?C?ISTPTR
  C:4F1CH         PUBLIC        ?C?ISTPTR
  -------         ENDMOD        ?C?ISTPTR

  -------         MODULE        ?C?LNEG
  C:4F3BH         PUBLIC        ?C?LNEG
  -------         ENDMOD        ?C?LNEG

  -------         MODULE        ?C?LSTPTR
  C:4F49H         PUBLIC        ?C?LSTPTR
  -------         ENDMOD        ?C?LSTPTR

  -------         MODULE        ?C?PLDIDATA
  C:4F63H         PUBLIC        ?C?PLDIDATA
  -------         ENDMOD        ?C?PLDIDATA

  -------         MODULE        ?C?PSTIDATA
  C:4F6CH         PUBLIC        ?C?PSTIDATA
  -------         ENDMOD        ?C?PSTIDATA

  -------         MODULE        ?C?PLDXDATA
  C:4F75H         PUBLIC        ?C?PLDXDATA
  -------         ENDMOD        ?C?PLDXDATA

  -------         MODULE        ?C?PSTXDATA
  C:4F7EH         PUBLIC        ?C?PSTXDATA
  -------         ENDMOD        ?C?PSTXDATA

  -------         MODULE        ?C?PLDPDATA
  C:4F87H         PUBLIC        ?C?PLDPDATA
  -------         ENDMOD        ?C?PLDPDATA

  -------         MODULE        ?C?PLDIPDATA
  C:4F90H         PUBLIC        ?C?PLDIPDATA
BL51 BANKED LINKER/LOCATER V6.22.2.0                                                  06/22/2021  15:07:28  PAGE 79


  -------         ENDMOD        ?C?PLDIPDATA

  -------         MODULE        ?C?PILDPDATA
  C:4FA0H         PUBLIC        ?C?PILDPDATA
  -------         ENDMOD        ?C?PILDPDATA

  -------         MODULE        ?C?PSTPDATA
  C:4FB0H         PUBLIC        ?C?PSTPDATA
  -------         ENDMOD        ?C?PSTPDATA

  -------         MODULE        ?C?PLDCODE
  C:4FB9H         PUBLIC        ?C?PLDCODE
  -------         ENDMOD        ?C?PLDCODE

  -------         MODULE        PUTCHAR
  C:8F1CH         PUBLIC        _PUTCHAR
  -------         ENDMOD        PUTCHAR

  -------         MODULE        GETCHAR
  B:0024H.2       PUBLIC        ?C?CHARLOADED
  X:009AH         PUBLIC        ?_UNGETCHAR?BYTE
  C:912FH         PUBLIC        GETCHAR
  -------         ENDMOD        GETCHAR

  -------         MODULE        UNGETC
  C:91E2H         PUBLIC        _UNGETCHAR
  -------         ENDMOD        UNGETC

  -------         MODULE        ISDIGIT
  C:9191H         PUBLIC        _isdigit
  -------         ENDMOD        ISDIGIT

  -------         MODULE        ISSPACE
  C:90F5H         PUBLIC        _isspace
  -------         ENDMOD        ISSPACE

  -------         MODULE        ?C?LSTIDATA
  C:4FC5H         PUBLIC        ?C?LSTIDATA
  -------         ENDMOD        ?C?LSTIDATA

  -------         MODULE        ?C?LSTXDATA
  C:4FD1H         PUBLIC        ?C?LSTXDATA
  -------         ENDMOD        ?C?LSTXDATA

  -------         MODULE        ?C?LSTPDATA
  C:4FDDH         PUBLIC        ?C?LSTPDATA
  -------         ENDMOD        ?C?LSTPDATA

  -------         MODULE        _GETKEY
  C:91B7H         PUBLIC        _GETKEY
  -------         ENDMOD        _GETKEY

Program Size: data=46.3 xdata=218 code=37370
LINK/LOCATE RUN COMPLETE.  0 WARNING(S),  0 ERROR(S)
