BL51 BANKED LINKER/LOCATER V6.05                                                        06/27/2007  08:38:58  PAGE 1


BL51 BANKED LINKER/LOCATER V6.05, INVOKED BY:
C:\KEIL\C51\BIN\BL51.EXE .\OBJ\STARTUP.obj, .\OBJ\UART.obj, .\OBJ\BusCtrl.obj, .\OBJ\CommandShell.obj, .\OBJ\Main.obj, .
>> \OBJ\OSD_Graph.obj, .\OBJ\OSDAction .obj, .\OBJ\OSDCtrl.obj, .\OBJ\Timer.obj, .\OBJ\TW28xx_Audio.obj, .\OBJ\TW28xx_Vi
>> deo.obj, .\OBJ\TW2835_Init.obj TO .\OBJ\TW2835 Ver33 PRINT (.\OBJ\TW2835 Ver33.m51) RAMSIZE (256) CODE (0X0000-0XFFFF
>> ) XDATA (0X0000-0X02FF)


MEMORY MODEL: COMPACT


INPUT MODULES INCLUDED:
  .\OBJ\STARTUP.obj (?C_STARTUP)
  .\OBJ\UART.obj (UART)
  .\OBJ\BusCtrl.obj (BUSCTRL)
  .\OBJ\CommandShell.obj (COMMANDSHELL)
  .\OBJ\Main.obj (MAIN)
  .\OBJ\OSD_Graph.obj (OSD_GRAPH)
  .\OBJ\OSDAction .obj (OSDACTION_)
  .\OBJ\OSDCtrl.obj (OSDCTRL)
  .\OBJ\Timer.obj (TIMER)
  .\OBJ\TW28xx_Audio.obj (TW28XX_AUDIO)
  .\OBJ\TW28xx_Video.obj (TW28XX_VIDEO)
  .\OBJ\TW2835_Init.obj (TW2835_INIT)
  C:\KEIL\C51\LIB\C51C.LIB (?C_INIT)
  C:\KEIL\C51\LIB\C51C.LIB (?C?CLDPTR)
  C:\KEIL\C51\LIB\C51C.LIB (?C?CLDOPTR)
  C:\KEIL\C51\LIB\C51C.LIB (?C?CSTPTR)
  C:\KEIL\C51\LIB\C51C.LIB (?C?IMUL)
  C:\KEIL\C51\LIB\C51C.LIB (?C?ILDPTR)
  C:\KEIL\C51\LIB\C51C.LIB (?C?IILDOPTR)
  C:\KEIL\C51\LIB\C51C.LIB (?C?PLDPTR)
  C:\KEIL\C51\LIB\C51C.LIB (?C?PSTPTR)
  C:\KEIL\C51\LIB\C51C.LIB (?C?CCASE)
  C:\KEIL\C51\LIB\C51C.LIB (PRINTF)
  C:\KEIL\C51\LIB\C51C.LIB (PUTS)
  C:\KEIL\C51\LIB\C51C.LIB (SCANF)
  C:\KEIL\C51\LIB\C51C.LIB (?C?STRCMP)
  C:\KEIL\C51\LIB\C51C.LIB (STRLEN)
  C:\KEIL\C51\LIB\C51C.LIB (ATOI)
  C:\KEIL\C51\LIB\C51C.LIB (?C?IILDX)
  C:\KEIL\C51\LIB\C51C.LIB (?C?ISTPTR)
  C:\KEIL\C51\LIB\C51C.LIB (?C?LNEG)
  C:\KEIL\C51\LIB\C51C.LIB (?C?LSTPTR)
  C:\KEIL\C51\LIB\C51C.LIB (?C?PLDIDATA)
  C:\KEIL\C51\LIB\C51C.LIB (?C?PSTIDATA)
  C:\KEIL\C51\LIB\C51C.LIB (?C?PLDXDATA)
  C:\KEIL\C51\LIB\C51C.LIB (?C?PSTXDATA)
  C:\KEIL\C51\LIB\C51C.LIB (?C?PLDPDATA)
  C:\KEIL\C51\LIB\C51C.LIB (?C?PLDIPDATA)
  C:\KEIL\C51\LIB\C51C.LIB (?C?PILDPDATA)
  C:\KEIL\C51\LIB\C51C.LIB (?C?PSTPDATA)
  C:\KEIL\C51\LIB\C51C.LIB (?C?PLDCODE)
  C:\KEIL\C51\LIB\C51C.LIB (PUTCHAR)
  C:\KEIL\C51\LIB\C51C.LIB (GETCHAR)
  C:\KEIL\C51\LIB\C51C.LIB (UNGETC)
  C:\KEIL\C51\LIB\C51C.LIB (ISDIGIT)
  C:\KEIL\C51\LIB\C51C.LIB (ISSPACE)
  C:\KEIL\C51\LIB\C51C.LIB (?C?LSTIDATA)
BL51 BANKED LINKER/LOCATER V6.05                                                      06/27/2007  08:38:58  PAGE 2


  C:\KEIL\C51\LIB\C51C.LIB (?C?LSTXDATA)
  C:\KEIL\C51\LIB\C51C.LIB (?C?LSTPDATA)
  C:\KEIL\C51\LIB\C51C.LIB (_GETKEY)


LINK MAP OF MODULE:  .\OBJ\TW2835 Ver33 (?C_STARTUP)


            TYPE    BASE      LENGTH    RELOCATION   SEGMENT NAME
            -----------------------------------------------------

            * * * * * * *   D A T A   M E M O R Y   * * * * * * *
            REG     0000H     0008H     ABSOLUTE     "REG BANK 0"
            REG     0008H     0008H     ABSOLUTE     "REG BANK 1"
            DATA    0010H     0006H     UNIT         ?DT?TIMER
            DATA    0016H     0002H     UNIT         ?DT?OSDCTRL
                    0018H     0008H                  *** GAP ***
            DATA    0020H     0001H     BIT_ADDR     ?BA?MAIN
            DATA    0021H     0001H     BIT_ADDR     ?BA?OSDACTION_
            DATA    0022H     0001H     BIT_ADDR     ?BA?OSDCTRL
            BIT     0023H.0   0001H.1   UNIT         _BIT_GROUP_
            BIT     0024H.1   0000H.1   UNIT         ?BI?GETCHAR
                    0024H.2   0000H.6                *** GAP ***
            DATA    0025H     0011H     UNIT         _DATA_GROUP_
            IDATA   0036H     0001H     UNIT         ?STACK

            * * * * * * *  X D A T A   M E M O R Y  * * * * * * *
            XDATA   0000H     0052H     INPAGE       ?PD?UART
            XDATA   0052H     0019H     INPAGE       ?PD?COMMANDSHELL
            XDATA   006BH     002DH     INPAGE       ?PD?MAIN
            XDATA   0098H     0001H     INPAGE       ?PD?OSD_GRAPH
            XDATA   0099H     0001H     INPAGE       ?PD?GETCHAR
            XDATA   009AH     003BH     INPAGE       _PDATA_GROUP_

            * * * * * * *   C O D E   M E M O R Y   * * * * * * *
            CODE    0000H     0003H     ABSOLUTE     
            CODE    0003H     0008H     UNIT         ?PR?_RS_TX?UART
            CODE    000BH     0003H     ABSOLUTE     
            CODE    000EH     0015H     UNIT         ?PR?_STRLEN?STRLEN
            CODE    0023H     0003H     ABSOLUTE     
            CODE    0026H     16CAH     UNIT         ?CO?OSD_GRAPH
            CODE    16F0H     0EA0H     UNIT         ?CO?OSDCTRL
            CODE    2590H     07E2H     UNIT         ?PR?PCT_SHOWVLOSS?OSDACTION_
            CODE    2D72H     0670H     UNIT         ?PR?_PCT_OSD_ACTIONPTHX?OSDACTION_
            CODE    33E2H     062AH     UNIT         ?PR?_PCT_SHOWMIRRORICON?OSDACTION_
            CODE    3A0CH     062AH     UNIT         ?PR?_PCT_SHOWSPEAKICON?OSDACTION_
            CODE    4036H     0447H     UNIT         ?CO?TW28XX_VIDEO
            CODE    447DH     0436H     UNIT         ?PR?_PCT_SETVIDEOHDELAY?TW28XX_VIDEO
            CODE    48B3H     0400H     UNIT         ?CO?TW2835_INIT
            CODE    4CB3H     03FFH     UNIT         ?C?LIB_CODE
            CODE    50B2H     035BH     UNIT         ?PR?PRINTF?PRINTF
            CODE    540DH     0316H     UNIT         ?PR?SCANF?SCANF
            CODE    5723H     0311H     UNIT         ?PR?_MONIAUDIOMIXING?COMMANDSHELL
            CODE    5A34H     02DEH     UNIT         ?CO?COMMANDSHELL
            CODE    5D12H     02D9H     UNIT         ?PR?_PCT_RUNCOMMSHELL?COMMANDSHELL
            CODE    5FEBH     029DH     UNIT         ?PR?_MONIAUDIOGAIN?COMMANDSHELL
            CODE    6288H     0226H     UNIT         ?PR?PCT_AUDIOREGLIST?TW28XX_AUDIO
BL51 BANKED LINKER/LOCATER V6.05                                                      06/27/2007  08:38:58  PAGE 3


            CODE    64AEH     020CH     UNIT         ?PR?_MONISETVIDEOFORMAT?COMMANDSHELL
            CODE    66BAH     020BH     UNIT         ?PR?_PCT_SETXVIDEOMIXING?TW28XX_VIDEO
            CODE    68C5H     0202H     UNIT         ?PR?_PCT_OSD16X16GRAPHX?OSD_GRAPH
            CODE    6AC7H     01EEH     UNIT         ?PR?_MONIVIDEOMIXATTR?COMMANDSHELL
            CODE    6CB5H     01DCH     UNIT         ?PR?_PCT_WRITEOSDDATABUFFERX?OSDCTRL
            CODE    6E91H     01D8H     UNIT         ?PR?_PCT_WRITEOSDFNTX?OSDCTRL
            CODE    7069H     018BH     UNIT         ?PR?_MONIHSCOMM?COMMANDSHELL
            CODE    71F4H     0180H     UNIT         ?PR?_PCT_SHOWINDICATEICON?OSDACTION_
            CODE    7374H     017EH     UNIT         ?PR?_PCT_WRITEOSDDATABUFFERY?OSDCTRL
            CODE    74F2H     015DH     UNIT         ?PR?_PCT_RECOMPENSEYHDELAY?TW28XX_VIDEO
            CODE    764FH     013FH     UNIT         ?PR?PCT_INITOSDCOLOR?OSDCTRL
            CODE    778EH     0139H     UNIT         ?PR?_PCT_WRITEOSDFNTY?OSDCTRL
            CODE    78C7H     010DH     UNIT         ?PR?_PCT_SETCHANELSCALE?TW28XX_VIDEO
            CODE    79D4H     010AH     UNIT         ?PR?_PCT_FULLCOLORONOSD?OSDCTRL
            CODE    7ADEH     0109H     UNIT         ?PR?_PCT_CLEARWORDSPATHX?OSDCTRL
            CODE    7BE7H     00D0H     UNIT         ?PR?_ATOI?ATOI
            CODE    7CB7H     00C6H     UNIT         ?PR?_PCT_GETFIRSTSTR?COMMANDSHELL
            CODE    7D7DH     00B8H     UNIT         ?PR?_PCT_SHOWOSDSTRING?OSDCTRL
            CODE    7E35H     00B1H     UNIT         ?PR?_PCT_AUDIOMIXCTRL?TW28XX_AUDIO
            CODE    7EE6H     00A1H     UNIT         ?PR?_PCT_AUDIOGAINCTRL?TW28XX_AUDIO
            CODE    7F87H     009CH     UNIT         ?PR?PCT_TW2835_INITIAL?TW2835_INIT
            CODE    8023H     009AH     UNIT         ?PR?_PCT_CHANGESYSTEMTYPE?TW2835_INIT
            CODE    80BDH     008CH     UNIT         ?C_C51STARTUP
            CODE    8149H     0084H     UNIT         ?PR?_MONISHOWSODSTR?COMMANDSHELL
            CODE    81CDH     0083H     UNIT         ?PR?_MONIVIDEOMIXWIN?COMMANDSHELL
            CODE    8250H     007FH     UNIT         ?PR?PCT_VIDEOLASTMODIFY?TW28XX_VIDEO
            CODE    82CFH     0077H     UNIT         ?PR?PCT_CHECKSYSTEM?COMMANDSHELL
            CODE    8346H     006FH     UNIT         ?PR?_PCT_SHOWGRAPHSTRING?OSD_GRAPH
            CODE    83B5H     006DH     UNIT         ?PR?MAIN?MAIN
            CODE    8422H     005EH     UNIT         ?PR?_PCT_WINATTRCLEAR?TW28XX_VIDEO
            CODE    8480H     005BH     UNIT         ?PR?_PCT_WRITESTABLE?BUSCTRL
            CODE    84DBH     005BH     UNIT         ?PR?_MONIWRITEASICBYTE?COMMANDSHELL
            CODE    8536H     0059H     UNIT         ?PR?_PCT_WRITEASICTABLE?BUSCTRL
            CODE    858FH     0058H     UNIT         ?PR?_MONIREADPAGEBUFFER?COMMANDSHELL
            CODE    85E7H     0057H     UNIT         ?PR?PCT_INITIALOSD?OSDACTION_
            CODE    863EH     0057H     UNIT         ?PR?_PCT_WINATTRCTRL?TW28XX_VIDEO
            CODE    8695H     0057H     UNIT         ?PR?_PCT_WINATTRCTRLY?TW28XX_VIDEO
            CODE    86ECH     0055H     UNIT         ?PR?RS_INTERRUPT?UART
            CODE    8741H     0054H     UNIT         ?PR?_PCT_SETOSDCOLOR?OSDCTRL
            CODE    8795H     0054H     UNIT         ?PR?TIMER0_INTERRUPT?TIMER
            CODE    87E9H     0053H     UNIT         ?PR?_MONIREADASICBYTE?COMMANDSHELL
            CODE    883CH     0052H     UNIT         ?PR?COMMANDSHELL?MAIN
            CODE    888EH     0050H     UNIT         ?PR?_PCT_STRTOCOMMCODE?COMMANDSHELL
            CODE    88DEH     0050H     UNIT         ?PR?_PCT_CHECKVMIXTYPE?COMMANDSHELL
            CODE    892EH     004FH     UNIT         ?PR?PCT_TW2835RESETN?TW2835_INIT
            CODE    897DH     0049H     UNIT         ?PR?MONIREGISTERDUMP?COMMANDSHELL
            CODE    89C6H     0047H     UNIT         ?PR?_PCT_ENSHOWOSDPAGE?OSDCTRL
            CODE    8A0DH     0045H     UNIT         ?PR?_MONIREADONEBUFFER?COMMANDSHELL
            CODE    8A52H     0043H     UNIT         ?PR?_PCT_WINPOPUPCTRL?TW28XX_VIDEO
            CODE    8A95H     0040H     UNIT         ?CO?TW28XX_AUDIO
            CODE    8AD5H     003FH     UNIT         ?PR?_MONIWRITEONEBUFFER?COMMANDSHELL
            CODE    8B14H     003EH     UNIT         ?PR?_PCT_WRITEASICBYTE?BUSCTRL
            CODE    8B52H     003BH     UNIT         ?PR?_PCT_READASICBYTE?BUSCTRL
            CODE    8B8DH     003BH     UNIT         ?PR?PCT_AUDIOACTIONFORHS?COMMANDSHELL
            CODE    8BC8H     0037H     UNIT         ?PR?PCT_INITIALTW2835?TW2835_INIT
            CODE    8BFFH     0036H     UNIT         ?PR?_PUTSP?MAIN
            CODE    8C35H     0033H     UNIT         ?PR?MONIVIDEOAUTODETECT?COMMANDSHELL
BL51 BANKED LINKER/LOCATER V6.05                                                      06/27/2007  08:38:58  PAGE 4


            CODE    8C68H     0033H     UNIT         ?PR?_PCT_AUDIOMIXMUTE?TW28XX_AUDIO
            CODE    8C9BH     0030H     UNIT         ?PR?PCT_SHOWMODEICON?OSDACTION_
            CODE    8CCBH     002EH     UNIT         ?PR?PCT_OSDACTIONFORHS?OSDACTION_
            CODE    8CF9H     002DH     UNIT         ?PR?PCT_GETVIDEOSIGNALSTATUS?OSDACTION_
            CODE    8D26H     002BH     UNIT         ?PR?_PCT_SETVIDEOFORMAT?TW28XX_VIDEO
            CODE    8D51H     002AH     UNIT         ?PR?_CHKSTARTCOMMSHELL?MAIN
            CODE    8D7BH     002AH     UNIT         ?PR?_PCT_AUDIOSELLIVE?TW28XX_AUDIO
            CODE    8DA5H     002AH     UNIT         ?PR?_PUTS?PUTS
            CODE    8DCFH     0027H     UNIT         ?PR?_PCT_SETOSDDRAWPAGE?OSDCTRL
            CODE    8DF6H     0027H     UNIT         ?PR?PUTCHAR?PUTCHAR
            CODE    8E1DH     0026H     UNIT         ?PR?_PCT_DISSHOWOSDPAGE?OSDCTRL
            CODE    8E43H     0022H     UNIT         ?PR?_MONIAUDIOLIVE?COMMANDSHELL
            CODE    8E65H     0022H     UNIT         ?CO?OSDACTION_
            CODE    8E87H     0020H     UNIT         ?PR?_MONIYVIDEOMIX?COMMANDSHELL
            CODE    8EA7H     001EH     UNIT         ?PR?_PCT_DETECTVIDEOFORMAT?TW28XX_VIDEO
            CODE    8EC5H     001DH     UNIT         ?PR?INITIALMPU?MAIN
            CODE    8EE2H     001CH     UNIT         ?PR?_MONIHSCOMMSJMODE?COMMANDSHELL
            CODE    8EFEH     001AH     UNIT         ?PR?RS_RX?UART
            CODE    8F18H     0019H     UNIT         ?PR?_PCT_CLEAROSDPAGEX?OSDCTRL
            CODE    8F31H     0017H     UNIT         ?CO?MAIN
            CODE    8F48H     0016H     UNIT         ?PR?RESETCOMMSELL?MAIN
            CODE    8F5EH     0016H     UNIT         ?PR?INITIALTIMER0?TIMER
            CODE    8F74H     0014H     UNIT         ?PR?_PCT_SETYVIDEOMIXING?TW28XX_VIDEO
            CODE    8F88H     0014H     UNIT         ?PR?_ISSPACE?ISSPACE
            CODE    8F9CH     0013H     UNIT         ?PR?MONIHSCOMMVERSION?COMMANDSHELL
            CODE    8FAFH     0013H     UNIT         ?PR?GETCHAR?GETCHAR
            CODE    8FC2H     0010H     UNIT         ?PR?INITIALUART?UART
            CODE    8FD2H     000FH     UNIT         ?PR?RS_RXREADY?UART
            CODE    8FE1H     000FH     UNIT         ?PR?PCT_SENDACK?COMMANDSHELL
            CODE    8FF0H     000FH     UNIT         ?PR?MONIAUDIOMUTE?COMMANDSHELL
            CODE    8FFFH     000FH     UNIT         ?PR?_ISDIGIT?ISDIGIT
            CODE    900EH     000AH     UNIT         ?PR?_GETKEY?_GETKEY
            CODE    9018H     0009H     UNIT         ?PR?NEWLINE?MAIN
            CODE    9021H     0009H     UNIT         ?PR?_PCT_FLASHOSDCTRL?MAIN
            CODE    902AH     0007H     UNIT         ?PR?PCT_ENFALSHVLOSS?OSDACTION_
            CODE    9031H     0007H     UNIT         ?PR?GETCHAR?UNGETCHAR
            CODE    9038H     0005H     UNIT         ?PR?MONIHSCOMMDISSCROLL?COMMANDSHELL
            CODE    903DH     0005H     UNIT         ?PR?INITIALCOMMSHELL?MAIN
            CODE    9042H     0005H     UNIT         ?PR?PCT_CLEARGRAPHATTR?OSD_GRAPH
            CODE    9047H     0005H     UNIT         ?PR?_PCT_PRESETGRAPHATTR?OSD_GRAPH
            CODE    904CH     0004H     UNIT         ?C_INITSEG
            CODE    9050H     0003H     UNIT         ?PR?_PCT_PRESETFOREGROUNDCOLOR?OSDCTRL
            CODE    9053H     0003H     UNIT         ?PR?_PCT_PRESETBACKGROUNDCOLOR?OSDCTRL
            CODE    9056H     0001H     UNIT         ?PR?PTC_SWITCHTOI2CMODE?BUSCTRL



OVERLAY MAP OF MODULE:   .\OBJ\TW2835 Ver33 (?C_STARTUP)


SEGMENT                                            BIT_GROUP          DATA_GROUP          PDATA_GROUP
  +--> CALLED SEGMENT                           START    LENGTH     START    LENGTH     START    LENGTH
-------------------------------------------------------------------------------------------------------
?C_C51STARTUP                                   -----    -----      -----    -----      -----    -----
  +--> ?PR?MAIN?MAIN
  +--> ?C_INITSEG

BL51 BANKED LINKER/LOCATER V6.05                                                      06/27/2007  08:38:58  PAGE 5


?PR?MAIN?MAIN                                   -----    -----      -----    -----      009AH    0001H
  +--> ?PR?INITIALMPU?MAIN
  +--> ?PR?INITIALCOMMSHELL?MAIN
  +--> ?PR?PTC_SWITCHTOI2CMODE?BUSCTRL
  +--> ?PR?PCT_INITIALTW2835?TW2835_INIT
  +--> ?PR?RESETCOMMSELL?MAIN
  +--> ?PR?COMMANDSHELL?MAIN
  +--> ?PR?_PCT_RUNCOMMSHELL?COMMANDSHELL
  +--> ?PR?PCT_CHECKSYSTEM?COMMANDSHELL
  +--> ?PR?RS_RXREADY?UART
  +--> ?PR?PCT_AUDIOACTIONFORHS?COMMANDSHELL
  +--> ?PR?PCT_OSDACTIONFORHS?OSDACTION_
  +--> ?PR?_PCT_FLASHOSDCTRL?MAIN
  +--> ?PR?PCT_GETVIDEOSIGNALSTATUS?OSDACTION_

?PR?INITIALMPU?MAIN                             -----    -----      -----    -----      -----    -----
  +--> ?PR?INITIALUART?UART
  +--> ?PR?INITIALTIMER0?TIMER

?PR?PCT_INITIALTW2835?TW2835_INIT               -----    -----      -----    -----      -----    -----
  +--> ?PR?PCT_TW2835RESETN?TW2835_INIT
  +--> ?PR?_PCT_READASICBYTE?BUSCTRL
  +--> ?PR?_PCT_DETECTVIDEOFORMAT?TW28XX_VIDEO
  +--> ?PR?PCT_TW2835_INITIAL?TW2835_INIT
  +--> ?PR?PCT_INITIALOSD?OSDACTION_

?PR?_PCT_DETECTVIDEOFORMAT?TW28XX_VIDEO         -----    -----      -----    -----      -----    -----
  +--> ?PR?_PCT_READASICBYTE?BUSCTRL

?PR?PCT_TW2835_INITIAL?TW2835_INIT              -----    -----      -----    -----      00A1H    0002H
  +--> ?CO?TW2835_INIT
  +--> ?PR?_PCT_WRITEASICTABLE?BUSCTRL

?PR?_PCT_WRITEASICTABLE?BUSCTRL                 -----    -----      -----    -----      00A3H    0007H

?PR?PCT_INITIALOSD?OSDACTION_                   -----    -----      0027H    0001H      -----    -----
  +--> ?PR?PCT_INITOSDCOLOR?OSDCTRL
  +--> ?PR?PCT_CLEARGRAPHATTR?OSD_GRAPH
  +--> ?PR?_PCT_PRESETFOREGROUNDCOLOR?OSDCTRL
  +--> ?PR?_PCT_PRESETBACKGROUNDCOLOR?OSDCTRL
  +--> ?PR?_PCT_SETOSDDRAWPAGE?OSDCTRL
  +--> ?PR?_PCT_FULLCOLORONOSD?OSDCTRL
  +--> ?PR?_PCT_ENSHOWOSDPAGE?OSDCTRL

?PR?PCT_INITOSDCOLOR?OSDCTRL                    -----    -----      -----    -----      -----    -----
  +--> ?PR?_PCT_WRITEASICBYTE?BUSCTRL
  +--> ?PR?_PCT_SETOSDCOLOR?OSDCTRL

?PR?_PCT_WRITEASICBYTE?BUSCTRL                  -----    -----      -----    -----      00D1H    0004H

?PR?_PCT_SETOSDCOLOR?OSDCTRL                    -----    -----      -----    -----      00A1H    0005H
  +--> ?PR?_PCT_WRITEASICBYTE?BUSCTRL

?PR?_PCT_SETOSDDRAWPAGE?OSDCTRL                 -----    -----      -----    -----      00A7H    0001H
  +--> ?PR?_PCT_READASICBYTE?BUSCTRL
  +--> ?PR?_PCT_WRITEASICBYTE?BUSCTRL

BL51 BANKED LINKER/LOCATER V6.05                                                      06/27/2007  08:38:58  PAGE 6


?PR?_PCT_FULLCOLORONOSD?OSDCTRL                 -----    -----      -----    -----      00A1H    0006H
  +--> ?PR?_PCT_WRITEASICBYTE?BUSCTRL
  +--> ?PR?_PCT_READASICBYTE?BUSCTRL

?PR?_PCT_ENSHOWOSDPAGE?OSDCTRL                  -----    -----      -----    -----      00A7H    0001H
  +--> ?PR?_PCT_READASICBYTE?BUSCTRL
  +--> ?PR?_PCT_WRITEASICBYTE?BUSCTRL

?PR?RESETCOMMSELL?MAIN                          -----    -----      -----    -----      -----    -----
  +--> ?CO?MAIN
  +--> ?PR?_PUTSP?MAIN

?PR?_PUTSP?MAIN                                 -----    -----      0025H    0001H      009BH    0003H
  +--> ?PR?_RS_TX?UART

?PR?COMMANDSHELL?MAIN                           -----    -----      0025H    0001H      -----    -----
  +--> ?PR?RS_RXREADY?UART
  +--> ?PR?RS_RX?UART
  +--> ?PR?_RS_TX?UART
  +--> ?PR?_CHKSTARTCOMMSHELL?MAIN
  +--> ?PR?NEWLINE?MAIN

?PR?_CHKSTARTCOMMSHELL?MAIN                     -----    -----      -----    -----      009BH    0003H
  +--> ?CO?MAIN

?PR?NEWLINE?MAIN                                -----    -----      -----    -----      -----    -----
  +--> ?CO?MAIN
  +--> ?PR?_PUTS?PUTS

?PR?_PUTS?PUTS                                  -----    -----      -----    -----      -----    -----
  +--> ?PR?PUTCHAR?PUTCHAR

?PR?_PCT_RUNCOMMSHELL?COMMANDSHELL              -----    -----      0025H    0002H      009BH    0006H
  +--> ?PR?_PCT_GETFIRSTSTR?COMMANDSHELL
  +--> ?PR?_PCT_STRTOCOMMCODE?COMMANDSHELL
  +--> ?CO?COMMANDSHELL
  +--> ?PR?_MONIREADPAGEBUFFER?COMMANDSHELL
  +--> ?PR?_MONIREADONEBUFFER?COMMANDSHELL
  +--> ?PR?_MONIWRITEONEBUFFER?COMMANDSHELL
  +--> ?PR?_MONIWRITEASICBYTE?COMMANDSHELL
  +--> ?PR?_MONIREADASICBYTE?COMMANDSHELL
  +--> ?PR?_MONIAUDIOMIXING?COMMANDSHELL
  +--> ?PR?MONIAUDIOMUTE?COMMANDSHELL
  +--> ?PR?PCT_AUDIOREGLIST?TW28XX_AUDIO
  +--> ?PR?_MONIAUDIOGAIN?COMMANDSHELL
  +--> ?PR?_MONIAUDIOLIVE?COMMANDSHELL
  +--> ?PR?MONIREGISTERDUMP?COMMANDSHELL
  +--> ?PR?_PCT_WINATTRCLEAR?TW28XX_VIDEO
  +--> ?PR?_MONIVIDEOMIXWIN?COMMANDSHELL
  +--> ?PR?PCT_SENDACK?COMMANDSHELL
  +--> ?PR?_MONIVIDEOMIXATTR?COMMANDSHELL
  +--> ?PR?_MONIYVIDEOMIX?COMMANDSHELL
  +--> ?PR?PCT_INITIALTW2835?TW2835_INIT
  +--> ?PR?MONIVIDEOAUTODETECT?COMMANDSHELL
  +--> ?PR?_MONISETVIDEOFORMAT?COMMANDSHELL
  +--> ?PR?_MONISHOWSODSTR?COMMANDSHELL
  +--> ?PR?_MONIHSCOMM?COMMANDSHELL
BL51 BANKED LINKER/LOCATER V6.05                                                      06/27/2007  08:38:58  PAGE 7


  +--> ?PR?_MONIHSCOMMSJMODE?COMMANDSHELL
  +--> ?PR?MONIHSCOMMDISSCROLL?COMMANDSHELL
  +--> ?PR?MONIHSCOMMVERSION?COMMANDSHELL

?PR?_PCT_GETFIRSTSTR?COMMANDSHELL               -----    -----      -----    -----      00A7H    0006H

?PR?_PCT_STRTOCOMMCODE?COMMANDSHELL             -----    -----      0031H    0002H      00A7H    0003H

?PR?_MONIREADPAGEBUFFER?COMMANDSHELL            -----    -----      0027H    0003H      -----    -----
  +--> ?CO?COMMANDSHELL
  +--> ?PR?SCANF?SCANF
  +--> ?PR?_PCT_READASICBYTE?BUSCTRL
  +--> ?PR?PRINTF?PRINTF

?PR?SCANF?SCANF                                 0023H.0  0000H.6    0031H    0005H      00A7H    0015H
  +--> ?PR?GETCHAR?UNGETCHAR
  +--> ?PR?_ISSPACE?ISSPACE
  +--> ?PR?GETCHAR?GETCHAR

?PR?GETCHAR?GETCHAR                             -----    -----      -----    -----      -----    -----
  +--> ?PR?_GETKEY?_GETKEY
  +--> ?PR?PUTCHAR?PUTCHAR

?PR?PRINTF?PRINTF                               0023H.0  0001H.1    002BH    0005H      00A1H    000FH
  +--> ?PR?PUTCHAR?PUTCHAR

?PR?_MONIREADONEBUFFER?COMMANDSHELL             -----    -----      0027H    0002H      -----    -----
  +--> ?CO?COMMANDSHELL
  +--> ?PR?SCANF?SCANF
  +--> ?PR?_PCT_READASICBYTE?BUSCTRL
  +--> ?PR?PRINTF?PRINTF

?PR?_MONIWRITEONEBUFFER?COMMANDSHELL            -----    -----      0027H    0003H      -----    -----
  +--> ?CO?COMMANDSHELL
  +--> ?PR?SCANF?SCANF
  +--> ?PR?_PCT_WRITEASICBYTE?BUSCTRL

?PR?_MONIWRITEASICBYTE?COMMANDSHELL             -----    -----      0027H    0004H      -----    -----
  +--> ?CO?COMMANDSHELL
  +--> ?PR?SCANF?SCANF
  +--> ?PR?_PCT_WRITEASICBYTE?BUSCTRL

?PR?_MONIREADASICBYTE?COMMANDSHELL              -----    -----      0027H    0004H      -----    -----
  +--> ?CO?COMMANDSHELL
  +--> ?PR?SCANF?SCANF
  +--> ?PR?_PCT_READASICBYTE?BUSCTRL
  +--> ?PR?PRINTF?PRINTF

?PR?_MONIAUDIOMIXING?COMMANDSHELL               -----    -----      0027H    000AH      00A1H    0006H
  +--> ?PR?_PCT_GETFIRSTSTR?COMMANDSHELL
  +--> ?PR?_PCT_AUDIOMIXMUTE?TW28XX_AUDIO
  +--> ?PR?_ATOI?ATOI
  +--> ?CO?COMMANDSHELL
  +--> ?PR?SCANF?SCANF
  +--> ?PR?_PCT_AUDIOMIXCTRL?TW28XX_AUDIO

?PR?_PCT_AUDIOMIXMUTE?TW28XX_AUDIO              -----    -----      0031H    0001H      00A7H    0002H
BL51 BANKED LINKER/LOCATER V6.05                                                      06/27/2007  08:38:58  PAGE 8


  +--> ?PR?_PCT_READASICBYTE?BUSCTRL
  +--> ?PR?_PCT_WRITEASICBYTE?BUSCTRL

?PR?_ATOI?ATOI                                  0023H.0  0000H.1    -----    -----      00A7H    0005H
  +--> ?PR?_ISSPACE?ISSPACE
  +--> ?PR?_ISDIGIT?ISDIGIT

?PR?_PCT_AUDIOMIXCTRL?TW28XX_AUDIO              -----    -----      -----    -----      00A7H    0004H
  +--> ?CO?TW28XX_AUDIO
  +--> ?PR?_PCT_READASICBYTE?BUSCTRL
  +--> ?PR?_PCT_WRITEASICBYTE?BUSCTRL
  +--> ?PR?_PCT_AUDIOSELLIVE?TW28XX_AUDIO

?PR?_PCT_AUDIOSELLIVE?TW28XX_AUDIO              -----    -----      -----    -----      00ABH    0001H
  +--> ?PR?_PCT_WRITEASICBYTE?BUSCTRL

?PR?MONIAUDIOMUTE?COMMANDSHELL                  -----    -----      -----    -----      -----    -----
  +--> ?PR?_PCT_AUDIOMIXMUTE?TW28XX_AUDIO
  +--> ?PR?_PCT_AUDIOSELLIVE?TW28XX_AUDIO

?PR?PCT_AUDIOREGLIST?TW28XX_AUDIO               -----    -----      -----    -----      -----    -----
  +--> ?PR?_PCT_READASICBYTE?BUSCTRL
  +--> ?CO?TW28XX_AUDIO
  +--> ?PR?PRINTF?PRINTF

?PR?_MONIAUDIOGAIN?COMMANDSHELL                 -----    -----      0027H    000AH      00A1H    0006H
  +--> ?PR?_PCT_GETFIRSTSTR?COMMANDSHELL
  +--> ?PR?_ATOI?ATOI
  +--> ?CO?COMMANDSHELL
  +--> ?PR?SCANF?SCANF
  +--> ?PR?_PCT_AUDIOGAINCTRL?TW28XX_AUDIO

?PR?_PCT_AUDIOGAINCTRL?TW28XX_AUDIO             -----    -----      -----    -----      00A7H    0003H
  +--> ?CO?TW28XX_AUDIO
  +--> ?PR?_PCT_READASICBYTE?BUSCTRL
  +--> ?PR?_PCT_WRITEASICBYTE?BUSCTRL

?PR?_MONIAUDIOLIVE?COMMANDSHELL                 -----    -----      0027H    0001H      -----    -----
  +--> ?CO?COMMANDSHELL
  +--> ?PR?SCANF?SCANF
  +--> ?PR?_PCT_AUDIOSELLIVE?TW28XX_AUDIO

?PR?MONIREGISTERDUMP?COMMANDSHELL               -----    -----      0027H    0002H      -----    -----
  +--> ?CO?COMMANDSHELL
  +--> ?PR?PRINTF?PRINTF
  +--> ?PR?_PCT_READASICBYTE?BUSCTRL

?PR?_PCT_WINATTRCLEAR?TW28XX_VIDEO              -----    -----      -----    -----      00A1H    0003H
  +--> ?CO?TW28XX_VIDEO
  +--> ?PR?_PCT_READASICBYTE?BUSCTRL
  +--> ?PR?_PCT_WRITEASICBYTE?BUSCTRL

?PR?_MONIVIDEOMIXWIN?COMMANDSHELL               -----    -----      0027H    0002H      -----    -----
  +--> ?CO?COMMANDSHELL
  +--> ?PR?SCANF?SCANF
  +--> ?PR?_PCT_SETXVIDEOMIXING?TW28XX_VIDEO

BL51 BANKED LINKER/LOCATER V6.05                                                      06/27/2007  08:38:58  PAGE 9


?PR?_PCT_SETXVIDEOMIXING?TW28XX_VIDEO           -----    -----      -----    -----      00A1H    0007H
  +--> ?PR?_PCT_WRITEASICBYTE?BUSCTRL
  +--> ?CO?TW28XX_VIDEO
  +--> ?PR?_PCT_SETCHANELSCALE?TW28XX_VIDEO
  +--> ?PR?_PCT_WRITESTABLE?BUSCTRL

?PR?_PCT_SETCHANELSCALE?TW28XX_VIDEO            -----    -----      -----    -----      00A8H    0008H
  +--> ?CO?TW28XX_VIDEO
  +--> ?PR?_PCT_WRITEASICBYTE?BUSCTRL

?PR?_PCT_WRITESTABLE?BUSCTRL                    -----    -----      -----    -----      00A8H    0003H
  +--> ?PR?_PCT_WRITEASICBYTE?BUSCTRL

?PR?PCT_SENDACK?COMMANDSHELL                    -----    -----      -----    -----      -----    -----
  +--> ?PR?_RS_TX?UART

?PR?_MONIVIDEOMIXATTR?COMMANDSHELL              -----    -----      0027H    000AH      00A1H    0006H
  +--> ?PR?_PCT_GETFIRSTSTR?COMMANDSHELL
  +--> ?PR?_ATOI?ATOI
  +--> ?PR?_PCT_STRTOCOMMCODE?COMMANDSHELL
  +--> ?CO?COMMANDSHELL
  +--> ?PR?_PCT_WINATTRCTRL?TW28XX_VIDEO

?PR?_PCT_WINATTRCTRL?TW28XX_VIDEO               -----    -----      -----    -----      00A7H    0003H
  +--> ?CO?TW28XX_VIDEO
  +--> ?PR?_PCT_READASICBYTE?BUSCTRL
  +--> ?PR?_PCT_WRITEASICBYTE?BUSCTRL

?PR?_MONIYVIDEOMIX?COMMANDSHELL                 -----    -----      0027H    0001H      -----    -----
  +--> ?CO?COMMANDSHELL
  +--> ?PR?SCANF?SCANF
  +--> ?PR?_PCT_SETYVIDEOMIXING?TW28XX_VIDEO

?PR?_PCT_SETYVIDEOMIXING?TW28XX_VIDEO           -----    -----      -----    -----      -----    -----
  +--> ?CO?TW28XX_VIDEO
  +--> ?PR?_PCT_WRITESTABLE?BUSCTRL

?PR?MONIVIDEOAUTODETECT?COMMANDSHELL            -----    -----      -----    -----      -----    -----
  +--> ?PR?_PCT_DETECTVIDEOFORMAT?TW28XX_VIDEO
  +--> ?CO?COMMANDSHELL
  +--> ?PR?PRINTF?PRINTF

?PR?_MONISETVIDEOFORMAT?COMMANDSHELL            -----    -----      0027H    0008H      00A1H    0006H
  +--> ?PR?_PCT_GETFIRSTSTR?COMMANDSHELL
  +--> ?PR?_ATOI?ATOI
  +--> ?CO?COMMANDSHELL
  +--> ?PR?SCANF?SCANF
  +--> ?PR?_PCT_SETVIDEOFORMAT?TW28XX_VIDEO

?PR?_PCT_SETVIDEOFORMAT?TW28XX_VIDEO            -----    -----      -----    -----      00A7H    0002H
  +--> ?PR?_PCT_READASICBYTE?BUSCTRL
  +--> ?PR?_PCT_WRITEASICBYTE?BUSCTRL

?PR?_MONISHOWSODSTR?COMMANDSHELL                -----    -----      0027H    0002H      00A1H    0006H
  +--> ?PR?_PCT_GETFIRSTSTR?COMMANDSHELL
  +--> ?PR?_ATOI?ATOI
  +--> ?PR?_PCT_PRESETFOREGROUNDCOLOR?OSDCTRL
BL51 BANKED LINKER/LOCATER V6.05                                                      06/27/2007  08:38:58  PAGE 10


  +--> ?PR?_PCT_PRESETBACKGROUNDCOLOR?OSDCTRL
  +--> ?PR?_PCT_SETOSDDRAWPAGE?OSDCTRL
  +--> ?PR?_PCT_SHOWOSDSTRING?OSDCTRL
  +--> ?PR?_PCT_ENSHOWOSDPAGE?OSDCTRL

?PR?_PCT_SHOWOSDSTRING?OSDCTRL                  -----    -----      -----    -----      00A7H    0007H
  +--> ?PR?_STRLEN?STRLEN
  +--> ?PR?_PCT_WRITEOSDFNTX?OSDCTRL
  +--> ?PR?_PCT_WRITEOSDFNTY?OSDCTRL
  +--> ?PR?PTC_SWITCHTOI2CMODE?BUSCTRL

?PR?_PCT_WRITEOSDFNTX?OSDCTRL                   -----    -----      0029H    0003H      00AEH    0013H
  +--> ?CO?OSDCTRL
  +--> ?PR?_PCT_WRITEOSDDATABUFFERX?OSDCTRL
  +--> ?PR?_PCT_WRITEASICBYTE?BUSCTRL
  +--> ?PR?_PCT_READASICBYTE?BUSCTRL

?PR?_PCT_WRITEOSDDATABUFFERX?OSDCTRL            -----    -----      -----    -----      00C1H    0004H
  +--> ?PR?_PCT_WRITEASICBYTE?BUSCTRL

?PR?_PCT_WRITEOSDFNTY?OSDCTRL                   -----    -----      0029H    0002H      00AEH    001FH
  +--> ?CO?OSDCTRL
  +--> ?PR?_PCT_WRITEOSDDATABUFFERY?OSDCTRL
  +--> ?PR?_PCT_WRITEASICBYTE?BUSCTRL
  +--> ?PR?_PCT_READASICBYTE?BUSCTRL

?PR?_PCT_WRITEOSDDATABUFFERY?OSDCTRL            -----    -----      -----    -----      00CDH    0004H
  +--> ?PR?_PCT_WRITEASICBYTE?BUSCTRL

?PR?_MONIHSCOMM?COMMANDSHELL                    -----    -----      0027H    0003H      -----    -----
  +--> ?CO?COMMANDSHELL
  +--> ?PR?SCANF?SCANF
  +--> ?PR?_PCT_WINATTRCTRLY?TW28XX_VIDEO
  +--> ?PR?_PCT_RECOMPENSEYHDELAY?TW28XX_VIDEO
  +--> ?PR?_PCT_SETVIDEOHDELAY?TW28XX_VIDEO
  +--> ?PR?_PCT_SETXVIDEOMIXING?TW28XX_VIDEO
  +--> ?PR?PCT_VIDEOLASTMODIFY?TW28XX_VIDEO
  +--> ?PR?_PCT_WINATTRCTRL?TW28XX_VIDEO
  +--> ?PR?_PCT_FLASHOSDCTRL?MAIN
  +--> ?PR?_PCT_CHECKVMIXTYPE?COMMANDSHELL
  +--> ?PR?_PCT_DISSHOWOSDPAGE?OSDCTRL
  +--> ?PR?_PCT_CLEAROSDPAGEX?OSDCTRL
  +--> ?PR?PCT_SHOWMODEICON?OSDACTION_
  +--> ?PR?_PCT_OSD_ACTIONPTHX?OSDACTION_

?PR?_PCT_WINATTRCTRLY?TW28XX_VIDEO              -----    -----      -----    -----      00A1H    0003H
  +--> ?CO?TW28XX_VIDEO
  +--> ?PR?_PCT_READASICBYTE?BUSCTRL
  +--> ?PR?_PCT_WRITEASICBYTE?BUSCTRL

?PR?_PCT_RECOMPENSEYHDELAY?TW28XX_VIDEO         -----    -----      -----    -----      00A1H    0003H
  +--> ?PR?_PCT_READASICBYTE?BUSCTRL
  +--> ?CO?TW28XX_VIDEO
  +--> ?PR?_PCT_WRITEASICBYTE?BUSCTRL

?PR?_PCT_SETVIDEOHDELAY?TW28XX_VIDEO            -----    -----      -----    -----      00A1H    0008H
  +--> ?CO?TW28XX_VIDEO
BL51 BANKED LINKER/LOCATER V6.05                                                      06/27/2007  08:38:58  PAGE 11


  +--> ?PR?_PCT_WRITEASICBYTE?BUSCTRL

?PR?PCT_VIDEOLASTMODIFY?TW28XX_VIDEO            -----    -----      002AH    0001H      -----    -----
  +--> ?CO?TW28XX_VIDEO
  +--> ?PR?_PCT_WINPOPUPCTRL?TW28XX_VIDEO
  +--> ?PR?_PCT_WRITESTABLE?BUSCTRL

?PR?_PCT_WINPOPUPCTRL?TW28XX_VIDEO              -----    -----      -----    -----      00A1H    0001H
  +--> ?CO?TW28XX_VIDEO
  +--> ?PR?_PCT_READASICBYTE?BUSCTRL
  +--> ?PR?_PCT_WRITEASICBYTE?BUSCTRL

?PR?_PCT_CHECKVMIXTYPE?COMMANDSHELL             -----    -----      002AH    0001H      -----    -----

?PR?_PCT_DISSHOWOSDPAGE?OSDCTRL                 -----    -----      -----    -----      00A1H    0001H
  +--> ?PR?_PCT_READASICBYTE?BUSCTRL
  +--> ?PR?_PCT_WRITEASICBYTE?BUSCTRL

?PR?_PCT_CLEAROSDPAGEX?OSDCTRL                  -----    -----      -----    -----      -----    -----
  +--> ?PR?_PCT_SETOSDDRAWPAGE?OSDCTRL
  +--> ?PR?_PCT_PRESETBACKGROUNDCOLOR?OSDCTRL
  +--> ?PR?_PCT_FULLCOLORONOSD?OSDCTRL

?PR?PCT_SHOWMODEICON?OSDACTION_                 -----    -----      -----    -----      -----    -----
  +--> ?PR?_PCT_SETOSDDRAWPAGE?OSDCTRL
  +--> ?PR?_PCT_PRESETBACKGROUNDCOLOR?OSDCTRL
  +--> ?PR?_PCT_PRESETFOREGROUNDCOLOR?OSDCTRL
  +--> ?CO?OSDACTION_
  +--> ?PR?_PCT_SHOWGRAPHSTRING?OSD_GRAPH

?PR?_PCT_SHOWGRAPHSTRING?OSD_GRAPH              -----    -----      -----    -----      00A4H    0007H
  +--> ?PR?_STRLEN?STRLEN
  +--> ?PR?_PCT_OSD16X16GRAPHX?OSD_GRAPH
  +--> ?PR?PTC_SWITCHTOI2CMODE?BUSCTRL

?PR?_PCT_OSD16X16GRAPHX?OSD_GRAPH               -----    -----      -----    -----      00ABH    000BH
  +--> ?CO?OSD_GRAPH
  +--> ?PR?_PCT_WRITEASICBYTE?BUSCTRL
  +--> ?PR?_PCT_READASICBYTE?BUSCTRL

?PR?_PCT_OSD_ACTIONPTHX?OSDACTION_              -----    -----      -----    -----      00A1H    0003H
  +--> ?PR?_PCT_PRESETFOREGROUNDCOLOR?OSDCTRL
  +--> ?PR?_PCT_PRESETBACKGROUNDCOLOR?OSDCTRL
  +--> ?CO?OSDACTION_
  +--> ?PR?_PCT_SHOWGRAPHSTRING?OSD_GRAPH

?PR?_MONIHSCOMMSJMODE?COMMANDSHELL              -----    -----      -----    -----      -----    -----
  +--> ?CO?COMMANDSHELL
  +--> ?PR?SCANF?SCANF

?PR?MONIHSCOMMDISSCROLL?COMMANDSHELL            -----    -----      -----    -----      -----    -----
  +--> ?PR?_PCT_ENSHOWOSDPAGE?OSDCTRL

?PR?MONIHSCOMMVERSION?COMMANDSHELL              -----    -----      -----    -----      -----    -----
  +--> ?CO?COMMANDSHELL
  +--> ?PR?_RS_TX?UART

BL51 BANKED LINKER/LOCATER V6.05                                                      06/27/2007  08:38:58  PAGE 12


?PR?PCT_CHECKSYSTEM?COMMANDSHELL                -----    -----      -----    -----      -----    -----
  +--> ?PR?_PCT_DETECTVIDEOFORMAT?TW28XX_VIDEO
  +--> ?PR?_PCT_ENSHOWOSDPAGE?OSDCTRL
  +--> ?PR?_PCT_CHANGESYSTEMTYPE?TW2835_INIT
  +--> ?PR?_PCT_RECOMPENSEYHDELAY?TW28XX_VIDEO
  +--> ?PR?_PCT_SETVIDEOHDELAY?TW28XX_VIDEO
  +--> ?PR?_PCT_SETXVIDEOMIXING?TW28XX_VIDEO
  +--> ?PR?PCT_VIDEOLASTMODIFY?TW28XX_VIDEO
  +--> ?PR?_PCT_CLEAROSDPAGEX?OSDCTRL
  +--> ?PR?PCT_SHOWMODEICON?OSDACTION_
  +--> ?PR?_PCT_OSD_ACTIONPTHX?OSDACTION_
  +--> ?PR?PCT_OSDACTIONFORHS?OSDACTION_

?PR?_PCT_CHANGESYSTEMTYPE?TW2835_INIT           -----    -----      -----    -----      009BH    0002H
  +--> ?CO?TW2835_INIT
  +--> ?PR?_PCT_WRITEASICTABLE?BUSCTRL

?PR?PCT_OSDACTIONFORHS?OSDACTION_               -----    -----      -----    -----      -----    -----
  +--> ?PR?_PCT_SETOSDDRAWPAGE?OSDCTRL
  +--> ?PR?_PCT_SHOWMIRRORICON?OSDACTION_
  +--> ?PR?_PCT_SHOWSPEAKICON?OSDACTION_
  +--> ?PR?_PCT_SHOWINDICATEICON?OSDACTION_
  +--> ?PR?PCT_ENFALSHVLOSS?OSDACTION_
  +--> ?PR?_PCT_ENSHOWOSDPAGE?OSDCTRL

?PR?_PCT_SHOWMIRRORICON?OSDACTION_              -----    -----      -----    -----      009BH    0003H
  +--> ?PR?_PCT_PRESETFOREGROUNDCOLOR?OSDCTRL
  +--> ?CO?OSDACTION_
  +--> ?PR?_PCT_SHOWGRAPHSTRING?OSD_GRAPH
  +--> ?PR?_PCT_CLEARWORDSPATHX?OSDCTRL

?PR?_PCT_CLEARWORDSPATHX?OSDCTRL                -----    -----      -----    -----      009EH    0007H
  +--> ?PR?_PCT_WRITEASICBYTE?BUSCTRL
  +--> ?PR?_PCT_READASICBYTE?BUSCTRL

?PR?_PCT_SHOWSPEAKICON?OSDACTION_               -----    -----      -----    -----      009BH    0003H
  +--> ?PR?_PCT_PRESETFOREGROUNDCOLOR?OSDCTRL
  +--> ?CO?OSDACTION_
  +--> ?PR?_PCT_SHOWGRAPHSTRING?OSD_GRAPH
  +--> ?PR?_PCT_CLEARWORDSPATHX?OSDCTRL

?PR?_PCT_SHOWINDICATEICON?OSDACTION_            -----    -----      0025H    0001H      009BH    0003H
  +--> ?PR?_PCT_PRESETFOREGROUNDCOLOR?OSDCTRL
  +--> ?CO?OSDACTION_
  +--> ?PR?_PCT_SHOWGRAPHSTRING?OSD_GRAPH
  +--> ?PR?_PCT_CLEARWORDSPATHX?OSDCTRL

?PR?PCT_AUDIOACTIONFORHS?COMMANDSHELL           -----    -----      0025H    0002H      -----    -----
  +--> ?PR?_PCT_AUDIOSELLIVE?TW28XX_AUDIO
  +--> ?PR?_PCT_AUDIOMIXMUTE?TW28XX_AUDIO

?PR?PCT_GETVIDEOSIGNALSTATUS?OSDACTION_         -----    -----      -----    -----      -----    -----
  +--> ?PR?_PCT_READASICBYTE?BUSCTRL
  +--> ?PR?_PCT_PRESETFOREGROUNDCOLOR?OSDCTRL
  +--> ?PR?_PCT_PRESETGRAPHATTR?OSD_GRAPH
  +--> ?PR?PCT_SHOWVLOSS?OSDACTION_
  +--> ?PR?PCT_CLEARGRAPHATTR?OSD_GRAPH
BL51 BANKED LINKER/LOCATER V6.05                                                      06/27/2007  08:38:58  PAGE 13



?PR?PCT_SHOWVLOSS?OSDACTION_                    -----    -----      0025H    0001H      -----    -----
  +--> ?CO?OSDACTION_
  +--> ?PR?_PCT_SHOWGRAPHSTRING?OSD_GRAPH
  +--> ?PR?_PCT_CLEARWORDSPATHX?OSDCTRL



SYMBOL TABLE OF MODULE:  .\OBJ\TW2835 Ver33 (?C_STARTUP)

  VALUE           TYPE          NAME
  ----------------------------------

  -------         MODULE        ?C_STARTUP
  C:80BDH         SEGMENT       ?C_C51STARTUP
  I:0036H         SEGMENT       ?STACK
  C:0000H         PUBLIC        ?C_STARTUP
  D:00E0H         SYMBOL        ACC
  D:00F0H         SYMBOL        B
  D:0083H         SYMBOL        DPH
  D:0082H         SYMBOL        DPL
  N:0000H         SYMBOL        IBPSTACK
  N:0100H         SYMBOL        IBPSTACKTOP
  N:0080H         SYMBOL        IDATALEN
  C:80C0H         SYMBOL        IDATALOOP
  N:0000H         SYMBOL        PBPSTACK
  N:0100H         SYMBOL        PBPSTACKTOP
  N:0000H         SYMBOL        PDATALEN
  N:0000H         SYMBOL        PDATASTART
  N:0000H         SYMBOL        PPAGE
  N:0000H         SYMBOL        PPAGEENABLE
  D:00A0H         SYMBOL        PPAGE_SFR
  D:0081H         SYMBOL        SP
  C:80BDH         SYMBOL        STARTUP1
  N:0000H         SYMBOL        XBPSTACK
  N:0000H         SYMBOL        XBPSTACKTOP
  N:0000H         SYMBOL        XDATALEN
  N:0000H         SYMBOL        XDATASTART
  C:0000H         LINE#         126
  C:80BDH         LINE#         133
  C:80BFH         LINE#         134
  C:80C0H         LINE#         135
  C:80C1H         LINE#         136
  C:80C3H         LINE#         185
  C:80C6H         LINE#         196
  -------         ENDMOD        ?C_STARTUP

  -------         MODULE        UART
  C:0000H         SYMBOL        _ICE_DUMMY_
  D:0090H         PUBLIC        P1
  D:00B0H         PUBLIC        P3
  C:8FC2H         PUBLIC        InitialUART
  D:00A8H         PUBLIC        IE
  X:0000H         PUBLIC        RS_RECVBUF
  B:00A8H.4       PUBLIC        ES
  D:00B8H         PUBLIC        IP
  B:0098H.0       PUBLIC        RI
BL51 BANKED LINKER/LOCATER V6.05                                                      06/27/2007  08:38:58  PAGE 14


  B:0098H.1       PUBLIC        TI
  B:00B8H.4       PUBLIC        PS
  D:00D8H         PUBLIC        CCON
  D:0099H         PUBLIC        SBUF
  D:00C0H         PUBLIC        WDTC
  D:0098H         PUBLIC        SCON
  D:0088H         PUBLIC        TCON
  C:8FD2H         PUBLIC        RS_RxReady
  D:008DH         PUBLIC        TH1
  D:00E8H         PUBLIC        IEA
  X:0050H         PUBLIC        RsRxRp
  B:0088H.6       PUBLIC        TR1
  X:0051H         PUBLIC        RsRxWp
  D:00F8H         PUBLIC        IPA
  D:00C8H         PUBLIC        T2CON
  C:8EFEH         PUBLIC        RS_rx
  C:0003H         PUBLIC        _RS_tx
  C:86ECH         PUBLIC        RS_interrupt
  D:00D0H         PUBLIC        PSW
  -------         PROC          INITIALUART
  C:8FC2H         LINE#         68
  C:8FC2H         LINE#         69
  C:8FC2H         LINE#         71
  C:8FC4H         LINE#         72
  C:8FC6H         LINE#         78
  C:8FC9H         LINE#         80
  C:8FCBH         LINE#         82
  C:8FCFH         LINE#         83
  C:8FD1H         LINE#         84
  -------         ENDPROC       INITIALUART
  -------         PROC          RS_RXREADY
  C:8FD2H         LINE#         90
  C:8FD2H         LINE#         91
  C:8FD2H         LINE#         92
  C:8FDEH         LINE#         93
  C:8FE0H         LINE#         94
  -------         ENDPROC       RS_RXREADY
  -------         PROC          RS_RX
  -------         DO            
  D:0007H         SYMBOL        ret
  -------         ENDDO         
  C:8EFEH         LINE#         100
  C:8EFEH         LINE#         101
  C:8EFEH         LINE#         104
  C:8F00H         LINE#         105
  C:8F08H         LINE#         106
  C:8F0DH         LINE#         107
  C:8F13H         LINE#         108
  C:8F15H         LINE#         109
  C:8F17H         LINE#         111
  C:8F17H         LINE#         112
  -------         ENDPROC       RS_RX
  -------         PROC          _RS_TX
  D:0007H         SYMBOL        tx_buf
  C:0003H         LINE#         118
  C:0003H         LINE#         119
  C:0003H         LINE#         120
BL51 BANKED LINKER/LOCATER V6.05                                                      06/27/2007  08:38:58  PAGE 15


  C:0003H         LINE#         121
  C:0006H         LINE#         122
  C:0008H         LINE#         123
  C:000AH         LINE#         124
  C:000AH         LINE#         125
  C:000AH         LINE#         126
  C:000AH         LINE#         127
  -------         ENDPROC       _RS_TX
  -------         PROC          RS_INTERRUPT
  C:86ECH         LINE#         134
  C:86F3H         LINE#         136
  C:86F6H         LINE#         137
  C:86F8H         LINE#         139
  C:8710H         LINE#         140
  C:871CH         LINE#         141
  C:8726H         LINE#         143
  C:872FH         LINE#         144
  C:8734H         LINE#         145
  C:873CH         LINE#         146
  C:873CH         LINE#         147
  -------         ENDPROC       RS_INTERRUPT
  -------         ENDMOD        UART

  -------         MODULE        BUSCTRL
  C:0000H         SYMBOL        _ICE_DUMMY_
  D:0080H         PUBLIC        P0
  D:0090H         PUBLIC        P1
  D:00B0H         PUBLIC        P3
  B:00A8H.7       PUBLIC        EA
  D:00A8H         PUBLIC        IE
  C:8480H         PUBLIC        _PCT_WriteSTable
  D:00B8H         PUBLIC        IP
  B:0090H.3       PUBLIC        HALE
  B:0090H.2       PUBLIC        HRDB
  D:00D8H         PUBLIC        CCON
  D:00C0H         PUBLIC        WDTC
  B:0090H.1       PUBLIC        HWRB
  D:0098H         PUBLIC        SCON
  D:0088H         PUBLIC        TCON
  C:8536H         PUBLIC        _PCT_WriteAsicTable
  C:9056H         PUBLIC        PTC_SwitchToI2CMode
  D:00E8H         PUBLIC        IEA
  B:00B0H.6       PUBLIC        HCSB0
  B:00B0H.7       PUBLIC        HCSB1
  D:00F8H         PUBLIC        IPA
  C:8B52H         PUBLIC        _PCT_ReadAsicByte
  D:00C8H         PUBLIC        T2CON
  C:8B14H         PUBLIC        _PCT_WriteAsicByte
  D:00D0H         PUBLIC        PSW
  -------         PROC          _PCT_WRITEASICBYTE
  D:0007H         SYMBOL        _dvc
  D:0005H         SYMBOL        _pg
  D:0003H         SYMBOL        _addr
  X:00D4H         SYMBOL        _wdat
  C:8B14H         LINE#         63
  C:8B14H         LINE#         64
  C:8B14H         LINE#         65
BL51 BANKED LINKER/LOCATER V6.05                                                      06/27/2007  08:38:58  PAGE 16


  C:8B14H         LINE#         67
  C:8B16H         LINE#         69
  C:8B19H         LINE#         71
  C:8B22H         LINE#         72
  C:8B2CH         LINE#         73
  C:8B34H         LINE#         74
  C:8B38H         LINE#         75
  C:8B3AH         LINE#         76
  C:8B3CH         LINE#         77
  C:8B41H         LINE#         78
  C:8B43H         LINE#         79
  C:8B45H         LINE#         81
  C:8B48H         LINE#         82
  C:8B4AH         LINE#         83
  C:8B4CH         LINE#         84
  C:8B4FH         LINE#         85
  C:8B51H         LINE#         86
  -------         ENDPROC       _PCT_WRITEASICBYTE
  -------         PROC          _PCT_WRITEASICTABLE
  D:0007H         SYMBOL        _dvc
  D:0005H         SYMBOL        _pg
  D:0006H         SYMBOL        _addr
  X:00A6H         SYMBOL        _tbl_ptr
  X:00A9H         SYMBOL        _tbl_cnt
  C:8536H         LINE#         92
  C:8538H         LINE#         93
  C:8538H         LINE#         94
  C:8538H         LINE#         96
  C:853AH         LINE#         98
  C:853DH         LINE#         100
  C:8546H         LINE#         101
  C:8550H         LINE#         102
  C:8558H         LINE#         104
  C:8558H         LINE#         105
  C:855DH         LINE#         106
  C:855FH         LINE#         107
  C:8561H         LINE#         109
  C:8577H         LINE#         110
  C:8579H         LINE#         111
  C:857BH         LINE#         112
  C:8582H         LINE#         114
  C:8585H         LINE#         115
  C:8587H         LINE#         116
  C:8589H         LINE#         117
  C:858CH         LINE#         118
  C:858EH         LINE#         119
  -------         ENDPROC       _PCT_WRITEASICTABLE
  -------         PROC          _PCT_READASICBYTE
  D:0007H         SYMBOL        _dvc
  D:0005H         SYMBOL        _pg
  D:0003H         SYMBOL        _addr
  -------         DO            
  D:0007H         SYMBOL        _rdat_
  -------         ENDDO         
  C:8B52H         LINE#         125
  C:8B52H         LINE#         126
  C:8B52H         LINE#         129
BL51 BANKED LINKER/LOCATER V6.05                                                      06/27/2007  08:38:58  PAGE 17


  C:8B54H         LINE#         131
  C:8B57H         LINE#         133
  C:8B57H         LINE#         134
  C:8B60H         LINE#         135
  C:8B6AH         LINE#         136
  C:8B72H         LINE#         138
  C:8B76H         LINE#         139
  C:8B78H         LINE#         140
  C:8B7AH         LINE#         141
  C:8B7DH         LINE#         142
  C:8B7FH         LINE#         143
  C:8B81H         LINE#         144
  C:8B83H         LINE#         146
  C:8B86H         LINE#         147
  C:8B88H         LINE#         148
  C:8B8AH         LINE#         149
  C:8B8CH         LINE#         150
  C:8B8CH         LINE#         151
  -------         ENDPROC       _PCT_READASICBYTE
  -------         PROC          _PCT_WRITESTABLE
  D:0007H         SYMBOL        _dvc
  X:00A8H         SYMBOL        _tbl_ptr
  C:8480H         LINE#         158
  C:848AH         LINE#         159
  C:848AH         LINE#         163
  C:848AH         LINE#         164
  C:849FH         LINE#         165
  C:84CDH         LINE#         166
  C:84D8H         LINE#         167
  C:84DAH         LINE#         168
  -------         ENDPROC       _PCT_WRITESTABLE
  -------         PROC          PTC_SWITCHTOI2CMODE
  C:9056H         LINE#         174
  C:9056H         LINE#         175
  C:9056H         LINE#         185
  -------         ENDPROC       PTC_SWITCHTOI2CMODE
  -------         ENDMOD        BUSCTRL

  -------         MODULE        COMMANDSHELL
  C:0000H         SYMBOL        _ICE_DUMMY_
  D:0090H         PUBLIC        P1
  D:00B0H         PUBLIC        P3
  C:8EE2H         PUBLIC        _MoniHSCommSJmode
  C:8C35H         PUBLIC        MoniVideoAutoDetect
  C:5D12H         PUBLIC        _PCT_RunCommShell
  C:5FEBH         PUBLIC        _MoniAudioGain
  D:00A8H         PUBLIC        IE
  C:8A0DH         PUBLIC        _MoniReadOneBuffer
  D:00B8H         PUBLIC        IP
  C:8E87H         PUBLIC        _MoniYVideoMix
  X:0052H         PUBLIC        sysdat
  C:8E43H         PUBLIC        _MoniAudioLive
  D:00D8H         PUBLIC        CCON
  C:8FE1H         PUBLIC        PCT_SendACK
  C:8AD5H         PUBLIC        _MoniWriteOneBuffer
  C:8FF0H         PUBLIC        MoniAudioMute
  C:8F9CH         PUBLIC        MoniHSCommVersion
BL51 BANKED LINKER/LOCATER V6.05                                                      06/27/2007  08:38:58  PAGE 18


  C:64AEH         PUBLIC        _MoniSetVideoFormat
  C:87E9H         PUBLIC        _MoniReadAsicByte
  C:7CCAH         PUBLIC        _PCT_GetFirstStr
  C:82CFH         PUBLIC        PCT_CheckSystem
  D:00C0H         PUBLIC        WDTC
  D:0098H         PUBLIC        SCON
  D:0088H         PUBLIC        TCON
  C:84DBH         PUBLIC        _MoniWriteAsicByte
  C:7069H         PUBLIC        _MoniHSComm
  X:0063H         PUBLIC        msg
  D:00E8H         PUBLIC        IEA
  C:8896H         PUBLIC        _PCT_StrToCommCode
  C:88DEH         PUBLIC        _PCT_CheckVMixType
  C:9038H         PUBLIC        MoniHSCommDisScroll
  D:00F8H         PUBLIC        IPA
  C:8149H         PUBLIC        _MoniShowSODStr
  C:6AC7H         PUBLIC        _MoniVideoMixAttr
  C:8B8DH         PUBLIC        PCT_AudioActionForHS
  D:00C8H         PUBLIC        T2CON
  C:81D7H         PUBLIC        _MoniVideoMixWin
  C:858FH         PUBLIC        _MoniReadPageBuffer
  C:897DH         PUBLIC        MoniRegisterDump
  D:00D0H         PUBLIC        PSW
  C:5723H         PUBLIC        _MoniAudioMixing
  C:7CB7H         SYMBOL        L?0229
  -------         PROC          L?0228
  -------         ENDPROC       L?0228
  C:7CB7H         SYMBOL        L?0229
  -------         PROC          _PCT_GETFIRSTSTR
  X:00A7H         SYMBOL        tagStr
  X:00AAH         SYMBOL        sourceStr
  C:7CCAH         LINE#         84
  C:7CD4H         LINE#         85
  C:7CD4H         LINE#         86
  C:7CE7H         LINE#         87
  C:7D10H         LINE#         88
  C:7D30H         LINE#         89
  C:7D32H         LINE#         90
  C:7D32H         LINE#         91
  C:7D46H         LINE#         92
  C:7D4AH         LINE#         93
  C:7D5EH         LINE#         94
  C:7D61H         LINE#         95
  C:7D64H         LINE#         96
  C:7D67H         LINE#         97
  C:7D7BH         LINE#         98
  -------         ENDPROC       _PCT_GETFIRSTSTR
  -------         PROC          L?0231
  -------         ENDPROC       L?0231
  -------         PROC          _PCT_STRTOCOMMCODE
  X:00A7H         SYMBOL        Str
  -------         DO            
  D:0031H         SYMBOL        ret
  -------         ENDDO         
  C:8896H         LINE#         105
  C:88A0H         LINE#         106
  C:88A0H         LINE#         107
BL51 BANKED LINKER/LOCATER V6.05                                                      06/27/2007  08:38:58  PAGE 19


  C:88A5H         LINE#         109
  C:88D9H         LINE#         110
  C:88DDH         LINE#         111
  -------         ENDPROC       _PCT_STRTOCOMMCODE
  -------         PROC          PCT_SENDACK
  C:8FE1H         LINE#         117
  C:8FE1H         LINE#         118
  C:8FE1H         LINE#         119
  C:8FE6H         LINE#         120
  C:8FEBH         LINE#         121
  -------         ENDPROC       PCT_SENDACK
  -------         PROC          _PCT_CHECKVMIXTYPE
  D:0007H         SYMBOL        _typ
  -------         DO            
  D:002AH         SYMBOL        tmplktp
  -------         ENDDO         
  C:88DEH         LINE#         134
  C:88DEH         LINE#         135
  C:88DEH         LINE#         136
  C:88E1H         LINE#         138
  C:88EAH         LINE#         139
  C:88F6H         LINE#         140
  C:8901H         LINE#         141
  C:890EH         LINE#         143
  C:891AH         LINE#         144
  C:891FH         LINE#         146
  C:891FH         LINE#         147
  C:8924H         LINE#         148
  C:8929H         LINE#         149
  C:892DH         LINE#         150
  -------         ENDPROC       _PCT_CHECKVMIXTYPE
  -------         PROC          _MONIREADPAGEBUFFER
  D:0001H         SYMBOL        szParam
  -------         DO            
  D:0027H         SYMBOL        page
  D:0028H         SYMBOL        start
  D:0029H         SYMBOL        end
  -------         ENDDO         
  C:858FH         LINE#         161
  C:858FH         LINE#         162
  C:858FH         LINE#         165
  C:85C0H         LINE#         167
  C:85C0H         LINE#         168
  C:85DFH         LINE#         169
  C:85E1H         LINE#         170
  C:85E6H         LINE#         171
  -------         ENDPROC       _MONIREADPAGEBUFFER
  -------         PROC          _MONIREADONEBUFFER
  D:0001H         SYMBOL        szParam
  -------         DO            
  D:0027H         SYMBOL        page
  D:0028H         SYMBOL        addr
  -------         ENDDO         
  C:8A0DH         LINE#         177
  C:8A0DH         LINE#         178
  C:8A0DH         LINE#         181
  C:8A33H         LINE#         183
BL51 BANKED LINKER/LOCATER V6.05                                                      06/27/2007  08:38:58  PAGE 20


  -------         ENDPROC       _MONIREADONEBUFFER
  -------         PROC          _MONIWRITEONEBUFFER
  D:0001H         SYMBOL        szParam
  -------         DO            
  D:0027H         SYMBOL        page
  D:0028H         SYMBOL        addr
  D:0029H         SYMBOL        dat
  -------         ENDDO         
  C:8AD5H         LINE#         190
  C:8AD5H         LINE#         191
  C:8AD5H         LINE#         194
  C:8B06H         LINE#         195
  -------         ENDPROC       _MONIWRITEONEBUFFER
  -------         PROC          _MONIWRITEASICBYTE
  D:0001H         SYMBOL        szParam
  -------         DO            
  D:0027H         SYMBOL        _dev
  D:0028H         SYMBOL        _pg
  D:0029H         SYMBOL        _addr
  D:002AH         SYMBOL        _wdat
  -------         ENDDO         
  C:84DBH         LINE#         202
  C:84DBH         LINE#         203
  C:84DBH         LINE#         204
  C:84DEH         LINE#         205
  C:84E0H         LINE#         206
  C:84E2H         LINE#         207
  C:84E4H         LINE#         209
  C:8528H         LINE#         210
  -------         ENDPROC       _MONIWRITEASICBYTE
  -------         PROC          _MONIREADASICBYTE
  D:0001H         SYMBOL        szParam
  -------         DO            
  D:0027H         SYMBOL        _dev
  D:0028H         SYMBOL        _pg
  D:0029H         SYMBOL        _addr
  D:002AH         SYMBOL        _rdat
  -------         ENDDO         
  C:87E9H         LINE#         217
  C:87E9H         LINE#         218
  C:87E9H         LINE#         219
  C:87ECH         LINE#         220
  C:87EEH         LINE#         221
  C:87F0H         LINE#         222
  C:87F2H         LINE#         224
  C:8823H         LINE#         225
  C:882EH         LINE#         226
  -------         ENDPROC       _MONIREADASICBYTE
  -------         PROC          _MONIAUDIOMIXING
  X:00A1H         SYMBOL        szParam
  -------         DO            
  D:0027H         SYMBOL        selch0
  D:0028H         SYMBOL        selch1
  D:0029H         SYMBOL        selch2
  D:002AH         SYMBOL        selch3
  D:002BH         SYMBOL        selch4
  D:002CH         SYMBOL        valch0
BL51 BANKED LINKER/LOCATER V6.05                                                      06/27/2007  08:38:58  PAGE 21


  D:002DH         SYMBOL        valch1
  D:002EH         SYMBOL        valch2
  D:002FH         SYMBOL        valch3
  D:0030H         SYMBOL        valch4
  X:00A4H         SYMBOL        getStr
  C:5D0DH         SYMBOL        chaddr
  -------         ENDDO         
  C:5723H         LINE#         234
  C:572DH         LINE#         235
  C:572DH         LINE#         246
  C:5743H         LINE#         248
  C:574BH         LINE#         254
  C:577CH         LINE#         255
  C:577CH         LINE#         256
  C:57ACH         LINE#         257
  C:57B5H         LINE#         258
  C:57BBH         LINE#         259
  C:57BEH         LINE#         261
  C:57BEH         LINE#         262
  C:5804H         LINE#         264
  C:580DH         LINE#         265
  C:5816H         LINE#         266
  C:5821H         LINE#         267
  C:5824H         LINE#         269
  C:5824H         LINE#         270
  C:5880H         LINE#         272
  C:5889H         LINE#         273
  C:5892H         LINE#         274
  C:589BH         LINE#         275
  C:58ABH         LINE#         276
  C:58AEH         LINE#         278
  C:58AEH         LINE#         279
  C:5920H         LINE#         281
  C:5929H         LINE#         282
  C:5932H         LINE#         283
  C:593BH         LINE#         284
  C:5944H         LINE#         286
  C:5959H         LINE#         287
  C:595CH         LINE#         289
  C:595CH         LINE#         290
  C:59E4H         LINE#         292
  C:59EDH         LINE#         293
  C:59F6H         LINE#         294
  C:59FFH         LINE#         295
  C:5A08H         LINE#         296
  C:5A11H         LINE#         298
  C:5A33H         LINE#         299
  C:5A33H         LINE#         301
  C:5A33H         LINE#         302
  C:5A33H         LINE#         303
  C:5A33H         LINE#         304
  -------         ENDPROC       _MONIAUDIOMIXING
  -------         PROC          MONIAUDIOMUTE
  C:8FF0H         LINE#         311
  C:8FF0H         LINE#         312
  C:8FF0H         LINE#         313
  C:8FF8H         LINE#         318
BL51 BANKED LINKER/LOCATER V6.05                                                      06/27/2007  08:38:58  PAGE 22


  -------         ENDPROC       MONIAUDIOMUTE
  -------         PROC          _MONIAUDIOGAIN
  X:00A1H         SYMBOL        szParam
  -------         DO            
  D:0027H         SYMBOL        selch0
  D:0028H         SYMBOL        selch1
  D:0029H         SYMBOL        selch2
  D:002AH         SYMBOL        selch3
  D:002BH         SYMBOL        selch4
  D:002CH         SYMBOL        ch0val
  D:002DH         SYMBOL        ch1val
  D:002EH         SYMBOL        ch2val
  D:002FH         SYMBOL        ch3val
  D:0030H         SYMBOL        ch4val
  X:00A4H         SYMBOL        getStr
  -------         ENDDO         
  C:5FEBH         LINE#         326
  C:5FF5H         LINE#         327
  C:5FF5H         LINE#         332
  C:600BH         LINE#         334
  C:603CH         LINE#         335
  C:603CH         LINE#         336
  C:606CH         LINE#         337
  C:6070H         LINE#         338
  C:6073H         LINE#         340
  C:6073H         LINE#         341
  C:60B9H         LINE#         343
  C:60C2H         LINE#         344
  C:60C6H         LINE#         345
  C:60C9H         LINE#         347
  C:60C9H         LINE#         348
  C:6125H         LINE#         350
  C:612EH         LINE#         351
  C:6137H         LINE#         352
  C:613BH         LINE#         353
  C:613EH         LINE#         355
  C:613EH         LINE#         356
  C:61B0H         LINE#         358
  C:61B9H         LINE#         359
  C:61C2H         LINE#         360
  C:61CBH         LINE#         361
  C:61CFH         LINE#         362
  C:61D2H         LINE#         364
  C:61D2H         LINE#         365
  C:625AH         LINE#         367
  C:6263H         LINE#         368
  C:626CH         LINE#         369
  C:6275H         LINE#         370
  C:627EH         LINE#         371
  C:6287H         LINE#         372
  C:6287H         LINE#         374
  C:6287H         LINE#         375
  C:6287H         LINE#         376
  C:6287H         LINE#         377
  -------         ENDPROC       _MONIAUDIOGAIN
  -------         PROC          _MONIAUDIOLIVE
  D:0001H         SYMBOL        szParam
BL51 BANKED LINKER/LOCATER V6.05                                                      06/27/2007  08:38:58  PAGE 23


  -------         DO            
  D:0027H         SYMBOL        chan
  -------         ENDDO         
  C:8E43H         LINE#         384
  C:8E43H         LINE#         385
  C:8E43H         LINE#         388
  C:8E5EH         LINE#         390
  -------         ENDPROC       _MONIAUDIOLIVE
  -------         PROC          MONIREGISTERDUMP
  -------         DO            
  D:0027H         SYMBOL        addr
  D:0028H         SYMBOL        page
  -------         ENDDO         
  C:897DH         LINE#         397
  C:897DH         LINE#         398
  C:897DH         LINE#         402
  C:8980H         LINE#         403
  C:898EH         LINE#         404
  C:8991H         LINE#         405
  C:8991H         LINE#         406
  C:89A7H         LINE#         407
  C:89A9H         LINE#         408
  C:89B8H         LINE#         409
  C:89BCH         LINE#         410
  C:89C5H         LINE#         411
  -------         ENDPROC       MONIREGISTERDUMP
  -------         PROC          L?0230
  -------         ENDPROC       L?0230
  -------         PROC          _MONIVIDEOMIXWIN
  D:0001H         SYMBOL        szParam
  -------         DO            
  D:0027H         SYMBOL        chose
  D:0028H         SYMBOL        wintp
  -------         ENDDO         
  C:81D7H         LINE#         417
  C:81D7H         LINE#         418
  C:81D7H         LINE#         421
  C:8239H         LINE#         423
  C:8246H         LINE#         424
  -------         ENDPROC       _MONIVIDEOMIXWIN
  -------         PROC          _MONIVIDEOMIXATTR
  X:00A1H         SYMBOL        szParam
  -------         DO            
  D:0027H         SYMBOL        chose
  D:0029H         SYMBOL        attrsel
  D:002AH         SYMBOL        setval
  D:002BH         SYMBOL        winNm
  D:002FH         SYMBOL        wincnt
  D:0030H         SYMBOL        division
  X:00A4H         SYMBOL        getStr
  -------         ENDDO         
  C:6AC7H         LINE#         434
  C:6AD1H         LINE#         435
  C:6AD1H         LINE#         438
  C:6AD4H         LINE#         442
  C:6AD7H         LINE#         443
  C:6AE6H         LINE#         445
BL51 BANKED LINKER/LOCATER V6.05                                                      06/27/2007  08:38:58  PAGE 24


  C:6AE9H         LINE#         446
  C:6AF2H         LINE#         448
  C:6B03H         LINE#         449
  C:6B06H         LINE#         450
  C:6B06H         LINE#         451
  C:6B1AH         LINE#         452
  C:6B1DH         LINE#         453
  C:6B1DH         LINE#         454
  C:6B31H         LINE#         455
  C:6B34H         LINE#         456
  C:6B34H         LINE#         457
  C:6B47H         LINE#         458
  C:6B4AH         LINE#         459
  C:6B4AH         LINE#         460
  C:6B5DH         LINE#         461
  C:6B60H         LINE#         462
  C:6B60H         LINE#         463
  C:6B73H         LINE#         464
  C:6B76H         LINE#         465
  C:6B76H         LINE#         466
  C:6B89H         LINE#         467
  C:6B8CH         LINE#         468
  C:6B8CH         LINE#         469
  C:6B9FH         LINE#         470
  C:6BA2H         LINE#         471
  C:6BA5H         LINE#         472
  C:6BB9H         LINE#         473
  C:6BBCH         LINE#         474
  C:6BBCH         LINE#         475
  C:6BD0H         LINE#         476
  C:6BD3H         LINE#         477
  C:6BD3H         LINE#         478
  C:6BE6H         LINE#         479
  C:6BE9H         LINE#         480
  C:6BE9H         LINE#         481
  C:6BFCH         LINE#         482
  C:6BFFH         LINE#         483
  C:6BFFH         LINE#         484
  C:6C12H         LINE#         485
  C:6C15H         LINE#         486
  C:6C15H         LINE#         487
  C:6C28H         LINE#         488
  C:6C2BH         LINE#         489
  C:6C2BH         LINE#         490
  C:6C3EH         LINE#         491
  C:6C41H         LINE#         492
  C:6C44H         LINE#         493
  C:6C59H         LINE#         494
  C:6C5CH         LINE#         495
  C:6C5EH         LINE#         496
  C:6C5EH         LINE#         498
  C:6C5EH         LINE#         500
  C:6C64H         LINE#         501
  C:6C86H         LINE#         502
  C:6C86H         LINE#         503
  C:6C97H         LINE#         504
  C:6C99H         LINE#         505
BL51 BANKED LINKER/LOCATER V6.05                                                      06/27/2007  08:38:58  PAGE 25


  C:6C99H         LINE#         506
  C:6C9BH         LINE#         507
  C:6C9FH         LINE#         508
  C:6CA9H         LINE#         509
  C:6CB0H         LINE#         510
  C:6CB0H         LINE#         511
  C:6CB4H         LINE#         512
  -------         ENDPROC       _MONIVIDEOMIXATTR
  -------         PROC          _MONIYVIDEOMIX
  D:0001H         SYMBOL        szParam
  -------         DO            
  D:0027H         SYMBOL        chan
  -------         ENDDO         
  C:8E87H         LINE#         519
  C:8E87H         LINE#         520
  C:8E87H         LINE#         523
  C:8EA2H         LINE#         524
  -------         ENDPROC       _MONIYVIDEOMIX
  -------         PROC          MONIVIDEOAUTODETECT
  C:8C35H         LINE#         531
  C:8C35H         LINE#         532
  C:8C35H         LINE#         533
  -------         ENDPROC       MONIVIDEOAUTODETECT
  -------         PROC          _MONISETVIDEOFORMAT
  X:00A1H         SYMBOL        szParam
  -------         DO            
  D:0027H         SYMBOL        selch0
  D:0028H         SYMBOL        selch1
  D:0029H         SYMBOL        selch2
  D:002AH         SYMBOL        selch3
  D:002BH         SYMBOL        valch0
  D:002CH         SYMBOL        valch1
  D:002DH         SYMBOL        valch2
  D:002EH         SYMBOL        valch3
  X:00A4H         SYMBOL        getStr
  -------         ENDDO         
  C:64AEH         LINE#         545
  C:64B8H         LINE#         546
  C:64B8H         LINE#         551
  C:64CEH         LINE#         553
  C:64F9H         LINE#         554
  C:64F9H         LINE#         555
  C:6529H         LINE#         556
  C:6531H         LINE#         557
  C:6534H         LINE#         559
  C:6534H         LINE#         560
  C:657AH         LINE#         562
  C:6587H         LINE#         563
  C:658FH         LINE#         564
  C:6592H         LINE#         566
  C:6592H         LINE#         567
  C:65EEH         LINE#         569
  C:65FBH         LINE#         570
  C:6608H         LINE#         571
  C:6610H         LINE#         572
  C:6613H         LINE#         574
  C:6613H         LINE#         575
BL51 BANKED LINKER/LOCATER V6.05                                                      06/27/2007  08:38:58  PAGE 26


  C:6685H         LINE#         577
  C:6692H         LINE#         578
  C:669FH         LINE#         579
  C:66ACH         LINE#         580
  C:66B9H         LINE#         581
  C:66B9H         LINE#         583
  C:66B9H         LINE#         584
  C:66B9H         LINE#         585
  C:66B9H         LINE#         586
  -------         ENDPROC       _MONISETVIDEOFORMAT
  -------         PROC          _MONISHOWSODSTR
  X:00A1H         SYMBOL        szParam
  -------         DO            
  D:0027H         SYMBOL        addrx
  D:0028H         SYMBOL        addry
  X:00A4H         SYMBOL        getStr
  -------         ENDDO         
  C:8149H         LINE#         592
  C:8153H         LINE#         593
  C:8153H         LINE#         597
  C:8169H         LINE#         598
  C:8178H         LINE#         599
  C:818EH         LINE#         600
  C:819DH         LINE#         602
  C:81A2H         LINE#         603
  C:81A7H         LINE#         604
  C:81ACH         LINE#         605
  C:81C8H         LINE#         606
  -------         ENDPROC       _MONISHOWSODSTR
  -------         PROC          PCT_AUDIOACTIONFORHS
  -------         DO            
  D:0025H         SYMBOL        winid
  D:0026H         SYMBOL        muteFlage
  -------         ENDDO         
  C:8B8DH         LINE#         613
  C:8B8DH         LINE#         614
  C:8B8DH         LINE#         616
  C:8B90H         LINE#         619
  C:8B93H         LINE#         620
  C:8B9CH         LINE#         621
  C:8BA8H         LINE#         622
  C:8BABH         LINE#         623
  C:8BABH         LINE#         624
  C:8BB4H         LINE#         626
  C:8BB8H         LINE#         628
  C:8BC0H         LINE#         633
  C:8BC7H         LINE#         634
  C:8BC7H         LINE#         636
  -------         ENDPROC       PCT_AUDIOACTIONFORHS
  -------         PROC          _MONIHSCOMM
  D:0001H         SYMBOL        szParam
  -------         DO            
  D:0027H         SYMBOL        winid
  D:0028H         SYMBOL        chose
  D:0029H         SYMBOL        wintp
  -------         ENDDO         
  C:7069H         LINE#         642
BL51 BANKED LINKER/LOCATER V6.05                                                      06/27/2007  08:38:58  PAGE 27


  C:7069H         LINE#         646
  C:70FBH         LINE#         649
  C:7115H         LINE#         652
  C:7121H         LINE#         653
  C:712DH         LINE#         654
  C:7139H         LINE#         655
  C:7145H         LINE#         657
  C:7152H         LINE#         658
  C:715FH         LINE#         659
  C:716CH         LINE#         660
  C:7179H         LINE#         664
  C:7182H         LINE#         665
  C:719CH         LINE#         666
  C:71A9H         LINE#         667
  C:71ACH         LINE#         668
  C:71AFH         LINE#         669
  C:71C8H         LINE#         673
  C:71CDH         LINE#         674
  C:71D2H         LINE#         675
  C:71D7H         LINE#         676
  C:71DEH         LINE#         677
  C:71E3H         LINE#         678
  C:71E8H         LINE#         679
  C:71EBH         LINE#         680
  -------         ENDPROC       _MONIHSCOMM
  -------         PROC          PCT_CHECKSYSTEM
  C:82CFH         LINE#         690
  C:82CFH         LINE#         691
  C:82CFH         LINE#         692
  C:82DAH         LINE#         693
  C:82E3H         LINE#         694
  C:82F2H         LINE#         696
  C:82F7H         LINE#         698
  C:82FEH         LINE#         699
  C:8307H         LINE#         700
  C:8321H         LINE#         701
  C:832EH         LINE#         702
  C:8331H         LINE#         705
  C:8336H         LINE#         706
  C:8339H         LINE#         707
  C:8342H         LINE#         708
  C:8345H         LINE#         710
  -------         ENDPROC       PCT_CHECKSYSTEM
  -------         PROC          _MONIHSCOMMSJMODE
  D:0001H         SYMBOL        szParam
  C:8EE2H         LINE#         717
  C:8EE2H         LINE#         718
  C:8EE2H         LINE#         719
  -------         ENDPROC       _MONIHSCOMMSJMODE
  -------         PROC          MONIHSCOMMDISSCROLL
  C:9038H         LINE#         726
  C:9038H         LINE#         727
  C:9038H         LINE#         728
  -------         ENDPROC       MONIHSCOMMDISSCROLL
  -------         PROC          MONIHSCOMMVERSION
  C:8F9CH         LINE#         735
  C:8F9CH         LINE#         736
BL51 BANKED LINKER/LOCATER V6.05                                                      06/27/2007  08:38:58  PAGE 28


  C:8F9CH         LINE#         737
  C:8FA5H         LINE#         738
  -------         ENDPROC       MONIHSCOMMVERSION
  -------         PROC          _PCT_RUNCOMMSHELL
  X:009BH         SYMBOL        strptr
  -------         DO            
  D:0025H         SYMBOL        commcode
  X:009EH         SYMBOL        getStr
  -------         ENDDO         
  C:5D12H         LINE#         746
  C:5D1CH         LINE#         747
  C:5D1CH         LINE#         752
  C:5D32H         LINE#         754
  C:5D3BH         LINE#         756
  C:5D4CH         LINE#         758
  C:5D59H         LINE#         759
  C:5D6DH         LINE#         761
  C:5D7AH         LINE#         762
  C:5D8EH         LINE#         764
  C:5D9BH         LINE#         765
  C:5DAFH         LINE#         768
  C:5DBCH         LINE#         769
  C:5DD0H         LINE#         772
  C:5DDDH         LINE#         773
  C:5DF1H         LINE#         776
  C:5DFEH         LINE#         777
  C:5E12H         LINE#         780
  C:5E15H         LINE#         781
  C:5E29H         LINE#         784
  C:5E2CH         LINE#         785
  C:5E40H         LINE#         788
  C:5E4DH         LINE#         789
  C:5E61H         LINE#         792
  C:5E6EH         LINE#         793
  C:5E82H         LINE#         796
  C:5E85H         LINE#         797
  C:5E99H         LINE#         800
  C:5E9EH         LINE#         801
  C:5EA1H         LINE#         802
  C:5EA4H         LINE#         803
  C:5EB8H         LINE#         806
  C:5EBBH         LINE#         807
  C:5ECFH         LINE#         810
  C:5EDCH         LINE#         811
  C:5EF0H         LINE#         813
  C:5EF3H         LINE#         815
  C:5F00H         LINE#         816
  C:5F14H         LINE#         819
  C:5F17H         LINE#         820
  C:5F2BH         LINE#         823
  C:5F2EH         LINE#         824
  C:5F42H         LINE#         827
  C:5F4FH         LINE#         828
  C:5F63H         LINE#         831
  C:5F70H         LINE#         833
  C:5F83H         LINE#         834
  C:5F86H         LINE#         836
BL51 BANKED LINKER/LOCATER V6.05                                                      06/27/2007  08:38:58  PAGE 29


  C:5F93H         LINE#         837
  C:5FA6H         LINE#         838
  C:5FA9H         LINE#         840
  C:5FB6H         LINE#         841
  C:5FC9H         LINE#         842
  C:5FCCH         LINE#         844
  C:5FCFH         LINE#         845
  C:5FE2H         LINE#         846
  C:5FE5H         LINE#         848
  C:5FE8H         LINE#         850
  C:5FE8H         LINE#         851
  C:5FE8H         LINE#         854
  C:5FEAH         LINE#         855
  -------         ENDPROC       _PCT_RUNCOMMSHELL
  -------         ENDMOD        COMMANDSHELL

  -------         MODULE        MAIN
  C:0000H         SYMBOL        _ICE_DUMMY_
  C:8BFFH         PUBLIC        _PutsP
  D:0090H         PUBLIC        P1
  D:00B0H         PUBLIC        P3
  B:00A8H.7       PUBLIC        EA
  X:006BH         PUBLIC        RScommand
  D:00A8H         PUBLIC        IE
  D:00B8H         PUBLIC        IP
  B:0098H.1       PUBLIC        TI
  D:00D8H         PUBLIC        CCON
  C:83B5H         PUBLIC        main
  C:8F48H         PUBLIC        ResetCommSell
  D:0020H         PUBLIC        commFlag
  D:0087H         PUBLIC        PCON
  D:00C0H         PUBLIC        WDTC
  D:0098H         PUBLIC        SCON
  D:0089H         PUBLIC        TMOD
  D:0088H         PUBLIC        TCON
  C:9018H         PUBLIC        NewLine
  C:9021H         PUBLIC        _PCT_FlashOSDCtrl
  C:883CH         PUBLIC        CommandShell
  C:8EC5H         PUBLIC        InitialMPU
  B:0020H.0       PUBLIC        comm_chk_flag
  D:00E8H         PUBLIC        IEA
  C:8D51H         PUBLIC        _chkStartCommShell
  C:903DH         PUBLIC        InitialCommShell
  D:00F8H         PUBLIC        IPA
  B:0020H.1       PUBLIC        osd_chk_flag
  D:00C8H         PUBLIC        T2CON
  X:0096H         PUBLIC        _delay
  D:00D0H         PUBLIC        PSW
  -------         PROC          COMMANDSHELL
  -------         DO            
  D:0025H         SYMBOL        ch
  -------         ENDDO         
  C:883CH         LINE#         74
  C:883CH         LINE#         77
  C:8849H         LINE#         78
  C:884EH         LINE#         79
  C:8854H         LINE#         81
BL51 BANKED LINKER/LOCATER V6.05                                                      06/27/2007  08:38:58  PAGE 30


  C:885EH         LINE#         82
  C:885EH         LINE#         83
  C:8866H         LINE#         84
  C:886AH         LINE#         85
  C:8873H         LINE#         86
  C:8879H         LINE#         87
  C:8879H         LINE#         89
  C:8879H         LINE#         90
  C:887EH         LINE#         91
  C:887FH         LINE#         93
  C:887FH         LINE#         94
  C:8888H         LINE#         95
  C:888DH         LINE#         96
  C:888DH         LINE#         97
  C:888DH         LINE#         98
  C:888DH         LINE#         99
  -------         ENDPROC       COMMANDSHELL
  -------         PROC          NEWLINE
  C:9018H         LINE#         105
  C:9018H         LINE#         106
  C:9018H         LINE#         107
  -------         ENDPROC       NEWLINE
  -------         PROC          _PUTSP
  X:009BH         SYMBOL        ptr
  -------         DO            
  D:0025H         SYMBOL        ch
  -------         ENDDO         
  C:8BFFH         LINE#         114
  C:8C09H         LINE#         115
  C:8C09H         LINE#         118
  C:8C18H         LINE#         119
  C:8C2EH         LINE#         120
  C:8C32H         LINE#         121
  C:8C34H         LINE#         122
  -------         ENDPROC       _PUTSP
  -------         PROC          RESETCOMMSELL
  C:8F48H         LINE#         128
  C:8F48H         LINE#         129
  C:8F48H         LINE#         130
  C:8F54H         LINE#         132
  C:8F58H         LINE#         133
  C:8F5AH         LINE#         134
  C:8F5DH         LINE#         135
  -------         ENDPROC       RESETCOMMSELL
  -------         PROC          _PCT_FLASHOSDCTRL
  D:0007H         SYMBOL        _on
  C:9021H         LINE#         141
  C:9021H         LINE#         142
  C:9021H         LINE#         143
  C:9027H         LINE#         144
  C:9029H         LINE#         145
  -------         ENDPROC       _PCT_FLASHOSDCTRL
  -------         PROC          INITIALCOMMSHELL
  C:903DH         LINE#         152
  C:903DH         LINE#         153
  C:903DH         LINE#         154
  C:903FH         LINE#         155
BL51 BANKED LINKER/LOCATER V6.05                                                      06/27/2007  08:38:58  PAGE 31


  C:9041H         LINE#         156
  -------         ENDPROC       INITIALCOMMSHELL
  -------         PROC          _CHKSTARTCOMMSHELL
  X:009BH         SYMBOL        ptr
  C:8D51H         LINE#         162
  C:8D5BH         LINE#         163
  C:8D5BH         LINE#         164
  C:8D5EH         LINE#         165
  C:8D7AH         LINE#         166
  -------         ENDPROC       _CHKSTARTCOMMSHELL
  -------         PROC          MAIN
  -------         DO            
  X:009AH         SYMBOL        Counter
  -------         ENDDO         
  C:83B5H         LINE#         172
  C:83B5H         LINE#         173
  C:83B5H         LINE#         174
  C:83B9H         LINE#         175
  C:83BCH         LINE#         176
  C:83BFH         LINE#         177
  C:83C2H         LINE#         179
  C:83C5H         LINE#         181
  C:83C8H         LINE#         182
  C:83C8H         LINE#         183
  C:83CBH         LINE#         184
  C:83DAH         LINE#         185
  C:83E3H         LINE#         186
  C:83E6H         LINE#         188
  C:83F2H         LINE#         189
  C:83FAH         LINE#         190
  C:83FDH         LINE#         191
  C:8400H         LINE#         192
  C:8405H         LINE#         193
  C:840AH         LINE#         194
  C:840FH         LINE#         195
  C:840FH         LINE#         196
  C:8417H         LINE#         197
  C:841AH         LINE#         198
  C:8420H         LINE#         199
  C:8420H         LINE#         200
  -------         ENDPROC       MAIN
  -------         PROC          INITIALMPU
  C:8EC5H         LINE#         207
  C:8EC5H         LINE#         209
  C:8EC8H         LINE#         210
  C:8ECAH         LINE#         214
  C:8ECCH         LINE#         217
  C:8ECEH         LINE#         218
  C:8ED1H         LINE#         221
  C:8ED3H         LINE#         223
  C:8ED6H         LINE#         228
  C:8ED9H         LINE#         229
  C:8EDCH         LINE#         231
  C:8EDEH         LINE#         232
  C:8EE0H         LINE#         233
  C:8EE1H         LINE#         234
  -------         ENDPROC       INITIALMPU
BL51 BANKED LINKER/LOCATER V6.05                                                      06/27/2007  08:38:58  PAGE 32


  -------         ENDMOD        MAIN

  -------         MODULE        OSD_GRAPH
  C:0000H         SYMBOL        _ICE_DUMMY_
  D:0090H         PUBLIC        P1
  D:00B0H         PUBLIC        P3
  D:00A8H         PUBLIC        IE
  D:00B8H         PUBLIC        IP
  D:00D8H         PUBLIC        CCON
  C:134CH         PUBLIC        GRAPH16_TABLE
  C:9047H         PUBLIC        _PCT_PreSetGraphAttr
  D:00C0H         PUBLIC        WDTC
  D:0098H         PUBLIC        SCON
  D:0088H         PUBLIC        TCON
  C:0026H         PUBLIC        GRAPH_TABLE
  C:68C5H         PUBLIC        _PCT_OSD16x16GraphX
  C:9042H         PUBLIC        PCT_ClearGraphAttr
  D:00E8H         PUBLIC        IEA
  X:0098H         PUBLIC        graphattr
  D:00F8H         PUBLIC        IPA
  C:8346H         PUBLIC        _PCT_ShowGraphString
  D:00C8H         PUBLIC        T2CON
  D:00D0H         PUBLIC        PSW
  -------         PROC          PCT_CLEARGRAPHATTR
  C:9042H         LINE#         73
  C:9042H         LINE#         74
  C:9042H         LINE#         75
  C:9046H         LINE#         76
  -------         ENDPROC       PCT_CLEARGRAPHATTR
  -------         PROC          _PCT_PRESETGRAPHATTR
  D:0007H         SYMBOL        _attribute
  C:9047H         LINE#         82
  C:9047H         LINE#         83
  C:9047H         LINE#         84
  C:904BH         LINE#         86
  -------         ENDPROC       _PCT_PRESETGRAPHATTR
  -------         PROC          _PCT_OSD16X16GRAPHX
  X:00ABH         SYMBOL        _posx
  X:00ACH         SYMBOL        _posy
  D:0003H         SYMBOL        _indx
  -------         DO            
  X:00AEH         SYMBOL        row
  X:00AFH         SYMBOL        column
  X:00B0H         SYMBOL        cntr
  X:00B1H         SYMBOL        cntc
  X:00B2H         SYMBOL        posx
  X:00B3H         SYMBOL        graph
  -------         ENDDO         
  C:68C5H         LINE#         92
  C:68CFH         LINE#         93
  C:68CFH         LINE#         97
  C:68D6H         LINE#         98
  C:68DDH         LINE#         99
  C:68F2H         LINE#         100
[...]
  C:78F1H         LINE#         109
  C:78FBH         LINE#         110
  C:78FBH         LINE#         122
  C:7912H         LINE#         123
  C:7929H         LINE#         124
  C:792EH         LINE#         125
  C:794FH         LINE#         126
  C:7971H         LINE#         127
  C:797CH         LINE#         128
  C:7991H         LINE#         129
  C:79B2H         LINE#         130
  -------         ENDPROC       _PCT_SETCHANELSCALE
  -------         PROC          _PCT_SETVIDEOHDELAY
  D:0007H         SYMBOL        _typ
  X:00A2H         SYMBOL        _winch
  X:00A5H         SYMBOL        _cattr
  -------         DO            
  X:00A8H         SYMBOL        hdelay
  -------         ENDDO         
  C:447DH         LINE#         134
  C:4487H         LINE#         135
  C:4487H         LINE#         138
  C:44B3H         LINE#         139
  C:44B3H         LINE#         140
  C:44B3H         LINE#         141
  C:44BCH         LINE#         142
  C:44D1H         LINE#         143
  C:44E4H         LINE#         144
  C:44EAH         LINE#         146
  C:44ECH         LINE#         147
  C:44EDH         LINE#         148
  C:44F0H         LINE#         150
  C:44F0H         LINE#         151
  C:44F0H         LINE#         152
  C:44F0H         LINE#         154
  C:44F0H         LINE#         155
  C:44F0H         LINE#         157
  C:44F7H         LINE#         158
  C:450DH         LINE#         159
BL51 BANKED LINKER/LOCATER V6.05                                                      06/27/2007  08:38:58  PAGE 59


  C:4530H         LINE#         161
  C:4539H         LINE#         162
  C:4552H         LINE#         163
  C:4562H         LINE#         164
  C:4565H         LINE#         166
  C:4565H         LINE#         167
  C:4565H         LINE#         169
  C:456EH         LINE#         170
  C:4583H         LINE#         171
  C:45A6H         LINE#         173
  C:45ADH         LINE#         174
  C:45C7H         LINE#         175
  C:45EDH         LINE#         177
  C:45F6H         LINE#         178
  C:460FH         LINE#         179
  C:461FH         LINE#         180
  C:4622H         LINE#         182
  C:4622H         LINE#         183
  C:4622H         LINE#         184
  C:4622H         LINE#         186
  C:4622H         LINE#         187
  C:4622H         LINE#         190
  C:4629H         LINE#         191
  C:463FH         LINE#         192
  C:4662H         LINE#         194
  C:466BH         LINE#         195
  C:4684H         LINE#         196
  C:46AAH         LINE#         198
  C:46B3H         LINE#         199
  C:46CCH         LINE#         200
  C:46DCH         LINE#         201
  C:46DFH         LINE#         203
  C:46DFH         LINE#         204
  C:46DFH         LINE#         207
  C:46E6H         LINE#         208
  C:46FCH         LINE#         209
  C:471FH         LINE#         211
  C:4728H         LINE#         212
  C:4741H         LINE#         213
  C:4767H         LINE#         215
  C:476EH         LINE#         216
  C:4788H         LINE#         217
  C:4798H         LINE#         218
  C:479BH         LINE#         220
  C:479BH         LINE#         221
  C:479BH         LINE#         224
  C:47A2H         LINE#         225
  C:47B8H         LINE#         226
  C:47DBH         LINE#         228
  C:47E4H         LINE#         229
  C:47FDH         LINE#         230
  C:4823H         LINE#         232
  C:482AH         LINE#         233
  C:4844H         LINE#         234
  C:486AH         LINE#         236
  C:4873H         LINE#         237
  C:488CH         LINE#         238
BL51 BANKED LINKER/LOCATER V6.05                                                      06/27/2007  08:38:58  PAGE 60


  C:48B2H         LINE#         239
  C:48B2H         LINE#         241
  C:48B2H         LINE#         242
  C:48B2H         LINE#         243
  C:48B2H         LINE#         244
  -------         ENDPROC       _PCT_SETVIDEOHDELAY
  -------         PROC          _PCT_SETXVIDEOMIXING
  X:00A1H         SYMBOL        _typ
  X:00A2H         SYMBOL        _winch
  -------         DO            
  X:00A5H         SYMBOL        wregptr
  -------         ENDDO         
  C:66BAH         LINE#         247
  C:66C7H         LINE#         248
  C:66C7H         LINE#         251
  C:66E4H         LINE#         252
  C:6704H         LINE#         253
  C:6724H         LINE#         254
  C:6744H         LINE#         256
  C:677DH         LINE#         257
  C:677DH         LINE#         258
  C:677DH         LINE#         259
  C:6797H         LINE#         260
  C:67A6H         LINE#         261
  C:67A6H         LINE#         262
  C:67A9H         LINE#         264
  C:67A9H         LINE#         265
  C:67A9H         LINE#         266
  C:67A9H         LINE#         267
  C:67A9H         LINE#         268
  C:67C3H         LINE#         269
  C:67C6H         LINE#         271
  C:67C9H         LINE#         272
  C:67DCH         LINE#         273
  C:67DCH         LINE#         274
  C:67DFH         LINE#         276
  C:67DFH         LINE#         277
  C:67DFH         LINE#         278
  C:67DFH         LINE#         279
  C:67DFH         LINE#         280
  C:67DFH         LINE#         281
  C:67DFH         LINE#         282
  C:67DFH         LINE#         283
  C:67DFH         LINE#         284
  C:67F9H         LINE#         285
  C:67FCH         LINE#         287
  C:67FFH         LINE#         288
  C:6822H         LINE#         289
  C:6845H         LINE#         290
  C:6850H         LINE#         291
  C:6853H         LINE#         293
  C:6853H         LINE#         294
  C:6853H         LINE#         295
  C:686CH         LINE#         296
  C:686FH         LINE#         297
  C:6884H         LINE#         298
  C:689AH         LINE#         299
BL51 BANKED LINKER/LOCATER V6.05                                                      06/27/2007  08:38:58  PAGE 61


  C:68B0H         LINE#         300
  C:68C4H         LINE#         301
  C:68C4H         LINE#         303
  C:68C4H         LINE#         304
  C:68C4H         LINE#         305
  C:68C4H         LINE#         306
  -------         ENDPROC       _PCT_SETXVIDEOMIXING
  -------         PROC          _PCT_SETYVIDEOMIXING
  D:0007H         SYMBOL        _typ
  C:8F74H         LINE#         312
  C:8F74H         LINE#         313
  C:8F74H         LINE#         314
  -------         ENDPROC       _PCT_SETYVIDEOMIXING
  -------         PROC          _PCT_RECOMPENSEYHDELAY
  X:00A1H         SYMBOL        _chmiro
  C:74F2H         LINE#         318
  C:74FCH         LINE#         319
  C:74FCH         LINE#         320
  C:7529H         LINE#         321
  C:7529H         LINE#         323
  C:754EH         LINE#         324
  C:7576H         LINE#         325
  C:759EH         LINE#         326
  C:75BAH         LINE#         327
  C:75BDH         LINE#         329
  C:75BDH         LINE#         330
  C:75DCH         LINE#         331
  C:75DEH         LINE#         333
  C:75DEH         LINE#         334
  C:7600H         LINE#         335
  C:7602H         LINE#         337
  C:7602H         LINE#         338
  C:7624H         LINE#         339
  C:7626H         LINE#         341
  C:7626H         LINE#         342
  C:764EH         LINE#         343
  C:764EH         LINE#         344
  C:764EH         LINE#         345
  -------         ENDPROC       _PCT_RECOMPENSEYHDELAY
  -------         PROC          PCT_VIDEOLASTMODIFY
  -------         DO            
  D:002AH         SYMBOL        state
  -------         ENDDO         
  C:8250H         LINE#         351
  C:8250H         LINE#         352
  C:8250H         LINE#         353
  C:8253H         LINE#         355
  C:825CH         LINE#         356
  C:8267H         LINE#         357
  C:8274H         LINE#         358
  C:8281H         LINE#         360
  C:82A1H         LINE#         361
  C:82A1H         LINE#         362
  C:82A1H         LINE#         363
  C:82A7H         LINE#         364
  C:82A9H         LINE#         366
  C:82A9H         LINE#         367
BL51 BANKED LINKER/LOCATER V6.05                                                      06/27/2007  08:38:58  PAGE 62


  C:82A9H         LINE#         368
  C:82AFH         LINE#         369
  C:82B1H         LINE#         371
  C:82B1H         LINE#         372
  C:82B1H         LINE#         373
  C:82B6H         LINE#         374
  C:82BCH         LINE#         375
  C:82BEH         LINE#         376
  C:82BEH         LINE#         377
  C:82BEH         LINE#         378
  C:82C3H         LINE#         379
  C:82CEH         LINE#         380
  C:82CEH         LINE#         381
  C:82CEH         LINE#         382
  -------         ENDPROC       PCT_VIDEOLASTMODIFY
  -------         PROC          _PCT_WINATTRCTRL
  X:00A7H         SYMBOL        _wid
  X:00A8H         SYMBOL        _attrsel
  X:00A9H         SYMBOL        _setval
  -------         DO            
  D:0004H         SYMBOL        dat
  -------         ENDDO         
  C:863EH         LINE#         389
  C:8649H         LINE#         390
  C:8649H         LINE#         396
  C:8664H         LINE#         397
  C:8675H         LINE#         398
  -------         ENDPROC       _PCT_WINATTRCTRL
  -------         PROC          _PCT_WINATTRCTRLY
  X:00A1H         SYMBOL        _wid
  X:00A2H         SYMBOL        _attrsel
  X:00A3H         SYMBOL        _setval
  -------         DO            
  D:0004H         SYMBOL        dat
  -------         ENDDO         
  C:8695H         LINE#         405
  C:86A0H         LINE#         406
  C:86A0H         LINE#         412
  C:86BBH         LINE#         413
  C:86CCH         LINE#         414
  -------         ENDPROC       _PCT_WINATTRCTRLY
  -------         PROC          _PCT_WINATTRCLEAR
  X:00A1H         SYMBOL        _attrsel
  -------         DO            
  X:00A2H         SYMBOL        _wid
  X:00A3H         SYMBOL        dat
  -------         ENDDO         
  C:8422H         LINE#         421
  C:8426H         LINE#         422
  C:8426H         LINE#         429
  C:8432H         LINE#         430
  C:8450H         LINE#         431
  C:8459H         LINE#         432
  C:8478H         LINE#         433
  C:847FH         LINE#         434
  -------         ENDPROC       _PCT_WINATTRCLEAR
  -------         PROC          _PCT_WINPOPUPCTRL
BL51 BANKED LINKER/LOCATER V6.05                                                      06/27/2007  08:38:58  PAGE 63


  X:00A1H         SYMBOL        _wid
  -------         DO            
  D:0004H         SYMBOL        dat
  -------         ENDDO         
  C:8A52H         LINE#         441
  C:8A56H         LINE#         442
  C:8A56H         LINE#         448
  C:8A71H         LINE#         449
  C:8A75H         LINE#         450
  -------         ENDPROC       _PCT_WINPOPUPCTRL
  -------         ENDMOD        TW28XX_VIDEO

  -------         MODULE        TW2835_INIT
  C:0000H         SYMBOL        _ICE_DUMMY_
  D:0090H         PUBLIC        P1
  D:00B0H         PUBLIC        P3
  D:00A8H         PUBLIC        IE
  C:48B3H         PUBLIC        TW2835_Page0
  C:4AB3H         PUBLIC        TW2835_Page1
  C:8BC8H         PUBLIC        PCT_InitialTW2835
  D:00B8H         PUBLIC        IP
  C:892EH         PUBLIC        PCT_TW2835ResetN
  D:00D8H         PUBLIC        CCON
  D:00C0H         PUBLIC        WDTC
  D:0098H         PUBLIC        SCON
  D:0088H         PUBLIC        TCON
  C:8023H         PUBLIC        _PCT_ChangeSystemType
  D:00E8H         PUBLIC        IEA
  D:00F8H         PUBLIC        IPA
  D:00C8H         PUBLIC        T2CON
  B:00B0H.4       PUBLIC        RSTn
  C:7F87H         PUBLIC        PCT_TW2835_Initial
  D:00D0H         PUBLIC        PSW
  -------         PROC          PCT_INITIALTW2835
  C:8BC8H         LINE#         70
  C:8BC8H         LINE#         71
  C:8BC8H         LINE#         72
  C:8BCBH         LINE#         73
  C:8BCFH         LINE#         76
  C:8BD4H         LINE#         77
  C:8BDCH         LINE#         78
  C:8BEBH         LINE#         79
  C:8BF4H         LINE#         80
  C:8BF4H         LINE#         81
  C:8BF4H         LINE#         82
  C:8BF4H         LINE#         83
  C:8BF9H         LINE#         85
  C:8BFCH         LINE#         86
  -------         ENDPROC       PCT_INITIALTW2835
  -------         PROC          PCT_TW2835RESETN
  -------         DO            
  D:0006H         SYMBOL        _delay
  -------         ENDDO         
  C:892EH         LINE#         93
  C:892EH         LINE#         94
  C:892EH         LINE#         98
  C:893CH         LINE#         99
BL51 BANKED LINKER/LOCATER V6.05                                                      06/27/2007  08:38:58  PAGE 64


  C:893EH         LINE#         100
  C:894CH         LINE#         101
  C:894EH         LINE#         102
  C:895CH         LINE#         103
  C:895EH         LINE#         104
  C:896CH         LINE#         105
  C:896EH         LINE#         106
  C:897CH         LINE#         107
  -------         ENDPROC       PCT_TW2835RESETN
  -------         PROC          PCT_TW2835_INITIAL
  -------         DO            
  X:00A1H         SYMBOL        offset
  -------         ENDDO         
  C:7F87H         LINE#         113
  C:7F87H         LINE#         114
  C:7F87H         LINE#         117
  C:7F92H         LINE#         118
  C:7FB5H         LINE#         119
  C:7FD9H         LINE#         121
  C:7FFEH         LINE#         123
  -------         ENDPROC       PCT_TW2835_INITIAL
  -------         PROC          _PCT_CHANGESYSTEMTYPE
  D:0007H         SYMBOL        _sys
  -------         DO            
  X:009BH         SYMBOL        offset
  -------         ENDDO         
  C:8023H         LINE#         130
  C:8023H         LINE#         131
  C:8023H         LINE#         134
  C:802CH         LINE#         135
  C:804FH         LINE#         137
  C:8074H         LINE#         139
  C:8098H         LINE#         140
  -------         ENDPROC       _PCT_CHANGESYSTEMTYPE
  -------         ENDMOD        TW2835_INIT

  -------         MODULE        ?C?CLDPTR
  C:4CB3H         PUBLIC        ?C?CLDPTR
  -------         ENDMOD        ?C?CLDPTR

  -------         MODULE        ?C?CLDOPTR
  C:4CCCH         PUBLIC        ?C?CLDOPTR
  -------         ENDMOD        ?C?CLDOPTR

  -------         MODULE        ?C?CSTPTR
  C:4CF9H         PUBLIC        ?C?CSTPTR
  -------         ENDMOD        ?C?CSTPTR

  -------         MODULE        ?C?IMUL
  C:4D0BH         PUBLIC        ?C?IMUL
  -------         ENDMOD        ?C?IMUL

  -------         MODULE        ?C?ILDPTR
  C:4D1DH         PUBLIC        ?C?ILDPTR
  -------         ENDMOD        ?C?ILDPTR

  -------         MODULE        ?C?IILDOPTR
BL51 BANKED LINKER/LOCATER V6.05                                                      06/27/2007  08:38:58  PAGE 65


  C:4D48H         PUBLIC        ?C?IILDOPTR
  -------         ENDMOD        ?C?IILDOPTR

  -------         MODULE        ?C?PLDPTR
  C:4D95H         PUBLIC        ?C?PLDPTR
  -------         ENDMOD        ?C?PLDPTR

  -------         MODULE        ?C?PSTPTR
  C:4DB5H         PUBLIC        ?C?PSTPTR
  -------         ENDMOD        ?C?PSTPTR

  -------         MODULE        ?C?CCASE
  C:4E04H         PUBLIC        ?C?CCASE
  -------         ENDMOD        ?C?CCASE

  -------         MODULE        PRINTF
  X:00A1H         PUBLIC        ?_PRINTF517?BYTE
  X:00A1H         PUBLIC        ?_PRINTF?BYTE
  X:00A1H         PUBLIC        ?_SPRINTF517?BYTE
  X:00A1H         PUBLIC        ?_SPRINTF?BYTE
  C:5114H         PUBLIC        _PRINTF
  C:5114H         PUBLIC        _PRINTF517
  C:510EH         PUBLIC        _SPRINTF
  C:510EH         PUBLIC        _SPRINTF517
  -------         ENDMOD        PRINTF

  -------         MODULE        PUTS
  C:8DA5H         PUBLIC        _PUTS
  -------         ENDMOD        PUTS

  -------         MODULE        SCANF
  X:00A7H         PUBLIC        ?_SCANF517?BYTE
  X:00A7H         PUBLIC        ?_SCANF?BYTE
  X:00A7H         PUBLIC        ?_SSCANF517?BYTE
  X:00A7H         PUBLIC        ?_SSCANF?BYTE
  C:548FH         PUBLIC        _SCANF
  C:548FH         PUBLIC        _SCANF517
  C:548BH         PUBLIC        _SSCANF
  C:548BH         PUBLIC        _SSCANF517
  -------         ENDMOD        SCANF

  -------         MODULE        ?C?STRCMP
  C:4FB2H         PUBLIC        ?C?STRCMP
  -------         ENDMOD        ?C?STRCMP

  -------         MODULE        STRLEN
  C:000EH         PUBLIC        _STRLEN
  -------         ENDMOD        STRLEN

  -------         MODULE        ATOI
  C:7BE7H         PUBLIC        _atoi
  -------         ENDMOD        ATOI

  -------         MODULE        ?C?IILDX
  C:4FCFH         PUBLIC        ?C?IILDX
  -------         ENDMOD        ?C?IILDX

BL51 BANKED LINKER/LOCATER V6.05                                                      06/27/2007  08:38:58  PAGE 66


  -------         MODULE        ?C?ISTPTR
  C:4FE5H         PUBLIC        ?C?ISTPTR
  -------         ENDMOD        ?C?ISTPTR

  -------         MODULE        ?C?LNEG
  C:5004H         PUBLIC        ?C?LNEG
  -------         ENDMOD        ?C?LNEG

  -------         MODULE        ?C?LSTPTR
  C:5012H         PUBLIC        ?C?LSTPTR
  -------         ENDMOD        ?C?LSTPTR

  -------         MODULE        ?C?PLDIDATA
  C:502CH         PUBLIC        ?C?PLDIDATA
  -------         ENDMOD        ?C?PLDIDATA

  -------         MODULE        ?C?PSTIDATA
  C:5035H         PUBLIC        ?C?PSTIDATA
  -------         ENDMOD        ?C?PSTIDATA

  -------         MODULE        ?C?PLDXDATA
  C:503EH         PUBLIC        ?C?PLDXDATA
  -------         ENDMOD        ?C?PLDXDATA

  -------         MODULE        ?C?PSTXDATA
  C:5047H         PUBLIC        ?C?PSTXDATA
  -------         ENDMOD        ?C?PSTXDATA

  -------         MODULE        ?C?PLDPDATA
  C:5050H         PUBLIC        ?C?PLDPDATA
  -------         ENDMOD        ?C?PLDPDATA

  -------         MODULE        ?C?PLDIPDATA
  C:5059H         PUBLIC        ?C?PLDIPDATA
  -------         ENDMOD        ?C?PLDIPDATA

  -------         MODULE        ?C?PILDPDATA
  C:5069H         PUBLIC        ?C?PILDPDATA
  -------         ENDMOD        ?C?PILDPDATA

  -------         MODULE        ?C?PSTPDATA
  C:5079H         PUBLIC        ?C?PSTPDATA
  -------         ENDMOD        ?C?PSTPDATA

  -------         MODULE        ?C?PLDCODE
  C:5082H         PUBLIC        ?C?PLDCODE
  -------         ENDMOD        ?C?PLDCODE

  -------         MODULE        PUTCHAR
  C:8DF6H         PUBLIC        _PUTCHAR
  -------         ENDMOD        PUTCHAR

  -------         MODULE        GETCHAR
  B:0024H.1       PUBLIC        ?C?CHARLOADED
  X:0099H         PUBLIC        ?_UNGETCHAR?BYTE
  C:8FAFH         PUBLIC        GETCHAR
  -------         ENDMOD        GETCHAR
BL51 BANKED LINKER/LOCATER V6.05                                                      06/27/2007  08:38:58  PAGE 67



  -------         MODULE        UNGETC
  C:9031H         PUBLIC        _UNGETCHAR
  -------         ENDMOD        UNGETC

  -------         MODULE        ISDIGIT
  C:8FFFH         PUBLIC        _isdigit
  -------         ENDMOD        ISDIGIT

  -------         MODULE        ISSPACE
  C:8F88H         PUBLIC        _isspace
  -------         ENDMOD        ISSPACE

  -------         MODULE        ?C?LSTIDATA
  C:508EH         PUBLIC        ?C?LSTIDATA
  -------         ENDMOD        ?C?LSTIDATA

  -------         MODULE        ?C?LSTXDATA
  C:509AH         PUBLIC        ?C?LSTXDATA
  -------         ENDMOD        ?C?LSTXDATA

  -------         MODULE        ?C?LSTPDATA
  C:50A6H         PUBLIC        ?C?LSTPDATA
  -------         ENDMOD        ?C?LSTPDATA

  -------         MODULE        _GETKEY
  C:900EH         PUBLIC        _GETKEY
  -------         ENDMOD        _GETKEY

Program Size: data=46.2 xdata=213 code=36951
LINK/LOCATE RUN COMPLETE.  0 WARNING(S),  0 ERROR(S)
