BL51 BANKED LINKER/LOCATER V6.22                                                        03/23/2018  09:00:14  PAGE 1


BL51 BANKED LINKER/LOCATER V6.22, INVOKED BY:
C:\KEIL\C51\BIN\BL51.EXE .\OBJ\STARTUP.obj, .\OBJ\UART.obj, .\OBJ\BusCtrl.obj, .\OBJ\CommandShell.obj, .\OBJ\Main.obj, .
>> \OBJ\OSD_Graph.obj, .\OBJ\OSDAction.obj, .\OBJ\OSDCtrl.obj, .\OBJ\Timer.obj, .\OBJ\TW28xx_Audio.obj, .\OBJ\TW28xx_Vid
>> eo.obj, .\OBJ\TW2835_Init.obj TO .\OBJ\TW2835 PRINT (.\OBJ\TW2835.m51) RAMSIZE (256)


MEMORY MODEL: COMPACT


INPUT MODULES INCLUDED:
  .\OBJ\STARTUP.obj (?C_STARTUP)
  .\OBJ\UART.obj (UART)
  .\OBJ\BusCtrl.obj (BUSCTRL)
  .\OBJ\CommandShell.obj (COMMANDSHELL)
  .\OBJ\Main.obj (MAIN)
  .\OBJ\OSD_Graph.obj (OSD_GRAPH)
  .\OBJ\OSDAction.obj (OSDACTION)
  .\OBJ\OSDCtrl.obj (OSDCTRL)
  .\OBJ\Timer.obj (TIMER)
  .\OBJ\TW28xx_Audio.obj (TW28XX_AUDIO)
  .\OBJ\TW28xx_Video.obj (TW28XX_VIDEO)
  .\OBJ\TW2835_Init.obj (TW2835_INIT)
  C:\KEIL\C51\LIB\C51C.LIB (?C_INIT)
  C:\KEIL\C51\LIB\C51C.LIB (?C?CLDPTR)
  C:\KEIL\C51\LIB\C51C.LIB (?C?CLDOPTR)
  C:\KEIL\C51\LIB\C51C.LIB (?C?CSTPTR)
  C:\KEIL\C51\LIB\C51C.LIB (?C?IMUL)
  C:\KEIL\C51\LIB\C51C.LIB (?C?ILDPTR)
  C:\KEIL\C51\LIB\C51C.LIB (?C?IILDOPTR)
  C:\KEIL\C51\LIB\C51C.LIB (?C?ULCMP)
  C:\KEIL\C51\LIB\C51C.LIB (?C?PLDPTR)
  C:\KEIL\C51\LIB\C51C.LIB (?C?PSTPTR)
  C:\KEIL\C51\LIB\C51C.LIB (?C?CCASE)
  C:\KEIL\C51\LIB\C51C.LIB (PRINTF)
  C:\KEIL\C51\LIB\C51C.LIB (PUTS)
  C:\KEIL\C51\LIB\C51C.LIB (SCANF)
  C:\KEIL\C51\LIB\C51C.LIB (?C?STRCMP)
  C:\KEIL\C51\LIB\C51C.LIB (STRLEN)
  C:\KEIL\C51\LIB\C51C.LIB (ATOI)
  C:\KEIL\C51\LIB\C51C.LIB (?C?IILDX)
  C:\KEIL\C51\LIB\C51C.LIB (?C?ISTPTR)
  C:\KEIL\C51\LIB\C51C.LIB (?C?LNEG)
  C:\KEIL\C51\LIB\C51C.LIB (?C?LSTPTR)
  C:\KEIL\C51\LIB\C51C.LIB (?C?PLDIDATA)
  C:\KEIL\C51\LIB\C51C.LIB (?C?PSTIDATA)
  C:\KEIL\C51\LIB\C51C.LIB (?C?PLDXDATA)
  C:\KEIL\C51\LIB\C51C.LIB (?C?PSTXDATA)
  C:\KEIL\C51\LIB\C51C.LIB (?C?PLDPDATA)
  C:\KEIL\C51\LIB\C51C.LIB (?C?PLDIPDATA)
  C:\KEIL\C51\LIB\C51C.LIB (?C?PILDPDATA)
  C:\KEIL\C51\LIB\C51C.LIB (?C?PSTPDATA)
  C:\KEIL\C51\LIB\C51C.LIB (?C?PLDCODE)
  C:\KEIL\C51\LIB\C51C.LIB (PUTCHAR)
  C:\KEIL\C51\LIB\C51C.LIB (GETCHAR)
  C:\KEIL\C51\LIB\C51C.LIB (UNGETC)
  C:\KEIL\C51\LIB\C51C.LIB (ISDIGIT)
  C:\KEIL\C51\LIB\C51C.LIB (ISSPACE)
  C:\KEIL\C51\LIB\C51C.LIB (?C?LSTIDATA)
BL51 BANKED LINKER/LOCATER V6.22                                                      03/23/2018  09:00:14  PAGE 2


  C:\KEIL\C51\LIB\C51C.LIB (?C?LSTXDATA)
  C:\KEIL\C51\LIB\C51C.LIB (?C?LSTPDATA)
  C:\KEIL\C51\LIB\C51C.LIB (_GETKEY)


LINK MAP OF MODULE:  .\OBJ\TW2835 (?C_STARTUP)


            TYPE    BASE      LENGTH    RELOCATION   SEGMENT NAME
            -----------------------------------------------------

            * * * * * * *   D A T A   M E M O R Y   * * * * * * *
            REG     0000H     0008H     ABSOLUTE     "REG BANK 0"
            REG     0008H     0008H     ABSOLUTE     "REG BANK 1"
            DATA    0010H     0006H     UNIT         ?DT?TIMER
            DATA    0016H     0002H     UNIT         ?DT?OSDCTRL
                    0018H     0008H                  *** GAP ***
            DATA    0020H     0001H     BIT_ADDR     ?BA?MAIN
            DATA    0021H     0001H     BIT_ADDR     ?BA?OSDACTION
            DATA    0022H     0001H     BIT_ADDR     ?BA?OSDCTRL
            BIT     0023H.0   0001H.1   UNIT         _BIT_GROUP_
            BIT     0024H.1   0000H.1   UNIT         ?BI?MAIN
            BIT     0024H.2   0000H.1   UNIT         ?BI?GETCHAR
                    0024H.3   0000H.5                *** GAP ***
            DATA    0025H     0011H     UNIT         _DATA_GROUP_
            IDATA   0036H     0001H     UNIT         ?STACK

            * * * * * * *  X D A T A   M E M O R Y  * * * * * * *
            XDATA   0000H     0052H     INPAGE       ?PD?UART
            XDATA   0052H     0019H     INPAGE       ?PD?COMMANDSHELL
            XDATA   006BH     002DH     INPAGE       ?PD?MAIN
            XDATA   0098H     0001H     INPAGE       ?PD?OSD_GRAPH
            XDATA   0099H     0001H     INPAGE       ?PD?OSDACTION
            XDATA   009AH     0001H     INPAGE       ?PD?GETCHAR
            XDATA   009BH     003DH     INPAGE       _PDATA_GROUP_
            XDATA   00D8H     0001H     UNIT         ?XD?COMMANDSHELL

            * * * * * * *   C O D E   M E M O R Y   * * * * * * *
            CODE    0000H     0003H     ABSOLUTE     
            CODE    0003H     0008H     UNIT         ?PR?_RS_TX?UART
            CODE    000BH     0003H     ABSOLUTE     
            CODE    000EH     0015H     UNIT         ?PR?_STRLEN?STRLEN
            CODE    0023H     0003H     ABSOLUTE     
            CODE    0026H     24E6H     UNIT         ?CO?OSD_GRAPH
            CODE    250CH     0EA0H     UNIT         ?CO?OSDCTRL
            CODE    33ACH     0565H     UNIT         ?PR?PCT_SHOWVLOSS?OSDACTION
            CODE    3911H     0468H     UNIT         ?PR?_PCT_SHOWSPEAKICON?OSDACTION
            CODE    3D79H     0464H     UNIT         ?PR?_PCT_SHOWMIRRORICON?OSDACTION
            CODE    41DDH     0453H     UNIT         ?CO?TW28XX_VIDEO
            CODE    4630H     0406H     UNIT         ?C?LIB_CODE
            CODE    4A36H     0400H     UNIT         ?CO?TW2835_INIT
            CODE    4E36H     0376H     UNIT         ?PR?_PCT_OSD_ACTIONPTHX?OSDACTION
            CODE    51ACH     0367H     UNIT         ?PR?_PCT_SETVIDEOHDELAY?TW28XX_VIDEO
            CODE    5513H     035BH     UNIT         ?PR?PRINTF?PRINTF
            CODE    586EH     0316H     UNIT         ?PR?SCANF?SCANF
            CODE    5B84H     02DFH     UNIT         ?CO?COMMANDSHELL
            CODE    5E63H     0296H     UNIT         ?PR?_PCT_RUNCOMMSHELL?COMMANDSHELL
BL51 BANKED LINKER/LOCATER V6.22                                                      03/23/2018  09:00:14  PAGE 3


            CODE    60F9H     0240H     UNIT         ?PR?_PCT_SHOWINDICATEICON?OSDACTION
            CODE    6339H     0210H     UNIT         ?PR?_MONIVIDEOMIXATTR?COMMANDSHELL
            CODE    6549H     020BH     UNIT         ?PR?COMMANDSHELL
            CODE    6754H     01B8H     UNIT         ?PR?PCT_AUDIOREGLIST?TW28XX_AUDIO
            CODE    690CH     0195H     UNIT         ?PR?_PCT_SETXVIDEOMIXING?TW28XX_VIDEO
            CODE    6AA1H     018AH     UNIT         ?PR?_MONIAUDIOMIXING?COMMANDSHELL
            CODE    6C2BH     016FH     UNIT         ?PR?_PCT_OSD16X16GRAPHX?OSD_GRAPH
            CODE    6D9AH     0169H     UNIT         ?PR?_PCT_WRITEOSDDATABUFFERX?OSDCTRL
            CODE    6F03H     0156H     UNIT         ?PR?OSDCTRL
            CODE    7059H     013DH     UNIT         ?PR?_MONIAUDIOGAIN?COMMANDSHELL
            CODE    7196H     0136H     UNIT         ?PR?_MONIHSCOMM?COMMANDSHELL
            CODE    72CCH     012FH     UNIT         ?PR?PCT_INITOSDCOLOR?OSDCTRL
            CODE    73FBH     0120H     UNIT         ?PR?_PCT_RECOMPENSEYHDELAY?TW28XX_VIDEO
            CODE    751BH     011DH     UNIT         ?PR?_PCT_WRITEOSDDATABUFFERY?OSDCTRL
            CODE    7638H     0117H     UNIT         ?PR?_MONISETVIDEOFORMAT?COMMANDSHELL
            CODE    774FH     0104H     UNIT         ?PR?TW28XX_VIDEO
            CODE    7853H     00F7H     UNIT         ?PR?_PCT_WRITEOSDFNTX?OSDCTRL
            CODE    794AH     00E2H     UNIT         ?PR?_PCT_WRITEOSDFNTY?OSDCTRL
            CODE    7A2CH     00D0H     UNIT         ?PR?_ATOI?ATOI
            CODE    7AFCH     00CFH     UNIT         ?PR?OSDACTION
            CODE    7BCBH     00A1H     UNIT         ?PR?_PCT_CLEARWORDSPATHX?OSDCTRL
            CODE    7C6CH     009EH     UNIT         ?PR?_PCT_FULLCOLORONOSD?OSDCTRL
            CODE    7D0AH     0097H     UNIT         ?PR?_PCT_SETCHANELSCALE?TW28XX_VIDEO
            CODE    7DA1H     008CH     UNIT         ?C_C51STARTUP
            CODE    7E2DH     0075H     UNIT         ?PR?MAIN?MAIN
            CODE    7EA2H     0068H     UNIT         ?PR?_PCT_GETFIRSTSTR?COMMANDSHELL
            CODE    7F0AH     0064H     UNIT         ?PR?PCT_TW2835_INITIAL?TW2835_INIT
            CODE    7F6EH     0063H     UNIT         ?PR?PCT_CHECKSYSTEM?COMMANDSHELL
            CODE    7FD1H     0062H     UNIT         ?PR?_PCT_CHANGESYSTEMTYPE?TW2835_INIT
            CODE    8033H     0061H     UNIT         ?PR?_PCT_AUDIOMIXCTRL?TW28XX_AUDIO
            CODE    8094H     0060H     UNIT         ?PR?_PCT_SHOWOSDSTRING?OSDCTRL
            CODE    80F4H     005FH     UNIT         ?PR?_PCT_SHOWGRAPHSTRING?OSD_GRAPH
            CODE    8153H     005DH     UNIT         ?PR?_MONISHOWSODSTR?COMMANDSHELL
            CODE    81B0H     005BH     UNIT         ?PR?_PCT_AUDIOGAINCTRL?TW28XX_AUDIO
            CODE    820BH     0057H     UNIT         ?PR?_PCT_WRITESTABLE?BUSCTRL
            CODE    8262H     0056H     UNIT         ?PR?_MONIVIDEOMIXWIN?COMMANDSHELL
            CODE    82B8H     0054H     UNIT         ?PR?TIMER0_INTERRUPT?TIMER
            CODE    830CH     0052H     UNIT         ?PR?COMMANDSHELL?MAIN
            CODE    835EH     0050H     UNIT         ?PR?_PCT_SETOSDCOLOR?OSDCTRL
            CODE    83AEH     004CH     UNIT         ?PR?_MONIWRITEASICBYTE?COMMANDSHELL
            CODE    83FAH     004AH     UNIT         ?PR?_PCT_WRITEASICTABLE?BUSCTRL
            CODE    8444H     004AH     UNIT         ?PR?PCT_INITIALOSD?OSDACTION
            CODE    848EH     0049H     UNIT         ?PR?MONIREGISTERDUMP?COMMANDSHELL
            CODE    84D7H     0047H     UNIT         ?PR?_MONIREADASICBYTE?COMMANDSHELL
            CODE    851EH     0047H     UNIT         ?PR?_PCT_DETECTVIDEOFORMAT?TW28XX_VIDEO
            CODE    8565H     0046H     UNIT         ?PR?_WAIT_MS?MAIN
            CODE    85ABH     0044H     UNIT         ?PR?PCT_SHOWMODEICON?OSDACTION
            CODE    85EFH     0043H     UNIT         ?PR?_MONIREADPAGEBUFFER?COMMANDSHELL
            CODE    8632H     0042H     UNIT         ?PR?PCT_INITIALTW2835?TW2835_INIT
            CODE    8674H     0041H     UNIT         ?PR?_PCT_CHECKVMIXTYPE?COMMANDSHELL
            CODE    86B5H     0041H     UNIT         ?PR?TW28XX_AUDIO
            CODE    86F6H     0040H     UNIT         ?PR?OSD_GRAPH
            CODE    8736H     0040H     UNIT         ?CO?TW28XX_AUDIO
            CODE    8776H     003EH     UNIT         ?PR?_PCT_STRTOCOMMCODE?COMMANDSHELL
            CODE    87B4H     003BH     UNIT         ?PR?PCT_AUDIOACTIONFORHS?COMMANDSHELL
            CODE    87EFH     0038H     UNIT         ?PR?PCT_GETVIDEOSIGNALSTATUS?OSDACTION
            CODE    8827H     0038H     UNIT         ?PR?_PCT_WINATTRCTRLY?TW28XX_VIDEO
BL51 BANKED LINKER/LOCATER V6.22                                                      03/23/2018  09:00:14  PAGE 4


            CODE    885FH     0038H     UNIT         ?PR?_PCT_WINATTRCLEAR?TW28XX_VIDEO
            CODE    8897H     0036H     UNIT         ?PR?_PUTSP?MAIN
            CODE    88CDH     0035H     UNIT         ?PR?_PCT_ENSHOWOSDPAGE?OSDCTRL
            CODE    8902H     0033H     UNIT         ?PR?_PCT_READASICBYTE?BUSCTRL
            CODE    8935H     0033H     UNIT         ?PR?_MONIREADONEBUFFER?COMMANDSHELL
            CODE    8968H     0033H     UNIT         ?PR?_MONIWRITEONEBUFFER?COMMANDSHELL
            CODE    899BH     0033H     UNIT         ?PR?MONIVIDEOAUTODETECT?COMMANDSHELL
            CODE    89CEH     0033H     UNIT         ?PR?_PCT_AUDIOMIXMUTE?TW28XX_AUDIO
            CODE    8A01H     0031H     UNIT         ?PR?_PCT_WINATTRCTRL?TW28XX_VIDEO
            CODE    8A32H     002EH     UNIT         ?PR?MONIHSCOMMVERSION?COMMANDSHELL
            CODE    8A60H     002DH     UNIT         ?PR?_PCT_WRITEASICBYTE?BUSCTRL
            CODE    8A8DH     002AH     UNIT         ?PR?_CHKSTARTCOMMSHELL?MAIN
            CODE    8AB7H     002AH     UNIT         ?PR?_PUTS?PUTS
            CODE    8AE1H     0028H     UNIT         ?PR?BUSCTRL
            CODE    8B09H     0028H     UNIT         ?PR?_PCT_AUDIOSELLIVE?TW28XX_AUDIO
            CODE    8B31H     0028H     UNIT         ?PR?_PCT_SETVIDEOFORMAT?TW28XX_VIDEO
            CODE    8B59H     0027H     UNIT         ?PR?RS_INTERRUPT?UART
            CODE    8B80H     0027H     UNIT         ?PR?PUTCHAR?PUTCHAR
            CODE    8BA7H     0025H     UNIT         ?PR?PCT_OSDACTIONFORHS?OSDACTION
            CODE    8BCCH     0025H     UNIT         ?CO?OSDACTION
            CODE    8BF1H     0023H     UNIT         ?PR?INITIALMPU?MAIN
            CODE    8C14H     001DH     UNIT         ?PR?_PCT_SETOSDDRAWPAGE?OSDCTRL
            CODE    8C31H     001CH     UNIT         ?PR?_PCT_DISSHOWOSDPAGE?OSDCTRL
            CODE    8C4DH     001AH     UNIT         ?PR?RS_RX?UART
            CODE    8C67H     0019H     UNIT         ?PR?_PCT_CLEAROSDPAGEX?OSDCTRL
            CODE    8C80H     0018H     UNIT         ?PR?TW2835_INIT
            CODE    8C98H     0017H     UNIT         ?CO?MAIN
            CODE    8CAFH     0016H     UNIT         ?PR?_MONIHSCOMMSJMODE?COMMANDSHELL
            CODE    8CC5H     0016H     UNIT         ?PR?RESETCOMMSELL?MAIN
            CODE    8CDBH     0016H     UNIT         ?PR?INITIALTIMER0?TIMER
            CODE    8CF1H     0014H     UNIT         ?PR?_MONIAUDIOLIVE?COMMANDSHELL
            CODE    8D05H     0014H     UNIT         ?PR?_PCT_SETYVIDEOMIXING?TW28XX_VIDEO
            CODE    8D19H     0014H     UNIT         ?PR?_ISSPACE?ISSPACE
            CODE    8D2DH     0013H     UNIT         ?PR?PCT_TW2835RESETN?TW2835_INIT
            CODE    8D40H     0013H     UNIT         ?PR?GETCHAR?GETCHAR
            CODE    8D53H     0012H     UNIT         ?PR?_MONIYVIDEOMIX?COMMANDSHELL
            CODE    8D65H     0010H     UNIT         ?PR?INITIALUART?UART
            CODE    8D75H     000FH     UNIT         ?PR?RS_RXREADY?UART
            CODE    8D84H     000FH     UNIT         ?PR?PCT_SENDACK?COMMANDSHELL
            CODE    8D93H     000FH     UNIT         ?PR?MONIAUDIOMUTE?COMMANDSHELL
            CODE    8DA2H     000FH     UNIT         ?PR?_ISDIGIT?ISDIGIT
            CODE    8DB1H     000BH     UNIT         ?PR?INITIALCOMMSHELL?MAIN
            CODE    8DBCH     000AH     UNIT         ?PR?_GETKEY?_GETKEY
            CODE    8DC6H     0009H     UNIT         ?PR?NEWLINE?MAIN
            CODE    8DCFH     0009H     UNIT         ?PR?_PCT_FLASHOSDCTRL?MAIN
            CODE    8DD8H     0008H     UNIT         ?C_INITSEG
            CODE    8DE0H     0007H     UNIT         ?PR?PCT_ENFALSHVLOSS?OSDACTION
            CODE    8DE7H     0007H     UNIT         ?PR?GETCHAR?UNGETCHAR
            CODE    8DEEH     0005H     UNIT         ?PR?MONIHSCOMMDISSCROLL?COMMANDSHELL
            CODE    8DF3H     0005H     UNIT         ?PR?PCT_CLEARGRAPHATTR?OSD_GRAPH
            CODE    8DF8H     0003H     UNIT         ?PR?_PCT_PRESETFOREGROUNDCOLOR?OSDCTRL
            CODE    8DFBH     0003H     UNIT         ?PR?_PCT_PRESETBACKGROUNDCOLOR?OSDCTRL
            CODE    8DFEH     0001H     UNIT         ?PR?PTC_SWITCHTOI2CMODE?BUSCTRL



OVERLAY MAP OF MODULE:   .\OBJ\TW2835 (?C_STARTUP)
BL51 BANKED LINKER/LOCATER V6.22                                                      03/23/2018  09:00:14  PAGE 5




SEGMENT                                            BIT_GROUP          DATA_GROUP          PDATA_GROUP
  +--> CALLED SEGMENT                           START    LENGTH     START    LENGTH     START    LENGTH
-------------------------------------------------------------------------------------------------------
?C_C51STARTUP                                   -----    -----      -----    -----      -----    -----
  +--> ?PR?MAIN?MAIN
  +--> ?C_INITSEG

?PR?MAIN?MAIN                                   -----    -----      -----    -----      009BH    0003H
  +--> ?PR?INITIALMPU?MAIN
  +--> ?PR?INITIALCOMMSHELL?MAIN
  +--> ?PR?PTC_SWITCHTOI2CMODE?BUSCTRL
  +--> ?PR?PCT_INITIALTW2835?TW2835_INIT
  +--> ?PR?RESETCOMMSELL?MAIN
  +--> ?PR?COMMANDSHELL?MAIN
  +--> ?PR?_PCT_RUNCOMMSHELL?COMMANDSHELL
  +--> ?PR?PCT_CHECKSYSTEM?COMMANDSHELL
  +--> ?PR?RS_RXREADY?UART
  +--> ?PR?PCT_GETVIDEOSIGNALSTATUS?OSDACTION

?PR?INITIALMPU?MAIN                             -----    -----      -----    -----      -----    -----
  +--> ?PR?INITIALUART?UART
  +--> ?PR?INITIALTIMER0?TIMER

?PR?PCT_INITIALTW2835?TW2835_INIT               -----    -----      -----    -----      -----    -----
  +--> ?PR?PCT_TW2835RESETN?TW2835_INIT
  +--> ?PR?_PCT_READASICBYTE?BUSCTRL
  +--> ?PR?_PCT_DETECTVIDEOFORMAT?TW28XX_VIDEO
  +--> ?PR?_WAIT_MS?MAIN
  +--> ?PR?PCT_TW2835_INITIAL?TW2835_INIT
  +--> ?PR?PCT_INITIALOSD?OSDACTION

?PR?_PCT_READASICBYTE?BUSCTRL                   -----    -----      -----    -----      -----    -----
  +--> ?PR?BUSCTRL

?PR?_PCT_DETECTVIDEOFORMAT?TW28XX_VIDEO         -----    -----      -----    -----      00A4H    0002H
  +--> ?PR?_PCT_READASICBYTE?BUSCTRL

?PR?_WAIT_MS?MAIN                               -----    -----      -----    -----      00A4H    0004H

?PR?PCT_TW2835_INITIAL?TW2835_INIT              -----    -----      -----    -----      00A4H    0002H
  +--> ?PR?TW2835_INIT
  +--> ?CO?TW2835_INIT
  +--> ?PR?_PCT_WRITEASICTABLE?BUSCTRL

?PR?TW2835_INIT                                 -----    -----      -----    -----      -----    -----
  +--> ?CO?TW2835_INIT

?PR?_PCT_WRITEASICTABLE?BUSCTRL                 -----    -----      -----    -----      00A6H    0007H
  +--> ?PR?BUSCTRL

?PR?PCT_INITIALOSD?OSDACTION                    -----    -----      0027H    0001H      -----    -----
  +--> ?PR?PCT_INITOSDCOLOR?OSDCTRL
  +--> ?PR?PCT_CLEARGRAPHATTR?OSD_GRAPH
  +--> ?PR?_PCT_PRESETFOREGROUNDCOLOR?OSDCTRL
  +--> ?PR?_PCT_PRESETBACKGROUNDCOLOR?OSDCTRL
BL51 BANKED LINKER/LOCATER V6.22                                                      03/23/2018  09:00:14  PAGE 6


  +--> ?PR?_PCT_ENSHOWOSDPAGE?OSDCTRL
  +--> ?PR?_PCT_SETOSDDRAWPAGE?OSDCTRL
  +--> ?PR?_PCT_FULLCOLORONOSD?OSDCTRL

?PR?PCT_INITOSDCOLOR?OSDCTRL                    -----    -----      -----    -----      -----    -----
  +--> ?PR?_PCT_WRITEASICBYTE?BUSCTRL
  +--> ?PR?OSDCTRL
  +--> ?PR?_PCT_SETOSDCOLOR?OSDCTRL

?PR?_PCT_WRITEASICBYTE?BUSCTRL                  -----    -----      -----    -----      00D4H    0004H
  +--> ?PR?BUSCTRL

?PR?OSDCTRL                                     -----    -----      -----    -----      -----    -----
  +--> ?CO?OSDCTRL

?PR?_PCT_SETOSDCOLOR?OSDCTRL                    -----    -----      -----    -----      00A4H    0005H
  +--> ?PR?_PCT_WRITEASICBYTE?BUSCTRL

?PR?_PCT_ENSHOWOSDPAGE?OSDCTRL                  -----    -----      -----    -----      00AAH    0001H
  +--> ?PR?OSDCTRL
  +--> ?PR?_PCT_WRITEASICBYTE?BUSCTRL
  +--> ?PR?_PCT_READASICBYTE?BUSCTRL

?PR?_PCT_SETOSDDRAWPAGE?OSDCTRL                 -----    -----      -----    -----      00AAH    0001H
  +--> ?PR?OSDCTRL
  +--> ?PR?_PCT_READASICBYTE?BUSCTRL
  +--> ?PR?_PCT_WRITEASICBYTE?BUSCTRL

?PR?_PCT_FULLCOLORONOSD?OSDCTRL                 -----    -----      -----    -----      00A4H    0006H
  +--> ?PR?OSDCTRL
  +--> ?PR?_PCT_WRITEASICBYTE?BUSCTRL
  +--> ?PR?_PCT_READASICBYTE?BUSCTRL

?PR?RESETCOMMSELL?MAIN                          -----    -----      -----    -----      -----    -----
  +--> ?CO?MAIN
  +--> ?PR?_PUTSP?MAIN

?PR?_PUTSP?MAIN                                 -----    -----      0025H    0001H      009EH    0003H
  +--> ?PR?_RS_TX?UART

?PR?COMMANDSHELL?MAIN                           -----    -----      0025H    0001H      -----    -----
  +--> ?PR?RS_RXREADY?UART
  +--> ?PR?RS_RX?UART
  +--> ?PR?_RS_TX?UART
  +--> ?PR?_CHKSTARTCOMMSHELL?MAIN
  +--> ?PR?NEWLINE?MAIN

?PR?_CHKSTARTCOMMSHELL?MAIN                     -----    -----      -----    -----      009EH    0003H
  +--> ?CO?MAIN

?PR?NEWLINE?MAIN                                -----    -----      -----    -----      -----    -----
  +--> ?CO?MAIN
  +--> ?PR?_PUTS?PUTS

?PR?_PUTS?PUTS                                  -----    -----      -----    -----      -----    -----
  +--> ?PR?PUTCHAR?PUTCHAR

BL51 BANKED LINKER/LOCATER V6.22                                                      03/23/2018  09:00:14  PAGE 7


?PR?_PCT_RUNCOMMSHELL?COMMANDSHELL              -----    -----      0025H    0002H      009EH    0006H
  +--> ?PR?COMMANDSHELL
  +--> ?PR?_PCT_GETFIRSTSTR?COMMANDSHELL
  +--> ?PR?_PCT_STRTOCOMMCODE?COMMANDSHELL
  +--> ?CO?COMMANDSHELL
  +--> ?PR?_MONIREADPAGEBUFFER?COMMANDSHELL
  +--> ?PR?_MONIREADONEBUFFER?COMMANDSHELL
  +--> ?PR?_MONIWRITEONEBUFFER?COMMANDSHELL
  +--> ?PR?_MONIWRITEASICBYTE?COMMANDSHELL
  +--> ?PR?_MONIREADASICBYTE?COMMANDSHELL
  +--> ?PR?_MONIAUDIOMIXING?COMMANDSHELL
  +--> ?PR?MONIAUDIOMUTE?COMMANDSHELL
  +--> ?PR?PCT_AUDIOREGLIST?TW28XX_AUDIO
  +--> ?PR?_MONIAUDIOGAIN?COMMANDSHELL
  +--> ?PR?_MONIAUDIOLIVE?COMMANDSHELL
  +--> ?PR?MONIREGISTERDUMP?COMMANDSHELL
  +--> ?PR?_PCT_WINATTRCLEAR?TW28XX_VIDEO
  +--> ?PR?_MONIVIDEOMIXWIN?COMMANDSHELL
  +--> ?PR?PCT_SENDACK?COMMANDSHELL
  +--> ?PR?_MONIVIDEOMIXATTR?COMMANDSHELL
  +--> ?PR?_MONIYVIDEOMIX?COMMANDSHELL
  +--> ?PR?PCT_INITIALTW2835?TW2835_INIT
  +--> ?PR?MONIVIDEOAUTODETECT?COMMANDSHELL
  +--> ?PR?_MONISETVIDEOFORMAT?COMMANDSHELL
  +--> ?PR?_MONISHOWSODSTR?COMMANDSHELL
  +--> ?PR?_MONIHSCOMM?COMMANDSHELL
  +--> ?PR?PCT_AUDIOACTIONFORHS?COMMANDSHELL
  +--> ?PR?PCT_OSDACTIONFORHS?OSDACTION
  +--> ?PR?_PCT_FLASHOSDCTRL?MAIN
  +--> ?PR?_MONIHSCOMMSJMODE?COMMANDSHELL
  +--> ?PR?MONIHSCOMMDISSCROLL?COMMANDSHELL
  +--> ?PR?MONIHSCOMMVERSION?COMMANDSHELL

?PR?COMMANDSHELL                                -----    -----      -----    -----      -----    -----
  +--> ?CO?COMMANDSHELL

?PR?_PCT_GETFIRSTSTR?COMMANDSHELL               -----    -----      -----    -----      00AAH    0006H
  +--> ?PR?COMMANDSHELL

?PR?_PCT_STRTOCOMMCODE?COMMANDSHELL             -----    -----      0031H    0002H      00AAH    0003H
  +--> ?PR?COMMANDSHELL

?PR?_MONIREADPAGEBUFFER?COMMANDSHELL            -----    -----      0027H    0003H      -----    -----
  +--> ?PR?COMMANDSHELL
  +--> ?CO?COMMANDSHELL
  +--> ?PR?SCANF?SCANF
  +--> ?PR?_PCT_READASICBYTE?BUSCTRL
  +--> ?PR?PRINTF?PRINTF

?PR?SCANF?SCANF                                 0023H.0  0000H.6    0031H    0005H      00AAH    0015H
  +--> ?PR?GETCHAR?UNGETCHAR
  +--> ?PR?_ISSPACE?ISSPACE
  +--> ?PR?GETCHAR?GETCHAR

?PR?GETCHAR?GETCHAR                             -----    -----      -----    -----      -----    -----
  +--> ?PR?_GETKEY?_GETKEY
  +--> ?PR?PUTCHAR?PUTCHAR
BL51 BANKED LINKER/LOCATER V6.22                                                      03/23/2018  09:00:14  PAGE 8



?PR?PRINTF?PRINTF                               0023H.0  0001H.1    002BH    0005H      00A4H    000FH
  +--> ?PR?PUTCHAR?PUTCHAR

?PR?_MONIREADONEBUFFER?COMMANDSHELL             -----    -----      0027H    0002H      -----    -----
  +--> ?PR?COMMANDSHELL
  +--> ?CO?COMMANDSHELL
  +--> ?PR?SCANF?SCANF
  +--> ?PR?_PCT_READASICBYTE?BUSCTRL
  +--> ?PR?PRINTF?PRINTF

?PR?_MONIWRITEONEBUFFER?COMMANDSHELL            -----    -----      0027H    0003H      -----    -----
  +--> ?PR?COMMANDSHELL
  +--> ?CO?COMMANDSHELL
  +--> ?PR?SCANF?SCANF
  +--> ?PR?_PCT_WRITEASICBYTE?BUSCTRL

?PR?_MONIWRITEASICBYTE?COMMANDSHELL             -----    -----      0027H    0004H      -----    -----
  +--> ?PR?COMMANDSHELL
  +--> ?CO?COMMANDSHELL
  +--> ?PR?SCANF?SCANF
  +--> ?PR?_PCT_WRITEASICBYTE?BUSCTRL

?PR?_MONIREADASICBYTE?COMMANDSHELL              -----    -----      0027H    0004H      -----    -----
  +--> ?PR?COMMANDSHELL
  +--> ?CO?COMMANDSHELL
  +--> ?PR?SCANF?SCANF
  +--> ?PR?_PCT_READASICBYTE?BUSCTRL
  +--> ?PR?PRINTF?PRINTF

?PR?_MONIAUDIOMIXING?COMMANDSHELL               -----    -----      0027H    000AH      00A4H    0006H
  +--> ?PR?COMMANDSHELL
  +--> ?PR?_PCT_GETFIRSTSTR?COMMANDSHELL
  +--> ?PR?_PCT_AUDIOMIXMUTE?TW28XX_AUDIO
  +--> ?PR?_ATOI?ATOI
  +--> ?PR?SCANF?SCANF
  +--> ?PR?_PCT_AUDIOMIXCTRL?TW28XX_AUDIO
  +--> ?CO?COMMANDSHELL

?PR?_PCT_AUDIOMIXMUTE?TW28XX_AUDIO              -----    -----      0031H    0001H      00AAH    0002H
  +--> ?PR?_PCT_READASICBYTE?BUSCTRL
  +--> ?PR?_PCT_WRITEASICBYTE?BUSCTRL

?PR?_ATOI?ATOI                                  0023H.0  0000H.1    -----    -----      00AAH    0005H
  +--> ?PR?_ISSPACE?ISSPACE
  +--> ?PR?_ISDIGIT?ISDIGIT

?PR?_PCT_AUDIOMIXCTRL?TW28XX_AUDIO              -----    -----      -----    -----      00AAH    0004H
  +--> ?PR?TW28XX_AUDIO
  +--> ?PR?_PCT_READASICBYTE?BUSCTRL
  +--> ?CO?TW28XX_AUDIO
  +--> ?PR?_PCT_WRITEASICBYTE?BUSCTRL
  +--> ?PR?_PCT_AUDIOSELLIVE?TW28XX_AUDIO

?PR?TW28XX_AUDIO                                -----    -----      -----    -----      -----    -----
  +--> ?CO?TW28XX_AUDIO

BL51 BANKED LINKER/LOCATER V6.22                                                      03/23/2018  09:00:14  PAGE 9


?PR?_PCT_AUDIOSELLIVE?TW28XX_AUDIO              -----    -----      -----    -----      00AEH    0001H
  +--> ?PR?_PCT_WRITEASICBYTE?BUSCTRL

?PR?MONIAUDIOMUTE?COMMANDSHELL                  -----    -----      -----    -----      -----    -----
  +--> ?PR?_PCT_AUDIOMIXMUTE?TW28XX_AUDIO
  +--> ?PR?_PCT_AUDIOSELLIVE?TW28XX_AUDIO

?PR?PCT_AUDIOREGLIST?TW28XX_AUDIO               -----    -----      -----    -----      -----    -----
  +--> ?PR?PRINTF?PRINTF
  +--> ?PR?_PCT_READASICBYTE?BUSCTRL
  +--> ?CO?TW28XX_AUDIO

?PR?_MONIAUDIOGAIN?COMMANDSHELL                 -----    -----      0027H    000AH      00A4H    0006H
  +--> ?PR?COMMANDSHELL
  +--> ?PR?_PCT_GETFIRSTSTR?COMMANDSHELL
  +--> ?PR?_ATOI?ATOI
  +--> ?PR?SCANF?SCANF
  +--> ?CO?COMMANDSHELL
  +--> ?PR?_PCT_AUDIOGAINCTRL?TW28XX_AUDIO

?PR?_PCT_AUDIOGAINCTRL?TW28XX_AUDIO             -----    -----      -----    -----      00AAH    0003H
  +--> ?PR?TW28XX_AUDIO
  +--> ?PR?_PCT_READASICBYTE?BUSCTRL
  +--> ?CO?TW28XX_AUDIO
  +--> ?PR?_PCT_WRITEASICBYTE?BUSCTRL

?PR?_MONIAUDIOLIVE?COMMANDSHELL                 -----    -----      0027H    0001H      -----    -----
  +--> ?PR?COMMANDSHELL
  +--> ?PR?SCANF?SCANF
  +--> ?PR?_PCT_AUDIOSELLIVE?TW28XX_AUDIO

?PR?MONIREGISTERDUMP?COMMANDSHELL               -----    -----      0027H    0002H      -----    -----
  +--> ?CO?COMMANDSHELL
  +--> ?PR?PRINTF?PRINTF
  +--> ?PR?_PCT_READASICBYTE?BUSCTRL

?PR?_PCT_WINATTRCLEAR?TW28XX_VIDEO              -----    -----      -----    -----      00A4H    0003H
  +--> ?PR?TW28XX_VIDEO
  +--> ?PR?_PCT_READASICBYTE?BUSCTRL
  +--> ?PR?_PCT_WRITEASICBYTE?BUSCTRL

?PR?TW28XX_VIDEO                                -----    -----      -----    -----      -----    -----
  +--> ?CO?TW28XX_VIDEO

?PR?_MONIVIDEOMIXWIN?COMMANDSHELL               -----    -----      0027H    0002H      -----    -----
  +--> ?PR?COMMANDSHELL
  +--> ?CO?COMMANDSHELL
  +--> ?PR?SCANF?SCANF
  +--> ?PR?_PCT_SETXVIDEOMIXING?TW28XX_VIDEO

?PR?_PCT_SETXVIDEOMIXING?TW28XX_VIDEO           -----    -----      -----    -----      00A4H    0007H
  +--> ?PR?TW28XX_VIDEO
  +--> ?PR?_PCT_WRITEASICBYTE?BUSCTRL
  +--> ?CO?TW28XX_VIDEO
  +--> ?PR?_PCT_SETCHANELSCALE?TW28XX_VIDEO
  +--> ?PR?_PCT_WRITESTABLE?BUSCTRL

BL51 BANKED LINKER/LOCATER V6.22                                                      03/23/2018  09:00:14  PAGE 10


?PR?_PCT_SETCHANELSCALE?TW28XX_VIDEO            -----    -----      -----    -----      00ABH    0008H
  +--> ?PR?TW28XX_VIDEO
  +--> ?CO?TW28XX_VIDEO
  +--> ?PR?_PCT_WRITEASICBYTE?BUSCTRL

?PR?_PCT_WRITESTABLE?BUSCTRL                    -----    -----      -----    -----      00ABH    0003H
  +--> ?PR?BUSCTRL
  +--> ?PR?_PCT_READASICBYTE?BUSCTRL
  +--> ?PR?_PCT_WRITEASICBYTE?BUSCTRL

?PR?PCT_SENDACK?COMMANDSHELL                    -----    -----      -----    -----      -----    -----
  +--> ?PR?_RS_TX?UART

?PR?_MONIVIDEOMIXATTR?COMMANDSHELL              -----    -----      0027H    000AH      00A4H    0006H
  +--> ?PR?COMMANDSHELL
  +--> ?PR?_ATOI?ATOI
  +--> ?PR?_PCT_STRTOCOMMCODE?COMMANDSHELL
  +--> ?CO?COMMANDSHELL
  +--> ?PR?_PCT_GETFIRSTSTR?COMMANDSHELL
  +--> ?PR?_PCT_WINATTRCTRL?TW28XX_VIDEO

?PR?_PCT_WINATTRCTRL?TW28XX_VIDEO               -----    -----      -----    -----      00AAH    0003H
  +--> ?PR?TW28XX_VIDEO
  +--> ?PR?_PCT_READASICBYTE?BUSCTRL
  +--> ?PR?_PCT_WRITEASICBYTE?BUSCTRL

?PR?_MONIYVIDEOMIX?COMMANDSHELL                 -----    -----      0027H    0001H      -----    -----
  +--> ?PR?COMMANDSHELL
  +--> ?PR?SCANF?SCANF
  +--> ?PR?_PCT_SETYVIDEOMIXING?TW28XX_VIDEO

?PR?_PCT_SETYVIDEOMIXING?TW28XX_VIDEO           -----    -----      -----    -----      -----    -----
  +--> ?CO?TW28XX_VIDEO
  +--> ?PR?_PCT_WRITESTABLE?BUSCTRL

?PR?MONIVIDEOAUTODETECT?COMMANDSHELL            -----    -----      -----    -----      -----    -----
  +--> ?PR?_PCT_DETECTVIDEOFORMAT?TW28XX_VIDEO
  +--> ?CO?COMMANDSHELL
  +--> ?PR?PRINTF?PRINTF

?PR?_MONISETVIDEOFORMAT?COMMANDSHELL            -----    -----      0027H    0008H      00A4H    0006H
  +--> ?PR?COMMANDSHELL
  +--> ?PR?_PCT_GETFIRSTSTR?COMMANDSHELL
  +--> ?PR?_ATOI?ATOI
  +--> ?CO?COMMANDSHELL
  +--> ?PR?_PCT_SETVIDEOFORMAT?TW28XX_VIDEO
  +--> ?PR?SCANF?SCANF

?PR?_PCT_SETVIDEOFORMAT?TW28XX_VIDEO            -----    -----      -----    -----      00AAH    0002H
  +--> ?PR?_PCT_READASICBYTE?BUSCTRL
  +--> ?PR?TW28XX_VIDEO
  +--> ?PR?_PCT_WRITEASICBYTE?BUSCTRL

?PR?_MONISHOWSODSTR?COMMANDSHELL                -----    -----      0027H    0002H      00A4H    0006H
  +--> ?PR?COMMANDSHELL
  +--> ?PR?_ATOI?ATOI
  +--> ?PR?_PCT_PRESETFOREGROUNDCOLOR?OSDCTRL
BL51 BANKED LINKER/LOCATER V6.22                                                      03/23/2018  09:00:14  PAGE 11


  +--> ?PR?_PCT_PRESETBACKGROUNDCOLOR?OSDCTRL
  +--> ?PR?_PCT_SETOSDDRAWPAGE?OSDCTRL
  +--> ?PR?_PCT_SHOWOSDSTRING?OSDCTRL
  +--> ?PR?_PCT_ENSHOWOSDPAGE?OSDCTRL
  +--> ?PR?_PCT_GETFIRSTSTR?COMMANDSHELL

?PR?_PCT_SHOWOSDSTRING?OSDCTRL                  -----    -----      -----    -----      00AAH    0007H
  +--> ?PR?OSDCTRL
  +--> ?PR?_STRLEN?STRLEN
  +--> ?PR?_PCT_WRITEOSDFNTX?OSDCTRL
  +--> ?PR?_PCT_WRITEOSDFNTY?OSDCTRL
  +--> ?PR?PTC_SWITCHTOI2CMODE?BUSCTRL

?PR?_PCT_WRITEOSDFNTX?OSDCTRL                   -----    -----      0029H    0003H      00B1H    0013H
  +--> ?PR?OSDCTRL
  +--> ?PR?_PCT_WRITEOSDDATABUFFERX?OSDCTRL
  +--> ?PR?_PCT_WRITEASICBYTE?BUSCTRL
  +--> ?PR?_PCT_READASICBYTE?BUSCTRL

?PR?_PCT_WRITEOSDDATABUFFERX?OSDCTRL            -----    -----      -----    -----      00C4H    0004H
  +--> ?PR?OSDCTRL
  +--> ?PR?_PCT_WRITEASICBYTE?BUSCTRL

?PR?_PCT_WRITEOSDFNTY?OSDCTRL                   -----    -----      0029H    0002H      00B1H    001FH
  +--> ?PR?OSDCTRL
  +--> ?PR?_PCT_WRITEOSDDATABUFFERY?OSDCTRL
  +--> ?PR?_PCT_WRITEASICBYTE?BUSCTRL
  +--> ?PR?_PCT_READASICBYTE?BUSCTRL

?PR?_PCT_WRITEOSDDATABUFFERY?OSDCTRL            -----    -----      -----    -----      00D0H    0004H
  +--> ?PR?OSDCTRL
  +--> ?PR?_PCT_WRITEASICBYTE?BUSCTRL

?PR?_MONIHSCOMM?COMMANDSHELL                    -----    -----      0027H    0003H      -----    -----
  +--> ?PR?COMMANDSHELL
  +--> ?CO?COMMANDSHELL
  +--> ?PR?SCANF?SCANF
  +--> ?PR?_PCT_WINATTRCTRLY?TW28XX_VIDEO
  +--> ?PR?_PCT_RECOMPENSEYHDELAY?TW28XX_VIDEO
  +--> ?PR?_PCT_SETVIDEOHDELAY?TW28XX_VIDEO
  +--> ?PR?_PCT_SETXVIDEOMIXING?TW28XX_VIDEO
  +--> ?PR?_PCT_WINATTRCTRL?TW28XX_VIDEO
  +--> ?PR?_PCT_FLASHOSDCTRL?MAIN
  +--> ?PR?_PCT_CHECKVMIXTYPE?COMMANDSHELL
  +--> ?PR?_PCT_DISSHOWOSDPAGE?OSDCTRL
  +--> ?PR?_PCT_CLEAROSDPAGEX?OSDCTRL
  +--> ?PR?PCT_SHOWMODEICON?OSDACTION
  +--> ?PR?_PCT_OSD_ACTIONPTHX?OSDACTION

?PR?_PCT_WINATTRCTRLY?TW28XX_VIDEO              -----    -----      -----    -----      00A4H    0003H
  +--> ?PR?TW28XX_VIDEO
  +--> ?PR?_PCT_READASICBYTE?BUSCTRL
  +--> ?PR?_PCT_WRITEASICBYTE?BUSCTRL

?PR?_PCT_RECOMPENSEYHDELAY?TW28XX_VIDEO         -----    -----      -----    -----      00A4H    0003H
  +--> ?PR?TW28XX_VIDEO
  +--> ?PR?_PCT_READASICBYTE?BUSCTRL
BL51 BANKED LINKER/LOCATER V6.22                                                      03/23/2018  09:00:14  PAGE 12


  +--> ?CO?TW28XX_VIDEO
  +--> ?PR?_PCT_WRITEASICBYTE?BUSCTRL

?PR?_PCT_SETVIDEOHDELAY?TW28XX_VIDEO            -----    -----      -----    -----      00A4H    0008H
  +--> ?PR?TW28XX_VIDEO
  +--> ?PR?_PCT_WRITEASICBYTE?BUSCTRL
  +--> ?PR?_PCT_READASICBYTE?BUSCTRL
  +--> ?CO?TW28XX_VIDEO

?PR?_PCT_CHECKVMIXTYPE?COMMANDSHELL             -----    -----      002AH    0001H      -----    -----
  +--> ?PR?COMMANDSHELL

?PR?_PCT_DISSHOWOSDPAGE?OSDCTRL                 -----    -----      -----    -----      00A4H    0001H
  +--> ?PR?OSDCTRL
  +--> ?PR?_PCT_READASICBYTE?BUSCTRL
  +--> ?PR?_PCT_WRITEASICBYTE?BUSCTRL

?PR?_PCT_CLEAROSDPAGEX?OSDCTRL                  -----    -----      -----    -----      -----    -----
  +--> ?PR?_PCT_SETOSDDRAWPAGE?OSDCTRL
  +--> ?PR?_PCT_PRESETBACKGROUNDCOLOR?OSDCTRL
  +--> ?PR?_PCT_FULLCOLORONOSD?OSDCTRL

?PR?PCT_SHOWMODEICON?OSDACTION                  -----    -----      -----    -----      -----    -----
  +--> ?PR?_PCT_SETOSDDRAWPAGE?OSDCTRL
  +--> ?PR?OSDACTION
  +--> ?CO?OSDACTION
  +--> ?PR?_PCT_SHOWGRAPHSTRING?OSD_GRAPH
  +--> ?PR?_PCT_PRESETBACKGROUNDCOLOR?OSDCTRL
  +--> ?PR?_PCT_PRESETFOREGROUNDCOLOR?OSDCTRL

?PR?OSDACTION                                   -----    -----      -----    -----      -----    -----
  +--> ?CO?OSDACTION

?PR?_PCT_SHOWGRAPHSTRING?OSD_GRAPH              -----    -----      -----    -----      00A7H    0007H
  +--> ?PR?OSD_GRAPH
  +--> ?PR?_STRLEN?STRLEN
  +--> ?PR?_PCT_OSD16X16GRAPHX?OSD_GRAPH
  +--> ?PR?PTC_SWITCHTOI2CMODE?BUSCTRL

?PR?_PCT_OSD16X16GRAPHX?OSD_GRAPH               -----    -----      -----    -----      00AEH    000BH
  +--> ?PR?OSD_GRAPH
  +--> ?CO?OSD_GRAPH
  +--> ?PR?_PCT_WRITEASICBYTE?BUSCTRL
  +--> ?PR?_PCT_READASICBYTE?BUSCTRL

?PR?_PCT_OSD_ACTIONPTHX?OSDACTION               -----    -----      -----    -----      00A4H    0003H
  +--> ?PR?OSDACTION
  +--> ?PR?_PCT_PRESETFOREGROUNDCOLOR?OSDCTRL
  +--> ?PR?_PCT_PRESETBACKGROUNDCOLOR?OSDCTRL
  +--> ?PR?_PCT_SHOWGRAPHSTRING?OSD_GRAPH

?PR?PCT_AUDIOACTIONFORHS?COMMANDSHELL           -----    -----      0027H    0002H      -----    -----
  +--> ?PR?_PCT_AUDIOSELLIVE?TW28XX_AUDIO
  +--> ?PR?_PCT_AUDIOMIXMUTE?TW28XX_AUDIO

?PR?PCT_OSDACTIONFORHS?OSDACTION                -----    -----      -----    -----      -----    -----
  +--> ?PR?_PCT_SETOSDDRAWPAGE?OSDCTRL
BL51 BANKED LINKER/LOCATER V6.22                                                      03/23/2018  09:00:14  PAGE 13


  +--> ?PR?OSDACTION
  +--> ?PR?_PCT_SHOWMIRRORICON?OSDACTION
  +--> ?PR?_PCT_SHOWSPEAKICON?OSDACTION
  +--> ?PR?_PCT_SHOWINDICATEICON?OSDACTION
  +--> ?PR?PCT_ENFALSHVLOSS?OSDACTION
  +--> ?PR?_PCT_ENSHOWOSDPAGE?OSDCTRL

?PR?_PCT_SHOWMIRRORICON?OSDACTION               -----    -----      -----    -----      00A4H    0003H
  +--> ?PR?OSDACTION
  +--> ?PR?_PCT_PRESETFOREGROUNDCOLOR?OSDCTRL
  +--> ?PR?_PCT_CLEARWORDSPATHX?OSDCTRL
  +--> ?PR?_PCT_SHOWGRAPHSTRING?OSD_GRAPH
  +--> ?CO?OSDACTION

?PR?_PCT_CLEARWORDSPATHX?OSDCTRL                -----    -----      -----    -----      00A7H    0007H
  +--> ?PR?OSDCTRL
  +--> ?PR?_PCT_WRITEASICBYTE?BUSCTRL
  +--> ?PR?_PCT_READASICBYTE?BUSCTRL

?PR?_PCT_SHOWSPEAKICON?OSDACTION                -----    -----      -----    -----      00A4H    0003H
  +--> ?PR?OSDACTION
  +--> ?PR?_PCT_PRESETFOREGROUNDCOLOR?OSDCTRL
  +--> ?PR?_PCT_CLEARWORDSPATHX?OSDCTRL
  +--> ?PR?_PCT_SHOWGRAPHSTRING?OSD_GRAPH
  +--> ?CO?OSDACTION

?PR?_PCT_SHOWINDICATEICON?OSDACTION             -----    -----      0027H    0001H      00A4H    0003H
  +--> ?PR?OSDACTION
  +--> ?PR?_PCT_PRESETFOREGROUNDCOLOR?OSDCTRL
  +--> ?PR?_PCT_SHOWGRAPHSTRING?OSD_GRAPH
  +--> ?PR?_PCT_CLEARWORDSPATHX?OSDCTRL
  +--> ?CO?OSDACTION

?PR?_MONIHSCOMMSJMODE?COMMANDSHELL              -----    -----      -----    -----      -----    -----
  +--> ?PR?COMMANDSHELL
  +--> ?CO?COMMANDSHELL
  +--> ?PR?SCANF?SCANF

?PR?MONIHSCOMMDISSCROLL?COMMANDSHELL            -----    -----      -----    -----      -----    -----
  +--> ?PR?_PCT_ENSHOWOSDPAGE?OSDCTRL

?PR?MONIHSCOMMVERSION?COMMANDSHELL              -----    -----      -----    -----      -----    -----
  +--> ?PR?_RS_TX?UART
  +--> ?CO?COMMANDSHELL

?PR?PCT_CHECKSYSTEM?COMMANDSHELL                -----    -----      -----    -----      -----    -----
  +--> ?PR?_PCT_DETECTVIDEOFORMAT?TW28XX_VIDEO
  +--> ?PR?_PCT_ENSHOWOSDPAGE?OSDCTRL
  +--> ?PR?_PCT_CHANGESYSTEMTYPE?TW2835_INIT
  +--> ?PR?_PCT_RECOMPENSEYHDELAY?TW28XX_VIDEO
  +--> ?PR?COMMANDSHELL
  +--> ?PR?_PCT_SETVIDEOHDELAY?TW28XX_VIDEO
  +--> ?PR?_PCT_SETXVIDEOMIXING?TW28XX_VIDEO
  +--> ?PR?_PCT_CLEAROSDPAGEX?OSDCTRL
  +--> ?PR?PCT_SHOWMODEICON?OSDACTION
  +--> ?PR?_PCT_OSD_ACTIONPTHX?OSDACTION
  +--> ?PR?PCT_OSDACTIONFORHS?OSDACTION
BL51 BANKED LINKER/LOCATER V6.22                                                      03/23/2018  09:00:14  PAGE 14



?PR?_PCT_CHANGESYSTEMTYPE?TW2835_INIT           -----    -----      -----    -----      009EH    0002H
  +--> ?PR?TW2835_INIT
  +--> ?CO?TW2835_INIT
  +--> ?PR?_PCT_WRITEASICTABLE?BUSCTRL

?PR?PCT_GETVIDEOSIGNALSTATUS?OSDACTION          -----    -----      -----    -----      -----    -----
  +--> ?PR?_PCT_READASICBYTE?BUSCTRL
  +--> ?PR?_PCT_WRITEASICBYTE?BUSCTRL
  +--> ?PR?PCT_SHOWVLOSS?OSDACTION

?PR?PCT_SHOWVLOSS?OSDACTION                     -----    -----      -----    -----      -----    -----
  +--> ?PR?OSDACTION
  +--> ?PR?_PCT_SHOWGRAPHSTRING?OSD_GRAPH
  +--> ?PR?_PCT_CLEARWORDSPATHX?OSDCTRL



SYMBOL TABLE OF MODULE:  .\OBJ\TW2835 (?C_STARTUP)

  VALUE           TYPE          NAME
  ----------------------------------

  -------         MODULE        ?C_STARTUP
  C:7DA1H         SEGMENT       ?C_C51STARTUP
  I:0036H         SEGMENT       ?STACK
  C:0000H         PUBLIC        ?C_STARTUP
  D:00E0H         SYMBOL        ACC
  D:00F0H         SYMBOL        B
  D:0083H         SYMBOL        DPH
  D:0082H         SYMBOL        DPL
  N:0000H         SYMBOL        IBPSTACK
  N:0100H         SYMBOL        IBPSTACKTOP
  N:0080H         SYMBOL        IDATALEN
  C:7DA4H         SYMBOL        IDATALOOP
  N:0000H         SYMBOL        PBPSTACK
  N:0100H         SYMBOL        PBPSTACKTOP
  N:0000H         SYMBOL        PDATALEN
  N:0000H         SYMBOL        PDATASTART
  N:0000H         SYMBOL        PPAGE
  N:0000H         SYMBOL        PPAGEENABLE
  D:00A0H         SYMBOL        PPAGE_SFR
  D:0081H         SYMBOL        SP
  C:7DA1H         SYMBOL        STARTUP1
  N:0000H         SYMBOL        XBPSTACK
  N:0000H         SYMBOL        XBPSTACKTOP
  N:0000H         SYMBOL        XDATALEN
  N:0000H         SYMBOL        XDATASTART
  C:0000H         LINE#         126
  C:7DA1H         LINE#         133
  C:7DA3H         LINE#         134
  C:7DA4H         LINE#         135
  C:7DA5H         LINE#         136
  C:7DA7H         LINE#         185
  C:7DAAH         LINE#         196
  -------         ENDMOD        ?C_STARTUP

BL51 BANKED LINKER/LOCATER V6.22                                                      03/23/2018  09:00:14  PAGE 15


  -------         MODULE        UART
  C:0000H         SYMBOL        _ICE_DUMMY_
  D:0090H         PUBLIC        P1
  D:00B0H         PUBLIC        P3
  C:8D65H         PUBLIC        InitialUART
  D:00A8H         PUBLIC        IE
  X:0000H         PUBLIC        RS_RECVBUF
  B:00A8H.4       PUBLIC        ES
  D:00B8H         PUBLIC        IP
  B:0098H.0       PUBLIC        RI
  B:0098H.1       PUBLIC        TI
  B:00B8H.4       PUBLIC        PS
  D:00D8H         PUBLIC        CCON
  D:0099H         PUBLIC        SBUF
  D:00C0H         PUBLIC        WDTC
  D:0098H         PUBLIC        SCON
  D:0088H         PUBLIC        TCON
  C:8D75H         PUBLIC        RS_RxReady
  D:008DH         PUBLIC        TH1
  D:00E8H         PUBLIC        IEA
  X:0050H         PUBLIC        RsRxRp
  B:0088H.6       PUBLIC        TR1
  X:0051H         PUBLIC        RsRxWp
  D:00F8H         PUBLIC        IPA
  D:00C8H         PUBLIC        T2CON
  C:8C4DH         PUBLIC        RS_rx
  C:0003H         PUBLIC        _RS_tx
  C:8B59H         PUBLIC        RS_interrupt
  D:00D0H         PUBLIC        PSW
  -------         PROC          INITIALUART
  C:8D65H         LINE#         66
  C:8D65H         LINE#         67
  C:8D65H         LINE#         69
  C:8D67H         LINE#         70
  C:8D69H         LINE#         77
  C:8D6CH         LINE#         84
  C:8D6EH         LINE#         86
  C:8D72H         LINE#         87
  C:8D74H         LINE#         88
  -------         ENDPROC       INITIALUART
  -------         PROC          RS_RXREADY
  C:8D75H         LINE#         94
  C:8D75H         LINE#         95
  C:8D75H         LINE#         96
  C:8D81H         LINE#         97
  C:8D83H         LINE#         98
  -------         ENDPROC       RS_RXREADY
  -------         PROC          RS_RX
  -------         DO            
  D:0007H         SYMBOL        ret
  -------         ENDDO         
  C:8C4DH         LINE#         104
  C:8C4DH         LINE#         105
  C:8C4DH         LINE#         108
  C:8C4FH         LINE#         112
  C:8C57H         LINE#         113
  C:8C5CH         LINE#         114
BL51 BANKED LINKER/LOCATER V6.22                                                      03/23/2018  09:00:14  PAGE 16


  C:8C62H         LINE#         115
  C:8C64H         LINE#         116
  C:8C66H         LINE#         118
  C:8C66H         LINE#         119
  -------         ENDPROC       RS_RX
  -------         PROC          _RS_TX
  D:0007H         SYMBOL        tx_buf
  C:0003H         LINE#         125
  C:0003H         LINE#         126
  C:0003H         LINE#         127
  C:0003H         LINE#         128
  C:0006H         LINE#         129
  C:0008H         LINE#         130
  C:000AH         LINE#         131
  C:000AH         LINE#         132
  C:000AH         LINE#         133
  C:000AH         LINE#         134
  -------         ENDPROC       _RS_TX
  -------         PROC          RS_INTERRUPT
  C:8B59H         LINE#         140
  C:8B60H         LINE#         142
  C:8B63H         LINE#         143
  C:8B65H         LINE#         147
  C:8B6EH         LINE#         148
  C:8B73H         LINE#         149
  C:8B7BH         LINE#         161
  C:8B7BH         LINE#         162
  -------         ENDPROC       RS_INTERRUPT
  -------         ENDMOD        UART

  -------         MODULE        BUSCTRL
  C:0000H         SYMBOL        _ICE_DUMMY_
  D:0080H         PUBLIC        P0
  D:0090H         PUBLIC        P1
  D:00B0H         PUBLIC        P3
  B:00A8H.7       PUBLIC        EA
  D:00A8H         PUBLIC        IE
  C:820BH         PUBLIC        _PCT_WriteSTable
  D:00B8H         PUBLIC        IP
  B:0090H.3       PUBLIC        HALE
  B:0090H.2       PUBLIC        HRDB
  D:00D8H         PUBLIC        CCON
  D:00C0H         PUBLIC        WDTC
  B:0090H.1       PUBLIC        HWRB
  D:0098H         PUBLIC        SCON
  D:0088H         PUBLIC        TCON
  C:83FAH         PUBLIC        _PCT_WriteAsicTable
  C:8DFEH         PUBLIC        PTC_SwitchToI2CMode
  D:00E8H         PUBLIC        IEA
  B:00B0H.6       PUBLIC        HCSB0
  B:00B0H.7       PUBLIC        HCSB1
  D:00F8H         PUBLIC        IPA
  C:8902H         PUBLIC        _PCT_ReadAsicByte
  D:00C8H         PUBLIC        T2CON
  C:8A60H         PUBLIC        _PCT_WriteAsicByte
  D:00D0H         PUBLIC        PSW
  C:8AE1H         SYMBOL        Com001C
BL51 BANKED LINKER/LOCATER V6.22                                                      03/23/2018  09:00:14  PAGE 17


  C:8AE1H         SYMBOL        L?0029
  C:8AE1H         SYMBOL        L?0030
  C:8AECH         SYMBOL        L?0031
  C:8AF9H         SYMBOL        L?0032
  C:8AFBH         SYMBOL        L?0033
  C:8B02H         SYMBOL        L?0034
  C:8B02H         SYMBOL        L?0035
  -------         PROC          COM001C
  -------         ENDPROC       COM001C
  -------         PROC          _PCT_WRITEASICBYTE
  D:0007H         SYMBOL        _dvc
  D:0005H         SYMBOL        _pg
  D:0003H         SYMBOL        _addr
  X:00D7H         SYMBOL        _wdat
  C:8A60H         LINE#         63
  C:8A60H         LINE#         64
  C:8A60H         LINE#         65
  C:8A60H         LINE#         67
  C:8A60H         LINE#         69
  C:8A60H         LINE#         71
  C:8A6BH         LINE#         72
  C:8A75H         LINE#         73
  C:8A7DH         LINE#         74
  C:8A7DH         LINE#         75
  C:8A7DH         LINE#         76
  C:8A80H         LINE#         77
  C:8A85H         LINE#         78
  C:8A87H         LINE#         79
  C:8A89H         LINE#         81
  C:8A89H         LINE#         82
  C:8A89H         LINE#         83
  C:8A89H         LINE#         84
  C:8A89H         LINE#         85
  C:8A8CH         LINE#         86
  -------         ENDPROC       _PCT_WRITEASICBYTE
  -------         PROC          _PCT_WRITEASICTABLE
  D:0007H         SYMBOL        _dvc
  D:0005H         SYMBOL        _pg
  D:0006H         SYMBOL        _addr
  X:00A9H         SYMBOL        _tbl_ptr
  X:00ACH         SYMBOL        _tbl_cnt
  C:83FAH         LINE#         92
  C:83FCH         LINE#         93
  C:83FCH         LINE#         94
  C:83FCH         LINE#         96
  C:83FCH         LINE#         98
  C:83FCH         LINE#         100
  C:8407H         LINE#         101
  C:8411H         LINE#         102
  C:8419H         LINE#         104
  C:8419H         LINE#         105
  C:841CH         LINE#         106
  C:841CH         LINE#         107
  C:841FH         LINE#         109
  C:8435H         LINE#         110
  C:8437H         LINE#         111
  C:8439H         LINE#         112
BL51 BANKED LINKER/LOCATER V6.22                                                      03/23/2018  09:00:14  PAGE 18


  C:8440H         LINE#         114
  C:8440H         LINE#         115
  C:8440H         LINE#         116
  C:8440H         LINE#         117
  C:8440H         LINE#         118
  C:8443H         LINE#         119
  -------         ENDPROC       _PCT_WRITEASICTABLE
  -------         PROC          _PCT_READASICBYTE
  D:0007H         SYMBOL        _dvc
  D:0005H         SYMBOL        _pg
  D:0003H         SYMBOL        _addr
  -------         DO            
  D:0007H         SYMBOL        _rdat_
  -------         ENDDO         
  C:8902H         LINE#         125
  C:8902H         LINE#         126
  C:8902H         LINE#         129
  C:8902H         LINE#         131
  C:8902H         LINE#         133
  C:8902H         LINE#         134
  C:890DH         LINE#         135
  C:8917H         LINE#         136
  C:891FH         LINE#         138
  C:891FH         LINE#         139
  C:891FH         LINE#         140
  C:8922H         LINE#         141
  C:8925H         LINE#         142
  C:8927H         LINE#         143
  C:8929H         LINE#         144
  C:892BH         LINE#         146
  C:892EH         LINE#         147
  C:8930H         LINE#         148
  C:8932H         LINE#         149
  C:8934H         LINE#         150
  C:8934H         LINE#         151
  -------         ENDPROC       _PCT_READASICBYTE
  -------         PROC          _PCT_WRITESTABLE
  D:0007H         SYMBOL        _dvc
  X:00ABH         SYMBOL        _tbl_ptr
  C:820BH         LINE#         158
  C:8215H         LINE#         159
  C:8215H         LINE#         163
  C:8215H         LINE#         164
  C:8223H         LINE#         165
  C:8240H         LINE#         166
  C:8240H         LINE#         167
  C:8254H         LINE#         168
  C:8254H         LINE#         169
  C:825FH         LINE#         170
  C:8261H         LINE#         171
  -------         ENDPROC       _PCT_WRITESTABLE
  -------         PROC          PTC_SWITCHTOI2CMODE
  C:8DFEH         LINE#         177
  C:8DFEH         LINE#         178
  C:8DFEH         LINE#         188
  -------         ENDPROC       PTC_SWITCHTOI2CMODE
  -------         ENDMOD        BUSCTRL
BL51 BANKED LINKER/LOCATER V6.22                                                      03/23/2018  09:00:14  PAGE 19



  -------         MODULE        COMMANDSHELL
  C:0000H         SYMBOL        _ICE_DUMMY_
  D:0090H         PUBLIC        P1
  D:00B0H         PUBLIC        P3
  C:8CAFH         PUBLIC        _MoniHSCommSJmode
  C:899BH         PUBLIC        MoniVideoAutoDetect
  C:5E63H         PUBLIC        _PCT_RunCommShell
  C:7059H         PUBLIC        _MoniAudioGain
  D:00A8H         PUBLIC        IE
  C:8935H         PUBLIC        _MoniReadOneBuffer
  D:00B8H         PUBLIC        IP
  C:8D53H         PUBLIC        _MoniYVideoMix
  X:0052H         PUBLIC        sysdat
  C:8CF1H         PUBLIC        _MoniAudioLive
  D:00D8H         PUBLIC        CCON
  C:8D84H         PUBLIC        PCT_SendACK
  C:8968H         PUBLIC        _MoniWriteOneBuffer
  C:8D93H         PUBLIC        MoniAudioMute
  C:8A32H         PUBLIC        MoniHSCommVersion
  C:7638H         PUBLIC        _MoniSetVideoFormat
  C:84D7H         PUBLIC        _MoniReadAsicByte
  C:7EA2H         PUBLIC        _PCT_GetFirstStr
  C:7F6EH         PUBLIC        PCT_CheckSystem
  D:00C0H         PUBLIC        WDTC
  D:0098H         PUBLIC        SCON
  D:0088H         PUBLIC        TCON
  C:83AEH         PUBLIC        _MoniWriteAsicByte
  C:7196H         PUBLIC        _MoniHSComm
  X:0063H         PUBLIC        msg
  D:00E8H         PUBLIC        IEA
  C:8776H         PUBLIC        _PCT_StrToCommCode
  C:8674H         PUBLIC        _PCT_CheckVMixType
  C:8DEEH         PUBLIC        MoniHSCommDisScroll
  D:00F8H         PUBLIC        IPA
  C:8153H         PUBLIC        _MoniShowSODStr
  C:6339H         PUBLIC        _MoniVideoMixAttr
  C:87B4H         PUBLIC        PCT_AudioActionForHS
  D:00C8H         PUBLIC        T2CON
  C:8262H         PUBLIC        _MoniVideoMixWin
  C:85EFH         PUBLIC        _MoniReadPageBuffer
  X:00D8H         PUBLIC        Original_selwintype
  C:848EH         PUBLIC        MoniRegisterDump
  D:00D0H         PUBLIC        PSW
  C:6AA1H         PUBLIC        _MoniAudioMixing
  C:6549H         SYMBOL        Com00E5
  C:6549H         SYMBOL        L?0230
  C:654AH         SYMBOL        L?0231
  C:6580H         SYMBOL        L?0232
  C:6587H         SYMBOL        L?0233
  C:6588H         SYMBOL        L?0234
  C:65BEH         SYMBOL        L?0235
  C:65C5H         SYMBOL        L?0236
  C:65C5H         SYMBOL        L?0237
  C:65C7H         SYMBOL        L?0238
  C:65D0H         SYMBOL        L?0239
  C:65D1H         SYMBOL        L?0240
BL51 BANKED LINKER/LOCATER V6.22                                                      03/23/2018  09:00:14  PAGE 20


  C:65F1H         SYMBOL        L?0241
  C:65F8H         SYMBOL        L?0242
  C:65F8H         SYMBOL        L?0243
  C:6603H         SYMBOL        L?0244
  C:660AH         SYMBOL        L?0245
  C:661AH         SYMBOL        L?0246
  C:6621H         SYMBOL        L?0247
  C:6631H         SYMBOL        L?0248
  C:6638H         SYMBOL        L?0249
  C:6648H         SYMBOL        L?0250
  C:664FH         SYMBOL        L?0251
  C:665AH         SYMBOL        L?0252
  C:6661H         SYMBOL        L?0253
  C:666CH         SYMBOL        L?0254
  C:6673H         SYMBOL        L?0255
  C:6678H         SYMBOL        L?0256
  C:667FH         SYMBOL        L?0257
  C:6684H         SYMBOL        L?0258
  C:668BH         SYMBOL        L?0260
  C:6697H         SYMBOL        L?0261
  C:6698H         SYMBOL        L?0262
  C:669FH         SYMBOL        L?0264
  C:669FH         SYMBOL        L?0265
  C:66A7H         SYMBOL        L?0266
  C:66AEH         SYMBOL        L?0267
  C:66B5H         SYMBOL        L?0271
  C:66B5H         SYMBOL        L?0272
  C:66BCH         SYMBOL        L?0273
  C:66C3H         SYMBOL        L?0277
  C:66CAH         SYMBOL        L?0280
  C:66D1H         SYMBOL        L?0285
  C:66D8H         SYMBOL        L?0287
  C:66E7H         SYMBOL        L?0288
  C:66EEH         SYMBOL        L?0291
  C:66F5H         SYMBOL        L?0294
  C:66FCH         SYMBOL        L?0298
  C:66FCH         SYMBOL        L?0299
  C:66FDH         SYMBOL        L?0300
  C:6705H         SYMBOL        L?0301
  C:6705H         SYMBOL        L?0302
  C:670FH         SYMBOL        L?0304
  C:6716H         SYMBOL        L?0305
  C:6717H         SYMBOL        L?0306
  C:671EH         SYMBOL        L?0307
  C:671EH         SYMBOL        L?0308
  C:6725H         SYMBOL        L?0310
  C:6725H         SYMBOL        L?0311
  C:672EH         SYMBOL        L?0312
  C:673BH         SYMBOL        L?0314
  C:6747H         SYMBOL        L?0316
  C:6747H         SYMBOL        L?0317
  C:674DH         SYMBOL        L?0318
  -------         PROC          COM00E5
  -------         ENDPROC       COM00E5
  -------         PROC          _PCT_GETFIRSTSTR
  X:00AAH         SYMBOL        tagStr
  X:00ADH         SYMBOL        sourceStr
BL51 BANKED LINKER/LOCATER V6.22                                                      03/23/2018  09:00:14  PAGE 21


  C:7EA2H         LINE#         87
  C:7EA7H         LINE#         88
  C:7EA7H         LINE#         89
  C:7EB2H         LINE#         90
  C:7EC7H         LINE#         91
  C:7EDDH         LINE#         92
  C:7EDFH         LINE#         93
  C:7EDFH         LINE#         94
  C:7EEBH         LINE#         95
  C:7EEFH         LINE#         96
  C:7EF7H         LINE#         97
  C:7EFAH         LINE#         98
  C:7EFDH         LINE#         99
  C:7F00H         LINE#         100
  C:7F08H         LINE#         101
  -------         ENDPROC       _PCT_GETFIRSTSTR
  -------         PROC          _PCT_STRTOCOMMCODE
  X:00AAH         SYMBOL        Str
  -------         DO            
  D:0031H         SYMBOL        ret
  -------         ENDDO         
  C:8776H         LINE#         108
  C:877BH         LINE#         109
  C:877BH         LINE#         110
  C:8780H         LINE#         112
  C:87AFH         LINE#         113
  C:87B3H         LINE#         114
  -------         ENDPROC       _PCT_STRTOCOMMCODE
  -------         PROC          PCT_SENDACK
  C:8D84H         LINE#         120
  C:8D84H         LINE#         121
  C:8D84H         LINE#         122
  C:8D89H         LINE#         123
  C:8D8EH         LINE#         124
  -------         ENDPROC       PCT_SENDACK
  -------         PROC          _PCT_CHECKVMIXTYPE
  D:0007H         SYMBOL        _typ
  -------         DO            
  D:002AH         SYMBOL        tmplktp
  -------         ENDDO         
  C:8674H         LINE#         131
  C:8674H         LINE#         132
  C:8674H         LINE#         133
  C:8677H         LINE#         135
  C:867CH         LINE#         136
  C:8683H         LINE#         137
  C:8689H         LINE#         138
  C:8695H         LINE#         140
  C:86A1H         LINE#         141
  C:86A6H         LINE#         143
  C:86A6H         LINE#         144
  C:86ABH         LINE#         145
  C:86B0H         LINE#         146
  C:86B4H         LINE#         147
  -------         ENDPROC       _PCT_CHECKVMIXTYPE
  -------         PROC          _MONIREADPAGEBUFFER
  D:0001H         SYMBOL        szParam
BL51 BANKED LINKER/LOCATER V6.22                                                      03/23/2018  09:00:14  PAGE 22


  -------         DO            
  D:0027H         SYMBOL        page
  D:0028H         SYMBOL        start
  D:0029H         SYMBOL        end
  -------         ENDDO         
  C:85EFH         LINE#         157
  C:85EFH         LINE#         158
  C:85EFH         LINE#         161
  C:8614H         LINE#         163
  C:8614H         LINE#         164
  C:862AH         LINE#         165
  C:862CH         LINE#         166
  C:8631H         LINE#         167
  -------         ENDPROC       _MONIREADPAGEBUFFER
  -------         PROC          _MONIREADONEBUFFER
  D:0001H         SYMBOL        szParam
  -------         DO            
  D:0027H         SYMBOL        page
  D:0028H         SYMBOL        addr
  -------         ENDDO         
  C:8935H         LINE#         173
  C:8935H         LINE#         174
  C:8935H         LINE#         177
  C:8952H         LINE#         179
  -------         ENDPROC       _MONIREADONEBUFFER
  -------         PROC          _MONIWRITEONEBUFFER
  D:0001H         SYMBOL        szParam
  -------         DO            
  D:0027H         SYMBOL        page
  D:0028H         SYMBOL        addr
  D:0029H         SYMBOL        dat
  -------         ENDDO         
  C:8968H         LINE#         186
  C:8968H         LINE#         187
  C:8968H         LINE#         190
  C:898DH         LINE#         191
  -------         ENDPROC       _MONIWRITEONEBUFFER
  -------         PROC          _MONIWRITEASICBYTE
  D:0001H         SYMBOL        szParam
  -------         DO            
  D:0027H         SYMBOL        _dev
  D:0028H         SYMBOL        _pg
  D:0029H         SYMBOL        _addr
  D:002AH         SYMBOL        _wdat
  -------         ENDDO         
  C:83AEH         LINE#         198
  C:83AEH         LINE#         199
  C:83AEH         LINE#         200
  C:83B1H         LINE#         201
  C:83B3H         LINE#         202
  C:83B5H         LINE#         203
  C:83B7H         LINE#         205
  C:83ECH         LINE#         206
  -------         ENDPROC       _MONIWRITEASICBYTE
  -------         PROC          _MONIREADASICBYTE
  D:0001H         SYMBOL        szParam
  -------         DO            
BL51 BANKED LINKER/LOCATER V6.22                                                      03/23/2018  09:00:14  PAGE 23


  D:0027H         SYMBOL        _dev
  D:0028H         SYMBOL        _pg
  D:0029H         SYMBOL        _addr
  D:002AH         SYMBOL        _rdat
  -------         ENDDO         
  C:84D7H         LINE#         213
  C:84D7H         LINE#         214
  C:84D7H         LINE#         215
  C:84DAH         LINE#         216
  C:84DCH         LINE#         217
  C:84DEH         LINE#         218
  C:84E0H         LINE#         220
  C:8505H         LINE#         221
  C:8510H         LINE#         222
  -------         ENDPROC       _MONIREADASICBYTE
  C:6BDCH         SYMBOL        L?0268
  C:6BF2H         SYMBOL        L?0281
  C:6C08H         SYMBOL        L?0284
  -------         PROC          _MONIAUDIOMIXING
  X:00A4H         SYMBOL        szParam
  -------         DO            
  D:0027H         SYMBOL        selch0
  D:0028H         SYMBOL        selch1
  D:0029H         SYMBOL        selch2
  D:002AH         SYMBOL        selch3
  D:002BH         SYMBOL        selch4
  D:002CH         SYMBOL        valch0
  D:002DH         SYMBOL        valch1
  D:002EH         SYMBOL        valch2
  D:002FH         SYMBOL        valch3
  D:0030H         SYMBOL        valch4
  X:00A7H         SYMBOL        getStr
  C:5E5EH         SYMBOL        chaddr
  -------         ENDDO         
  C:6AA1H         LINE#         230
  C:6AA3H         LINE#         231
  C:6AA3H         LINE#         242
  C:6AB6H         LINE#         244
  C:6ABEH         LINE#         250
  C:6AE7H         LINE#         251
  C:6AE7H         LINE#         252
  C:6AFCH         LINE#         253
  C:6B05H         LINE#         254
  C:6B0BH         LINE#         255
  C:6B0EH         LINE#         257
  C:6B0EH         LINE#         258
  C:6B30H         LINE#         260
  C:6B30H         LINE#         261
  C:6B33H         LINE#         262
  C:6B36H         LINE#         263
  C:6B39H         LINE#         265
  C:6B39H         LINE#         266
  C:6B50H         LINE#         268
  C:6B50H         LINE#         269
  C:6B53H         LINE#         270
  C:6B57H         LINE#         271
  C:6B5AH         LINE#         272
BL51 BANKED LINKER/LOCATER V6.22                                                      03/23/2018  09:00:14  PAGE 24


  C:6B5DH         LINE#         274
  C:6B5DH         LINE#         275
  C:6B77H         LINE#         277
  C:6B77H         LINE#         278
  C:6B77H         LINE#         279
  C:6B77H         LINE#         280
  C:6B7AH         LINE#         282
  C:6B82H         LINE#         283
  C:6B85H         LINE#         285
  C:6B85H         LINE#         286
  C:6BB0H         LINE#         288
  C:6BB0H         LINE#         289
  C:6BB0H         LINE#         290
  C:6BB0H         LINE#         291
  C:6BB8H         LINE#         292
  C:6BC1H         LINE#         294
  C:6BDBH         LINE#         295
  C:6BDBH         LINE#         297
  C:6BDBH         LINE#         298
  C:6BDBH         LINE#         299
  C:6BDBH         LINE#         300
  -------         ENDPROC       _MONIAUDIOMIXING
  -------         PROC          MONIAUDIOMUTE
  C:8D93H         LINE#         307
  C:8D93H         LINE#         308
  C:8D93H         LINE#         309
  C:8D9BH         LINE#         314
  -------         ENDPROC       MONIAUDIOMUTE
  C:7161H         SYMBOL        L?0276
  C:717BH         SYMBOL        L?0303
  C:718CH         SYMBOL        L?0319
  -------         PROC          _MONIAUDIOGAIN
  X:00A4H         SYMBOL        szParam
  -------         DO            
  D:0027H         SYMBOL        selch0
  D:0028H         SYMBOL        selch1
  D:0029H         SYMBOL        selch2
  D:002AH         SYMBOL        selch3
  D:002BH         SYMBOL        selch4
  D:002CH         SYMBOL        ch0val
  D:002DH         SYMBOL        ch1val
  D:002EH         SYMBOL        ch2val
  D:002FH         SYMBOL        ch3val
  D:0030H         SYMBOL        ch4val
  X:00A7H         SYMBOL        getStr
  -------         ENDDO         
  C:7059H         LINE#         322
  C:705BH         LINE#         323
  C:705BH         LINE#         328
  C:706EH         LINE#         330
  C:7094H         LINE#         331
  C:7094H         LINE#         332
  C:70A9H         LINE#         333
  C:70ADH         LINE#         334
  C:70B0H         LINE#         336
  C:70B0H         LINE#         337
  C:70D2H         LINE#         339
BL51 BANKED LINKER/LOCATER V6.22                                                      03/23/2018  09:00:14  PAGE 25


  C:70D2H         LINE#         340
  C:70D5H         LINE#         341
  C:70D8H         LINE#         343
  C:70D8H         LINE#         344
  C:70EFH         LINE#         346
  C:70EFH         LINE#         347
  C:70EFH         LINE#         348
  C:70F2H         LINE#         349
  C:70F5H         LINE#         351
  C:70F5H         LINE#         352
  C:710FH         LINE#         354
  C:710FH         LINE#         355
  C:710FH         LINE#         356
  C:7112H         LINE#         357
  C:7115H         LINE#         358
  C:7118H         LINE#         360
  C:7118H         LINE#         361
  C:7143H         LINE#         363
  C:7143H         LINE#         364
  C:714BH         LINE#         365
  C:714FH         LINE#         366
  C:7157H         LINE#         367
  C:7160H         LINE#         368
  C:7160H         LINE#         370
  C:7160H         LINE#         371
  C:7160H         LINE#         372
  C:7160H         LINE#         373
  -------         ENDPROC       _MONIAUDIOGAIN
  -------         PROC          _MONIAUDIOLIVE
  D:0001H         SYMBOL        szParam
  -------         DO            
  D:0027H         SYMBOL        chan
  -------         ENDDO         
  C:8CF1H         LINE#         380
  C:8CF1H         LINE#         381
  C:8CF1H         LINE#         384
  C:8CFEH         LINE#         386
  -------         ENDPROC       _MONIAUDIOLIVE
  -------         PROC          MONIREGISTERDUMP
  -------         DO            
  D:0027H         SYMBOL        addr
  D:0028H         SYMBOL        page
  -------         ENDDO         
  C:848EH         LINE#         393
  C:848EH         LINE#         394
  C:848EH         LINE#         398
  C:8491H         LINE#         399
  C:849FH         LINE#         400
  C:84A2H         LINE#         401
  C:84A2H         LINE#         402
  C:84B8H         LINE#         403
  C:84BAH         LINE#         404
  C:84C9H         LINE#         405
  C:84CDH         LINE#         406
  C:84D6H         LINE#         407
  -------         ENDPROC       MONIREGISTERDUMP
  -------         PROC          _MONIVIDEOMIXWIN
BL51 BANKED LINKER/LOCATER V6.22                                                      03/23/2018  09:00:14  PAGE 26


  D:0001H         SYMBOL        szParam
  -------         DO            
  D:0027H         SYMBOL        chose
  D:0028H         SYMBOL        wintp
  -------         ENDDO         
  C:8262H         LINE#         413
  C:8262H         LINE#         414
  C:8262H         LINE#         417
  C:82A4H         LINE#         419
  C:82B1H         LINE#         420
  -------         ENDPROC       _MONIVIDEOMIXWIN
  C:6507H         SYMBOL        L?0275
  C:650EH         SYMBOL        L?0279
  C:6515H         SYMBOL        L?0283
  C:651CH         SYMBOL        L?0289
  C:6523H         SYMBOL        L?0290
  C:6534H         SYMBOL        L?0293
  C:653BH         SYMBOL        L?0296
  C:6542H         SYMBOL        L?0313
  -------         PROC          _MONIVIDEOMIXATTR
  X:00A4H         SYMBOL        szParam
  -------         DO            
  D:0027H         SYMBOL        chose
  D:0029H         SYMBOL        attrsel
  D:002AH         SYMBOL        setval
  D:002BH         SYMBOL        winNm
  D:002FH         SYMBOL        wincnt
  D:0030H         SYMBOL        division
  X:00A7H         SYMBOL        getStr
  -------         ENDDO         
  C:6339H         LINE#         427
  C:633EH         LINE#         428
  C:633EH         LINE#         431
  C:6341H         LINE#         435
  C:6347H         LINE#         436
  C:6351H         LINE#         438
  C:6357H         LINE#         439
  C:6363H         LINE#         441
  C:6371H         LINE#         442
  C:6374H         LINE#         443
  C:6374H         LINE#         444
  C:6385H         LINE#         445
  C:6388H         LINE#         446
  C:6388H         LINE#         447
  C:6399H         LINE#         448
  C:639CH         LINE#         449
  C:639CH         LINE#         450
  C:63ACH         LINE#         451
  C:63AFH         LINE#         452
  C:63AFH         LINE#         453
  C:63BFH         LINE#         454
  C:63C2H         LINE#         455
  C:63C2H         LINE#         456
  C:63D2H         LINE#         457
  C:63D5H         LINE#         458
  C:63D5H         LINE#         459
  C:63E5H         LINE#         460
BL51 BANKED LINKER/LOCATER V6.22                                                      03/23/2018  09:00:14  PAGE 27


  C:63E8H         LINE#         461
  C:63E8H         LINE#         462
  C:63F8H         LINE#         463
  C:63FBH         LINE#         464
  C:63FEH         LINE#         465
  C:640FH         LINE#         466
  C:6412H         LINE#         467
  C:6412H         LINE#         468
  C:6423H         LINE#         469
  C:6426H         LINE#         470
  C:6426H         LINE#         471
  C:6436H         LINE#         472
  C:6439H         LINE#         473
  C:6439H         LINE#         474
  C:6449H         LINE#         475
  C:644CH         LINE#         476
  C:644CH         LINE#         477
  C:645CH         LINE#         478
  C:645FH         LINE#         479
  C:645FH         LINE#         480
  C:646FH         LINE#         481
  C:6472H         LINE#         482
  C:6472H         LINE#         483
  C:6485H         LINE#         484
  C:6488H         LINE#         485
  C:648BH         LINE#         486
  C:64A0H         LINE#         487
  C:64A3H         LINE#         488
  C:64A5H         LINE#         489
  C:64A5H         LINE#         491
  C:64A5H         LINE#         493
  C:64BBH         LINE#         494
  C:64D8H         LINE#         495
  C:64D8H         LINE#         496
  C:64E9H         LINE#         497
  C:64EBH         LINE#         498
  C:64EBH         LINE#         499
  C:64EDH         LINE#         500
  C:64F1H         LINE#         501
  C:64FBH         LINE#         502
  C:6502H         LINE#         503
  C:6502H         LINE#         504
  C:6506H         LINE#         505
  -------         ENDPROC       _MONIVIDEOMIXATTR
  -------         PROC          _MONIYVIDEOMIX
  D:0001H         SYMBOL        szParam
  -------         DO            
  D:0027H         SYMBOL        chan
  -------         ENDDO         
  C:8D53H         LINE#         512
  C:8D53H         LINE#         513
  C:8D53H         LINE#         516
  C:8D60H         LINE#         517
  -------         ENDPROC       _MONIYVIDEOMIX
  -------         PROC          MONIVIDEOAUTODETECT
  C:899BH         LINE#         524
  C:899BH         LINE#         525
BL51 BANKED LINKER/LOCATER V6.22                                                      03/23/2018  09:00:14  PAGE 28


  C:899BH         LINE#         526
  -------         ENDPROC       MONIVIDEOAUTODETECT
  C:7725H         SYMBOL        L?0270
  C:7743H         SYMBOL        L?0315
  -------         PROC          _MONISETVIDEOFORMAT
  X:00A4H         SYMBOL        szParam
  -------         DO            
  D:0027H         SYMBOL        selch0
  D:0028H         SYMBOL        selch1
  D:0029H         SYMBOL        selch2
  D:002AH         SYMBOL        selch3
  D:002BH         SYMBOL        valch0
  D:002CH         SYMBOL        valch1
  D:002DH         SYMBOL        valch2
  D:002EH         SYMBOL        valch3
  X:00A7H         SYMBOL        getStr
  -------         ENDDO         
  C:7638H         LINE#         538
  C:763AH         LINE#         539
  C:763AH         LINE#         544
  C:764DH         LINE#         546
  C:766DH         LINE#         547
  C:766DH         LINE#         548
  C:7684H         LINE#         549
  C:7687H         LINE#         550
  C:768AH         LINE#         552
  C:768AH         LINE#         553
  C:76A1H         LINE#         555
  C:76A9H         LINE#         556
  C:76B1H         LINE#         557
  C:76B4H         LINE#         559
  C:76B4H         LINE#         560
  C:76CEH         LINE#         562
  C:76CEH         LINE#         563
  C:76D1H         LINE#         564
  C:76D9H         LINE#         565
  C:76DCH         LINE#         567
  C:76DCH         LINE#         568
  C:7707H         LINE#         570
  C:7707H         LINE#         571
  C:770AH         LINE#         572
  C:7717H         LINE#         573
  C:7724H         LINE#         574
  C:7724H         LINE#         576
  C:7724H         LINE#         577
  C:7724H         LINE#         578
  C:7724H         LINE#         579
  -------         ENDPROC       _MONISETVIDEOFORMAT
  C:819DH         SYMBOL        L?0297
  -------         PROC          _MONISHOWSODSTR
  X:00A4H         SYMBOL        szParam
  -------         DO            
  D:0027H         SYMBOL        addrx
  D:0028H         SYMBOL        addry
  X:00A7H         SYMBOL        getStr
  -------         ENDDO         
  C:8153H         LINE#         585
BL51 BANKED LINKER/LOCATER V6.22                                                      03/23/2018  09:00:14  PAGE 29


  C:8155H         LINE#         586
  C:8155H         LINE#         590
  C:8158H         LINE#         591
  C:8163H         LINE#         592
  C:8166H         LINE#         593
  C:8171H         LINE#         595
  C:8176H         LINE#         596
  C:817BH         LINE#         597
  C:8180H         LINE#         598
  C:8198H         LINE#         599
  C:819DH         LINE#         600
  -------         ENDPROC       _MONISHOWSODSTR
  -------         PROC          PCT_AUDIOACTIONFORHS
  -------         DO            
  D:0027H         SYMBOL        winid
  D:0028H         SYMBOL        muteFlage
  -------         ENDDO         
  C:87B4H         LINE#         606
  C:87B4H         LINE#         607
  C:87B4H         LINE#         609
  C:87B7H         LINE#         612
  C:87BAH         LINE#         613
  C:87C3H         LINE#         614
  C:87CFH         LINE#         615
  C:87D2H         LINE#         616
  C:87D2H         LINE#         617
  C:87DBH         LINE#         619
  C:87DFH         LINE#         621
  C:87E7H         LINE#         626
  C:87EEH         LINE#         627
  C:87EEH         LINE#         629
  -------         ENDPROC       PCT_AUDIOACTIONFORHS
  -------         PROC          _MONIHSCOMM
  D:0001H         SYMBOL        szParam
  -------         DO            
  D:0027H         SYMBOL        winid
  D:0028H         SYMBOL        chose
  D:0029H         SYMBOL        wintp
  -------         ENDDO         
  C:7196H         LINE#         636
  C:7196H         LINE#         640
  C:7200H         LINE#         643
  C:721AH         LINE#         647
  C:7222H         LINE#         648
  C:722AH         LINE#         649
  C:7233H         LINE#         650
  C:723CH         LINE#         652
  C:7246H         LINE#         653
  C:7250H         LINE#         654
  C:725AH         LINE#         655
  C:7264H         LINE#         660
  C:726DH         LINE#         661
  C:7275H         LINE#         663
  C:727FH         LINE#         665
  C:7282H         LINE#         666
  C:7298H         LINE#         670
  C:729DH         LINE#         671
BL51 BANKED LINKER/LOCATER V6.22                                                      03/23/2018  09:00:14  PAGE 30


  C:72A2H         LINE#         672
  C:72A7H         LINE#         673
  C:72AEH         LINE#         674
  C:72B3H         LINE#         675
  C:72B8H         LINE#         676
  C:72BBH         LINE#         677
  C:72C4H         LINE#         678
  C:72CBH         LINE#         680
  -------         ENDPROC       _MONIHSCOMM
  -------         PROC          PCT_CHECKSYSTEM
  -------         DO            
  D:0007H         SYMBOL        TempSystem
  -------         ENDDO         
  C:7F6EH         LINE#         686
  C:7F6EH         LINE#         687
  C:7F6EH         LINE#         690
  C:7F73H         LINE#         692
  C:7F77H         LINE#         693
  C:7F79H         LINE#         694
  C:7F7FH         LINE#         695
  C:7F81H         LINE#         697
  C:7F85H         LINE#         700
  C:7F94H         LINE#         702
  C:7F99H         LINE#         704
  C:7FA0H         LINE#         705
  C:7FA9H         LINE#         706
  C:7FB1H         LINE#         708
  C:7FBBH         LINE#         711
  C:7FC0H         LINE#         712
  C:7FC3H         LINE#         713
  C:7FCCH         LINE#         714
  C:7FCFH         LINE#         716
  C:7FD0H         LINE#         717
  -------         ENDPROC       PCT_CHECKSYSTEM
  -------         PROC          _MONIHSCOMMSJMODE
  D:0001H         SYMBOL        szParam
  C:8CAFH         LINE#         723
  C:8CAFH         LINE#         724
  C:8CAFH         LINE#         725
  -------         ENDPROC       _MONIHSCOMMSJMODE
  -------         PROC          MONIHSCOMMDISSCROLL
  C:8DEEH         LINE#         732
  C:8DEEH         LINE#         733
  C:8DEEH         LINE#         734
  -------         ENDPROC       MONIHSCOMMDISSCROLL
  -------         PROC          MONIHSCOMMVERSION
  -------         DO            
  D:0007H         SYMBOL        version
  -------         ENDDO         
  C:8A32H         LINE#         742
  C:8A32H         LINE#         743
  C:8A32H         LINE#         744
  C:8A33H         LINE#         747
  C:8A38H         LINE#         751
  C:8A43H         LINE#         752
  C:8A5DH         LINE#         753
  -------         ENDPROC       MONIHSCOMMVERSION
BL51 BANKED LINKER/LOCATER V6.22                                                      03/23/2018  09:00:14  PAGE 31


  C:60ACH         SYMBOL        L?0259
  C:60B3H         SYMBOL        L?0263
  C:60BAH         SYMBOL        L?0269
  C:60C1H         SYMBOL        L?0274
  C:60C8H         SYMBOL        L?0278
  C:60CFH         SYMBOL        L?0282
  C:60D6H         SYMBOL        L?0286
  C:60DDH         SYMBOL        L?0292
  C:60E4H         SYMBOL        L?0295
  C:60EBH         SYMBOL        L?0309
  C:60F2H         SYMBOL        L?0320
  -------         PROC          _PCT_RUNCOMMSHELL
  X:009EH         SYMBOL        strptr
  -------         DO            
  D:0025H         SYMBOL        commcode
  X:00A1H         SYMBOL        getStr
  -------         ENDDO         
  C:5E63H         LINE#         768
  C:5E65H         LINE#         769
  C:5E65H         LINE#         775
  C:5E78H         LINE#         778
  C:5E84H         LINE#         780
  C:5E92H         LINE#         782
  C:5E98H         LINE#         783
  C:5EA9H         LINE#         785
  C:5EAFH         LINE#         786
  C:5EC0H         LINE#         788
  C:5EC6H         LINE#         789
  C:5ED7H         LINE#         792
  C:5EDDH         LINE#         793
  C:5EEEH         LINE#         796
  C:5EF4H         LINE#         797
  C:5F05H         LINE#         800
  C:5F0BH         LINE#         801
  C:5F1CH         LINE#         804
  C:5F1FH         LINE#         805
  C:5F30H         LINE#         808
  C:5F33H         LINE#         809
  C:5F44H         LINE#         812
  C:5F4AH         LINE#         813
  C:5F5BH         LINE#         816
  C:5F61H         LINE#         817
  C:5F72H         LINE#         820
  C:5F75H         LINE#         821
  C:5F86H         LINE#         824
  C:5F8BH         LINE#         825
  C:5F91H         LINE#         826
  C:5F94H         LINE#         827
  C:5FA5H         LINE#         830
  C:5FABH         LINE#         831
  C:5FBCH         LINE#         834
  C:5FC2H         LINE#         835
  C:5FD3H         LINE#         837
  C:5FD6H         LINE#         839
  C:5FDCH         LINE#         840
  C:5FEDH         LINE#         843
  C:5FF0H         LINE#         844
BL51 BANKED LINKER/LOCATER V6.22                                                      03/23/2018  09:00:14  PAGE 32


  C:6001H         LINE#         847
  C:6004H         LINE#         848
  C:6015H         LINE#         851
  C:601BH         LINE#         852
  C:602CH         LINE#         855
  C:6032H         LINE#         857
  C:6043H         LINE#         858
  C:6046H         LINE#         860
  C:604CH         LINE#         862
  C:604FH         LINE#         863
  C:6052H         LINE#         864
  C:6057H         LINE#         868
  C:605CH         LINE#         869
  C:6061H         LINE#         872
  C:6071H         LINE#         873
  C:6074H         LINE#         875
  C:607AH         LINE#         876
  C:608AH         LINE#         877
  C:608DH         LINE#         879
  C:6090H         LINE#         880
  C:60A3H         LINE#         881
  C:60A6H         LINE#         883
  C:60A9H         LINE#         886
  C:60A9H         LINE#         887
  C:60A9H         LINE#         890
  C:60ABH         LINE#         891
  -------         ENDPROC       _PCT_RUNCOMMSHELL
  -------         ENDMOD        COMMANDSHELL

  -------         MODULE        MAIN
  C:0000H         SYMBOL        _ICE_DUMMY_
  C:8897H         PUBLIC        _PutsP
  D:00B1H         PUBLIC        P3M0
  D:0090H         PUBLIC        P1
  D:00B2H         PUBLIC        P3M1
  D:00B0H         PUBLIC        P3
  B:00A8H.7       PUBLIC        EA
  X:006BH         PUBLIC        RScommand
  D:00A8H         PUBLIC        IE
  B:0024H.1       PUBLIC        VlossFlag
  D:00B8H         PUBLIC        IP
  B:0098H.1       PUBLIC        TI
  D:00D8H         PUBLIC        CCON
  C:7E2DH         PUBLIC        main
  C:8CC5H         PUBLIC        ResetCommSell
  D:0020H         PUBLIC        commFlag
  D:0087H         PUBLIC        PCON
  D:00C0H         PUBLIC        WDTC
  D:0098H         PUBLIC        SCON
  D:0089H         PUBLIC        TMOD
  D:0088H         PUBLIC        TCON
  C:8DC6H         PUBLIC        NewLine
  C:8DCFH         PUBLIC        _PCT_FlashOSDCtrl
  C:830CH         PUBLIC        CommandShell
  C:8BF1H         PUBLIC        InitialMPU
  B:0020H.0       PUBLIC        comm_chk_flag
  D:00E8H         PUBLIC        IEA
BL51 BANKED LINKER/LOCATER V6.22                                                      03/23/2018  09:00:14  PAGE 33


  C:8A8DH         PUBLIC        _chkStartCommShell
  C:8565H         PUBLIC        _Wait_ms
  C:8DB1H         PUBLIC        InitialCommShell
  D:00F8H         PUBLIC        IPA
[...]
  C:5445H         SYMBOL        L?0122
  C:545CH         SYMBOL        L?0123
  C:5475H         SYMBOL        L?0124
  C:5489H         SYMBOL        L?0125
  C:549DH         SYMBOL        L?0126
  C:54B9H         SYMBOL        L?0130
  C:54D0H         SYMBOL        L?0134
  C:54E9H         SYMBOL        L?0143
  C:54FDH         SYMBOL        L?0157
  -------         PROC          _PCT_SETVIDEOHDELAY
  D:0007H         SYMBOL        _typ
  X:00A5H         SYMBOL        _winch
  X:00A8H         SYMBOL        _cattr
  -------         DO            
  X:00ABH         SYMBOL        hdelay
  -------         ENDDO         
  C:51ACH         LINE#         155
  C:51B2H         LINE#         156
  C:51B2H         LINE#         164
  C:51E4H         LINE#         165
  C:51E4H         LINE#         166
  C:51E4H         LINE#         171
  C:51E9H         LINE#         172
  C:51F2H         LINE#         173
  C:51FEH         LINE#         174
  C:5204H         LINE#         176
  C:5206H         LINE#         177
  C:520FH         LINE#         178
  C:5215H         LINE#         179
  C:5218H         LINE#         181
  C:5218H         LINE#         182
  C:5218H         LINE#         184
  C:5218H         LINE#         185
  C:5221H         LINE#         186
  C:5229H         LINE#         187
  C:522FH         LINE#         189
  C:5234H         LINE#         190
  C:5234H         LINE#         191
BL51 BANKED LINKER/LOCATER V6.22                                                      03/23/2018  09:00:14  PAGE 70


  C:523FH         LINE#         192
  C:5245H         LINE#         194
  C:5248H         LINE#         196
  C:5248H         LINE#         197
  C:5248H         LINE#         199
  C:5248H         LINE#         200
  C:5252H         LINE#         201
  C:525AH         LINE#         202
  C:5260H         LINE#         204
  C:5260H         LINE#         205
  C:5260H         LINE#         206
  C:526BH         LINE#         207
  C:5271H         LINE#         208
  C:5274H         LINE#         210
  C:5274H         LINE#         211
  C:5274H         LINE#         213
  C:5274H         LINE#         214
  C:527DH         LINE#         215
  C:5285H         LINE#         216
  C:528BH         LINE#         218
  C:528BH         LINE#         219
  C:5297H         LINE#         220
  C:529FH         LINE#         221
  C:52A5H         LINE#         223
  C:52AEH         LINE#         224
  C:52B1H         LINE#         225
  C:52BCH         LINE#         226
  C:52C2H         LINE#         227
  C:52C5H         LINE#         229
  C:52C5H         LINE#         230
  C:52C5H         LINE#         231
  C:52C5H         LINE#         233
  C:52C5H         LINE#         234
  C:52C5H         LINE#         237
  C:52C5H         LINE#         238
  C:52CFH         LINE#         239
  C:52D7H         LINE#         240
  C:52DDH         LINE#         242
  C:52DDH         LINE#         243
  C:52DDH         LINE#         244
  C:52E5H         LINE#         245
  C:52EBH         LINE#         247
  C:52F0H         LINE#         248
  C:52F9H         LINE#         249
  C:5304H         LINE#         250
  C:530AH         LINE#         251
  C:530DH         LINE#         253
  C:530DH         LINE#         254
  C:530DH         LINE#         257
  C:530DH         LINE#         258
  C:5317H         LINE#         259
  C:531FH         LINE#         260
  C:5325H         LINE#         262
  C:5325H         LINE#         263
  C:5325H         LINE#         264
  C:532DH         LINE#         265
  C:5333H         LINE#         267
BL51 BANKED LINKER/LOCATER V6.22                                                      03/23/2018  09:00:14  PAGE 71


  C:5333H         LINE#         268
  C:533FH         LINE#         269
  C:5347H         LINE#         270
  C:534DH         LINE#         271
  C:5350H         LINE#         273
  C:5350H         LINE#         274
  C:5350H         LINE#         277
  C:5350H         LINE#         278
  C:535AH         LINE#         279
  C:5362H         LINE#         280
  C:5368H         LINE#         282
  C:5368H         LINE#         283
  C:5368H         LINE#         284
  C:5370H         LINE#         285
  C:5376H         LINE#         287
  C:5376H         LINE#         288
  C:5382H         LINE#         289
  C:538AH         LINE#         290
  C:5396H         LINE#         292
  C:539BH         LINE#         293
  C:53A4H         LINE#         294
  C:53AFH         LINE#         295
  C:53BBH         LINE#         296
  C:53BBH         LINE#         298
  C:53BBH         LINE#         299
  C:53BBH         LINE#         300
  C:53BBH         LINE#         301
  -------         ENDPROC       _PCT_SETVIDEOHDELAY
  C:6A8CH         SYMBOL        L?0156
  C:6A99H         SYMBOL        L?0169
  -------         PROC          _PCT_SETXVIDEOMIXING
  X:00A4H         SYMBOL        _typ
  X:00A5H         SYMBOL        _winch
  -------         DO            
  X:00A8H         SYMBOL        wregptr
  -------         ENDDO         
  C:690CH         LINE#         304
  C:6915H         LINE#         305
  C:6915H         LINE#         308
  C:6925H         LINE#         309
  C:6935H         LINE#         310
  C:6949H         LINE#         311
  C:695DH         LINE#         313
  C:6993H         LINE#         314
  C:6993H         LINE#         315
  C:6993H         LINE#         319
  C:69A2H         LINE#         320
  C:69ACH         LINE#         321
  C:69ACH         LINE#         322
  C:69AFH         LINE#         324
  C:69AFH         LINE#         325
  C:69AFH         LINE#         326
  C:69AFH         LINE#         327
  C:69AFH         LINE#         328
  C:69BEH         LINE#         329
  C:69C0H         LINE#         331
  C:69D1H         LINE#         332
BL51 BANKED LINKER/LOCATER V6.22                                                      03/23/2018  09:00:14  PAGE 72


  C:69DCH         LINE#         333
  C:69DCH         LINE#         334
  C:69DFH         LINE#         336
  C:69DFH         LINE#         337
  C:69DFH         LINE#         338
  C:69DFH         LINE#         339
  C:69DFH         LINE#         340
  C:69DFH         LINE#         341
  C:69DFH         LINE#         342
  C:69DFH         LINE#         343
  C:69DFH         LINE#         344
  C:69EEH         LINE#         345
  C:69F0H         LINE#         347
  C:6A01H         LINE#         348
  C:6A15H         LINE#         349
  C:6A26H         LINE#         350
  C:6A2BH         LINE#         351
  C:6A2EH         LINE#         353
  C:6A2EH         LINE#         354
  C:6A2EH         LINE#         355
  C:6A3DH         LINE#         356
  C:6A4DH         LINE#         357
  C:6A5EH         LINE#         358
  C:6A6FH         LINE#         359
  C:6A7DH         LINE#         360
  C:6A8BH         LINE#         361
  C:6A8BH         LINE#         363
  C:6A8BH         LINE#         364
  C:6A8BH         LINE#         365
  C:6A8BH         LINE#         366
  -------         ENDPROC       _PCT_SETXVIDEOMIXING
  -------         PROC          _PCT_SETYVIDEOMIXING
  D:0007H         SYMBOL        _typ
  C:8D05H         LINE#         372
  C:8D05H         LINE#         373
  C:8D05H         LINE#         374
  -------         ENDPROC       _PCT_SETYVIDEOMIXING
  C:74E8H         SYMBOL        L?0144
  C:74F3H         SYMBOL        L?0152
  C:74FEH         SYMBOL        L?0160
  C:7509H         SYMBOL        L?0170
  C:7510H         SYMBOL        L?0172
  -------         PROC          _PCT_RECOMPENSEYHDELAY
  X:00A4H         SYMBOL        _chmiro
  C:73FBH         LINE#         378
  C:7401H         LINE#         379
  C:7401H         LINE#         380
  C:742BH         LINE#         381
  C:742BH         LINE#         383
  C:7439H         LINE#         384
  C:7442H         LINE#         385
  C:7453H         LINE#         386
  C:745CH         LINE#         387
  C:746AH         LINE#         388
  C:7476H         LINE#         389
  C:7487H         LINE#         390
  C:7487H         LINE#         391
BL51 BANKED LINKER/LOCATER V6.22                                                      03/23/2018  09:00:14  PAGE 73


  C:748AH         LINE#         393
  C:748AH         LINE#         394
  C:7498H         LINE#         395
  C:749EH         LINE#         396
  C:74A1H         LINE#         398
  C:74A1H         LINE#         399
  C:74AFH         LINE#         400
  C:74B5H         LINE#         401
  C:74B7H         LINE#         403
  C:74B7H         LINE#         404
  C:74C5H         LINE#         405
  C:74CBH         LINE#         406
  C:74CDH         LINE#         408
  C:74CDH         LINE#         409
  C:74DBH         LINE#         410
  C:74E7H         LINE#         411
  C:74E7H         LINE#         412
  C:74E7H         LINE#         413
  -------         ENDPROC       _PCT_RECOMPENSEYHDELAY
  -------         PROC          _PCT_WINATTRCTRL
  X:00AAH         SYMBOL        _wid
  X:00ABH         SYMBOL        _attrsel
  X:00ACH         SYMBOL        _setval
  -------         DO            
  D:0004H         SYMBOL        dat
  -------         ENDDO         
  C:8A01H         LINE#         464
  C:8A0CH         LINE#         465
  C:8A0CH         LINE#         471
  C:8A16H         LINE#         472
  C:8A27H         LINE#         473
  -------         ENDPROC       _PCT_WINATTRCTRL
  -------         PROC          _PCT_WINATTRCTRLY
  X:00A4H         SYMBOL        _wid
  X:00A5H         SYMBOL        _attrsel
  X:00A6H         SYMBOL        _setval
  -------         DO            
  D:0004H         SYMBOL        dat
  -------         ENDDO         
  C:8827H         LINE#         482
  C:8832H         LINE#         483
  C:8832H         LINE#         488
  C:883FH         LINE#         489
  C:8850H         LINE#         490
  -------         ENDPROC       _PCT_WINATTRCTRLY
  -------         PROC          _PCT_WINATTRCLEAR
  X:00A4H         SYMBOL        _attrsel
  -------         DO            
  X:00A5H         SYMBOL        _wid
  X:00A6H         SYMBOL        dat
  -------         ENDDO         
  C:885FH         LINE#         499
  C:8863H         LINE#         500
  C:8863H         LINE#         507
  C:886FH         LINE#         508
  C:887CH         LINE#         509
  C:8885H         LINE#         510
BL51 BANKED LINKER/LOCATER V6.22                                                      03/23/2018  09:00:14  PAGE 74


  C:888FH         LINE#         511
  C:8896H         LINE#         512
  -------         ENDPROC       _PCT_WINATTRCLEAR
  -------         ENDMOD        TW28XX_VIDEO

  -------         MODULE        TW2835_INIT
  C:0000H         SYMBOL        _ICE_DUMMY_
  D:0090H         PUBLIC        P1
  D:00B0H         PUBLIC        P3
  D:00A8H         PUBLIC        IE
  C:4A36H         PUBLIC        TW2835_Page0
  C:4C36H         PUBLIC        TW2835_Page1
  C:8632H         PUBLIC        PCT_InitialTW2835
  D:00B8H         PUBLIC        IP
  C:8D2DH         PUBLIC        PCT_TW2835ResetN
  D:00D8H         PUBLIC        CCON
  D:00C0H         PUBLIC        WDTC
  D:0098H         PUBLIC        SCON
  D:0088H         PUBLIC        TCON
  C:7FD1H         PUBLIC        _PCT_ChangeSystemType
  D:00E8H         PUBLIC        IEA
  D:00F8H         PUBLIC        IPA
  D:00C8H         PUBLIC        T2CON
  B:00B0H.4       PUBLIC        RSTn
  C:7F0AH         PUBLIC        PCT_TW2835_Initial
  D:00D0H         PUBLIC        PSW
  C:8C80H         SYMBOL        Com000C
  C:8C80H         SYMBOL        L?0013
  C:8C89H         SYMBOL        L?0014
  -------         PROC          COM000C
  -------         ENDPROC       COM000C
  -------         PROC          PCT_INITIALTW2835
  C:8632H         LINE#         72
  C:8632H         LINE#         73
  C:8632H         LINE#         74
  C:8635H         LINE#         75
  C:8639H         LINE#         78
  C:863EH         LINE#         79
  C:8646H         LINE#         80
  C:8655H         LINE#         81
  C:865EH         LINE#         82
  C:8660H         LINE#         83
  C:8660H         LINE#         84
  C:8667H         LINE#         85
  C:8669H         LINE#         86
  C:866EH         LINE#         88
  C:8671H         LINE#         89
  -------         ENDPROC       PCT_INITIALTW2835
  -------         PROC          PCT_TW2835RESETN
  -------         DO            
  D:0006H         SYMBOL        _delay
  -------         ENDDO         
  C:8D2DH         LINE#         96
  C:8D2DH         LINE#         97
  C:8D2DH         LINE#         112
  C:8D2FH         LINE#         113
  C:8D3DH         LINE#         114
BL51 BANKED LINKER/LOCATER V6.22                                                      03/23/2018  09:00:14  PAGE 75


  C:8D3FH         LINE#         116
  -------         ENDPROC       PCT_TW2835RESETN
  C:7F63H         SYMBOL        L?0015
  -------         PROC          PCT_TW2835_INITIAL
  -------         DO            
  X:00A4H         SYMBOL        offset
  -------         ENDDO         
  C:7F0AH         LINE#         122
  C:7F0AH         LINE#         123
  C:7F0AH         LINE#         126
  C:7F15H         LINE#         127
  C:7F20H         LINE#         128
  C:7F32H         LINE#         130
  C:7F49H         LINE#         132
  C:7F63H         LINE#         133
  -------         ENDPROC       PCT_TW2835_INITIAL
  C:8028H         SYMBOL        L?0016
  -------         PROC          _PCT_CHANGESYSTEMTYPE
  D:0007H         SYMBOL        _sys
  -------         DO            
  X:009EH         SYMBOL        offset
  -------         ENDDO         
  C:7FD1H         LINE#         139
  C:7FD1H         LINE#         140
  C:7FD1H         LINE#         143
  C:7FDAH         LINE#         144
  C:7FE5H         LINE#         146
  C:7FF8H         LINE#         148
  C:800EH         LINE#         149
  C:8028H         LINE#         150
  -------         ENDPROC       _PCT_CHANGESYSTEMTYPE
  -------         ENDMOD        TW2835_INIT

  -------         MODULE        ?C?CLDPTR
  C:4630H         PUBLIC        ?C?CLDPTR
  -------         ENDMOD        ?C?CLDPTR

  -------         MODULE        ?C?CLDOPTR
  C:4649H         PUBLIC        ?C?CLDOPTR
  -------         ENDMOD        ?C?CLDOPTR

  -------         MODULE        ?C?CSTPTR
  C:4676H         PUBLIC        ?C?CSTPTR
  -------         ENDMOD        ?C?CSTPTR

  -------         MODULE        ?C?IMUL
  C:4688H         PUBLIC        ?C?IMUL
  -------         ENDMOD        ?C?IMUL

  -------         MODULE        ?C?ILDPTR
  C:469AH         PUBLIC        ?C?ILDPTR
  -------         ENDMOD        ?C?ILDPTR

  -------         MODULE        ?C?IILDOPTR
  C:46C5H         PUBLIC        ?C?IILDOPTR
  -------         ENDMOD        ?C?IILDOPTR

BL51 BANKED LINKER/LOCATER V6.22                                                      03/23/2018  09:00:14  PAGE 76


  -------         MODULE        ?C?ULCMP
  C:4712H         PUBLIC        ?C?ULCMP
  -------         ENDMOD        ?C?ULCMP

  -------         MODULE        ?C?PLDPTR
  C:4723H         PUBLIC        ?C?PLDPTR
  -------         ENDMOD        ?C?PLDPTR

  -------         MODULE        ?C?PSTPTR
  C:4743H         PUBLIC        ?C?PSTPTR
  -------         ENDMOD        ?C?PSTPTR

  -------         MODULE        ?C?CCASE
  C:4792H         PUBLIC        ?C?CCASE
  -------         ENDMOD        ?C?CCASE

  -------         MODULE        PRINTF
  X:00A4H         PUBLIC        ?_PRINTF517?BYTE
  X:00A4H         PUBLIC        ?_PRINTF?BYTE
  X:00A4H         PUBLIC        ?_SPRINTF517?BYTE
  X:00A4H         PUBLIC        ?_SPRINTF?BYTE
  C:5575H         PUBLIC        _PRINTF
  C:5575H         PUBLIC        _PRINTF517
  C:556FH         PUBLIC        _SPRINTF
  C:556FH         PUBLIC        _SPRINTF517
  -------         ENDMOD        PRINTF

  -------         MODULE        PUTS
  C:8AB7H         PUBLIC        _PUTS
  -------         ENDMOD        PUTS

  -------         MODULE        SCANF
  X:00AAH         PUBLIC        ?_SCANF517?BYTE
  X:00AAH         PUBLIC        ?_SCANF?BYTE
  X:00AAH         PUBLIC        ?_SSCANF517?BYTE
  X:00AAH         PUBLIC        ?_SSCANF?BYTE
  C:58F0H         PUBLIC        _SCANF
  C:58F0H         PUBLIC        _SCANF517
  C:58ECH         PUBLIC        _SSCANF
  C:58ECH         PUBLIC        _SSCANF517
  -------         ENDMOD        SCANF

  -------         MODULE        ?C?STRCMP
  C:4936H         PUBLIC        ?C?STRCMP
  -------         ENDMOD        ?C?STRCMP

  -------         MODULE        STRLEN
  C:000EH         PUBLIC        _STRLEN
  -------         ENDMOD        STRLEN

  -------         MODULE        ATOI
  C:7A2CH         PUBLIC        _atoi
  -------         ENDMOD        ATOI

  -------         MODULE        ?C?IILDX
  C:4953H         PUBLIC        ?C?IILDX
  -------         ENDMOD        ?C?IILDX
BL51 BANKED LINKER/LOCATER V6.22                                                      03/23/2018  09:00:14  PAGE 77



  -------         MODULE        ?C?ISTPTR
  C:4969H         PUBLIC        ?C?ISTPTR
  -------         ENDMOD        ?C?ISTPTR

  -------         MODULE        ?C?LNEG
  C:4988H         PUBLIC        ?C?LNEG
  -------         ENDMOD        ?C?LNEG

  -------         MODULE        ?C?LSTPTR
  C:4996H         PUBLIC        ?C?LSTPTR
  -------         ENDMOD        ?C?LSTPTR

  -------         MODULE        ?C?PLDIDATA
  C:49B0H         PUBLIC        ?C?PLDIDATA
  -------         ENDMOD        ?C?PLDIDATA

  -------         MODULE        ?C?PSTIDATA
  C:49B9H         PUBLIC        ?C?PSTIDATA
  -------         ENDMOD        ?C?PSTIDATA

  -------         MODULE        ?C?PLDXDATA
  C:49C2H         PUBLIC        ?C?PLDXDATA
  -------         ENDMOD        ?C?PLDXDATA

  -------         MODULE        ?C?PSTXDATA
  C:49CBH         PUBLIC        ?C?PSTXDATA
  -------         ENDMOD        ?C?PSTXDATA

  -------         MODULE        ?C?PLDPDATA
  C:49D4H         PUBLIC        ?C?PLDPDATA
  -------         ENDMOD        ?C?PLDPDATA

  -------         MODULE        ?C?PLDIPDATA
  C:49DDH         PUBLIC        ?C?PLDIPDATA
  -------         ENDMOD        ?C?PLDIPDATA

  -------         MODULE        ?C?PILDPDATA
  C:49EDH         PUBLIC        ?C?PILDPDATA
  -------         ENDMOD        ?C?PILDPDATA

  -------         MODULE        ?C?PSTPDATA
  C:49FDH         PUBLIC        ?C?PSTPDATA
  -------         ENDMOD        ?C?PSTPDATA

  -------         MODULE        ?C?PLDCODE
  C:4A06H         PUBLIC        ?C?PLDCODE
  -------         ENDMOD        ?C?PLDCODE

  -------         MODULE        PUTCHAR
  C:8B80H         PUBLIC        _PUTCHAR
  -------         ENDMOD        PUTCHAR

  -------         MODULE        GETCHAR
  B:0024H.2       PUBLIC        ?C?CHARLOADED
  X:009AH         PUBLIC        ?_UNGETCHAR?BYTE
  C:8D40H         PUBLIC        GETCHAR
BL51 BANKED LINKER/LOCATER V6.22                                                      03/23/2018  09:00:14  PAGE 78


  -------         ENDMOD        GETCHAR

  -------         MODULE        UNGETC
  C:8DE7H         PUBLIC        _UNGETCHAR
  -------         ENDMOD        UNGETC

  -------         MODULE        ISDIGIT
  C:8DA2H         PUBLIC        _isdigit
  -------         ENDMOD        ISDIGIT

  -------         MODULE        ISSPACE
  C:8D19H         PUBLIC        _isspace
  -------         ENDMOD        ISSPACE

  -------         MODULE        ?C?LSTIDATA
  C:4A12H         PUBLIC        ?C?LSTIDATA
  -------         ENDMOD        ?C?LSTIDATA

  -------         MODULE        ?C?LSTXDATA
  C:4A1EH         PUBLIC        ?C?LSTXDATA
  -------         ENDMOD        ?C?LSTXDATA

  -------         MODULE        ?C?LSTPDATA
  C:4A2AH         PUBLIC        ?C?LSTPDATA
  -------         ENDMOD        ?C?LSTPDATA

  -------         MODULE        _GETKEY
  C:8DBCH         PUBLIC        _GETKEY
  -------         ENDMOD        _GETKEY

Program Size: data=46.3 xdata=217 code=36351
LINK/LOCATE RUN COMPLETE.  0 WARNING(S),  0 ERROR(S)
