BL51 BANKED LINKER/LOCATER V6.22                                                        03/13/2018  14:23:19  PAGE 1


BL51 BANKED LINKER/LOCATER V6.22, INVOKED BY:
C:\KEIL\C51\BIN\BL51.EXE .\OBJ\STARTUP.obj, .\OBJ\UART.obj, .\OBJ\BusCtrl.obj, .\OBJ\CommandShell.obj, .\OBJ\Main.obj, .
>> \OBJ\OSD_Graph.obj, .\OBJ\OSDAction.obj, .\OBJ\OSDCtrl.obj, .\OBJ\Timer.obj, .\OBJ\TW28xx_Audio.obj, .\OBJ\TW28xx_Vid
>> eo.obj, .\OBJ\TW2835_Init.obj TO .\OBJ\TW2835 PRINT (.\OBJ\TW2835.m51) RAMSIZE (256)


MEMORY MODEL: COMPACT


INPUT MODULES INCLUDED:
  .\OBJ\STARTUP.obj (?C_STARTUP)
  .\OBJ\UART.obj (UART)
  .\OBJ\BusCtrl.obj (BUSCTRL)
  .\OBJ\CommandShell.obj (COMMANDSHELL)
  .\OBJ\Main.obj (MAIN)
  .\OBJ\OSD_Graph.obj (OSD_GRAPH)
  .\OBJ\OSDAction.obj (OSDACTION)
  .\OBJ\OSDCtrl.obj (OSDCTRL)
  .\OBJ\Timer.obj (TIMER)
  .\OBJ\TW28xx_Audio.obj (TW28XX_AUDIO)
  .\OBJ\TW28xx_Video.obj (TW28XX_VIDEO)
  .\OBJ\TW2835_Init.obj (TW2835_INIT)
  C:\KEIL\C51\LIB\C51C.LIB (?C_INIT)
  C:\KEIL\C51\LIB\C51C.LIB (?C?CLDPTR)
  C:\KEIL\C51\LIB\C51C.LIB (?C?CLDOPTR)
  C:\KEIL\C51\LIB\C51C.LIB (?C?CSTPTR)
  C:\KEIL\C51\LIB\C51C.LIB (?C?IMUL)
  C:\KEIL\C51\LIB\C51C.LIB (?C?ILDPTR)
  C:\KEIL\C51\LIB\C51C.LIB (?C?IILDOPTR)
  C:\KEIL\C51\LIB\C51C.LIB (?C?ULCMP)
  C:\KEIL\C51\LIB\C51C.LIB (?C?PLDPTR)
  C:\KEIL\C51\LIB\C51C.LIB (?C?PSTPTR)
  C:\KEIL\C51\LIB\C51C.LIB (?C?CCASE)
  C:\KEIL\C51\LIB\C51C.LIB (PRINTF)
  C:\KEIL\C51\LIB\C51C.LIB (PUTS)
  C:\KEIL\C51\LIB\C51C.LIB (SCANF)
  C:\KEIL\C51\LIB\C51C.LIB (?C?STRCMP)
  C:\KEIL\C51\LIB\C51C.LIB (STRLEN)
  C:\KEIL\C51\LIB\C51C.LIB (ATOI)
  C:\KEIL\C51\LIB\C51C.LIB (?C?IILDX)
  C:\KEIL\C51\LIB\C51C.LIB (?C?ISTPTR)
  C:\KEIL\C51\LIB\C51C.LIB (?C?LNEG)
  C:\KEIL\C51\LIB\C51C.LIB (?C?LSTPTR)
  C:\KEIL\C51\LIB\C51C.LIB (?C?PLDIDATA)
  C:\KEIL\C51\LIB\C51C.LIB (?C?PSTIDATA)
  C:\KEIL\C51\LIB\C51C.LIB (?C?PLDXDATA)
  C:\KEIL\C51\LIB\C51C.LIB (?C?PSTXDATA)
  C:\KEIL\C51\LIB\C51C.LIB (?C?PLDPDATA)
  C:\KEIL\C51\LIB\C51C.LIB (?C?PLDIPDATA)
  C:\KEIL\C51\LIB\C51C.LIB (?C?PILDPDATA)
  C:\KEIL\C51\LIB\C51C.LIB (?C?PSTPDATA)
  C:\KEIL\C51\LIB\C51C.LIB (?C?PLDCODE)
  C:\KEIL\C51\LIB\C51C.LIB (PUTCHAR)
  C:\KEIL\C51\LIB\C51C.LIB (GETCHAR)
  C:\KEIL\C51\LIB\C51C.LIB (UNGETC)
  C:\KEIL\C51\LIB\C51C.LIB (ISDIGIT)
  C:\KEIL\C51\LIB\C51C.LIB (ISSPACE)
  C:\KEIL\C51\LIB\C51C.LIB (?C?LSTIDATA)
BL51 BANKED LINKER/LOCATER V6.22                                                      03/13/2018  14:23:19  PAGE 2


  C:\KEIL\C51\LIB\C51C.LIB (?C?LSTXDATA)
  C:\KEIL\C51\LIB\C51C.LIB (?C?LSTPDATA)
  C:\KEIL\C51\LIB\C51C.LIB (_GETKEY)


LINK MAP OF MODULE:  .\OBJ\TW2835 (?C_STARTUP)


            TYPE    BASE      LENGTH    RELOCATION   SEGMENT NAME
            -----------------------------------------------------

            * * * * * * *   D A T A   M E M O R Y   * * * * * * *
            REG     0000H     0008H     ABSOLUTE     "REG BANK 0"
            REG     0008H     0008H     ABSOLUTE     "REG BANK 1"
            DATA    0010H     0006H     UNIT         ?DT?TIMER
            DATA    0016H     0002H     UNIT         ?DT?OSDCTRL
                    0018H     0008H                  *** GAP ***
            DATA    0020H     0001H     BIT_ADDR     ?BA?MAIN
            DATA    0021H     0001H     BIT_ADDR     ?BA?OSDACTION
            DATA    0022H     0001H     BIT_ADDR     ?BA?OSDCTRL
            BIT     0023H.0   0001H.1   UNIT         _BIT_GROUP_
            BIT     0024H.1   0000H.1   UNIT         ?BI?MAIN
            BIT     0024H.2   0000H.1   UNIT         ?BI?GETCHAR
                    0024H.3   0000H.5                *** GAP ***
            DATA    0025H     0011H     UNIT         _DATA_GROUP_
            IDATA   0036H     0001H     UNIT         ?STACK

            * * * * * * *  X D A T A   M E M O R Y  * * * * * * *
            XDATA   0000H     0052H     INPAGE       ?PD?UART
            XDATA   0052H     0019H     INPAGE       ?PD?COMMANDSHELL
            XDATA   006BH     002DH     INPAGE       ?PD?MAIN
            XDATA   0098H     0001H     INPAGE       ?PD?OSD_GRAPH
            XDATA   0099H     0003H     INPAGE       ?PD?_PCT_SHOWSPEAKICON?OSDACTION
            XDATA   009CH     0001H     INPAGE       ?PD?OSDACTION
            XDATA   009DH     0001H     INPAGE       ?PD?GETCHAR
            XDATA   009EH     003DH     INPAGE       _PDATA_GROUP_
            XDATA   00DBH     0001H     UNIT         ?XD?COMMANDSHELL

            * * * * * * *   C O D E   M E M O R Y   * * * * * * *
            CODE    0000H     0003H     ABSOLUTE     
            CODE    0003H     0008H     UNIT         ?PR?_RS_TX?UART
            CODE    000BH     0003H     ABSOLUTE     
            CODE    000EH     0015H     UNIT         ?PR?_STRLEN?STRLEN
            CODE    0023H     0003H     ABSOLUTE     
            CODE    0026H     24E6H     UNIT         ?CO?OSD_GRAPH
            CODE    250CH     0EA0H     UNIT         ?CO?OSDCTRL
            CODE    33ACH     0468H     UNIT         ?PR?_PCT_SHOWSPEAKICON?OSDACTION
            CODE    3814H     0464H     UNIT         ?PR?_PCT_SHOWMIRRORICON?OSDACTION
            CODE    3C78H     0453H     UNIT         ?CO?TW28XX_VIDEO
            CODE    40CBH     0406H     UNIT         ?C?LIB_CODE
            CODE    44D1H     0400H     UNIT         ?CO?TW2835_INIT
            CODE    48D1H     0376H     UNIT         ?PR?_PCT_OSD_ACTIONPTHX?OSDACTION
            CODE    4C47H     0367H     UNIT         ?PR?_PCT_SETVIDEOHDELAY?TW28XX_VIDEO
            CODE    4FAEH     035BH     UNIT         ?PR?PRINTF?PRINTF
            CODE    5309H     0316H     UNIT         ?PR?SCANF?SCANF
            CODE    561FH     02DFH     UNIT         ?CO?COMMANDSHELL
            CODE    58FEH     028CH     UNIT         ?PR?_PCT_RUNCOMMSHELL?COMMANDSHELL
BL51 BANKED LINKER/LOCATER V6.22                                                      03/13/2018  14:23:19  PAGE 3


            CODE    5B8AH     0240H     UNIT         ?PR?_PCT_SHOWINDICATEICON?OSDACTION
            CODE    5DCAH     0210H     UNIT         ?PR?_MONIVIDEOMIXATTR?COMMANDSHELL
            CODE    5FDAH     020BH     UNIT         ?PR?COMMANDSHELL
            CODE    61E5H     01B8H     UNIT         ?PR?PCT_AUDIOREGLIST?TW28XX_AUDIO
            CODE    639DH     0195H     UNIT         ?PR?_PCT_SETXVIDEOMIXING?TW28XX_VIDEO
            CODE    6532H     018AH     UNIT         ?PR?_MONIAUDIOMIXING?COMMANDSHELL
            CODE    66BCH     016FH     UNIT         ?PR?_PCT_OSD16X16GRAPHX?OSD_GRAPH
            CODE    682BH     0169H     UNIT         ?PR?_PCT_WRITEOSDDATABUFFERX?OSDCTRL
            CODE    6994H     0156H     UNIT         ?PR?OSDCTRL
            CODE    6AEAH     013DH     UNIT         ?PR?_MONIAUDIOGAIN?COMMANDSHELL
            CODE    6C27H     0136H     UNIT         ?PR?_MONIHSCOMM?COMMANDSHELL
            CODE    6D5DH     012FH     UNIT         ?PR?PCT_INITOSDCOLOR?OSDCTRL
            CODE    6E8CH     0120H     UNIT         ?PR?_PCT_RECOMPENSEYHDELAY?TW28XX_VIDEO
            CODE    6FACH     011DH     UNIT         ?PR?_PCT_WRITEOSDDATABUFFERY?OSDCTRL
            CODE    70C9H     0117H     UNIT         ?PR?_MONISETVIDEOFORMAT?COMMANDSHELL
            CODE    71E0H     0104H     UNIT         ?PR?TW28XX_VIDEO
            CODE    72E4H     00F7H     UNIT         ?PR?_PCT_WRITEOSDFNTX?OSDCTRL
            CODE    73DBH     00E2H     UNIT         ?PR?_PCT_WRITEOSDFNTY?OSDCTRL
            CODE    74BDH     00D0H     UNIT         ?PR?_ATOI?ATOI
            CODE    758DH     00A3H     UNIT         ?PR?OSDACTION
            CODE    7630H     00A1H     UNIT         ?PR?_PCT_CLEARWORDSPATHX?OSDCTRL
            CODE    76D1H     009EH     UNIT         ?PR?_PCT_FULLCOLORONOSD?OSDCTRL
            CODE    776FH     0097H     UNIT         ?PR?_PCT_SETCHANELSCALE?TW28XX_VIDEO
            CODE    7806H     008CH     UNIT         ?C_C51STARTUP
            CODE    7892H     0075H     UNIT         ?PR?MAIN?MAIN
            CODE    7907H     0068H     UNIT         ?PR?_PCT_GETFIRSTSTR?COMMANDSHELL
            CODE    796FH     0064H     UNIT         ?PR?PCT_TW2835_INITIAL?TW2835_INIT
            CODE    79D3H     0063H     UNIT         ?PR?PCT_CHECKSYSTEM?COMMANDSHELL
            CODE    7A36H     0062H     UNIT         ?PR?_PCT_CHANGESYSTEMTYPE?TW2835_INIT
            CODE    7A98H     0061H     UNIT         ?PR?_PCT_AUDIOMIXCTRL?TW28XX_AUDIO
            CODE    7AF9H     0060H     UNIT         ?PR?_PCT_SHOWOSDSTRING?OSDCTRL
            CODE    7B59H     005FH     UNIT         ?PR?_PCT_SHOWGRAPHSTRING?OSD_GRAPH
            CODE    7BB8H     005DH     UNIT         ?PR?_MONISHOWSODSTR?COMMANDSHELL
            CODE    7C15H     005BH     UNIT         ?PR?_PCT_AUDIOGAINCTRL?TW28XX_AUDIO
            CODE    7C70H     0057H     UNIT         ?PR?_PCT_WRITESTABLE?BUSCTRL
            CODE    7CC7H     0056H     UNIT         ?PR?_MONIVIDEOMIXWIN?COMMANDSHELL
            CODE    7D1DH     0054H     UNIT         ?PR?TIMER0_INTERRUPT?TIMER
            CODE    7D71H     0052H     UNIT         ?PR?COMMANDSHELL?MAIN
            CODE    7DC3H     0050H     UNIT         ?PR?_PCT_SETOSDCOLOR?OSDCTRL
            CODE    7E13H     004CH     UNIT         ?PR?_MONIWRITEASICBYTE?COMMANDSHELL
            CODE    7E5FH     004AH     UNIT         ?PR?_PCT_WRITEASICTABLE?BUSCTRL
            CODE    7EA9H     004AH     UNIT         ?PR?PCT_INITIALOSD?OSDACTION
            CODE    7EF3H     0049H     UNIT         ?PR?MONIREGISTERDUMP?COMMANDSHELL
            CODE    7F3CH     0047H     UNIT         ?PR?_MONIREADASICBYTE?COMMANDSHELL
            CODE    7F83H     0047H     UNIT         ?PR?_PCT_DETECTVIDEOFORMAT?TW28XX_VIDEO
            CODE    7FCAH     0046H     UNIT         ?PR?_WAIT_MS?MAIN
            CODE    8010H     0044H     UNIT         ?PR?PCT_SHOWMODEICON?OSDACTION
            CODE    8054H     0043H     UNIT         ?PR?_MONIREADPAGEBUFFER?COMMANDSHELL
            CODE    8097H     0042H     UNIT         ?PR?PCT_INITIALTW2835?TW2835_INIT
            CODE    80D9H     0041H     UNIT         ?PR?_PCT_CHECKVMIXTYPE?COMMANDSHELL
            CODE    811AH     0041H     UNIT         ?PR?TW28XX_AUDIO
            CODE    815BH     0040H     UNIT         ?PR?OSD_GRAPH
            CODE    819BH     0040H     UNIT         ?CO?TW28XX_AUDIO
            CODE    81DBH     003EH     UNIT         ?PR?_PCT_STRTOCOMMCODE?COMMANDSHELL
            CODE    8219H     003BH     UNIT         ?PR?PCT_AUDIOACTIONFORHS?COMMANDSHELL
            CODE    8254H     0038H     UNIT         ?PR?_PCT_WINATTRCTRLY?TW28XX_VIDEO
            CODE    828CH     0038H     UNIT         ?PR?_PCT_WINATTRCLEAR?TW28XX_VIDEO
BL51 BANKED LINKER/LOCATER V6.22                                                      03/13/2018  14:23:19  PAGE 4


            CODE    82C4H     0036H     UNIT         ?PR?_PUTSP?MAIN
            CODE    82FAH     0035H     UNIT         ?PR?PCT_GETVIDEOSIGNALSTATUS?OSDACTION
            CODE    832FH     0035H     UNIT         ?PR?_PCT_ENSHOWOSDPAGE?OSDCTRL
            CODE    8364H     0033H     UNIT         ?PR?_PCT_READASICBYTE?BUSCTRL
            CODE    8397H     0033H     UNIT         ?PR?_MONIREADONEBUFFER?COMMANDSHELL
            CODE    83CAH     0033H     UNIT         ?PR?_MONIWRITEONEBUFFER?COMMANDSHELL
            CODE    83FDH     0033H     UNIT         ?PR?MONIVIDEOAUTODETECT?COMMANDSHELL
            CODE    8430H     0033H     UNIT         ?PR?_PCT_AUDIOMIXMUTE?TW28XX_AUDIO
            CODE    8463H     0031H     UNIT         ?PR?_PCT_WINATTRCTRL?TW28XX_VIDEO
            CODE    8494H     002EH     UNIT         ?PR?MONIHSCOMMVERSION?COMMANDSHELL
            CODE    84C2H     002DH     UNIT         ?PR?_PCT_WRITEASICBYTE?BUSCTRL
            CODE    84EFH     002AH     UNIT         ?PR?_CHKSTARTCOMMSHELL?MAIN
            CODE    8519H     002AH     UNIT         ?PR?_PUTS?PUTS
            CODE    8543H     0028H     UNIT         ?PR?BUSCTRL
            CODE    856BH     0028H     UNIT         ?PR?_PCT_AUDIOSELLIVE?TW28XX_AUDIO
            CODE    8593H     0028H     UNIT         ?PR?_PCT_SETVIDEOFORMAT?TW28XX_VIDEO
            CODE    85BBH     0027H     UNIT         ?PR?RS_INTERRUPT?UART
            CODE    85E2H     0027H     UNIT         ?PR?PUTCHAR?PUTCHAR
            CODE    8609H     0025H     UNIT         ?PR?PCT_OSDACTIONFORHS?OSDACTION
            CODE    862EH     0025H     UNIT         ?CO?OSDACTION
            CODE    8653H     001EH     UNIT         ?PR?INITIALMPU?MAIN
            CODE    8671H     001DH     UNIT         ?PR?_PCT_SETOSDDRAWPAGE?OSDCTRL
            CODE    868EH     001CH     UNIT         ?PR?_PCT_DISSHOWOSDPAGE?OSDCTRL
            CODE    86AAH     001AH     UNIT         ?PR?RS_RX?UART
            CODE    86C4H     0019H     UNIT         ?PR?_PCT_CLEAROSDPAGEX?OSDCTRL
            CODE    86DDH     0018H     UNIT         ?PR?TW2835_INIT
            CODE    86F5H     0017H     UNIT         ?CO?MAIN
            CODE    870CH     0016H     UNIT         ?PR?_MONIHSCOMMSJMODE?COMMANDSHELL
            CODE    8722H     0016H     UNIT         ?PR?RESETCOMMSELL?MAIN
            CODE    8738H     0016H     UNIT         ?PR?INITIALTIMER0?TIMER
            CODE    874EH     0014H     UNIT         ?PR?_MONIAUDIOLIVE?COMMANDSHELL
            CODE    8762H     0014H     UNIT         ?PR?_PCT_SETYVIDEOMIXING?TW28XX_VIDEO
            CODE    8776H     0014H     UNIT         ?PR?_ISSPACE?ISSPACE
            CODE    878AH     0013H     UNIT         ?PR?PCT_TW2835RESETN?TW2835_INIT
            CODE    879DH     0013H     UNIT         ?PR?GETCHAR?GETCHAR
            CODE    87B0H     0012H     UNIT         ?PR?_MONIYVIDEOMIX?COMMANDSHELL
            CODE    87C2H     0010H     UNIT         ?PR?INITIALUART?UART
            CODE    87D2H     000FH     UNIT         ?PR?RS_RXREADY?UART
            CODE    87E1H     000FH     UNIT         ?PR?PCT_SENDACK?COMMANDSHELL
            CODE    87F0H     000FH     UNIT         ?PR?MONIAUDIOMUTE?COMMANDSHELL
            CODE    87FFH     000FH     UNIT         ?PR?_ISDIGIT?ISDIGIT
            CODE    880EH     000BH     UNIT         ?PR?INITIALCOMMSHELL?MAIN
            CODE    8819H     000AH     UNIT         ?PR?_GETKEY?_GETKEY
            CODE    8823H     0009H     UNIT         ?PR?NEWLINE?MAIN
            CODE    882CH     0009H     UNIT         ?PR?_PCT_FLASHOSDCTRL?MAIN
            CODE    8835H     0008H     UNIT         ?C_INITSEG
            CODE    883DH     0007H     UNIT         ?PR?PCT_ENFALSHVLOSS?OSDACTION
            CODE    8844H     0007H     UNIT         ?PR?GETCHAR?UNGETCHAR
            CODE    884BH     0005H     UNIT         ?PR?MONIHSCOMMDISSCROLL?COMMANDSHELL
            CODE    8850H     0005H     UNIT         ?PR?PCT_CLEARGRAPHATTR?OSD_GRAPH
            CODE    8855H     0003H     UNIT         ?PR?_PCT_PRESETFOREGROUNDCOLOR?OSDCTRL
            CODE    8858H     0003H     UNIT         ?PR?_PCT_PRESETBACKGROUNDCOLOR?OSDCTRL
            CODE    885BH     0001H     UNIT         ?PR?PTC_SWITCHTOI2CMODE?BUSCTRL



OVERLAY MAP OF MODULE:   .\OBJ\TW2835 (?C_STARTUP)
BL51 BANKED LINKER/LOCATER V6.22                                                      03/13/2018  14:23:19  PAGE 5




SEGMENT                                            BIT_GROUP          DATA_GROUP          PDATA_GROUP
  +--> CALLED SEGMENT                           START    LENGTH     START    LENGTH     START    LENGTH
-------------------------------------------------------------------------------------------------------
?C_C51STARTUP                                   -----    -----      -----    -----      -----    -----
  +--> ?PR?MAIN?MAIN
  +--> ?C_INITSEG

?PR?MAIN?MAIN                                   -----    -----      -----    -----      009EH    0003H
  +--> ?PR?INITIALMPU?MAIN
  +--> ?PR?INITIALCOMMSHELL?MAIN
  +--> ?PR?PTC_SWITCHTOI2CMODE?BUSCTRL
  +--> ?PR?PCT_INITIALTW2835?TW2835_INIT
  +--> ?PR?RESETCOMMSELL?MAIN
  +--> ?PR?COMMANDSHELL?MAIN
  +--> ?PR?_PCT_RUNCOMMSHELL?COMMANDSHELL
  +--> ?PR?PCT_CHECKSYSTEM?COMMANDSHELL
  +--> ?PR?RS_RXREADY?UART
  +--> ?PR?PCT_GETVIDEOSIGNALSTATUS?OSDACTION

?PR?INITIALMPU?MAIN                             -----    -----      -----    -----      -----    -----
  +--> ?PR?INITIALUART?UART
  +--> ?PR?INITIALTIMER0?TIMER

?PR?PCT_INITIALTW2835?TW2835_INIT               -----    -----      -----    -----      -----    -----
  +--> ?PR?PCT_TW2835RESETN?TW2835_INIT
  +--> ?PR?_PCT_READASICBYTE?BUSCTRL
  +--> ?PR?_PCT_DETECTVIDEOFORMAT?TW28XX_VIDEO
  +--> ?PR?_WAIT_MS?MAIN
  +--> ?PR?PCT_TW2835_INITIAL?TW2835_INIT
  +--> ?PR?PCT_INITIALOSD?OSDACTION

?PR?_PCT_READASICBYTE?BUSCTRL                   -----    -----      -----    -----      -----    -----
  +--> ?PR?BUSCTRL

?PR?_PCT_DETECTVIDEOFORMAT?TW28XX_VIDEO         -----    -----      -----    -----      00A7H    0002H
  +--> ?PR?_PCT_READASICBYTE?BUSCTRL

?PR?_WAIT_MS?MAIN                               -----    -----      -----    -----      00A7H    0004H

?PR?PCT_TW2835_INITIAL?TW2835_INIT              -----    -----      -----    -----      00A7H    0002H
  +--> ?PR?TW2835_INIT
  +--> ?CO?TW2835_INIT
  +--> ?PR?_PCT_WRITEASICTABLE?BUSCTRL

?PR?TW2835_INIT                                 -----    -----      -----    -----      -----    -----
  +--> ?CO?TW2835_INIT

?PR?_PCT_WRITEASICTABLE?BUSCTRL                 -----    -----      -----    -----      00A9H    0007H
  +--> ?PR?BUSCTRL

?PR?PCT_INITIALOSD?OSDACTION                    -----    -----      0027H    0001H      -----    -----
  +--> ?PR?PCT_INITOSDCOLOR?OSDCTRL
  +--> ?PR?PCT_CLEARGRAPHATTR?OSD_GRAPH
  +--> ?PR?_PCT_PRESETFOREGROUNDCOLOR?OSDCTRL
  +--> ?PR?_PCT_PRESETBACKGROUNDCOLOR?OSDCTRL
BL51 BANKED LINKER/LOCATER V6.22                                                      03/13/2018  14:23:19  PAGE 6


  +--> ?PR?_PCT_ENSHOWOSDPAGE?OSDCTRL
  +--> ?PR?_PCT_SETOSDDRAWPAGE?OSDCTRL
  +--> ?PR?_PCT_FULLCOLORONOSD?OSDCTRL

?PR?PCT_INITOSDCOLOR?OSDCTRL                    -----    -----      -----    -----      -----    -----
  +--> ?PR?_PCT_WRITEASICBYTE?BUSCTRL
  +--> ?PR?OSDCTRL
  +--> ?PR?_PCT_SETOSDCOLOR?OSDCTRL

?PR?_PCT_WRITEASICBYTE?BUSCTRL                  -----    -----      -----    -----      00D7H    0004H
  +--> ?PR?BUSCTRL

?PR?OSDCTRL                                     -----    -----      -----    -----      -----    -----
  +--> ?CO?OSDCTRL

?PR?_PCT_SETOSDCOLOR?OSDCTRL                    -----    -----      -----    -----      00A7H    0005H
  +--> ?PR?_PCT_WRITEASICBYTE?BUSCTRL

?PR?_PCT_ENSHOWOSDPAGE?OSDCTRL                  -----    -----      -----    -----      00ADH    0001H
  +--> ?PR?OSDCTRL
  +--> ?PR?_PCT_WRITEASICBYTE?BUSCTRL
  +--> ?PR?_PCT_READASICBYTE?BUSCTRL

?PR?_PCT_SETOSDDRAWPAGE?OSDCTRL                 -----    -----      -----    -----      00ADH    0001H
  +--> ?PR?OSDCTRL
  +--> ?PR?_PCT_READASICBYTE?BUSCTRL
  +--> ?PR?_PCT_WRITEASICBYTE?BUSCTRL

?PR?_PCT_FULLCOLORONOSD?OSDCTRL                 -----    -----      -----    -----      00A7H    0006H
  +--> ?PR?OSDCTRL
  +--> ?PR?_PCT_WRITEASICBYTE?BUSCTRL
  +--> ?PR?_PCT_READASICBYTE?BUSCTRL

?PR?RESETCOMMSELL?MAIN                          -----    -----      -----    -----      -----    -----
  +--> ?CO?MAIN
  +--> ?PR?_PUTSP?MAIN

?PR?_PUTSP?MAIN                                 -----    -----      0025H    0001H      00A1H    0003H
  +--> ?PR?_RS_TX?UART

?PR?COMMANDSHELL?MAIN                           -----    -----      0025H    0001H      -----    -----
  +--> ?PR?RS_RXREADY?UART
  +--> ?PR?RS_RX?UART
  +--> ?PR?_RS_TX?UART
  +--> ?PR?_CHKSTARTCOMMSHELL?MAIN
  +--> ?PR?NEWLINE?MAIN

?PR?_CHKSTARTCOMMSHELL?MAIN                     -----    -----      -----    -----      00A1H    0003H
  +--> ?CO?MAIN

?PR?NEWLINE?MAIN                                -----    -----      -----    -----      -----    -----
  +--> ?CO?MAIN
  +--> ?PR?_PUTS?PUTS

?PR?_PUTS?PUTS                                  -----    -----      -----    -----      -----    -----
  +--> ?PR?PUTCHAR?PUTCHAR

BL51 BANKED LINKER/LOCATER V6.22                                                      03/13/2018  14:23:19  PAGE 7


?PR?_PCT_RUNCOMMSHELL?COMMANDSHELL              -----    -----      0025H    0002H      00A1H    0006H
  +--> ?PR?COMMANDSHELL
  +--> ?PR?_PCT_GETFIRSTSTR?COMMANDSHELL
  +--> ?PR?_PCT_STRTOCOMMCODE?COMMANDSHELL
  +--> ?CO?COMMANDSHELL
  +--> ?PR?_MONIREADPAGEBUFFER?COMMANDSHELL
  +--> ?PR?_MONIREADONEBUFFER?COMMANDSHELL
  +--> ?PR?_MONIWRITEONEBUFFER?COMMANDSHELL
  +--> ?PR?_MONIWRITEASICBYTE?COMMANDSHELL
  +--> ?PR?_MONIREADASICBYTE?COMMANDSHELL
  +--> ?PR?_MONIAUDIOMIXING?COMMANDSHELL
  +--> ?PR?MONIAUDIOMUTE?COMMANDSHELL
  +--> ?PR?PCT_AUDIOREGLIST?TW28XX_AUDIO
  +--> ?PR?_MONIAUDIOGAIN?COMMANDSHELL
  +--> ?PR?_MONIAUDIOLIVE?COMMANDSHELL
  +--> ?PR?MONIREGISTERDUMP?COMMANDSHELL
  +--> ?PR?_PCT_WINATTRCLEAR?TW28XX_VIDEO
  +--> ?PR?_MONIVIDEOMIXWIN?COMMANDSHELL
  +--> ?PR?PCT_SENDACK?COMMANDSHELL
  +--> ?PR?_MONIVIDEOMIXATTR?COMMANDSHELL
  +--> ?PR?_MONIYVIDEOMIX?COMMANDSHELL
  +--> ?PR?PCT_INITIALTW2835?TW2835_INIT
  +--> ?PR?MONIVIDEOAUTODETECT?COMMANDSHELL
  +--> ?PR?_MONISETVIDEOFORMAT?COMMANDSHELL
  +--> ?PR?_MONISHOWSODSTR?COMMANDSHELL
  +--> ?PR?_MONIHSCOMM?COMMANDSHELL
  +--> ?PR?PCT_AUDIOACTIONFORHS?COMMANDSHELL
  +--> ?PR?PCT_OSDACTIONFORHS?OSDACTION
  +--> ?PR?_PCT_FLASHOSDCTRL?MAIN
  +--> ?PR?_MONIHSCOMMSJMODE?COMMANDSHELL
  +--> ?PR?MONIHSCOMMDISSCROLL?COMMANDSHELL
  +--> ?PR?MONIHSCOMMVERSION?COMMANDSHELL

?PR?COMMANDSHELL                                -----    -----      -----    -----      -----    -----
  +--> ?CO?COMMANDSHELL

?PR?_PCT_GETFIRSTSTR?COMMANDSHELL               -----    -----      -----    -----      00ADH    0006H
  +--> ?PR?COMMANDSHELL

?PR?_PCT_STRTOCOMMCODE?COMMANDSHELL             -----    -----      0031H    0002H      00ADH    0003H
  +--> ?PR?COMMANDSHELL

?PR?_MONIREADPAGEBUFFER?COMMANDSHELL            -----    -----      0027H    0003H      -----    -----
  +--> ?PR?COMMANDSHELL
  +--> ?CO?COMMANDSHELL
  +--> ?PR?SCANF?SCANF
  +--> ?PR?_PCT_READASICBYTE?BUSCTRL
  +--> ?PR?PRINTF?PRINTF

?PR?SCANF?SCANF                                 0023H.0  0000H.6    0031H    0005H      00ADH    0015H
  +--> ?PR?GETCHAR?UNGETCHAR
  +--> ?PR?_ISSPACE?ISSPACE
  +--> ?PR?GETCHAR?GETCHAR

?PR?GETCHAR?GETCHAR                             -----    -----      -----    -----      -----    -----
  +--> ?PR?_GETKEY?_GETKEY
  +--> ?PR?PUTCHAR?PUTCHAR
BL51 BANKED LINKER/LOCATER V6.22                                                      03/13/2018  14:23:19  PAGE 8



?PR?PRINTF?PRINTF                               0023H.0  0001H.1    002BH    0005H      00A7H    000FH
  +--> ?PR?PUTCHAR?PUTCHAR

?PR?_MONIREADONEBUFFER?COMMANDSHELL             -----    -----      0027H    0002H      -----    -----
  +--> ?PR?COMMANDSHELL
  +--> ?CO?COMMANDSHELL
  +--> ?PR?SCANF?SCANF
  +--> ?PR?_PCT_READASICBYTE?BUSCTRL
  +--> ?PR?PRINTF?PRINTF

?PR?_MONIWRITEONEBUFFER?COMMANDSHELL            -----    -----      0027H    0003H      -----    -----
  +--> ?PR?COMMANDSHELL
  +--> ?CO?COMMANDSHELL
  +--> ?PR?SCANF?SCANF
  +--> ?PR?_PCT_WRITEASICBYTE?BUSCTRL

?PR?_MONIWRITEASICBYTE?COMMANDSHELL             -----    -----      0027H    0004H      -----    -----
  +--> ?PR?COMMANDSHELL
  +--> ?CO?COMMANDSHELL
  +--> ?PR?SCANF?SCANF
  +--> ?PR?_PCT_WRITEASICBYTE?BUSCTRL

?PR?_MONIREADASICBYTE?COMMANDSHELL              -----    -----      0027H    0004H      -----    -----
  +--> ?PR?COMMANDSHELL
  +--> ?CO?COMMANDSHELL
  +--> ?PR?SCANF?SCANF
  +--> ?PR?_PCT_READASICBYTE?BUSCTRL
  +--> ?PR?PRINTF?PRINTF

?PR?_MONIAUDIOMIXING?COMMANDSHELL               -----    -----      0027H    000AH      00A7H    0006H
  +--> ?PR?COMMANDSHELL
  +--> ?PR?_PCT_GETFIRSTSTR?COMMANDSHELL
  +--> ?PR?_PCT_AUDIOMIXMUTE?TW28XX_AUDIO
  +--> ?PR?_ATOI?ATOI
  +--> ?PR?SCANF?SCANF
  +--> ?PR?_PCT_AUDIOMIXCTRL?TW28XX_AUDIO
  +--> ?CO?COMMANDSHELL

?PR?_PCT_AUDIOMIXMUTE?TW28XX_AUDIO              -----    -----      0031H    0001H      00ADH    0002H
  +--> ?PR?_PCT_READASICBYTE?BUSCTRL
  +--> ?PR?_PCT_WRITEASICBYTE?BUSCTRL

?PR?_ATOI?ATOI                                  0023H.0  0000H.1    -----    -----      00ADH    0005H
  +--> ?PR?_ISSPACE?ISSPACE
  +--> ?PR?_ISDIGIT?ISDIGIT

?PR?_PCT_AUDIOMIXCTRL?TW28XX_AUDIO              -----    -----      -----    -----      00ADH    0004H
  +--> ?PR?TW28XX_AUDIO
  +--> ?PR?_PCT_READASICBYTE?BUSCTRL
  +--> ?CO?TW28XX_AUDIO
  +--> ?PR?_PCT_WRITEASICBYTE?BUSCTRL
  +--> ?PR?_PCT_AUDIOSELLIVE?TW28XX_AUDIO

?PR?TW28XX_AUDIO                                -----    -----      -----    -----      -----    -----
  +--> ?CO?TW28XX_AUDIO

BL51 BANKED LINKER/LOCATER V6.22                                                      03/13/2018  14:23:19  PAGE 9


?PR?_PCT_AUDIOSELLIVE?TW28XX_AUDIO              -----    -----      -----    -----      00B1H    0001H
  +--> ?PR?_PCT_WRITEASICBYTE?BUSCTRL

?PR?MONIAUDIOMUTE?COMMANDSHELL                  -----    -----      -----    -----      -----    -----
  +--> ?PR?_PCT_AUDIOMIXMUTE?TW28XX_AUDIO
  +--> ?PR?_PCT_AUDIOSELLIVE?TW28XX_AUDIO

?PR?PCT_AUDIOREGLIST?TW28XX_AUDIO               -----    -----      -----    -----      -----    -----
  +--> ?PR?PRINTF?PRINTF
  +--> ?PR?_PCT_READASICBYTE?BUSCTRL
  +--> ?CO?TW28XX_AUDIO

?PR?_MONIAUDIOGAIN?COMMANDSHELL                 -----    -----      0027H    000AH      00A7H    0006H
  +--> ?PR?COMMANDSHELL
  +--> ?PR?_PCT_GETFIRSTSTR?COMMANDSHELL
  +--> ?PR?_ATOI?ATOI
  +--> ?PR?SCANF?SCANF
  +--> ?CO?COMMANDSHELL
  +--> ?PR?_PCT_AUDIOGAINCTRL?TW28XX_AUDIO

?PR?_PCT_AUDIOGAINCTRL?TW28XX_AUDIO             -----    -----      -----    -----      00ADH    0003H
  +--> ?PR?TW28XX_AUDIO
  +--> ?PR?_PCT_READASICBYTE?BUSCTRL
  +--> ?CO?TW28XX_AUDIO
  +--> ?PR?_PCT_WRITEASICBYTE?BUSCTRL

?PR?_MONIAUDIOLIVE?COMMANDSHELL                 -----    -----      0027H    0001H      -----    -----
  +--> ?PR?COMMANDSHELL
  +--> ?PR?SCANF?SCANF
  +--> ?PR?_PCT_AUDIOSELLIVE?TW28XX_AUDIO

?PR?MONIREGISTERDUMP?COMMANDSHELL               -----    -----      0027H    0002H      -----    -----
  +--> ?CO?COMMANDSHELL
  +--> ?PR?PRINTF?PRINTF
  +--> ?PR?_PCT_READASICBYTE?BUSCTRL

?PR?_PCT_WINATTRCLEAR?TW28XX_VIDEO              -----    -----      -----    -----      00A7H    0003H
  +--> ?PR?TW28XX_VIDEO
  +--> ?PR?_PCT_READASICBYTE?BUSCTRL
  +--> ?PR?_PCT_WRITEASICBYTE?BUSCTRL

?PR?TW28XX_VIDEO                                -----    -----      -----    -----      -----    -----
  +--> ?CO?TW28XX_VIDEO

?PR?_MONIVIDEOMIXWIN?COMMANDSHELL               -----    -----      0027H    0002H      -----    -----
  +--> ?PR?COMMANDSHELL
  +--> ?CO?COMMANDSHELL
  +--> ?PR?SCANF?SCANF
  +--> ?PR?_PCT_SETXVIDEOMIXING?TW28XX_VIDEO

?PR?_PCT_SETXVIDEOMIXING?TW28XX_VIDEO           -----    -----      -----    -----      00A7H    0007H
  +--> ?PR?TW28XX_VIDEO
  +--> ?PR?_PCT_WRITEASICBYTE?BUSCTRL
  +--> ?CO?TW28XX_VIDEO
  +--> ?PR?_PCT_SETCHANELSCALE?TW28XX_VIDEO
  +--> ?PR?_PCT_WRITESTABLE?BUSCTRL

BL51 BANKED LINKER/LOCATER V6.22                                                      03/13/2018  14:23:19  PAGE 10


?PR?_PCT_SETCHANELSCALE?TW28XX_VIDEO            -----    -----      -----    -----      00AEH    0008H
  +--> ?PR?TW28XX_VIDEO
  +--> ?CO?TW28XX_VIDEO
  +--> ?PR?_PCT_WRITEASICBYTE?BUSCTRL

?PR?_PCT_WRITESTABLE?BUSCTRL                    -----    -----      -----    -----      00AEH    0003H
  +--> ?PR?BUSCTRL
  +--> ?PR?_PCT_READASICBYTE?BUSCTRL
  +--> ?PR?_PCT_WRITEASICBYTE?BUSCTRL

?PR?PCT_SENDACK?COMMANDSHELL                    -----    -----      -----    -----      -----    -----
  +--> ?PR?_RS_TX?UART

?PR?_MONIVIDEOMIXATTR?COMMANDSHELL              -----    -----      0027H    000AH      00A7H    0006H
  +--> ?PR?COMMANDSHELL
  +--> ?PR?_ATOI?ATOI
  +--> ?PR?_PCT_STRTOCOMMCODE?COMMANDSHELL
  +--> ?CO?COMMANDSHELL
  +--> ?PR?_PCT_GETFIRSTSTR?COMMANDSHELL
  +--> ?PR?_PCT_WINATTRCTRL?TW28XX_VIDEO

?PR?_PCT_WINATTRCTRL?TW28XX_VIDEO               -----    -----      -----    -----      00ADH    0003H
  +--> ?PR?TW28XX_VIDEO
  +--> ?PR?_PCT_READASICBYTE?BUSCTRL
  +--> ?PR?_PCT_WRITEASICBYTE?BUSCTRL

?PR?_MONIYVIDEOMIX?COMMANDSHELL                 -----    -----      0027H    0001H      -----    -----
  +--> ?PR?COMMANDSHELL
  +--> ?PR?SCANF?SCANF
  +--> ?PR?_PCT_SETYVIDEOMIXING?TW28XX_VIDEO

?PR?_PCT_SETYVIDEOMIXING?TW28XX_VIDEO           -----    -----      -----    -----      -----    -----
  +--> ?CO?TW28XX_VIDEO
  +--> ?PR?_PCT_WRITESTABLE?BUSCTRL

?PR?MONIVIDEOAUTODETECT?COMMANDSHELL            -----    -----      -----    -----      -----    -----
  +--> ?PR?_PCT_DETECTVIDEOFORMAT?TW28XX_VIDEO
  +--> ?CO?COMMANDSHELL
  +--> ?PR?PRINTF?PRINTF

?PR?_MONISETVIDEOFORMAT?COMMANDSHELL            -----    -----      0027H    0008H      00A7H    0006H
  +--> ?PR?COMMANDSHELL
  +--> ?PR?_PCT_GETFIRSTSTR?COMMANDSHELL
  +--> ?PR?_ATOI?ATOI
  +--> ?CO?COMMANDSHELL
  +--> ?PR?_PCT_SETVIDEOFORMAT?TW28XX_VIDEO
  +--> ?PR?SCANF?SCANF

?PR?_PCT_SETVIDEOFORMAT?TW28XX_VIDEO            -----    -----      -----    -----      00ADH    0002H
  +--> ?PR?_PCT_READASICBYTE?BUSCTRL
  +--> ?PR?TW28XX_VIDEO
  +--> ?PR?_PCT_WRITEASICBYTE?BUSCTRL

?PR?_MONISHOWSODSTR?COMMANDSHELL                -----    -----      0027H    0002H      00A7H    0006H
  +--> ?PR?COMMANDSHELL
  +--> ?PR?_ATOI?ATOI
  +--> ?PR?_PCT_PRESETFOREGROUNDCOLOR?OSDCTRL
BL51 BANKED LINKER/LOCATER V6.22                                                      03/13/2018  14:23:19  PAGE 11


  +--> ?PR?_PCT_PRESETBACKGROUNDCOLOR?OSDCTRL
  +--> ?PR?_PCT_SETOSDDRAWPAGE?OSDCTRL
  +--> ?PR?_PCT_SHOWOSDSTRING?OSDCTRL
  +--> ?PR?_PCT_ENSHOWOSDPAGE?OSDCTRL
  +--> ?PR?_PCT_GETFIRSTSTR?COMMANDSHELL

?PR?_PCT_SHOWOSDSTRING?OSDCTRL                  -----    -----      -----    -----      00ADH    0007H
  +--> ?PR?OSDCTRL
  +--> ?PR?_STRLEN?STRLEN
  +--> ?PR?_PCT_WRITEOSDFNTX?OSDCTRL
  +--> ?PR?_PCT_WRITEOSDFNTY?OSDCTRL
  +--> ?PR?PTC_SWITCHTOI2CMODE?BUSCTRL

?PR?_PCT_WRITEOSDFNTX?OSDCTRL                   -----    -----      0029H    0003H      00B4H    0013H
  +--> ?PR?OSDCTRL
  +--> ?PR?_PCT_WRITEOSDDATABUFFERX?OSDCTRL
  +--> ?PR?_PCT_WRITEASICBYTE?BUSCTRL
  +--> ?PR?_PCT_READASICBYTE?BUSCTRL

?PR?_PCT_WRITEOSDDATABUFFERX?OSDCTRL            -----    -----      -----    -----      00C7H    0004H
  +--> ?PR?OSDCTRL
  +--> ?PR?_PCT_WRITEASICBYTE?BUSCTRL

?PR?_PCT_WRITEOSDFNTY?OSDCTRL                   -----    -----      0029H    0002H      00B4H    001FH
  +--> ?PR?OSDCTRL
  +--> ?PR?_PCT_WRITEOSDDATABUFFERY?OSDCTRL
  +--> ?PR?_PCT_WRITEASICBYTE?BUSCTRL
  +--> ?PR?_PCT_READASICBYTE?BUSCTRL

?PR?_PCT_WRITEOSDDATABUFFERY?OSDCTRL            -----    -----      -----    -----      00D3H    0004H
  +--> ?PR?OSDCTRL
  +--> ?PR?_PCT_WRITEASICBYTE?BUSCTRL

?PR?_MONIHSCOMM?COMMANDSHELL                    -----    -----      0027H    0003H      -----    -----
  +--> ?PR?COMMANDSHELL
  +--> ?CO?COMMANDSHELL
  +--> ?PR?SCANF?SCANF
  +--> ?PR?_PCT_WINATTRCTRLY?TW28XX_VIDEO
  +--> ?PR?_PCT_RECOMPENSEYHDELAY?TW28XX_VIDEO
  +--> ?PR?_PCT_SETVIDEOHDELAY?TW28XX_VIDEO
  +--> ?PR?_PCT_SETXVIDEOMIXING?TW28XX_VIDEO
  +--> ?PR?_PCT_WINATTRCTRL?TW28XX_VIDEO
  +--> ?PR?_PCT_FLASHOSDCTRL?MAIN
  +--> ?PR?_PCT_CHECKVMIXTYPE?COMMANDSHELL
  +--> ?PR?_PCT_DISSHOWOSDPAGE?OSDCTRL
  +--> ?PR?_PCT_CLEAROSDPAGEX?OSDCTRL
  +--> ?PR?PCT_SHOWMODEICON?OSDACTION
  +--> ?PR?_PCT_OSD_ACTIONPTHX?OSDACTION

?PR?_PCT_WINATTRCTRLY?TW28XX_VIDEO              -----    -----      -----    -----      00A7H    0003H
  +--> ?PR?TW28XX_VIDEO
  +--> ?PR?_PCT_READASICBYTE?BUSCTRL
  +--> ?PR?_PCT_WRITEASICBYTE?BUSCTRL

?PR?_PCT_RECOMPENSEYHDELAY?TW28XX_VIDEO         -----    -----      -----    -----      00A7H    0003H
  +--> ?PR?TW28XX_VIDEO
  +--> ?PR?_PCT_READASICBYTE?BUSCTRL
BL51 BANKED LINKER/LOCATER V6.22                                                      03/13/2018  14:23:19  PAGE 12


  +--> ?CO?TW28XX_VIDEO
  +--> ?PR?_PCT_WRITEASICBYTE?BUSCTRL

?PR?_PCT_SETVIDEOHDELAY?TW28XX_VIDEO            -----    -----      -----    -----      00A7H    0008H
  +--> ?PR?TW28XX_VIDEO
  +--> ?PR?_PCT_WRITEASICBYTE?BUSCTRL
  +--> ?PR?_PCT_READASICBYTE?BUSCTRL
  +--> ?CO?TW28XX_VIDEO

?PR?_PCT_CHECKVMIXTYPE?COMMANDSHELL             -----    -----      002AH    0001H      -----    -----
  +--> ?PR?COMMANDSHELL

?PR?_PCT_DISSHOWOSDPAGE?OSDCTRL                 -----    -----      -----    -----      00A7H    0001H
  +--> ?PR?OSDCTRL
  +--> ?PR?_PCT_READASICBYTE?BUSCTRL
  +--> ?PR?_PCT_WRITEASICBYTE?BUSCTRL

?PR?_PCT_CLEAROSDPAGEX?OSDCTRL                  -----    -----      -----    -----      -----    -----
  +--> ?PR?_PCT_SETOSDDRAWPAGE?OSDCTRL
  +--> ?PR?_PCT_PRESETBACKGROUNDCOLOR?OSDCTRL
  +--> ?PR?_PCT_FULLCOLORONOSD?OSDCTRL

?PR?PCT_SHOWMODEICON?OSDACTION                  -----    -----      -----    -----      -----    -----
  +--> ?PR?_PCT_SETOSDDRAWPAGE?OSDCTRL
  +--> ?PR?OSDACTION
  +--> ?CO?OSDACTION
  +--> ?PR?_PCT_SHOWGRAPHSTRING?OSD_GRAPH
  +--> ?PR?_PCT_PRESETBACKGROUNDCOLOR?OSDCTRL
  +--> ?PR?_PCT_PRESETFOREGROUNDCOLOR?OSDCTRL

?PR?OSDACTION                                   -----    -----      -----    -----      -----    -----
  +--> ?CO?OSDACTION

?PR?_PCT_SHOWGRAPHSTRING?OSD_GRAPH              -----    -----      -----    -----      00AAH    0007H
  +--> ?PR?OSD_GRAPH
  +--> ?PR?_STRLEN?STRLEN
  +--> ?PR?_PCT_OSD16X16GRAPHX?OSD_GRAPH
  +--> ?PR?PTC_SWITCHTOI2CMODE?BUSCTRL

?PR?_PCT_OSD16X16GRAPHX?OSD_GRAPH               -----    -----      -----    -----      00B1H    000BH
  +--> ?PR?OSD_GRAPH
  +--> ?CO?OSD_GRAPH
  +--> ?PR?_PCT_WRITEASICBYTE?BUSCTRL
  +--> ?PR?_PCT_READASICBYTE?BUSCTRL

?PR?_PCT_OSD_ACTIONPTHX?OSDACTION               -----    -----      -----    -----      00A7H    0003H
  +--> ?PR?OSDACTION
  +--> ?PR?_PCT_PRESETFOREGROUNDCOLOR?OSDCTRL
  +--> ?PR?_PCT_PRESETBACKGROUNDCOLOR?OSDCTRL
  +--> ?PR?_PCT_SHOWGRAPHSTRING?OSD_GRAPH

?PR?PCT_AUDIOACTIONFORHS?COMMANDSHELL           -----    -----      0027H    0002H      -----    -----
  +--> ?PR?_PCT_AUDIOSELLIVE?TW28XX_AUDIO
  +--> ?PR?_PCT_AUDIOMIXMUTE?TW28XX_AUDIO

?PR?PCT_OSDACTIONFORHS?OSDACTION                -----    -----      -----    -----      -----    -----
  +--> ?PR?_PCT_SETOSDDRAWPAGE?OSDCTRL
BL51 BANKED LINKER/LOCATER V6.22                                                      03/13/2018  14:23:19  PAGE 13


  +--> ?PR?_PCT_SHOWMIRRORICON?OSDACTION
  +--> ?PR?_PCT_SHOWINDICATEICON?OSDACTION
  +--> ?PR?PCT_ENFALSHVLOSS?OSDACTION
  +--> ?PR?_PCT_ENSHOWOSDPAGE?OSDCTRL

?PR?_PCT_SHOWMIRRORICON?OSDACTION               -----    -----      -----    -----      00A7H    0003H
  +--> ?PR?OSDACTION
  +--> ?PR?_PCT_PRESETFOREGROUNDCOLOR?OSDCTRL
  +--> ?PR?_PCT_CLEARWORDSPATHX?OSDCTRL
  +--> ?PR?_PCT_SHOWGRAPHSTRING?OSD_GRAPH
  +--> ?CO?OSDACTION

?PR?_PCT_CLEARWORDSPATHX?OSDCTRL                -----    -----      -----    -----      00AAH    0007H
  +--> ?PR?OSDCTRL
  +--> ?PR?_PCT_WRITEASICBYTE?BUSCTRL
  +--> ?PR?_PCT_READASICBYTE?BUSCTRL

?PR?_PCT_SHOWINDICATEICON?OSDACTION             -----    -----      0027H    0001H      00A7H    0003H
  +--> ?PR?OSDACTION
  +--> ?PR?_PCT_PRESETFOREGROUNDCOLOR?OSDCTRL
  +--> ?PR?_PCT_SHOWGRAPHSTRING?OSD_GRAPH
  +--> ?PR?_PCT_CLEARWORDSPATHX?OSDCTRL
  +--> ?CO?OSDACTION

?PR?_MONIHSCOMMSJMODE?COMMANDSHELL              -----    -----      -----    -----      -----    -----
  +--> ?PR?COMMANDSHELL
  +--> ?CO?COMMANDSHELL
  +--> ?PR?SCANF?SCANF

?PR?MONIHSCOMMDISSCROLL?COMMANDSHELL            -----    -----      -----    -----      -----    -----
  +--> ?PR?_PCT_ENSHOWOSDPAGE?OSDCTRL

?PR?MONIHSCOMMVERSION?COMMANDSHELL              -----    -----      -----    -----      -----    -----
  +--> ?PR?_RS_TX?UART
  +--> ?CO?COMMANDSHELL

?PR?PCT_CHECKSYSTEM?COMMANDSHELL                -----    -----      -----    -----      -----    -----
  +--> ?PR?_PCT_DETECTVIDEOFORMAT?TW28XX_VIDEO
  +--> ?PR?_PCT_ENSHOWOSDPAGE?OSDCTRL
  +--> ?PR?_PCT_CHANGESYSTEMTYPE?TW2835_INIT
  +--> ?PR?_PCT_RECOMPENSEYHDELAY?TW28XX_VIDEO
  +--> ?PR?COMMANDSHELL
  +--> ?PR?_PCT_SETVIDEOHDELAY?TW28XX_VIDEO
  +--> ?PR?_PCT_SETXVIDEOMIXING?TW28XX_VIDEO
  +--> ?PR?_PCT_CLEAROSDPAGEX?OSDCTRL
  +--> ?PR?PCT_SHOWMODEICON?OSDACTION
  +--> ?PR?_PCT_OSD_ACTIONPTHX?OSDACTION
  +--> ?PR?PCT_OSDACTIONFORHS?OSDACTION

?PR?_PCT_CHANGESYSTEMTYPE?TW2835_INIT           -----    -----      -----    -----      00A1H    0002H
  +--> ?PR?TW2835_INIT
  +--> ?CO?TW2835_INIT
  +--> ?PR?_PCT_WRITEASICTABLE?BUSCTRL

?PR?PCT_GETVIDEOSIGNALSTATUS?OSDACTION          -----    -----      -----    -----      -----    -----
  +--> ?PR?_PCT_READASICBYTE?BUSCTRL
  +--> ?PR?_PCT_WRITEASICBYTE?BUSCTRL
BL51 BANKED LINKER/LOCATER V6.22                                                      03/13/2018  14:23:19  PAGE 14





SYMBOL TABLE OF MODULE:  .\OBJ\TW2835 (?C_STARTUP)

  VALUE           TYPE          NAME
  ----------------------------------

  -------         MODULE        ?C_STARTUP
  C:7806H         SEGMENT       ?C_C51STARTUP
  I:0036H         SEGMENT       ?STACK
  C:0000H         PUBLIC        ?C_STARTUP
  D:00E0H         SYMBOL        ACC
  D:00F0H         SYMBOL        B
  D:0083H         SYMBOL        DPH
  D:0082H         SYMBOL        DPL
  N:0000H         SYMBOL        IBPSTACK
  N:0100H         SYMBOL        IBPSTACKTOP
  N:0080H         SYMBOL        IDATALEN
  C:7809H         SYMBOL        IDATALOOP
  N:0000H         SYMBOL        PBPSTACK
  N:0100H         SYMBOL        PBPSTACKTOP
  N:0000H         SYMBOL        PDATALEN
  N:0000H         SYMBOL        PDATASTART
  N:0000H         SYMBOL        PPAGE
  N:0000H         SYMBOL        PPAGEENABLE
  D:00A0H         SYMBOL        PPAGE_SFR
  D:0081H         SYMBOL        SP
  C:7806H         SYMBOL        STARTUP1
  N:0000H         SYMBOL        XBPSTACK
  N:0000H         SYMBOL        XBPSTACKTOP
  N:0000H         SYMBOL        XDATALEN
  N:0000H         SYMBOL        XDATASTART
  C:0000H         LINE#         126
  C:7806H         LINE#         133
  C:7808H         LINE#         134
  C:7809H         LINE#         135
  C:780AH         LINE#         136
  C:780CH         LINE#         185
  C:780FH         LINE#         196
  -------         ENDMOD        ?C_STARTUP

  -------         MODULE        UART
  C:0000H         SYMBOL        _ICE_DUMMY_
  D:0090H         PUBLIC        P1
  D:00B0H         PUBLIC        P3
  C:87C2H         PUBLIC        InitialUART
  D:00A8H         PUBLIC        IE
  X:0000H         PUBLIC        RS_RECVBUF
  B:00A8H.4       PUBLIC        ES
  D:00B8H         PUBLIC        IP
  B:0098H.0       PUBLIC        RI
  B:0098H.1       PUBLIC        TI
  B:00B8H.4       PUBLIC        PS
  D:00D8H         PUBLIC        CCON
  D:0099H         PUBLIC        SBUF
  D:00C0H         PUBLIC        WDTC
BL51 BANKED LINKER/LOCATER V6.22                                                      03/13/2018  14:23:19  PAGE 15


  D:0098H         PUBLIC        SCON
  D:0088H         PUBLIC        TCON
  C:87D2H         PUBLIC        RS_RxReady
  D:008DH         PUBLIC        TH1
  D:00E8H         PUBLIC        IEA
  X:0050H         PUBLIC        RsRxRp
  B:0088H.6       PUBLIC        TR1
  X:0051H         PUBLIC        RsRxWp
  D:00F8H         PUBLIC        IPA
  D:00C8H         PUBLIC        T2CON
  C:86AAH         PUBLIC        RS_rx
  C:0003H         PUBLIC        _RS_tx
  C:85BBH         PUBLIC        RS_interrupt
  D:00D0H         PUBLIC        PSW
  -------         PROC          INITIALUART
  C:87C2H         LINE#         66
  C:87C2H         LINE#         67
  C:87C2H         LINE#         69
  C:87C4H         LINE#         70
  C:87C6H         LINE#         77
  C:87C9H         LINE#         84
  C:87CBH         LINE#         86
  C:87CFH         LINE#         87
  C:87D1H         LINE#         88
  -------         ENDPROC       INITIALUART
  -------         PROC          RS_RXREADY
  C:87D2H         LINE#         94
  C:87D2H         LINE#         95
  C:87D2H         LINE#         96
  C:87DEH         LINE#         97
  C:87E0H         LINE#         98
  -------         ENDPROC       RS_RXREADY
  -------         PROC          RS_RX
  -------         DO            
  D:0007H         SYMBOL        ret
  -------         ENDDO         
  C:86AAH         LINE#         104
  C:86AAH         LINE#         105
  C:86AAH         LINE#         108
  C:86ACH         LINE#         112
  C:86B4H         LINE#         113
  C:86B9H         LINE#         114
  C:86BFH         LINE#         115
  C:86C1H         LINE#         116
  C:86C3H         LINE#         118
  C:86C3H         LINE#         119
  -------         ENDPROC       RS_RX
  -------         PROC          _RS_TX
  D:0007H         SYMBOL        tx_buf
  C:0003H         LINE#         125
  C:0003H         LINE#         126
  C:0003H         LINE#         127
  C:0003H         LINE#         128
  C:0006H         LINE#         129
  C:0008H         LINE#         130
  C:000AH         LINE#         131
  C:000AH         LINE#         132
BL51 BANKED LINKER/LOCATER V6.22                                                      03/13/2018  14:23:19  PAGE 16


  C:000AH         LINE#         133
  C:000AH         LINE#         134
  -------         ENDPROC       _RS_TX
  -------         PROC          RS_INTERRUPT
  C:85BBH         LINE#         140
  C:85C2H         LINE#         142
  C:85C5H         LINE#         143
  C:85C7H         LINE#         147
  C:85D0H         LINE#         148
  C:85D5H         LINE#         149
  C:85DDH         LINE#         161
  C:85DDH         LINE#         162
  -------         ENDPROC       RS_INTERRUPT
  -------         ENDMOD        UART

  -------         MODULE        BUSCTRL
  C:0000H         SYMBOL        _ICE_DUMMY_
  D:0080H         PUBLIC        P0
  D:0090H         PUBLIC        P1
  D:00B0H         PUBLIC        P3
  B:00A8H.7       PUBLIC        EA
  D:00A8H         PUBLIC        IE
  C:7C70H         PUBLIC        _PCT_WriteSTable
  D:00B8H         PUBLIC        IP
  B:0090H.3       PUBLIC        HALE
  B:0090H.2       PUBLIC        HRDB
  D:00D8H         PUBLIC        CCON
  D:00C0H         PUBLIC        WDTC
  B:0090H.1       PUBLIC        HWRB
  D:0098H         PUBLIC        SCON
  D:0088H         PUBLIC        TCON
  C:7E5FH         PUBLIC        _PCT_WriteAsicTable
  C:885BH         PUBLIC        PTC_SwitchToI2CMode
  D:00E8H         PUBLIC        IEA
  B:00B0H.6       PUBLIC        HCSB0
  B:00B0H.7       PUBLIC        HCSB1
  D:00F8H         PUBLIC        IPA
  C:8364H         PUBLIC        _PCT_ReadAsicByte
  D:00C8H         PUBLIC        T2CON
  C:84C2H         PUBLIC        _PCT_WriteAsicByte
  D:00D0H         PUBLIC        PSW
  C:8543H         SYMBOL        Com001C
  C:8543H         SYMBOL        L?0029
  C:8543H         SYMBOL        L?0030
  C:854EH         SYMBOL        L?0031
  C:855BH         SYMBOL        L?0032
  C:855DH         SYMBOL        L?0033
  C:8564H         SYMBOL        L?0034
  C:8564H         SYMBOL        L?0035
  -------         PROC          COM001C
  -------         ENDPROC       COM001C
  -------         PROC          _PCT_WRITEASICBYTE
  D:0007H         SYMBOL        _dvc
  D:0005H         SYMBOL        _pg
  D:0003H         SYMBOL        _addr
  X:00DAH         SYMBOL        _wdat
  C:84C2H         LINE#         63
BL51 BANKED LINKER/LOCATER V6.22                                                      03/13/2018  14:23:19  PAGE 17


  C:84C2H         LINE#         64
  C:84C2H         LINE#         65
  C:84C2H         LINE#         67
  C:84C2H         LINE#         69
  C:84C2H         LINE#         71
  C:84CDH         LINE#         72
  C:84D7H         LINE#         73
  C:84DFH         LINE#         74
  C:84DFH         LINE#         75
  C:84DFH         LINE#         76
  C:84E2H         LINE#         77
  C:84E7H         LINE#         78
  C:84E9H         LINE#         79
  C:84EBH         LINE#         81
  C:84EBH         LINE#         82
  C:84EBH         LINE#         83
  C:84EBH         LINE#         84
  C:84EBH         LINE#         85
  C:84EEH         LINE#         86
  -------         ENDPROC       _PCT_WRITEASICBYTE
  -------         PROC          _PCT_WRITEASICTABLE
  D:0007H         SYMBOL        _dvc
  D:0005H         SYMBOL        _pg
  D:0006H         SYMBOL        _addr
  X:00ACH         SYMBOL        _tbl_ptr
  X:00AFH         SYMBOL        _tbl_cnt
  C:7E5FH         LINE#         92
  C:7E61H         LINE#         93
  C:7E61H         LINE#         94
  C:7E61H         LINE#         96
  C:7E61H         LINE#         98
  C:7E61H         LINE#         100
  C:7E6CH         LINE#         101
  C:7E76H         LINE#         102
  C:7E7EH         LINE#         104
  C:7E7EH         LINE#         105
  C:7E81H         LINE#         106
  C:7E81H         LINE#         107
  C:7E84H         LINE#         109
  C:7E9AH         LINE#         110
  C:7E9CH         LINE#         111
  C:7E9EH         LINE#         112
  C:7EA5H         LINE#         114
  C:7EA5H         LINE#         115
  C:7EA5H         LINE#         116
  C:7EA5H         LINE#         117
  C:7EA5H         LINE#         118
  C:7EA8H         LINE#         119
  -------         ENDPROC       _PCT_WRITEASICTABLE
  -------         PROC          _PCT_READASICBYTE
  D:0007H         SYMBOL        _dvc
  D:0005H         SYMBOL        _pg
  D:0003H         SYMBOL        _addr
  -------         DO            
  D:0007H         SYMBOL        _rdat_
  -------         ENDDO         
  C:8364H         LINE#         125
BL51 BANKED LINKER/LOCATER V6.22                                                      03/13/2018  14:23:19  PAGE 18


  C:8364H         LINE#         126
  C:8364H         LINE#         129
  C:8364H         LINE#         131
  C:8364H         LINE#         133
  C:8364H         LINE#         134
  C:836FH         LINE#         135
  C:8379H         LINE#         136
  C:8381H         LINE#         138
  C:8381H         LINE#         139
  C:8381H         LINE#         140
  C:8384H         LINE#         141
  C:8387H         LINE#         142
  C:8389H         LINE#         143
  C:838BH         LINE#         144
  C:838DH         LINE#         146
  C:8390H         LINE#         147
  C:8392H         LINE#         148
  C:8394H         LINE#         149
  C:8396H         LINE#         150
  C:8396H         LINE#         151
  -------         ENDPROC       _PCT_READASICBYTE
  -------         PROC          _PCT_WRITESTABLE
  D:0007H         SYMBOL        _dvc
  X:00AEH         SYMBOL        _tbl_ptr
  C:7C70H         LINE#         158
  C:7C7AH         LINE#         159
  C:7C7AH         LINE#         163
  C:7C7AH         LINE#         164
  C:7C88H         LINE#         165
  C:7CA5H         LINE#         166
  C:7CA5H         LINE#         167
  C:7CB9H         LINE#         168
  C:7CB9H         LINE#         169
  C:7CC4H         LINE#         170
  C:7CC6H         LINE#         171
  -------         ENDPROC       _PCT_WRITESTABLE
  -------         PROC          PTC_SWITCHTOI2CMODE
  C:885BH         LINE#         177
  C:885BH         LINE#         178
  C:885BH         LINE#         188
  -------         ENDPROC       PTC_SWITCHTOI2CMODE
  -------         ENDMOD        BUSCTRL

  -------         MODULE        COMMANDSHELL
  C:0000H         SYMBOL        _ICE_DUMMY_
  D:0090H         PUBLIC        P1
  D:00B0H         PUBLIC        P3
  C:870CH         PUBLIC        _MoniHSCommSJmode
  C:83FDH         PUBLIC        MoniVideoAutoDetect
  C:58FEH         PUBLIC        _PCT_RunCommShell
  C:6AEAH         PUBLIC        _MoniAudioGain
  D:00A8H         PUBLIC        IE
  C:8397H         PUBLIC        _MoniReadOneBuffer
  D:00B8H         PUBLIC        IP
  C:87B0H         PUBLIC        _MoniYVideoMix
  X:0052H         PUBLIC        sysdat
  C:874EH         PUBLIC        _MoniAudioLive
BL51 BANKED LINKER/LOCATER V6.22                                                      03/13/2018  14:23:19  PAGE 19


  D:00D8H         PUBLIC        CCON
  C:87E1H         PUBLIC        PCT_SendACK
  C:83CAH         PUBLIC        _MoniWriteOneBuffer
  C:87F0H         PUBLIC        MoniAudioMute
  C:8494H         PUBLIC        MoniHSCommVersion
  C:70C9H         PUBLIC        _MoniSetVideoFormat
  C:7F3CH         PUBLIC        _MoniReadAsicByte
  C:7907H         PUBLIC        _PCT_GetFirstStr
  C:79D3H         PUBLIC        PCT_CheckSystem
  D:00C0H         PUBLIC        WDTC
  D:0098H         PUBLIC        SCON
  D:0088H         PUBLIC        TCON
  C:7E13H         PUBLIC        _MoniWriteAsicByte
  C:6C27H         PUBLIC        _MoniHSComm
  X:0063H         PUBLIC        msg
  D:00E8H         PUBLIC        IEA
  C:81DBH         PUBLIC        _PCT_StrToCommCode
  C:80D9H         PUBLIC        _PCT_CheckVMixType
  C:884BH         PUBLIC        MoniHSCommDisScroll
  D:00F8H         PUBLIC        IPA
  C:7BB8H         PUBLIC        _MoniShowSODStr
  C:5DCAH         PUBLIC        _MoniVideoMixAttr
  C:8219H         PUBLIC        PCT_AudioActionForHS
  D:00C8H         PUBLIC        T2CON
  C:7CC7H         PUBLIC        _MoniVideoMixWin
  C:8054H         PUBLIC        _MoniReadPageBuffer
  X:00DBH         PUBLIC        Original_selwintype
  C:7EF3H         PUBLIC        MoniRegisterDump
  D:00D0H         PUBLIC        PSW
  C:6532H         PUBLIC        _MoniAudioMixing
  C:5FDAH         SYMBOL        Com00E5
  C:5FDAH         SYMBOL        L?0230
  C:5FDBH         SYMBOL        L?0231
  C:6011H         SYMBOL        L?0232
  C:6018H         SYMBOL        L?0233
  C:6019H         SYMBOL        L?0234
  C:604FH         SYMBOL        L?0235
  C:6056H         SYMBOL        L?0236
  C:6056H         SYMBOL        L?0237
  C:6058H         SYMBOL        L?0238
  C:6061H         SYMBOL        L?0239
  C:6062H         SYMBOL        L?0240
  C:6082H         SYMBOL        L?0241
  C:6089H         SYMBOL        L?0242
  C:6089H         SYMBOL        L?0243
  C:6094H         SYMBOL        L?0244
  C:609BH         SYMBOL        L?0245
  C:60ABH         SYMBOL        L?0246
  C:60B2H         SYMBOL        L?0247
  C:60C2H         SYMBOL        L?0248
  C:60C9H         SYMBOL        L?0249
  C:60D9H         SYMBOL        L?0250
  C:60E0H         SYMBOL        L?0251
  C:60EBH         SYMBOL        L?0252
  C:60F2H         SYMBOL        L?0253
  C:60FDH         SYMBOL        L?0254
  C:6104H         SYMBOL        L?0255
BL51 BANKED LINKER/LOCATER V6.22                                                      03/13/2018  14:23:19  PAGE 20


  C:6109H         SYMBOL        L?0256
  C:6110H         SYMBOL        L?0257
  C:6115H         SYMBOL        L?0258
  C:611CH         SYMBOL        L?0260
  C:6128H         SYMBOL        L?0261
  C:6129H         SYMBOL        L?0262
  C:6130H         SYMBOL        L?0264
  C:6130H         SYMBOL        L?0265
  C:6138H         SYMBOL        L?0266
  C:613FH         SYMBOL        L?0267
  C:6146H         SYMBOL        L?0271
  C:6146H         SYMBOL        L?0272
  C:614DH         SYMBOL        L?0273
  C:6154H         SYMBOL        L?0277
  C:615BH         SYMBOL        L?0280
  C:6162H         SYMBOL        L?0285
  C:6169H         SYMBOL        L?0287
  C:6178H         SYMBOL        L?0288
  C:617FH         SYMBOL        L?0291
  C:6186H         SYMBOL        L?0294
  C:618DH         SYMBOL        L?0298
  C:618DH         SYMBOL        L?0299
  C:618EH         SYMBOL        L?0300
  C:6196H         SYMBOL        L?0301
  C:6196H         SYMBOL        L?0302
  C:61A0H         SYMBOL        L?0304
  C:61A7H         SYMBOL        L?0305
  C:61A8H         SYMBOL        L?0306
  C:61AFH         SYMBOL        L?0307
  C:61AFH         SYMBOL        L?0308
  C:61B6H         SYMBOL        L?0310
  C:61B6H         SYMBOL        L?0311
  C:61BFH         SYMBOL        L?0312
  C:61CCH         SYMBOL        L?0314
  C:61D8H         SYMBOL        L?0316
  C:61D8H         SYMBOL        L?0317
  C:61DEH         SYMBOL        L?0318
  -------         PROC          COM00E5
  -------         ENDPROC       COM00E5
  -------         PROC          _PCT_GETFIRSTSTR
  X:00ADH         SYMBOL        tagStr
  X:00B0H         SYMBOL        sourceStr
  C:7907H         LINE#         87
  C:790CH         LINE#         88
  C:790CH         LINE#         89
  C:7917H         LINE#         90
  C:792CH         LINE#         91
  C:7942H         LINE#         92
  C:7944H         LINE#         93
  C:7944H         LINE#         94
  C:7950H         LINE#         95
  C:7954H         LINE#         96
  C:795CH         LINE#         97
  C:795FH         LINE#         98
  C:7962H         LINE#         99
  C:7965H         LINE#         100
  C:796DH         LINE#         101
BL51 BANKED LINKER/LOCATER V6.22                                                      03/13/2018  14:23:19  PAGE 21


  -------         ENDPROC       _PCT_GETFIRSTSTR
  -------         PROC          _PCT_STRTOCOMMCODE
  X:00ADH         SYMBOL        Str
  -------         DO            
  D:0031H         SYMBOL        ret
  -------         ENDDO         
  C:81DBH         LINE#         108
  C:81E0H         LINE#         109
  C:81E0H         LINE#         110
  C:81E5H         LINE#         112
  C:8214H         LINE#         113
  C:8218H         LINE#         114
  -------         ENDPROC       _PCT_STRTOCOMMCODE
  -------         PROC          PCT_SENDACK
  C:87E1H         LINE#         120
  C:87E1H         LINE#         121
  C:87E1H         LINE#         122
  C:87E6H         LINE#         123
  C:87EBH         LINE#         124
  -------         ENDPROC       PCT_SENDACK
  -------         PROC          _PCT_CHECKVMIXTYPE
  D:0007H         SYMBOL        _typ
  -------         DO            
  D:002AH         SYMBOL        tmplktp
  -------         ENDDO         
  C:80D9H         LINE#         131
  C:80D9H         LINE#         132
  C:80D9H         LINE#         133
  C:80DCH         LINE#         135
  C:80E1H         LINE#         136
  C:80E8H         LINE#         137
  C:80EEH         LINE#         138
  C:80FAH         LINE#         140
  C:8106H         LINE#         141
  C:810BH         LINE#         143
  C:810BH         LINE#         144
  C:8110H         LINE#         145
  C:8115H         LINE#         146
  C:8119H         LINE#         147
  -------         ENDPROC       _PCT_CHECKVMIXTYPE
  -------         PROC          _MONIREADPAGEBUFFER
  D:0001H         SYMBOL        szParam
  -------         DO            
  D:0027H         SYMBOL        page
  D:0028H         SYMBOL        start
  D:0029H         SYMBOL        end
  -------         ENDDO         
  C:8054H         LINE#         157
  C:8054H         LINE#         158
  C:8054H         LINE#         161
  C:8079H         LINE#         163
  C:8079H         LINE#         164
  C:808FH         LINE#         165
  C:8091H         LINE#         166
  C:8096H         LINE#         167
  -------         ENDPROC       _MONIREADPAGEBUFFER
  -------         PROC          _MONIREADONEBUFFER
BL51 BANKED LINKER/LOCATER V6.22                                                      03/13/2018  14:23:19  PAGE 22


  D:0001H         SYMBOL        szParam
  -------         DO            
  D:0027H         SYMBOL        page
  D:0028H         SYMBOL        addr
  -------         ENDDO         
  C:8397H         LINE#         173
  C:8397H         LINE#         174
  C:8397H         LINE#         177
  C:83B4H         LINE#         179
  -------         ENDPROC       _MONIREADONEBUFFER
  -------         PROC          _MONIWRITEONEBUFFER
  D:0001H         SYMBOL        szParam
  -------         DO            
  D:0027H         SYMBOL        page
  D:0028H         SYMBOL        addr
  D:0029H         SYMBOL        dat
  -------         ENDDO         
  C:83CAH         LINE#         186
  C:83CAH         LINE#         187
  C:83CAH         LINE#         190
  C:83EFH         LINE#         191
  -------         ENDPROC       _MONIWRITEONEBUFFER
  -------         PROC          _MONIWRITEASICBYTE
  D:0001H         SYMBOL        szParam
  -------         DO            
  D:0027H         SYMBOL        _dev
  D:0028H         SYMBOL        _pg
  D:0029H         SYMBOL        _addr
  D:002AH         SYMBOL        _wdat
  -------         ENDDO         
  C:7E13H         LINE#         198
  C:7E13H         LINE#         199
  C:7E13H         LINE#         200
  C:7E16H         LINE#         201
  C:7E18H         LINE#         202
  C:7E1AH         LINE#         203
  C:7E1CH         LINE#         205
  C:7E51H         LINE#         206
  -------         ENDPROC       _MONIWRITEASICBYTE
  -------         PROC          _MONIREADASICBYTE
  D:0001H         SYMBOL        szParam
  -------         DO            
  D:0027H         SYMBOL        _dev
  D:0028H         SYMBOL        _pg
  D:0029H         SYMBOL        _addr
  D:002AH         SYMBOL        _rdat
  -------         ENDDO         
  C:7F3CH         LINE#         213
  C:7F3CH         LINE#         214
  C:7F3CH         LINE#         215
  C:7F3FH         LINE#         216
  C:7F41H         LINE#         217
  C:7F43H         LINE#         218
  C:7F45H         LINE#         220
  C:7F6AH         LINE#         221
  C:7F75H         LINE#         222
  -------         ENDPROC       _MONIREADASICBYTE
BL51 BANKED LINKER/LOCATER V6.22                                                      03/13/2018  14:23:19  PAGE 23


  C:666DH         SYMBOL        L?0268
  C:6683H         SYMBOL        L?0281
  C:6699H         SYMBOL        L?0284
  -------         PROC          _MONIAUDIOMIXING
  X:00A7H         SYMBOL        szParam
  -------         DO            
  D:0027H         SYMBOL        selch0
  D:0028H         SYMBOL        selch1
  D:0029H         SYMBOL        selch2
  D:002AH         SYMBOL        selch3
  D:002BH         SYMBOL        selch4
  D:002CH         SYMBOL        valch0
  D:002DH         SYMBOL        valch1
  D:002EH         SYMBOL        valch2
  D:002FH         SYMBOL        valch3
  D:0030H         SYMBOL        valch4
  X:00AAH         SYMBOL        getStr
  C:58F9H         SYMBOL        chaddr
  -------         ENDDO         
  C:6532H         LINE#         230
  C:6534H         LINE#         231
  C:6534H         LINE#         242
  C:6547H         LINE#         244
  C:654FH         LINE#         250
  C:6578H         LINE#         251
  C:6578H         LINE#         252
  C:658DH         LINE#         253
  C:6596H         LINE#         254
  C:659CH         LINE#         255
  C:659FH         LINE#         257
  C:659FH         LINE#         258
  C:65C1H         LINE#         260
  C:65C1H         LINE#         261
  C:65C4H         LINE#         262
  C:65C7H         LINE#         263
  C:65CAH         LINE#         265
  C:65CAH         LINE#         266
  C:65E1H         LINE#         268
  C:65E1H         LINE#         269
  C:65E4H         LINE#         270
  C:65E8H         LINE#         271
  C:65EBH         LINE#         272
  C:65EEH         LINE#         274
  C:65EEH         LINE#         275
  C:6608H         LINE#         277
  C:6608H         LINE#         278
  C:6608H         LINE#         279
  C:6608H         LINE#         280
  C:660BH         LINE#         282
  C:6613H         LINE#         283
  C:6616H         LINE#         285
  C:6616H         LINE#         286
  C:6641H         LINE#         288
  C:6641H         LINE#         289
  C:6641H         LINE#         290
  C:6641H         LINE#         291
  C:6649H         LINE#         292
BL51 BANKED LINKER/LOCATER V6.22                                                      03/13/2018  14:23:19  PAGE 24


  C:6652H         LINE#         294
  C:666CH         LINE#         295
  C:666CH         LINE#         297
  C:666CH         LINE#         298
  C:666CH         LINE#         299
  C:666CH         LINE#         300
  -------         ENDPROC       _MONIAUDIOMIXING
  -------         PROC          MONIAUDIOMUTE
  C:87F0H         LINE#         307
  C:87F0H         LINE#         308
  C:87F0H         LINE#         309
  C:87F8H         LINE#         314
  -------         ENDPROC       MONIAUDIOMUTE
  C:6BF2H         SYMBOL        L?0276
  C:6C0CH         SYMBOL        L?0303
  C:6C1DH         SYMBOL        L?0319
  -------         PROC          _MONIAUDIOGAIN
  X:00A7H         SYMBOL        szParam
  -------         DO            
  D:0027H         SYMBOL        selch0
  D:0028H         SYMBOL        selch1
  D:0029H         SYMBOL        selch2
  D:002AH         SYMBOL        selch3
  D:002BH         SYMBOL        selch4
  D:002CH         SYMBOL        ch0val
  D:002DH         SYMBOL        ch1val
  D:002EH         SYMBOL        ch2val
  D:002FH         SYMBOL        ch3val
  D:0030H         SYMBOL        ch4val
  X:00AAH         SYMBOL        getStr
  -------         ENDDO         
  C:6AEAH         LINE#         322
  C:6AECH         LINE#         323
  C:6AECH         LINE#         328
  C:6AFFH         LINE#         330
  C:6B25H         LINE#         331
  C:6B25H         LINE#         332
  C:6B3AH         LINE#         333
  C:6B3EH         LINE#         334
  C:6B41H         LINE#         336
  C:6B41H         LINE#         337
  C:6B63H         LINE#         339
  C:6B63H         LINE#         340
  C:6B66H         LINE#         341
  C:6B69H         LINE#         343
  C:6B69H         LINE#         344
  C:6B80H         LINE#         346
  C:6B80H         LINE#         347
  C:6B80H         LINE#         348
  C:6B83H         LINE#         349
  C:6B86H         LINE#         351
  C:6B86H         LINE#         352
  C:6BA0H         LINE#         354
  C:6BA0H         LINE#         355
  C:6BA0H         LINE#         356
  C:6BA3H         LINE#         357
  C:6BA6H         LINE#         358
BL51 BANKED LINKER/LOCATER V6.22                                                      03/13/2018  14:23:19  PAGE 25


  C:6BA9H         LINE#         360
  C:6BA9H         LINE#         361
  C:6BD4H         LINE#         363
  C:6BD4H         LINE#         364
  C:6BDCH         LINE#         365
  C:6BE0H         LINE#         366
  C:6BE8H         LINE#         367
  C:6BF1H         LINE#         368
  C:6BF1H         LINE#         370
  C:6BF1H         LINE#         371
  C:6BF1H         LINE#         372
  C:6BF1H         LINE#         373
  -------         ENDPROC       _MONIAUDIOGAIN
  -------         PROC          _MONIAUDIOLIVE
  D:0001H         SYMBOL        szParam
  -------         DO            
  D:0027H         SYMBOL        chan
  -------         ENDDO         
  C:874EH         LINE#         380
  C:874EH         LINE#         381
  C:874EH         LINE#         384
  C:875BH         LINE#         386
  -------         ENDPROC       _MONIAUDIOLIVE
  -------         PROC          MONIREGISTERDUMP
  -------         DO            
  D:0027H         SYMBOL        addr
  D:0028H         SYMBOL        page
  -------         ENDDO         
  C:7EF3H         LINE#         393
  C:7EF3H         LINE#         394
  C:7EF3H         LINE#         398
  C:7EF6H         LINE#         399
  C:7F04H         LINE#         400
  C:7F07H         LINE#         401
  C:7F07H         LINE#         402
  C:7F1DH         LINE#         403
  C:7F1FH         LINE#         404
  C:7F2EH         LINE#         405
  C:7F32H         LINE#         406
  C:7F3BH         LINE#         407
  -------         ENDPROC       MONIREGISTERDUMP
  -------         PROC          _MONIVIDEOMIXWIN
  D:0001H         SYMBOL        szParam
  -------         DO            
  D:0027H         SYMBOL        chose
  D:0028H         SYMBOL        wintp
  -------         ENDDO         
  C:7CC7H         LINE#         413
  C:7CC7H         LINE#         414
  C:7CC7H         LINE#         417
  C:7D09H         LINE#         419
  C:7D16H         LINE#         420
  -------         ENDPROC       _MONIVIDEOMIXWIN
  C:5F98H         SYMBOL        L?0275
  C:5F9FH         SYMBOL        L?0279
  C:5FA6H         SYMBOL        L?0283
  C:5FADH         SYMBOL        L?0289
BL51 BANKED LINKER/LOCATER V6.22                                                      03/13/2018  14:23:19  PAGE 26


  C:5FB4H         SYMBOL        L?0290
  C:5FC5H         SYMBOL        L?0293
  C:5FCCH         SYMBOL        L?0296
  C:5FD3H         SYMBOL        L?0313
  -------         PROC          _MONIVIDEOMIXATTR
  X:00A7H         SYMBOL        szParam
  -------         DO            
  D:0027H         SYMBOL        chose
  D:0029H         SYMBOL        attrsel
  D:002AH         SYMBOL        setval
  D:002BH         SYMBOL        winNm
  D:002FH         SYMBOL        wincnt
  D:0030H         SYMBOL        division
  X:00AAH         SYMBOL        getStr
  -------         ENDDO         
  C:5DCAH         LINE#         427
  C:5DCFH         LINE#         428
  C:5DCFH         LINE#         431
  C:5DD2H         LINE#         435
  C:5DD8H         LINE#         436
  C:5DE2H         LINE#         438
  C:5DE8H         LINE#         439
  C:5DF4H         LINE#         441
  C:5E02H         LINE#         442
  C:5E05H         LINE#         443
  C:5E05H         LINE#         444
  C:5E16H         LINE#         445
  C:5E19H         LINE#         446
  C:5E19H         LINE#         447
  C:5E2AH         LINE#         448
  C:5E2DH         LINE#         449
  C:5E2DH         LINE#         450
  C:5E3DH         LINE#         451
  C:5E40H         LINE#         452
  C:5E40H         LINE#         453
  C:5E50H         LINE#         454
  C:5E53H         LINE#         455
  C:5E53H         LINE#         456
  C:5E63H         LINE#         457
  C:5E66H         LINE#         458
  C:5E66H         LINE#         459
  C:5E76H         LINE#         460
  C:5E79H         LINE#         461
  C:5E79H         LINE#         462
  C:5E89H         LINE#         463
  C:5E8CH         LINE#         464
  C:5E8FH         LINE#         465
  C:5EA0H         LINE#         466
  C:5EA3H         LINE#         467
  C:5EA3H         LINE#         468
  C:5EB4H         LINE#         469
  C:5EB7H         LINE#         470
  C:5EB7H         LINE#         471
  C:5EC7H         LINE#         472
  C:5ECAH         LINE#         473
  C:5ECAH         LINE#         474
  C:5EDAH         LINE#         475
BL51 BANKED LINKER/LOCATER V6.22                                                      03/13/2018  14:23:19  PAGE 27


  C:5EDDH         LINE#         476
  C:5EDDH         LINE#         477
  C:5EEDH         LINE#         478
  C:5EF0H         LINE#         479
  C:5EF0H         LINE#         480
  C:5F00H         LINE#         481
  C:5F03H         LINE#         482
  C:5F03H         LINE#         483
  C:5F16H         LINE#         484
  C:5F19H         LINE#         485
  C:5F1CH         LINE#         486
  C:5F31H         LINE#         487
  C:5F34H         LINE#         488
  C:5F36H         LINE#         489
  C:5F36H         LINE#         491
  C:5F36H         LINE#         493
  C:5F4CH         LINE#         494
  C:5F69H         LINE#         495
  C:5F69H         LINE#         496
  C:5F7AH         LINE#         497
  C:5F7CH         LINE#         498
  C:5F7CH         LINE#         499
  C:5F7EH         LINE#         500
  C:5F82H         LINE#         501
  C:5F8CH         LINE#         502
  C:5F93H         LINE#         503
  C:5F93H         LINE#         504
  C:5F97H         LINE#         505
  -------         ENDPROC       _MONIVIDEOMIXATTR
  -------         PROC          _MONIYVIDEOMIX
  D:0001H         SYMBOL        szParam
  -------         DO            
  D:0027H         SYMBOL        chan
  -------         ENDDO         
  C:87B0H         LINE#         512
  C:87B0H         LINE#         513
  C:87B0H         LINE#         516
  C:87BDH         LINE#         517
  -------         ENDPROC       _MONIYVIDEOMIX
  -------         PROC          MONIVIDEOAUTODETECT
  C:83FDH         LINE#         524
  C:83FDH         LINE#         525
  C:83FDH         LINE#         526
  -------         ENDPROC       MONIVIDEOAUTODETECT
  C:71B6H         SYMBOL        L?0270
  C:71D4H         SYMBOL        L?0315
  -------         PROC          _MONISETVIDEOFORMAT
  X:00A7H         SYMBOL        szParam
  -------         DO            
  D:0027H         SYMBOL        selch0
  D:0028H         SYMBOL        selch1
  D:0029H         SYMBOL        selch2
  D:002AH         SYMBOL        selch3
  D:002BH         SYMBOL        valch0
  D:002CH         SYMBOL        valch1
  D:002DH         SYMBOL        valch2
  D:002EH         SYMBOL        valch3
BL51 BANKED LINKER/LOCATER V6.22                                                      03/13/2018  14:23:19  PAGE 28


  X:00AAH         SYMBOL        getStr
  -------         ENDDO         
  C:70C9H         LINE#         538
  C:70CBH         LINE#         539
  C:70CBH         LINE#         544
  C:70DEH         LINE#         546
  C:70FEH         LINE#         547
  C:70FEH         LINE#         548
  C:7115H         LINE#         549
  C:7118H         LINE#         550
  C:711BH         LINE#         552
  C:711BH         LINE#         553
  C:7132H         LINE#         555
  C:713AH         LINE#         556
  C:7142H         LINE#         557
  C:7145H         LINE#         559
  C:7145H         LINE#         560
  C:715FH         LINE#         562
  C:715FH         LINE#         563
  C:7162H         LINE#         564
  C:716AH         LINE#         565
  C:716DH         LINE#         567
  C:716DH         LINE#         568
  C:7198H         LINE#         570
  C:7198H         LINE#         571
  C:719BH         LINE#         572
  C:71A8H         LINE#         573
  C:71B5H         LINE#         574
  C:71B5H         LINE#         576
  C:71B5H         LINE#         577
  C:71B5H         LINE#         578
  C:71B5H         LINE#         579
  -------         ENDPROC       _MONISETVIDEOFORMAT
  C:7C02H         SYMBOL        L?0297
  -------         PROC          _MONISHOWSODSTR
  X:00A7H         SYMBOL        szParam
  -------         DO            
  D:0027H         SYMBOL        addrx
  D:0028H         SYMBOL        addry
  X:00AAH         SYMBOL        getStr
  -------         ENDDO         
  C:7BB8H         LINE#         585
  C:7BBAH         LINE#         586
  C:7BBAH         LINE#         590
  C:7BBDH         LINE#         591
  C:7BC8H         LINE#         592
  C:7BCBH         LINE#         593
  C:7BD6H         LINE#         595
  C:7BDBH         LINE#         596
  C:7BE0H         LINE#         597
  C:7BE5H         LINE#         598
  C:7BFDH         LINE#         599
  C:7C02H         LINE#         600
  -------         ENDPROC       _MONISHOWSODSTR
  -------         PROC          PCT_AUDIOACTIONFORHS
  -------         DO            
  D:0027H         SYMBOL        winid
BL51 BANKED LINKER/LOCATER V6.22                                                      03/13/2018  14:23:19  PAGE 29


  D:0028H         SYMBOL        muteFlage
  -------         ENDDO         
  C:8219H         LINE#         606
  C:8219H         LINE#         607
  C:8219H         LINE#         609
  C:821CH         LINE#         612
  C:821FH         LINE#         613
  C:8228H         LINE#         614
  C:8234H         LINE#         615
  C:8237H         LINE#         616
  C:8237H         LINE#         617
  C:8240H         LINE#         619
  C:8244H         LINE#         621
  C:824CH         LINE#         626
  C:8253H         LINE#         627
  C:8253H         LINE#         629
  -------         ENDPROC       PCT_AUDIOACTIONFORHS
  -------         PROC          _MONIHSCOMM
  D:0001H         SYMBOL        szParam
  -------         DO            
  D:0027H         SYMBOL        winid
  D:0028H         SYMBOL        chose
  D:0029H         SYMBOL        wintp
  -------         ENDDO         
  C:6C27H         LINE#         636
  C:6C27H         LINE#         640
  C:6C91H         LINE#         643
  C:6CABH         LINE#         647
  C:6CB3H         LINE#         648
  C:6CBBH         LINE#         649
  C:6CC4H         LINE#         650
  C:6CCDH         LINE#         652
  C:6CD7H         LINE#         653
  C:6CE1H         LINE#         654
  C:6CEBH         LINE#         655
  C:6CF5H         LINE#         660
  C:6CFEH         LINE#         661
  C:6D06H         LINE#         663
  C:6D10H         LINE#         665
  C:6D13H         LINE#         666
  C:6D29H         LINE#         670
  C:6D2EH         LINE#         671
  C:6D33H         LINE#         672
  C:6D38H         LINE#         673
  C:6D3FH         LINE#         674
  C:6D44H         LINE#         675
  C:6D49H         LINE#         676
  C:6D4CH         LINE#         677
  C:6D55H         LINE#         678
  C:6D5CH         LINE#         680
  -------         ENDPROC       _MONIHSCOMM
  -------         PROC          PCT_CHECKSYSTEM
  -------         DO            
  D:0007H         SYMBOL        TempSystem
  -------         ENDDO         
  C:79D3H         LINE#         686
  C:79D3H         LINE#         687
BL51 BANKED LINKER/LOCATER V6.22                                                      03/13/2018  14:23:19  PAGE 30


  C:79D3H         LINE#         690
  C:79D8H         LINE#         692
  C:79DCH         LINE#         693
  C:79DEH         LINE#         694
  C:79E4H         LINE#         695
  C:79E6H         LINE#         697
  C:79EAH         LINE#         700
  C:79F9H         LINE#         702
  C:79FEH         LINE#         704
  C:7A05H         LINE#         705
  C:7A0EH         LINE#         706
  C:7A16H         LINE#         708
  C:7A20H         LINE#         711
  C:7A25H         LINE#         712
  C:7A28H         LINE#         713
  C:7A31H         LINE#         714
  C:7A34H         LINE#         716
  C:7A35H         LINE#         717
  -------         ENDPROC       PCT_CHECKSYSTEM
  -------         PROC          _MONIHSCOMMSJMODE
  D:0001H         SYMBOL        szParam
  C:870CH         LINE#         723
  C:870CH         LINE#         724
  C:870CH         LINE#         725
  -------         ENDPROC       _MONIHSCOMMSJMODE
  -------         PROC          MONIHSCOMMDISSCROLL
  C:884BH         LINE#         732
  C:884BH         LINE#         733
  C:884BH         LINE#         734
  -------         ENDPROC       MONIHSCOMMDISSCROLL
  -------         PROC          MONIHSCOMMVERSION
  -------         DO            
  D:0007H         SYMBOL        version
  -------         ENDDO         
  C:8494H         LINE#         742
  C:8494H         LINE#         743
  C:8494H         LINE#         744
  C:8495H         LINE#         747
  C:849AH         LINE#         751
  C:84A5H         LINE#         752
  C:84BFH         LINE#         753
  -------         ENDPROC       MONIHSCOMMVERSION
  C:5B3DH         SYMBOL        L?0259
  C:5B44H         SYMBOL        L?0263
  C:5B4BH         SYMBOL        L?0269
  C:5B52H         SYMBOL        L?0274
  C:5B59H         SYMBOL        L?0278
  C:5B60H         SYMBOL        L?0282
  C:5B67H         SYMBOL        L?0286
  C:5B6EH         SYMBOL        L?0292
  C:5B75H         SYMBOL        L?0295
  C:5B7CH         SYMBOL        L?0309
  C:5B83H         SYMBOL        L?0320
  -------         PROC          _PCT_RUNCOMMSHELL
  X:00A1H         SYMBOL        strptr
  -------         DO            
  D:0025H         SYMBOL        commcode
BL51 BANKED LINKER/LOCATER V6.22                                                      03/13/2018  14:23:19  PAGE 31


  X:00A4H         SYMBOL        getStr
  -------         ENDDO         
  C:58FEH         LINE#         768
  C:5900H         LINE#         769
  C:5900H         LINE#         775
  C:5913H         LINE#         778
  C:591FH         LINE#         780
  C:592DH         LINE#         782
  C:5933H         LINE#         783
  C:5944H         LINE#         785
  C:594AH         LINE#         786
  C:595BH         LINE#         788
  C:5961H         LINE#         789
  C:5972H         LINE#         792
  C:5978H         LINE#         793
  C:5989H         LINE#         796
  C:598FH         LINE#         797
  C:59A0H         LINE#         800
  C:59A6H         LINE#         801
  C:59B7H         LINE#         804
  C:59BAH         LINE#         805
  C:59CBH         LINE#         808
  C:59CEH         LINE#         809
  C:59DFH         LINE#         812
  C:59E5H         LINE#         813
  C:59F6H         LINE#         816
  C:59FCH         LINE#         817
  C:5A0DH         LINE#         820
  C:5A10H         LINE#         821
  C:5A21H         LINE#         824
  C:5A26H         LINE#         825
  C:5A2CH         LINE#         826
  C:5A2FH         LINE#         827
  C:5A40H         LINE#         830
  C:5A46H         LINE#         831
  C:5A57H         LINE#         834
  C:5A5DH         LINE#         835
  C:5A6EH         LINE#         837
  C:5A71H         LINE#         839
  C:5A77H         LINE#         840
  C:5A88H         LINE#         843
  C:5A8BH         LINE#         844
  C:5A9CH         LINE#         847
  C:5A9FH         LINE#         848
  C:5AB0H         LINE#         851
  C:5AB6H         LINE#         852
  C:5AC7H         LINE#         855
  C:5ACDH         LINE#         857
  C:5ADEH         LINE#         858
  C:5AE1H         LINE#         860
  C:5AE7H         LINE#         862
  C:5AEAH         LINE#         863
  C:5AEDH         LINE#         864
  C:5AF2H         LINE#         872
  C:5B02H         LINE#         873
  C:5B05H         LINE#         875
  C:5B0BH         LINE#         876
BL51 BANKED LINKER/LOCATER V6.22                                                      03/13/2018  14:23:19  PAGE 32


  C:5B1BH         LINE#         877
  C:5B1EH         LINE#         879
  C:5B21H         LINE#         880
  C:5B34H         LINE#         881
  C:5B37H         LINE#         883
  C:5B3AH         LINE#         886
  C:5B3AH         LINE#         887
  C:5B3AH         LINE#         890
  C:5B3CH         LINE#         891
  -------         ENDPROC       _PCT_RUNCOMMSHELL
  -------         ENDMOD        COMMANDSHELL

  -------         MODULE        MAIN
  C:0000H         SYMBOL        _ICE_DUMMY_
  C:82C4H         PUBLIC        _PutsP
  D:0090H         PUBLIC        P1
  D:00B0H         PUBLIC        P3
  B:00A8H.7       PUBLIC        EA
  X:006BH         PUBLIC        RScommand
  D:00A8H         PUBLIC        IE
  B:0024H.1       PUBLIC        VlossFlag
  D:00B8H         PUBLIC        IP
  B:0098H.1       PUBLIC        TI
  D:00D8H         PUBLIC        CCON
  C:7892H         PUBLIC        main
  C:8722H         PUBLIC        ResetCommSell
  D:0020H         PUBLIC        commFlag
  D:0087H         PUBLIC        PCON
  D:00C0H         PUBLIC        WDTC
  D:0098H         PUBLIC        SCON
  D:0089H         PUBLIC        TMOD
  D:0088H         PUBLIC        TCON
  C:8823H         PUBLIC        NewLine
  C:882CH         PUBLIC        _PCT_FlashOSDCtrl
  C:7D71H         PUBLIC        CommandShell
  C:8653H         PUBLIC        InitialMPU
  B:0020H.0       PUBLIC        comm_chk_flag
  D:00E8H         PUBLIC        IEA
  C:84EFH         PUBLIC        _chkStartCommShell
  C:7FCAH         PUBLIC        _Wait_ms
  C:880EH         PUBLIC        InitialCommShell
  D:00F8H         PUBLIC        IPA
  B:0020H.1       PUBLIC        osd_chk_flag
  D:00C8H         PUBLIC        T2CON
  X:0096H         PUBLIC        _delay
  D:00D0H         PUBLIC        PSW
  -------         PROC          COMMANDSHELL
  -------         DO            
  D:0025H         SYMBOL        ch
  -------         ENDDO         
  C:7D71H         LINE#         74
  C:7D71H         LINE#         79
  C:7D7EH         LINE#         80
  C:7D83H         LINE#         81
  C:7D89H         LINE#         83
  C:7D93H         LINE#         84
  C:7D93H         LINE#         85
BL51 BANKED LINKER/LOCATER V6.22                                                      03/13/2018  14:23:19  PAGE 33


  C:7D9BH         LINE#         86
  C:7D9FH         LINE#         87
  C:7DA8H         LINE#         88
  C:7DAEH         LINE#         89
  C:7DAEH         LINE#         91
  C:7DAEH         LINE#         92
[...]


  C:4F10H         SYMBOL        L?0124
  C:4F24H         SYMBOL        L?0125
  C:4F38H         SYMBOL        L?0126
  C:4F54H         SYMBOL        L?0130
  C:4F6BH         SYMBOL        L?0134
  C:4F84H         SYMBOL        L?0143
  C:4F98H         SYMBOL        L?0157
  -------         PROC          _PCT_SETVIDEOHDELAY
  D:0007H         SYMBOL        _typ
  X:00A8H         SYMBOL        _winch
  X:00ABH         SYMBOL        _cattr
  -------         DO            
  X:00AEH         SYMBOL        hdelay
  -------         ENDDO         
  C:4C47H         LINE#         155
  C:4C4DH         LINE#         156
  C:4C4DH         LINE#         164
  C:4C7FH         LINE#         165
  C:4C7FH         LINE#         166
  C:4C7FH         LINE#         171
  C:4C84H         LINE#         172
  C:4C8DH         LINE#         173
  C:4C99H         LINE#         174
  C:4C9FH         LINE#         176
  C:4CA1H         LINE#         177
  C:4CAAH         LINE#         178
  C:4CB0H         LINE#         179
  C:4CB3H         LINE#         181
  C:4CB3H         LINE#         182
  C:4CB3H         LINE#         184
  C:4CB3H         LINE#         185
  C:4CBCH         LINE#         186
  C:4CC4H         LINE#         187
  C:4CCAH         LINE#         189
  C:4CCFH         LINE#         190
  C:4CCFH         LINE#         191
  C:4CDAH         LINE#         192
  C:4CE0H         LINE#         194
  C:4CE3H         LINE#         196
  C:4CE3H         LINE#         197
  C:4CE3H         LINE#         199
  C:4CE3H         LINE#         200
  C:4CEDH         LINE#         201
  C:4CF5H         LINE#         202
  C:4CFBH         LINE#         204
  C:4CFBH         LINE#         205
  C:4CFBH         LINE#         206
  C:4D06H         LINE#         207
  C:4D0CH         LINE#         208
  C:4D0FH         LINE#         210
  C:4D0FH         LINE#         211
  C:4D0FH         LINE#         213
  C:4D0FH         LINE#         214
  C:4D18H         LINE#         215
  C:4D20H         LINE#         216
  C:4D26H         LINE#         218
  C:4D26H         LINE#         219
BL51 BANKED LINKER/LOCATER V6.22                                                      03/13/2018  14:23:19  PAGE 67


  C:4D32H         LINE#         220
  C:4D3AH         LINE#         221
  C:4D40H         LINE#         223
  C:4D49H         LINE#         224
  C:4D4CH         LINE#         225
  C:4D57H         LINE#         226
  C:4D5DH         LINE#         227
  C:4D60H         LINE#         229
  C:4D60H         LINE#         230
  C:4D60H         LINE#         231
  C:4D60H         LINE#         233
  C:4D60H         LINE#         234
  C:4D60H         LINE#         237
  C:4D60H         LINE#         238
  C:4D6AH         LINE#         239
  C:4D72H         LINE#         240
  C:4D78H         LINE#         242
  C:4D78H         LINE#         243
  C:4D78H         LINE#         244
  C:4D80H         LINE#         245
  C:4D86H         LINE#         247
  C:4D8BH         LINE#         248
  C:4D94H         LINE#         249
  C:4D9FH         LINE#         250
  C:4DA5H         LINE#         251
  C:4DA8H         LINE#         253
  C:4DA8H         LINE#         254
  C:4DA8H         LINE#         257
  C:4DA8H         LINE#         258
  C:4DB2H         LINE#         259
  C:4DBAH         LINE#         260
  C:4DC0H         LINE#         262
  C:4DC0H         LINE#         263
  C:4DC0H         LINE#         264
  C:4DC8H         LINE#         265
  C:4DCEH         LINE#         267
  C:4DCEH         LINE#         268
  C:4DDAH         LINE#         269
  C:4DE2H         LINE#         270
  C:4DE8H         LINE#         271
  C:4DEBH         LINE#         273
  C:4DEBH         LINE#         274
  C:4DEBH         LINE#         277
  C:4DEBH         LINE#         278
  C:4DF5H         LINE#         279
  C:4DFDH         LINE#         280
  C:4E03H         LINE#         282
  C:4E03H         LINE#         283
  C:4E03H         LINE#         284
  C:4E0BH         LINE#         285
  C:4E11H         LINE#         287
  C:4E11H         LINE#         288
  C:4E1DH         LINE#         289
  C:4E25H         LINE#         290
  C:4E31H         LINE#         292
  C:4E36H         LINE#         293
  C:4E3FH         LINE#         294
BL51 BANKED LINKER/LOCATER V6.22                                                      03/13/2018  14:23:19  PAGE 68


  C:4E4AH         LINE#         295
  C:4E56H         LINE#         296
  C:4E56H         LINE#         298
  C:4E56H         LINE#         299
  C:4E56H         LINE#         300
  C:4E56H         LINE#         301
  -------         ENDPROC       _PCT_SETVIDEOHDELAY
  C:651DH         SYMBOL        L?0156
  C:652AH         SYMBOL        L?0169
  -------         PROC          _PCT_SETXVIDEOMIXING
  X:00A7H         SYMBOL        _typ
  X:00A8H         SYMBOL        _winch
  -------         DO            
  X:00ABH         SYMBOL        wregptr
  -------         ENDDO         
  C:639DH         LINE#         304
  C:63A6H         LINE#         305
  C:63A6H         LINE#         308
  C:63B6H         LINE#         309
  C:63C6H         LINE#         310
  C:63DAH         LINE#         311
  C:63EEH         LINE#         313
  C:6424H         LINE#         314
  C:6424H         LINE#         315
  C:6424H         LINE#         319
  C:6433H         LINE#         320
  C:643DH         LINE#         321
  C:643DH         LINE#         322
  C:6440H         LINE#         324
  C:6440H         LINE#         325
  C:6440H         LINE#         326
  C:6440H         LINE#         327
  C:6440H         LINE#         328
  C:644FH         LINE#         329
  C:6451H         LINE#         331
  C:6462H         LINE#         332
  C:646DH         LINE#         333
  C:646DH         LINE#         334
  C:6470H         LINE#         336
  C:6470H         LINE#         337
  C:6470H         LINE#         338
  C:6470H         LINE#         339
  C:6470H         LINE#         340
  C:6470H         LINE#         341
  C:6470H         LINE#         342
  C:6470H         LINE#         343
  C:6470H         LINE#         344
  C:647FH         LINE#         345
  C:6481H         LINE#         347
  C:6492H         LINE#         348
  C:64A6H         LINE#         349
  C:64B7H         LINE#         350
  C:64BCH         LINE#         351
  C:64BFH         LINE#         353
  C:64BFH         LINE#         354
  C:64BFH         LINE#         355
  C:64CEH         LINE#         356
BL51 BANKED LINKER/LOCATER V6.22                                                      03/13/2018  14:23:19  PAGE 69


  C:64DEH         LINE#         357
  C:64EFH         LINE#         358
  C:6500H         LINE#         359
  C:650EH         LINE#         360
  C:651CH         LINE#         361
  C:651CH         LINE#         363
  C:651CH         LINE#         364
  C:651CH         LINE#         365
  C:651CH         LINE#         366
  -------         ENDPROC       _PCT_SETXVIDEOMIXING
  -------         PROC          _PCT_SETYVIDEOMIXING
  D:0007H         SYMBOL        _typ
  C:8762H         LINE#         372
  C:8762H         LINE#         373
  C:8762H         LINE#         374
  -------         ENDPROC       _PCT_SETYVIDEOMIXING
  C:6F79H         SYMBOL        L?0144
  C:6F84H         SYMBOL        L?0152
  C:6F8FH         SYMBOL        L?0160
  C:6F9AH         SYMBOL        L?0170
  C:6FA1H         SYMBOL        L?0172
  -------         PROC          _PCT_RECOMPENSEYHDELAY
  X:00A7H         SYMBOL        _chmiro
  C:6E8CH         LINE#         378
  C:6E92H         LINE#         379
  C:6E92H         LINE#         380
  C:6EBCH         LINE#         381
  C:6EBCH         LINE#         383
  C:6ECAH         LINE#         384
  C:6ED3H         LINE#         385
  C:6EE4H         LINE#         386
  C:6EEDH         LINE#         387
  C:6EFBH         LINE#         388
  C:6F07H         LINE#         389
  C:6F18H         LINE#         390
  C:6F18H         LINE#         391
  C:6F1BH         LINE#         393
  C:6F1BH         LINE#         394
  C:6F29H         LINE#         395
  C:6F2FH         LINE#         396
  C:6F32H         LINE#         398
  C:6F32H         LINE#         399
  C:6F40H         LINE#         400
  C:6F46H         LINE#         401
  C:6F48H         LINE#         403
  C:6F48H         LINE#         404
  C:6F56H         LINE#         405
  C:6F5CH         LINE#         406
  C:6F5EH         LINE#         408
  C:6F5EH         LINE#         409
  C:6F6CH         LINE#         410
  C:6F78H         LINE#         411
  C:6F78H         LINE#         412
  C:6F78H         LINE#         413
  -------         ENDPROC       _PCT_RECOMPENSEYHDELAY
  -------         PROC          _PCT_WINATTRCTRL
  X:00ADH         SYMBOL        _wid
BL51 BANKED LINKER/LOCATER V6.22                                                      03/13/2018  14:23:19  PAGE 70


  X:00AEH         SYMBOL        _attrsel
  X:00AFH         SYMBOL        _setval
  -------         DO            
  D:0004H         SYMBOL        dat
  -------         ENDDO         
  C:8463H         LINE#         464
  C:846EH         LINE#         465
  C:846EH         LINE#         471
  C:8478H         LINE#         472
  C:8489H         LINE#         473
  -------         ENDPROC       _PCT_WINATTRCTRL
  -------         PROC          _PCT_WINATTRCTRLY
  X:00A7H         SYMBOL        _wid
  X:00A8H         SYMBOL        _attrsel
  X:00A9H         SYMBOL        _setval
  -------         DO            
  D:0004H         SYMBOL        dat
  -------         ENDDO         
  C:8254H         LINE#         482
  C:825FH         LINE#         483
  C:825FH         LINE#         488
  C:826CH         LINE#         489
  C:827DH         LINE#         490
  -------         ENDPROC       _PCT_WINATTRCTRLY
  -------         PROC          _PCT_WINATTRCLEAR
  X:00A7H         SYMBOL        _attrsel
  -------         DO            
  X:00A8H         SYMBOL        _wid
  X:00A9H         SYMBOL        dat
  -------         ENDDO         
  C:828CH         LINE#         499
  C:8290H         LINE#         500
  C:8290H         LINE#         507
  C:829CH         LINE#         508
  C:82A9H         LINE#         509
  C:82B2H         LINE#         510
  C:82BCH         LINE#         511
  C:82C3H         LINE#         512
  -------         ENDPROC       _PCT_WINATTRCLEAR
  -------         ENDMOD        TW28XX_VIDEO

  -------         MODULE        TW2835_INIT
  C:0000H         SYMBOL        _ICE_DUMMY_
  D:0090H         PUBLIC        P1
  D:00B0H         PUBLIC        P3
  D:00A8H         PUBLIC        IE
  C:44D1H         PUBLIC        TW2835_Page0
  C:46D1H         PUBLIC        TW2835_Page1
  C:8097H         PUBLIC        PCT_InitialTW2835
  D:00B8H         PUBLIC        IP
  C:878AH         PUBLIC        PCT_TW2835ResetN
  D:00D8H         PUBLIC        CCON
  D:00C0H         PUBLIC        WDTC
  D:0098H         PUBLIC        SCON
  D:0088H         PUBLIC        TCON
  C:7A36H         PUBLIC        _PCT_ChangeSystemType
  D:00E8H         PUBLIC        IEA
BL51 BANKED LINKER/LOCATER V6.22                                                      03/13/2018  14:23:19  PAGE 71


  D:00F8H         PUBLIC        IPA
  D:00C8H         PUBLIC        T2CON
  B:00B0H.4       PUBLIC        RSTn
  C:796FH         PUBLIC        PCT_TW2835_Initial
  D:00D0H         PUBLIC        PSW
  C:86DDH         SYMBOL        Com000C
  C:86DDH         SYMBOL        L?0013
  C:86E6H         SYMBOL        L?0014
  -------         PROC          COM000C
  -------         ENDPROC       COM000C
  -------         PROC          PCT_INITIALTW2835
  C:8097H         LINE#         72
  C:8097H         LINE#         73
  C:8097H         LINE#         74
  C:809AH         LINE#         75
  C:809EH         LINE#         78
  C:80A3H         LINE#         79
  C:80ABH         LINE#         80
  C:80BAH         LINE#         81
  C:80C3H         LINE#         82
  C:80C5H         LINE#         83
  C:80C5H         LINE#         84
  C:80CCH         LINE#         85
  C:80CEH         LINE#         86
  C:80D3H         LINE#         88
  C:80D6H         LINE#         89
  -------         ENDPROC       PCT_INITIALTW2835
  -------         PROC          PCT_TW2835RESETN
  -------         DO            
  D:0006H         SYMBOL        _delay
  -------         ENDDO         
  C:878AH         LINE#         96
  C:878AH         LINE#         97
  C:878AH         LINE#         112
  C:878CH         LINE#         113
  C:879AH         LINE#         114
  C:879CH         LINE#         116
  -------         ENDPROC       PCT_TW2835RESETN
  C:79C8H         SYMBOL        L?0015
  -------         PROC          PCT_TW2835_INITIAL
  -------         DO            
  X:00A7H         SYMBOL        offset
  -------         ENDDO         
  C:796FH         LINE#         122
  C:796FH         LINE#         123
  C:796FH         LINE#         126
  C:797AH         LINE#         127
  C:7985H         LINE#         128
  C:7997H         LINE#         130
  C:79AEH         LINE#         132
  C:79C8H         LINE#         133
  -------         ENDPROC       PCT_TW2835_INITIAL
  C:7A8DH         SYMBOL        L?0016
  -------         PROC          _PCT_CHANGESYSTEMTYPE
  D:0007H         SYMBOL        _sys
  -------         DO            
  X:00A1H         SYMBOL        offset
BL51 BANKED LINKER/LOCATER V6.22                                                      03/13/2018  14:23:19  PAGE 72


  -------         ENDDO         
  C:7A36H         LINE#         139
  C:7A36H         LINE#         140
  C:7A36H         LINE#         143
  C:7A3FH         LINE#         144
  C:7A4AH         LINE#         146
  C:7A5DH         LINE#         148
  C:7A73H         LINE#         149
  C:7A8DH         LINE#         150
  -------         ENDPROC       _PCT_CHANGESYSTEMTYPE
  -------         ENDMOD        TW2835_INIT

  -------         MODULE        ?C?CLDPTR
  C:40CBH         PUBLIC        ?C?CLDPTR
  -------         ENDMOD        ?C?CLDPTR

  -------         MODULE        ?C?CLDOPTR
  C:40E4H         PUBLIC        ?C?CLDOPTR
  -------         ENDMOD        ?C?CLDOPTR

  -------         MODULE        ?C?CSTPTR
  C:4111H         PUBLIC        ?C?CSTPTR
  -------         ENDMOD        ?C?CSTPTR

  -------         MODULE        ?C?IMUL
  C:4123H         PUBLIC        ?C?IMUL
  -------         ENDMOD        ?C?IMUL

  -------         MODULE        ?C?ILDPTR
  C:4135H         PUBLIC        ?C?ILDPTR
  -------         ENDMOD        ?C?ILDPTR

  -------         MODULE        ?C?IILDOPTR
  C:4160H         PUBLIC        ?C?IILDOPTR
  -------         ENDMOD        ?C?IILDOPTR

  -------         MODULE        ?C?ULCMP
  C:41ADH         PUBLIC        ?C?ULCMP
  -------         ENDMOD        ?C?ULCMP

  -------         MODULE        ?C?PLDPTR
  C:41BEH         PUBLIC        ?C?PLDPTR
  -------         ENDMOD        ?C?PLDPTR

  -------         MODULE        ?C?PSTPTR
  C:41DEH         PUBLIC        ?C?PSTPTR
  -------         ENDMOD        ?C?PSTPTR

  -------         MODULE        ?C?CCASE
  C:422DH         PUBLIC        ?C?CCASE
  -------         ENDMOD        ?C?CCASE

  -------         MODULE        PRINTF
  X:00A7H         PUBLIC        ?_PRINTF517?BYTE
  X:00A7H         PUBLIC        ?_PRINTF?BYTE
  X:00A7H         PUBLIC        ?_SPRINTF517?BYTE
  X:00A7H         PUBLIC        ?_SPRINTF?BYTE
BL51 BANKED LINKER/LOCATER V6.22                                                      03/13/2018  14:23:19  PAGE 73


  C:5010H         PUBLIC        _PRINTF
  C:5010H         PUBLIC        _PRINTF517
  C:500AH         PUBLIC        _SPRINTF
  C:500AH         PUBLIC        _SPRINTF517
  -------         ENDMOD        PRINTF

  -------         MODULE        PUTS
  C:8519H         PUBLIC        _PUTS
  -------         ENDMOD        PUTS

  -------         MODULE        SCANF
  X:00ADH         PUBLIC        ?_SCANF517?BYTE
  X:00ADH         PUBLIC        ?_SCANF?BYTE
  X:00ADH         PUBLIC        ?_SSCANF517?BYTE
  X:00ADH         PUBLIC        ?_SSCANF?BYTE
  C:538BH         PUBLIC        _SCANF
  C:538BH         PUBLIC        _SCANF517
  C:5387H         PUBLIC        _SSCANF
  C:5387H         PUBLIC        _SSCANF517
  -------         ENDMOD        SCANF

  -------         MODULE        ?C?STRCMP
  C:43D1H         PUBLIC        ?C?STRCMP
  -------         ENDMOD        ?C?STRCMP

  -------         MODULE        STRLEN
  C:000EH         PUBLIC        _STRLEN
  -------         ENDMOD        STRLEN

  -------         MODULE        ATOI
  C:74BDH         PUBLIC        _atoi
  -------         ENDMOD        ATOI

  -------         MODULE        ?C?IILDX
  C:43EEH         PUBLIC        ?C?IILDX
  -------         ENDMOD        ?C?IILDX

  -------         MODULE        ?C?ISTPTR
  C:4404H         PUBLIC        ?C?ISTPTR
  -------         ENDMOD        ?C?ISTPTR

  -------         MODULE        ?C?LNEG
  C:4423H         PUBLIC        ?C?LNEG
  -------         ENDMOD        ?C?LNEG

  -------         MODULE        ?C?LSTPTR
  C:4431H         PUBLIC        ?C?LSTPTR
  -------         ENDMOD        ?C?LSTPTR

  -------         MODULE        ?C?PLDIDATA
  C:444BH         PUBLIC        ?C?PLDIDATA
  -------         ENDMOD        ?C?PLDIDATA

  -------         MODULE        ?C?PSTIDATA
  C:4454H         PUBLIC        ?C?PSTIDATA
  -------         ENDMOD        ?C?PSTIDATA

BL51 BANKED LINKER/LOCATER V6.22                                                      03/13/2018  14:23:19  PAGE 74


  -------         MODULE        ?C?PLDXDATA
  C:445DH         PUBLIC        ?C?PLDXDATA
  -------         ENDMOD        ?C?PLDXDATA

  -------         MODULE        ?C?PSTXDATA
  C:4466H         PUBLIC        ?C?PSTXDATA
  -------         ENDMOD        ?C?PSTXDATA

  -------         MODULE        ?C?PLDPDATA
  C:446FH         PUBLIC        ?C?PLDPDATA
  -------         ENDMOD        ?C?PLDPDATA

  -------         MODULE        ?C?PLDIPDATA
  C:4478H         PUBLIC        ?C?PLDIPDATA
  -------         ENDMOD        ?C?PLDIPDATA

  -------         MODULE        ?C?PILDPDATA
  C:4488H         PUBLIC        ?C?PILDPDATA
  -------         ENDMOD        ?C?PILDPDATA

  -------         MODULE        ?C?PSTPDATA
  C:4498H         PUBLIC        ?C?PSTPDATA
  -------         ENDMOD        ?C?PSTPDATA

  -------         MODULE        ?C?PLDCODE
  C:44A1H         PUBLIC        ?C?PLDCODE
  -------         ENDMOD        ?C?PLDCODE

  -------         MODULE        PUTCHAR
  C:85E2H         PUBLIC        _PUTCHAR
  -------         ENDMOD        PUTCHAR

  -------         MODULE        GETCHAR
  B:0024H.2       PUBLIC        ?C?CHARLOADED
  X:009DH         PUBLIC        ?_UNGETCHAR?BYTE
  C:879DH         PUBLIC        GETCHAR
  -------         ENDMOD        GETCHAR

  -------         MODULE        UNGETC
  C:8844H         PUBLIC        _UNGETCHAR
  -------         ENDMOD        UNGETC

  -------         MODULE        ISDIGIT
  C:87FFH         PUBLIC        _isdigit
  -------         ENDMOD        ISDIGIT

  -------         MODULE        ISSPACE
  C:8776H         PUBLIC        _isspace
  -------         ENDMOD        ISSPACE

  -------         MODULE        ?C?LSTIDATA
  C:44ADH         PUBLIC        ?C?LSTIDATA
  -------         ENDMOD        ?C?LSTIDATA

  -------         MODULE        ?C?LSTXDATA
  C:44B9H         PUBLIC        ?C?LSTXDATA
  -------         ENDMOD        ?C?LSTXDATA
BL51 BANKED LINKER/LOCATER V6.22                                                      03/13/2018  14:23:19  PAGE 75



  -------         MODULE        ?C?LSTPDATA
  C:44C5H         PUBLIC        ?C?LSTPDATA
  -------         ENDMOD        ?C?LSTPDATA

  -------         MODULE        _GETKEY
  C:8819H         PUBLIC        _GETKEY
  -------         ENDMOD        _GETKEY

*** WARNING L16: UNCALLED SEGMENT, IGNORED FOR OVERLAY PROCESS
    SEGMENT: ?PR?_PCT_SHOWSPEAKICON?OSDACTION

Program Size: data=46.3 xdata=220 code=34908
LINK/LOCATE RUN COMPLETE.  1 WARNING(S),  0 ERROR(S)
