BL51 BANKED LINKER/LOCATER V6.22.2.0                                                    07/14/2021  16:13:00  PAGE 1


BL51 BANKED LINKER/LOCATER V6.22.2.0, INVOKED BY:
C:\KEIL_V5\C51\BIN\BL51.EXE .\OBJ\STARTUP.obj, .\OBJ\UART.obj, .\OBJ\BusCtrl.obj, .\OBJ\CommandShell.obj, .\OBJ\Main.obj
>> , .\OBJ\OSD_Graph.obj, .\OBJ\OSDAction.obj, .\OBJ\OSDCtrl.obj, .\OBJ\Timer.obj, .\OBJ\TW28xx_Audio.obj, .\OBJ\TW28xx_
>> Video.obj, .\OBJ\TW2835_Init.obj TO .\OBJ\TW2835 PRINT (.\OBJ\TW2835.m51) RAMSIZE (256)


MEMORY MODEL: COMPACT


INPUT MODULES INCLUDED:
  .\OBJ\STARTUP.obj (?C_STARTUP)
  .\OBJ\UART.obj (UART)
  .\OBJ\BusCtrl.obj (BUSCTRL)
  .\OBJ\CommandShell.obj (COMMANDSHELL)
  .\OBJ\Main.obj (MAIN)
  .\OBJ\OSD_Graph.obj (OSD_GRAPH)
  .\OBJ\OSDAction.obj (OSDACTION)
  .\OBJ\OSDCtrl.obj (OSDCTRL)
  .\OBJ\Timer.obj (TIMER)
  .\OBJ\TW28xx_Audio.obj (TW28XX_AUDIO)
  .\OBJ\TW28xx_Video.obj (TW28XX_VIDEO)
  .\OBJ\TW2835_Init.obj (TW2835_INIT)
  C:\KEIL_V5\C51\LIB\C51C.LIB (?C_INIT)
  C:\KEIL_V5\C51\LIB\C51C.LIB (?C?CLDPTR)
  C:\KEIL_V5\C51\LIB\C51C.LIB (?C?CLDOPTR)
  C:\KEIL_V5\C51\LIB\C51C.LIB (?C?CSTPTR)
  C:\KEIL_V5\C51\LIB\C51C.LIB (?C?IMUL)
  C:\KEIL_V5\C51\LIB\C51C.LIB (?C?ILDPTR)
  C:\KEIL_V5\C51\LIB\C51C.LIB (?C?IILDOPTR)
  C:\KEIL_V5\C51\LIB\C51C.LIB (?C?ULCMP)
  C:\KEIL_V5\C51\LIB\C51C.LIB (?C?PLDPTR)
  C:\KEIL_V5\C51\LIB\C51C.LIB (?C?PSTPTR)
  C:\KEIL_V5\C51\LIB\C51C.LIB (?C?CCASE)
  C:\KEIL_V5\C51\LIB\C51C.LIB (PRINTF)
  C:\KEIL_V5\C51\LIB\C51C.LIB (PUTS)
  C:\KEIL_V5\C51\LIB\C51C.LIB (SCANF)
  C:\KEIL_V5\C51\LIB\C51C.LIB (?C?STRCMP)
  C:\KEIL_V5\C51\LIB\C51C.LIB (STRLEN)
  C:\KEIL_V5\C51\LIB\C51C.LIB (ATOI)
  C:\KEIL_V5\C51\LIB\C51C.LIB (?C?IILDX)
  C:\KEIL_V5\C51\LIB\C51C.LIB (?C?ISTPTR)
  C:\KEIL_V5\C51\LIB\C51C.LIB (?C?LNEG)
  C:\KEIL_V5\C51\LIB\C51C.LIB (?C?LSTPTR)
  C:\KEIL_V5\C51\LIB\C51C.LIB (?C?PLDIDATA)
  C:\KEIL_V5\C51\LIB\C51C.LIB (?C?PSTIDATA)
  C:\KEIL_V5\C51\LIB\C51C.LIB (?C?PLDXDATA)
  C:\KEIL_V5\C51\LIB\C51C.LIB (?C?PSTXDATA)
  C:\KEIL_V5\C51\LIB\C51C.LIB (?C?PLDPDATA)
  C:\KEIL_V5\C51\LIB\C51C.LIB (?C?PLDIPDATA)
  C:\KEIL_V5\C51\LIB\C51C.LIB (?C?PILDPDATA)
  C:\KEIL_V5\C51\LIB\C51C.LIB (?C?PSTPDATA)
  C:\KEIL_V5\C51\LIB\C51C.LIB (?C?PLDCODE)
  C:\KEIL_V5\C51\LIB\C51C.LIB (PUTCHAR)
  C:\KEIL_V5\C51\LIB\C51C.LIB (GETCHAR)
  C:\KEIL_V5\C51\LIB\C51C.LIB (UNGETC)
  C:\KEIL_V5\C51\LIB\C51C.LIB (ISDIGIT)
  C:\KEIL_V5\C51\LIB\C51C.LIB (ISSPACE)
  C:\KEIL_V5\C51\LIB\C51C.LIB (?C?LSTIDATA)
BL51 BANKED LINKER/LOCATER V6.22.2.0                                                  07/14/2021  16:13:00  PAGE 2


  C:\KEIL_V5\C51\LIB\C51C.LIB (?C?LSTXDATA)
  C:\KEIL_V5\C51\LIB\C51C.LIB (?C?LSTPDATA)
  C:\KEIL_V5\C51\LIB\C51C.LIB (_GETKEY)


LINK MAP OF MODULE:  .\OBJ\TW2835 (?C_STARTUP)


            TYPE    BASE      LENGTH    RELOCATION   SEGMENT NAME
            -----------------------------------------------------

            * * * * * * *   D A T A   M E M O R Y   * * * * * * *
            REG     0000H     0008H     ABSOLUTE     "REG BANK 0"
            REG     0008H     0008H     ABSOLUTE     "REG BANK 1"
            DATA    0010H     0006H     UNIT         ?DT?TIMER
            DATA    0016H     0002H     UNIT         ?DT?OSDCTRL
                    0018H     0008H                  *** GAP ***
            DATA    0020H     0001H     BIT_ADDR     ?BA?MAIN
            DATA    0021H     0001H     BIT_ADDR     ?BA?OSDACTION
            DATA    0022H     0001H     BIT_ADDR     ?BA?OSDCTRL
            BIT     0023H.0   0001H.1   UNIT         _BIT_GROUP_
            BIT     0024H.1   0000H.1   UNIT         ?BI?MAIN
            BIT     0024H.2   0000H.1   UNIT         ?BI?GETCHAR
                    0024H.3   0000H.5                *** GAP ***
            DATA    0025H     0011H     UNIT         _DATA_GROUP_
            IDATA   0036H     0001H     UNIT         ?STACK

            * * * * * * *  X D A T A   M E M O R Y  * * * * * * *
            XDATA   0000H     0052H     INPAGE       ?PD?UART
            XDATA   0052H     0019H     INPAGE       ?PD?COMMANDSHELL
            XDATA   006BH     002DH     INPAGE       ?PD?MAIN
            XDATA   0098H     0001H     INPAGE       ?PD?OSD_GRAPH
            XDATA   0099H     0001H     INPAGE       ?PD?OSDACTION
            XDATA   009AH     0001H     INPAGE       ?PD?TW2835_INIT
            XDATA   009BH     0001H     INPAGE       ?PD?GETCHAR
            XDATA   009CH     003EH     INPAGE       _PDATA_GROUP_
            XDATA   00DAH     0001H     UNIT         ?XD?COMMANDSHELL

            * * * * * * *   C O D E   M E M O R Y   * * * * * * *
            CODE    0000H     0003H     ABSOLUTE     
            CODE    0003H     0008H     UNIT         ?PR?_RS_TX?UART
            CODE    000BH     0003H     ABSOLUTE     
            CODE    000EH     0015H     UNIT         ?PR?_STRLEN?STRLEN
            CODE    0023H     0003H     ABSOLUTE     
            CODE    0026H     24E6H     UNIT         ?CO?OSD_GRAPH
            CODE    250CH     0EA0H     UNIT         ?CO?OSDCTRL
            CODE    33ACH     0910H     UNIT         ?CO?TW2835_INIT
            CODE    3CBCH     0565H     UNIT         ?PR?PCT_SHOWVLOSS?OSDACTION
            CODE    4221H     04C2H     UNIT         ?PR?_PCT_SHOWMIRRORICON?OSDACTION
            CODE    46E3H     04ADH     UNIT         ?PR?_PCT_SHOWSPEAKICON?OSDACTION
            CODE    4B90H     0463H     UNIT         ?CO?TW28XX_VIDEO
            CODE    4FF3H     0406H     UNIT         ?C?LIB_CODE
            CODE    53F9H     03D0H     UNIT         ?PR?_PCT_SETVIDEOHDELAY?TW28XX_VIDEO
            CODE    57C9H     03C8H     UNIT         ?PR?_PCT_OSD_ACTIONPTHX?OSDACTION
            CODE    5B91H     035BH     UNIT         ?PR?PRINTF?PRINTF
            CODE    5EECH     0316H     UNIT         ?PR?SCANF?SCANF
            CODE    6202H     02DFH     UNIT         ?CO?COMMANDSHELL
BL51 BANKED LINKER/LOCATER V6.22.2.0                                                  07/14/2021  16:13:00  PAGE 3


            CODE    64E1H     0296H     UNIT         ?PR?_PCT_RUNCOMMSHELL?COMMANDSHELL
            CODE    6777H     027EH     UNIT         ?PR?_PCT_SHOWINDICATEICON?OSDACTION
            CODE    69F5H     0210H     UNIT         ?PR?_MONIVIDEOMIXATTR?COMMANDSHELL
            CODE    6C05H     020BH     UNIT         ?PR?COMMANDSHELL
            CODE    6E10H     01DDH     UNIT         ?PR?PCT_TW2835_INITIAL?TW2835_INIT
            CODE    6FEDH     01BCH     UNIT         ?PR?_PCT_OSD16X16GRAPHX?OSD_GRAPH
            CODE    71A9H     01B8H     UNIT         ?PR?PCT_AUDIOREGLIST?TW28XX_AUDIO
            CODE    7361H     0195H     UNIT         ?PR?_PCT_SETXVIDEOMIXING?TW28XX_VIDEO
            CODE    74F6H     018EH     UNIT         ?PR?_PCT_RECOMPENSEYHDELAY?TW28XX_VIDEO
            CODE    7684H     018AH     UNIT         ?PR?_MONIAUDIOMIXING?COMMANDSHELL
            CODE    780EH     0169H     UNIT         ?PR?_PCT_WRITEOSDDATABUFFERX?OSDCTRL
            CODE    7977H     0165H     UNIT         ?PR?OSDCTRL
            CODE    7ADCH     013DH     UNIT         ?PR?_MONIAUDIOGAIN?COMMANDSHELL
            CODE    7C19H     013CH     UNIT         ?PR?_MONIHSCOMM?COMMANDSHELL
            CODE    7D55H     0131H     UNIT         ?PR?TW28XX_VIDEO
            CODE    7E86H     012FH     UNIT         ?PR?PCT_INITOSDCOLOR?OSDCTRL
            CODE    7FB5H     011DH     UNIT         ?PR?_PCT_WRITEOSDDATABUFFERY?OSDCTRL
            CODE    80D2H     0117H     UNIT         ?PR?_MONISETVIDEOFORMAT?COMMANDSHELL
            CODE    81E9H     00FFH     UNIT         ?PR?_PCT_WRITEOSDFNTX?OSDCTRL
            CODE    82E8H     00FAH     UNIT         ?PR?OSDACTION
            CODE    83E2H     00EAH     UNIT         ?PR?_PCT_WRITEOSDFNTY?OSDCTRL
            CODE    84CCH     00D0H     UNIT         ?PR?_ATOI?ATOI
            CODE    859CH     00ADH     UNIT         ?PR?_PCT_CLEARWORDSPATHX?OSDCTRL
            CODE    8649H     009EH     UNIT         ?PR?_PCT_FULLCOLORONOSD?OSDCTRL
            CODE    86E7H     0097H     UNIT         ?PR?_PCT_SETCHANELSCALE?TW28XX_VIDEO
            CODE    877EH     0097H     UNIT         ?PR?_PCT_CHANGESYSTEMTYPE?TW2835_INIT
            CODE    8815H     0090H     UNIT         ?PR?_PCT_DETECTVIDEOFORMAT?TW28XX_VIDEO
            CODE    88A5H     008CH     UNIT         ?C_C51STARTUP
            CODE    8931H     007CH     UNIT         ?PR?_PCT_WRITEASICTABLE?BUSCTRL
            CODE    89ADH     0077H     UNIT         ?PR?MAIN?MAIN
            CODE    8A24H     006BH     UNIT         ?PR?PCT_CHECKSYSTEM?COMMANDSHELL
            CODE    8A8FH     0068H     UNIT         ?PR?_PCT_GETFIRSTSTR?COMMANDSHELL
            CODE    8AF7H     0065H     UNIT         ?PR?_PCT_READASICBYTE?BUSCTRL
            CODE    8B5CH     0064H     UNIT         ?PR?_PCT_WRITEASICBYTE?BUSCTRL
            CODE    8BC0H     0061H     UNIT         ?PR?_PCT_AUDIOMIXCTRL?TW28XX_AUDIO
            CODE    8C21H     0061H     UNIT         ?PR?PCT_INITIALTW2835?TW2835_INIT
            CODE    8C82H     0060H     UNIT         ?PR?_PCT_SHOWOSDSTRING?OSDCTRL
            CODE    8CE2H     005DH     UNIT         ?PR?_MONISHOWSODSTR?COMMANDSHELL
            CODE    8D3FH     005BH     UNIT         ?PR?_PCT_SHOWGRAPHSTRING?OSD_GRAPH
            CODE    8D9AH     005BH     UNIT         ?PR?_PCT_AUDIOGAINCTRL?TW28XX_AUDIO
            CODE    8DF5H     0057H     UNIT         ?PR?_PCT_WRITESTABLE?BUSCTRL
            CODE    8E4CH     0056H     UNIT         ?PR?_MONIVIDEOMIXWIN?COMMANDSHELL
            CODE    8EA2H     0054H     UNIT         ?PR?TIMER0_INTERRUPT?TIMER
            CODE    8EF6H     0053H     UNIT         ?PR?_PCT_SETOSDCOLOR?OSDCTRL
            CODE    8F49H     0052H     UNIT         ?PR?COMMANDSHELL?MAIN
            CODE    8F9BH     0052H     UNIT         ?PR?OSD_GRAPH
            CODE    8FEDH     0050H     UNIT         ?PR?PCT_INITIALOSD?OSDACTION
            CODE    903DH     004FH     UNIT         ?PR?MONIREGISTERDUMP?COMMANDSHELL
            CODE    908CH     004CH     UNIT         ?PR?_MONIWRITEASICBYTE?COMMANDSHELL
            CODE    90D8H     0047H     UNIT         ?PR?_MONIREADASICBYTE?COMMANDSHELL
            CODE    911FH     0046H     UNIT         ?PR?_WAIT_MS?MAIN
            CODE    9165H     0046H     UNIT         ?PR?PCT_SHOWMODEICON?OSDACTION
            CODE    91ABH     0043H     UNIT         ?PR?_MONIREADPAGEBUFFER?COMMANDSHELL
            CODE    91EEH     0043H     UNIT         ?PR?MONIHSCOMMVERSION?COMMANDSHELL
            CODE    9231H     0041H     UNIT         ?PR?_PCT_CHECKVMIXTYPE?COMMANDSHELL
            CODE    9272H     0041H     UNIT         ?PR?PCT_AUDIOACTIONFORHS?COMMANDSHELL
            CODE    92B3H     0041H     UNIT         ?PR?TW28XX_AUDIO
BL51 BANKED LINKER/LOCATER V6.22.2.0                                                  07/14/2021  16:13:00  PAGE 4


            CODE    92F4H     0040H     UNIT         ?CO?TW28XX_AUDIO
            CODE    9334H     003EH     UNIT         ?PR?_PCT_STRTOCOMMCODE?COMMANDSHELL
            CODE    9372H     003CH     UNIT         ?PR?_PCT_WINATTRCLEAR?TW28XX_VIDEO
            CODE    93AEH     0038H     UNIT         ?PR?PCT_GETVIDEOSIGNALSTATUS?OSDACTION
            CODE    93E6H     0038H     UNIT         ?PR?_PCT_WINATTRCTRLY?TW28XX_VIDEO
            CODE    941EH     0036H     UNIT         ?PR?_PUTSP?MAIN
            CODE    9454H     0035H     UNIT         ?PR?_PCT_ENSHOWOSDPAGE?OSDCTRL
            CODE    9489H     0034H     UNIT         ?PR?_PCT_AUDIOMIXMUTE?TW28XX_AUDIO
            CODE    94BDH     0033H     UNIT         ?PR?_MONIREADONEBUFFER?COMMANDSHELL
            CODE    94F0H     0033H     UNIT         ?PR?_MONIWRITEONEBUFFER?COMMANDSHELL
            CODE    9523H     0033H     UNIT         ?PR?MONIVIDEOAUTODETECT?COMMANDSHELL
            CODE    9556H     0031H     UNIT         ?PR?_PCT_WINATTRCTRL?TW28XX_VIDEO
            CODE    9587H     002EH     UNIT         ?PR?_CHKSTARTCOMMSHELL?MAIN
            CODE    95B5H     002EH     UNIT         ?PR?TW2835_INIT
            CODE    95E3H     002AH     UNIT         ?PR?_PUTS?PUTS
            CODE    960DH     0029H     UNIT         ?PR?_PCT_AUDIOSELLIVE?TW28XX_AUDIO
            CODE    9636H     0028H     UNIT         ?PR?PCT_OSDACTIONFORHS?OSDACTION
            CODE    965EH     0028H     UNIT         ?PR?_PCT_SETVIDEOFORMAT?TW28XX_VIDEO
            CODE    9686H     0027H     UNIT         ?PR?PUTCHAR?PUTCHAR
            CODE    96ADH     0026H     UNIT         ?PR?INITIALTIMER0?TIMER
            CODE    96D3H     0025H     UNIT         ?PR?_PCT_PAGECHANGE?BUSCTRL
            CODE    96F8H     0025H     UNIT         ?CO?OSDACTION
            CODE    971DH     0023H     UNIT         ?PR?RS_INTERRUPT?UART
            CODE    9740H     0023H     UNIT         ?PR?BUSCTRL
            CODE    9763H     0023H     UNIT         ?PR?INITIALMPU?MAIN
            CODE    9786H     001DH     UNIT         ?PR?_PCT_SETOSDDRAWPAGE?OSDCTRL
            CODE    97A3H     001CH     UNIT         ?PR?_PCT_DISSHOWOSDPAGE?OSDCTRL
            CODE    97BFH     0019H     UNIT         ?PR?_PCT_CLEAROSDPAGEX?OSDCTRL
            CODE    97D8H     0019H     UNIT         ?PR?PCT_TW2837IDCHECK?TW2835_INIT
            CODE    97F1H     0017H     UNIT         ?CO?MAIN
            CODE    9808H     0016H     UNIT         ?PR?RS_RX?UART
            CODE    981EH     0016H     UNIT         ?PR?_MONIHSCOMMSJMODE?COMMANDSHELL
            CODE    9834H     0016H     UNIT         ?PR?RESETCOMMSELL?MAIN
            CODE    984AH     0014H     UNIT         ?PR?_MONIAUDIOLIVE?COMMANDSHELL
            CODE    985EH     0014H     UNIT         ?PR?_PCT_SETYVIDEOMIXING?TW28XX_VIDEO
            CODE    9872H     0014H     UNIT         ?PR?_ISSPACE?ISSPACE
            CODE    9886H     0013H     UNIT         ?PR?PCT_TW2835RESETN?TW2835_INIT
            CODE    9899H     0013H     UNIT         ?PR?GETCHAR?GETCHAR
            CODE    98ACH     0012H     UNIT         ?PR?_MONIYVIDEOMIX?COMMANDSHELL
            CODE    98BEH     0010H     UNIT         ?PR?INITIALUART?UART
            CODE    98CEH     000FH     UNIT         ?PR?RS_RXREADY?UART
            CODE    98DDH     000FH     UNIT         ?PR?PCT_SENDACK?COMMANDSHELL
            CODE    98ECH     000FH     UNIT         ?PR?MONIAUDIOMUTE?COMMANDSHELL
            CODE    98FBH     000FH     UNIT         ?PR?_ISDIGIT?ISDIGIT
            CODE    990AH     000CH     UNIT         ?PR?UART
            CODE    9916H     000BH     UNIT         ?C_INITSEG
            CODE    9921H     000BH     UNIT         ?PR?INITIALCOMMSHELL?MAIN
            CODE    992CH     000AH     UNIT         ?PR?_GETKEY?_GETKEY
            CODE    9936H     0009H     UNIT         ?PR?NEWLINE?MAIN
            CODE    993FH     0009H     UNIT         ?PR?_PCT_FLASHOSDCTRL?MAIN
            CODE    9948H     0007H     UNIT         ?PR?PCT_ENFALSHVLOSS?OSDACTION
            CODE    994FH     0007H     UNIT         ?PR?GETCHAR?UNGETCHAR
            CODE    9956H     0005H     UNIT         ?PR?MONIHSCOMMDISSCROLL?COMMANDSHELL
            CODE    995BH     0005H     UNIT         ?PR?PCT_CLEARGRAPHATTR?OSD_GRAPH
            CODE    9960H     0003H     UNIT         ?PR?_PCT_PRESETFOREGROUNDCOLOR?OSDCTRL
            CODE    9963H     0003H     UNIT         ?PR?_PCT_PRESETBACKGROUNDCOLOR?OSDCTRL
            CODE    9966H     0001H     UNIT         ?PR?PTC_SWITCHTOI2CMODE?BUSCTRL
BL51 BANKED LINKER/LOCATER V6.22.2.0                                                  07/14/2021  16:13:00  PAGE 5





OVERLAY MAP OF MODULE:   .\OBJ\TW2835 (?C_STARTUP)


SEGMENT                                            BIT_GROUP          DATA_GROUP          PDATA_GROUP
  +--> CALLED SEGMENT                           START    LENGTH     START    LENGTH     START    LENGTH
-------------------------------------------------------------------------------------------------------
?C_C51STARTUP                                   -----    -----      -----    -----      -----    -----
  +--> ?PR?MAIN?MAIN
  +--> ?C_INITSEG

?PR?MAIN?MAIN                                   -----    -----      -----    -----      009CH    0003H
  +--> ?PR?INITIALMPU?MAIN
  +--> ?PR?INITIALCOMMSHELL?MAIN
  +--> ?PR?PTC_SWITCHTOI2CMODE?BUSCTRL
  +--> ?PR?PCT_INITIALTW2835?TW2835_INIT
  +--> ?PR?RESETCOMMSELL?MAIN
  +--> ?PR?COMMANDSHELL?MAIN
  +--> ?PR?_PCT_RUNCOMMSHELL?COMMANDSHELL
  +--> ?PR?PCT_CHECKSYSTEM?COMMANDSHELL
  +--> ?PR?RS_RXREADY?UART
  +--> ?PR?PCT_GETVIDEOSIGNALSTATUS?OSDACTION

?PR?INITIALMPU?MAIN                             -----    -----      -----    -----      -----    -----
  +--> ?PR?INITIALUART?UART
  +--> ?PR?INITIALTIMER0?TIMER

?PR?PCT_INITIALTW2835?TW2835_INIT               -----    -----      -----    -----      -----    -----
  +--> ?PR?PCT_TW2835RESETN?TW2835_INIT
  +--> ?PR?PCT_TW2837IDCHECK?TW2835_INIT
  +--> ?PR?_WAIT_MS?MAIN
  +--> ?PR?_PCT_DETECTVIDEOFORMAT?TW28XX_VIDEO
  +--> ?PR?PCT_TW2835_INITIAL?TW2835_INIT
  +--> ?PR?PCT_INITIALOSD?OSDACTION
  +--> ?PR?_PCT_READASICBYTE?BUSCTRL

?PR?PCT_TW2837IDCHECK?TW2835_INIT               -----    -----      -----    -----      -----    -----
  +--> ?PR?_PCT_READASICBYTE?BUSCTRL

?PR?_PCT_READASICBYTE?BUSCTRL                   -----    -----      -----    -----      -----    -----
  +--> ?PR?BUSCTRL
  +--> ?PR?_PCT_PAGECHANGE?BUSCTRL

?PR?_PCT_PAGECHANGE?BUSCTRL                     -----    -----      -----    -----      00D9H    0001H
  +--> ?PR?BUSCTRL

?PR?_WAIT_MS?MAIN                               -----    -----      -----    -----      00A5H    0004H

?PR?_PCT_DETECTVIDEOFORMAT?TW28XX_VIDEO         -----    -----      -----    -----      00A5H    0002H
  +--> ?PR?_PCT_READASICBYTE?BUSCTRL

?PR?PCT_TW2835_INITIAL?TW2835_INIT              -----    -----      -----    -----      00A5H    0002H
  +--> ?PR?TW2835_INIT
  +--> ?CO?TW2835_INIT
  +--> ?PR?_PCT_WRITEASICTABLE?BUSCTRL
BL51 BANKED LINKER/LOCATER V6.22.2.0                                                  07/14/2021  16:13:00  PAGE 6


  +--> ?PR?_PCT_WRITEASICBYTE?BUSCTRL

?PR?TW2835_INIT                                 -----    -----      -----    -----      -----    -----
  +--> ?CO?TW2835_INIT

?PR?_PCT_WRITEASICTABLE?BUSCTRL                 -----    -----      -----    -----      00A7H    0007H
  +--> ?PR?BUSCTRL
  +--> ?PR?_PCT_PAGECHANGE?BUSCTRL

?PR?_PCT_WRITEASICBYTE?BUSCTRL                  -----    -----      -----    -----      00D5H    0004H
  +--> ?PR?BUSCTRL
  +--> ?PR?_PCT_PAGECHANGE?BUSCTRL

?PR?PCT_INITIALOSD?OSDACTION                    -----    -----      0027H    0001H      -----    -----
  +--> ?PR?PCT_INITOSDCOLOR?OSDCTRL
  +--> ?PR?PCT_CLEARGRAPHATTR?OSD_GRAPH
  +--> ?PR?_PCT_PRESETFOREGROUNDCOLOR?OSDCTRL
  +--> ?PR?_PCT_PRESETBACKGROUNDCOLOR?OSDCTRL
  +--> ?PR?_PCT_ENSHOWOSDPAGE?OSDCTRL
  +--> ?PR?_PCT_SETOSDDRAWPAGE?OSDCTRL
  +--> ?PR?_PCT_FULLCOLORONOSD?OSDCTRL

?PR?PCT_INITOSDCOLOR?OSDCTRL                    -----    -----      -----    -----      -----    -----
  +--> ?PR?_PCT_WRITEASICBYTE?BUSCTRL
  +--> ?PR?OSDCTRL
  +--> ?PR?_PCT_SETOSDCOLOR?OSDCTRL

?PR?OSDCTRL                                     -----    -----      -----    -----      -----    -----
  +--> ?CO?OSDCTRL

?PR?_PCT_SETOSDCOLOR?OSDCTRL                    -----    -----      -----    -----      00A5H    0005H
  +--> ?PR?_PCT_WRITEASICBYTE?BUSCTRL

?PR?_PCT_ENSHOWOSDPAGE?OSDCTRL                  -----    -----      -----    -----      00ABH    0001H
  +--> ?PR?OSDCTRL
  +--> ?PR?_PCT_WRITEASICBYTE?BUSCTRL
  +--> ?PR?_PCT_READASICBYTE?BUSCTRL

?PR?_PCT_SETOSDDRAWPAGE?OSDCTRL                 -----    -----      -----    -----      00ABH    0001H
  +--> ?PR?OSDCTRL
  +--> ?PR?_PCT_READASICBYTE?BUSCTRL
  +--> ?PR?_PCT_WRITEASICBYTE?BUSCTRL

?PR?_PCT_FULLCOLORONOSD?OSDCTRL                 -----    -----      -----    -----      00A5H    0006H
  +--> ?PR?OSDCTRL
  +--> ?PR?_PCT_WRITEASICBYTE?BUSCTRL
  +--> ?PR?_PCT_READASICBYTE?BUSCTRL

?PR?RESETCOMMSELL?MAIN                          -----    -----      -----    -----      -----    -----
  +--> ?CO?MAIN
  +--> ?PR?_PUTSP?MAIN

?PR?_PUTSP?MAIN                                 -----    -----      0025H    0001H      009FH    0003H
  +--> ?PR?_RS_TX?UART

?PR?COMMANDSHELL?MAIN                           -----    -----      0025H    0001H      -----    -----
  +--> ?PR?RS_RXREADY?UART
BL51 BANKED LINKER/LOCATER V6.22.2.0                                                  07/14/2021  16:13:00  PAGE 7


  +--> ?PR?RS_RX?UART
  +--> ?PR?_RS_TX?UART
  +--> ?PR?_CHKSTARTCOMMSHELL?MAIN
  +--> ?PR?NEWLINE?MAIN

?PR?RS_RX?UART                                  -----    -----      -----    -----      -----    -----
  +--> ?PR?UART

?PR?_CHKSTARTCOMMSHELL?MAIN                     -----    -----      -----    -----      009FH    0003H
  +--> ?CO?MAIN

?PR?NEWLINE?MAIN                                -----    -----      -----    -----      -----    -----
  +--> ?CO?MAIN
  +--> ?PR?_PUTS?PUTS

?PR?_PUTS?PUTS                                  -----    -----      -----    -----      -----    -----
  +--> ?PR?PUTCHAR?PUTCHAR

?PR?_PCT_RUNCOMMSHELL?COMMANDSHELL              -----    -----      0025H    0002H      009FH    0006H
  +--> ?PR?COMMANDSHELL
  +--> ?PR?_PCT_GETFIRSTSTR?COMMANDSHELL
  +--> ?PR?_PCT_STRTOCOMMCODE?COMMANDSHELL
  +--> ?CO?COMMANDSHELL
  +--> ?PR?_MONIREADPAGEBUFFER?COMMANDSHELL
  +--> ?PR?_MONIREADONEBUFFER?COMMANDSHELL
  +--> ?PR?_MONIWRITEONEBUFFER?COMMANDSHELL
  +--> ?PR?_MONIWRITEASICBYTE?COMMANDSHELL
  +--> ?PR?_MONIREADASICBYTE?COMMANDSHELL
  +--> ?PR?_MONIAUDIOMIXING?COMMANDSHELL
  +--> ?PR?MONIAUDIOMUTE?COMMANDSHELL
  +--> ?PR?PCT_AUDIOREGLIST?TW28XX_AUDIO
  +--> ?PR?_MONIAUDIOGAIN?COMMANDSHELL
  +--> ?PR?_MONIAUDIOLIVE?COMMANDSHELL
  +--> ?PR?MONIREGISTERDUMP?COMMANDSHELL
  +--> ?PR?_PCT_WINATTRCLEAR?TW28XX_VIDEO
  +--> ?PR?_MONIVIDEOMIXWIN?COMMANDSHELL
  +--> ?PR?PCT_SENDACK?COMMANDSHELL
  +--> ?PR?_MONIVIDEOMIXATTR?COMMANDSHELL
  +--> ?PR?_MONIYVIDEOMIX?COMMANDSHELL
  +--> ?PR?PCT_INITIALTW2835?TW2835_INIT
  +--> ?PR?MONIVIDEOAUTODETECT?COMMANDSHELL
  +--> ?PR?_MONISETVIDEOFORMAT?COMMANDSHELL
  +--> ?PR?_MONISHOWSODSTR?COMMANDSHELL
  +--> ?PR?_MONIHSCOMM?COMMANDSHELL
  +--> ?PR?PCT_AUDIOACTIONFORHS?COMMANDSHELL
  +--> ?PR?PCT_OSDACTIONFORHS?OSDACTION
  +--> ?PR?_PCT_FLASHOSDCTRL?MAIN
  +--> ?PR?_MONIHSCOMMSJMODE?COMMANDSHELL
  +--> ?PR?MONIHSCOMMDISSCROLL?COMMANDSHELL
  +--> ?PR?MONIHSCOMMVERSION?COMMANDSHELL

?PR?COMMANDSHELL                                -----    -----      -----    -----      -----    -----
  +--> ?CO?COMMANDSHELL

?PR?_PCT_GETFIRSTSTR?COMMANDSHELL               -----    -----      -----    -----      00ABH    0006H
  +--> ?PR?COMMANDSHELL

BL51 BANKED LINKER/LOCATER V6.22.2.0                                                  07/14/2021  16:13:00  PAGE 8


?PR?_PCT_STRTOCOMMCODE?COMMANDSHELL             -----    -----      0031H    0002H      00ABH    0003H
  +--> ?PR?COMMANDSHELL

?PR?_MONIREADPAGEBUFFER?COMMANDSHELL            -----    -----      0027H    0003H      -----    -----
  +--> ?PR?COMMANDSHELL
  +--> ?CO?COMMANDSHELL
  +--> ?PR?SCANF?SCANF
  +--> ?PR?_PCT_READASICBYTE?BUSCTRL
  +--> ?PR?PRINTF?PRINTF

?PR?SCANF?SCANF                                 0023H.0  0000H.6    0031H    0005H      00ABH    0015H
  +--> ?PR?GETCHAR?UNGETCHAR
  +--> ?PR?_ISSPACE?ISSPACE
  +--> ?PR?GETCHAR?GETCHAR

?PR?GETCHAR?GETCHAR                             -----    -----      -----    -----      -----    -----
  +--> ?PR?_GETKEY?_GETKEY
  +--> ?PR?PUTCHAR?PUTCHAR

?PR?PRINTF?PRINTF                               0023H.0  0001H.1    002BH    0005H      00A5H    000FH
  +--> ?PR?PUTCHAR?PUTCHAR

?PR?_MONIREADONEBUFFER?COMMANDSHELL             -----    -----      0027H    0002H      -----    -----
  +--> ?PR?COMMANDSHELL
  +--> ?CO?COMMANDSHELL
  +--> ?PR?SCANF?SCANF
  +--> ?PR?_PCT_READASICBYTE?BUSCTRL
  +--> ?PR?PRINTF?PRINTF

?PR?_MONIWRITEONEBUFFER?COMMANDSHELL            -----    -----      0027H    0003H      -----    -----
  +--> ?PR?COMMANDSHELL
  +--> ?CO?COMMANDSHELL
  +--> ?PR?SCANF?SCANF
  +--> ?PR?_PCT_WRITEASICBYTE?BUSCTRL

?PR?_MONIWRITEASICBYTE?COMMANDSHELL             -----    -----      0027H    0004H      -----    -----
  +--> ?PR?COMMANDSHELL
  +--> ?CO?COMMANDSHELL
  +--> ?PR?SCANF?SCANF
  +--> ?PR?_PCT_WRITEASICBYTE?BUSCTRL

?PR?_MONIREADASICBYTE?COMMANDSHELL              -----    -----      0027H    0004H      -----    -----
  +--> ?PR?COMMANDSHELL
  +--> ?CO?COMMANDSHELL
  +--> ?PR?SCANF?SCANF
  +--> ?PR?_PCT_READASICBYTE?BUSCTRL
  +--> ?PR?PRINTF?PRINTF

?PR?_MONIAUDIOMIXING?COMMANDSHELL               -----    -----      0027H    000AH      00A5H    0006H
  +--> ?PR?COMMANDSHELL
  +--> ?PR?_PCT_GETFIRSTSTR?COMMANDSHELL
  +--> ?PR?_PCT_AUDIOMIXMUTE?TW28XX_AUDIO
  +--> ?PR?_ATOI?ATOI
  +--> ?PR?SCANF?SCANF
  +--> ?PR?_PCT_AUDIOMIXCTRL?TW28XX_AUDIO
  +--> ?CO?COMMANDSHELL

BL51 BANKED LINKER/LOCATER V6.22.2.0                                                  07/14/2021  16:13:00  PAGE 9


?PR?_PCT_AUDIOMIXMUTE?TW28XX_AUDIO              -----    -----      0031H    0001H      00ABH    0002H
  +--> ?PR?_PCT_READASICBYTE?BUSCTRL
  +--> ?PR?_PCT_WRITEASICBYTE?BUSCTRL

?PR?_ATOI?ATOI                                  0023H.0  0000H.1    -----    -----      00ABH    0005H
  +--> ?PR?_ISSPACE?ISSPACE
  +--> ?PR?_ISDIGIT?ISDIGIT

?PR?_PCT_AUDIOMIXCTRL?TW28XX_AUDIO              -----    -----      -----    -----      00ABH    0004H
  +--> ?PR?TW28XX_AUDIO
  +--> ?PR?_PCT_READASICBYTE?BUSCTRL
  +--> ?CO?TW28XX_AUDIO
  +--> ?PR?_PCT_WRITEASICBYTE?BUSCTRL
  +--> ?PR?_PCT_AUDIOSELLIVE?TW28XX_AUDIO

?PR?TW28XX_AUDIO                                -----    -----      -----    -----      -----    -----
  +--> ?CO?TW28XX_AUDIO

?PR?_PCT_AUDIOSELLIVE?TW28XX_AUDIO              -----    -----      -----    -----      00AFH    0001H
  +--> ?PR?_PCT_WRITEASICBYTE?BUSCTRL

?PR?MONIAUDIOMUTE?COMMANDSHELL                  -----    -----      -----    -----      -----    -----
  +--> ?PR?_PCT_AUDIOMIXMUTE?TW28XX_AUDIO
  +--> ?PR?_PCT_AUDIOSELLIVE?TW28XX_AUDIO

?PR?PCT_AUDIOREGLIST?TW28XX_AUDIO               -----    -----      -----    -----      -----    -----
  +--> ?PR?PRINTF?PRINTF
  +--> ?PR?_PCT_READASICBYTE?BUSCTRL
  +--> ?CO?TW28XX_AUDIO

?PR?_MONIAUDIOGAIN?COMMANDSHELL                 -----    -----      0027H    000AH      00A5H    0006H
  +--> ?PR?COMMANDSHELL
  +--> ?PR?_PCT_GETFIRSTSTR?COMMANDSHELL
  +--> ?PR?_ATOI?ATOI
  +--> ?PR?SCANF?SCANF
  +--> ?CO?COMMANDSHELL
  +--> ?PR?_PCT_AUDIOGAINCTRL?TW28XX_AUDIO

?PR?_PCT_AUDIOGAINCTRL?TW28XX_AUDIO             -----    -----      -----    -----      00ABH    0003H
  +--> ?PR?TW28XX_AUDIO
  +--> ?PR?_PCT_READASICBYTE?BUSCTRL
  +--> ?CO?TW28XX_AUDIO
  +--> ?PR?_PCT_WRITEASICBYTE?BUSCTRL

?PR?_MONIAUDIOLIVE?COMMANDSHELL                 -----    -----      0027H    0001H      -----    -----
  +--> ?PR?COMMANDSHELL
  +--> ?PR?SCANF?SCANF
  +--> ?PR?_PCT_AUDIOSELLIVE?TW28XX_AUDIO

?PR?MONIREGISTERDUMP?COMMANDSHELL               -----    -----      0027H    0002H      -----    -----
  +--> ?CO?COMMANDSHELL
  +--> ?PR?PRINTF?PRINTF
  +--> ?PR?_PCT_READASICBYTE?BUSCTRL

?PR?_PCT_WINATTRCLEAR?TW28XX_VIDEO              -----    -----      -----    -----      00A5H    0003H
  +--> ?PR?TW28XX_VIDEO
  +--> ?PR?_PCT_READASICBYTE?BUSCTRL
BL51 BANKED LINKER/LOCATER V6.22.2.0                                                  07/14/2021  16:13:00  PAGE 10


  +--> ?PR?_PCT_WRITEASICBYTE?BUSCTRL

?PR?TW28XX_VIDEO                                -----    -----      -----    -----      -----    -----
  +--> ?CO?TW28XX_VIDEO

?PR?_MONIVIDEOMIXWIN?COMMANDSHELL               -----    -----      0027H    0002H      -----    -----
  +--> ?PR?COMMANDSHELL
  +--> ?CO?COMMANDSHELL
  +--> ?PR?SCANF?SCANF
  +--> ?PR?_PCT_SETXVIDEOMIXING?TW28XX_VIDEO

?PR?_PCT_SETXVIDEOMIXING?TW28XX_VIDEO           -----    -----      -----    -----      00A5H    0007H
  +--> ?PR?TW28XX_VIDEO
  +--> ?PR?_PCT_WRITEASICBYTE?BUSCTRL
  +--> ?CO?TW28XX_VIDEO
  +--> ?PR?_PCT_SETCHANELSCALE?TW28XX_VIDEO
  +--> ?PR?_PCT_WRITESTABLE?BUSCTRL

?PR?_PCT_SETCHANELSCALE?TW28XX_VIDEO            -----    -----      -----    -----      00ACH    0008H
  +--> ?PR?TW28XX_VIDEO
  +--> ?CO?TW28XX_VIDEO
  +--> ?PR?_PCT_WRITEASICBYTE?BUSCTRL

?PR?_PCT_WRITESTABLE?BUSCTRL                    -----    -----      -----    -----      00ACH    0003H
  +--> ?PR?BUSCTRL
  +--> ?PR?_PCT_READASICBYTE?BUSCTRL
  +--> ?PR?_PCT_WRITEASICBYTE?BUSCTRL

?PR?PCT_SENDACK?COMMANDSHELL                    -----    -----      -----    -----      -----    -----
  +--> ?PR?_RS_TX?UART

?PR?_MONIVIDEOMIXATTR?COMMANDSHELL              -----    -----      0027H    000AH      00A5H    0006H
  +--> ?PR?COMMANDSHELL
  +--> ?PR?_ATOI?ATOI
  +--> ?PR?_PCT_STRTOCOMMCODE?COMMANDSHELL
  +--> ?CO?COMMANDSHELL
  +--> ?PR?_PCT_GETFIRSTSTR?COMMANDSHELL
  +--> ?PR?_PCT_WINATTRCTRL?TW28XX_VIDEO

?PR?_PCT_WINATTRCTRL?TW28XX_VIDEO               -----    -----      -----    -----      00ABH    0003H
  +--> ?PR?TW28XX_VIDEO
  +--> ?PR?_PCT_READASICBYTE?BUSCTRL
  +--> ?PR?_PCT_WRITEASICBYTE?BUSCTRL

?PR?_MONIYVIDEOMIX?COMMANDSHELL                 -----    -----      0027H    0001H      -----    -----
  +--> ?PR?COMMANDSHELL
  +--> ?PR?SCANF?SCANF
  +--> ?PR?_PCT_SETYVIDEOMIXING?TW28XX_VIDEO

?PR?_PCT_SETYVIDEOMIXING?TW28XX_VIDEO           -----    -----      -----    -----      -----    -----
  +--> ?CO?TW28XX_VIDEO
  +--> ?PR?_PCT_WRITESTABLE?BUSCTRL

?PR?MONIVIDEOAUTODETECT?COMMANDSHELL            -----    -----      -----    -----      -----    -----
  +--> ?PR?_PCT_DETECTVIDEOFORMAT?TW28XX_VIDEO
  +--> ?CO?COMMANDSHELL
  +--> ?PR?PRINTF?PRINTF
BL51 BANKED LINKER/LOCATER V6.22.2.0                                                  07/14/2021  16:13:00  PAGE 11



?PR?_MONISETVIDEOFORMAT?COMMANDSHELL            -----    -----      0027H    0008H      00A5H    0006H
  +--> ?PR?COMMANDSHELL
  +--> ?PR?_PCT_GETFIRSTSTR?COMMANDSHELL
  +--> ?PR?_ATOI?ATOI
  +--> ?CO?COMMANDSHELL
  +--> ?PR?_PCT_SETVIDEOFORMAT?TW28XX_VIDEO
  +--> ?PR?SCANF?SCANF

?PR?_PCT_SETVIDEOFORMAT?TW28XX_VIDEO            -----    -----      -----    -----      00ABH    0002H
  +--> ?PR?_PCT_READASICBYTE?BUSCTRL
  +--> ?PR?TW28XX_VIDEO
  +--> ?PR?_PCT_WRITEASICBYTE?BUSCTRL

?PR?_MONISHOWSODSTR?COMMANDSHELL                -----    -----      0027H    0002H      00A5H    0006H
  +--> ?PR?COMMANDSHELL
  +--> ?PR?_ATOI?ATOI
  +--> ?PR?_PCT_PRESETFOREGROUNDCOLOR?OSDCTRL
  +--> ?PR?_PCT_PRESETBACKGROUNDCOLOR?OSDCTRL
  +--> ?PR?_PCT_SETOSDDRAWPAGE?OSDCTRL
  +--> ?PR?_PCT_SHOWOSDSTRING?OSDCTRL
  +--> ?PR?_PCT_ENSHOWOSDPAGE?OSDCTRL
  +--> ?PR?_PCT_GETFIRSTSTR?COMMANDSHELL

?PR?_PCT_SHOWOSDSTRING?OSDCTRL                  -----    -----      -----    -----      00ABH    0007H
  +--> ?PR?OSDCTRL
  +--> ?PR?_STRLEN?STRLEN
  +--> ?PR?_PCT_WRITEOSDFNTX?OSDCTRL
  +--> ?PR?_PCT_WRITEOSDFNTY?OSDCTRL
  +--> ?PR?PTC_SWITCHTOI2CMODE?BUSCTRL

?PR?_PCT_WRITEOSDFNTX?OSDCTRL                   -----    -----      0029H    0003H      00B2H    0013H
  +--> ?PR?OSDCTRL
  +--> ?PR?_PCT_WRITEOSDDATABUFFERX?OSDCTRL
  +--> ?PR?_PCT_WRITEASICBYTE?BUSCTRL
  +--> ?PR?_PCT_READASICBYTE?BUSCTRL

?PR?_PCT_WRITEOSDDATABUFFERX?OSDCTRL            -----    -----      -----    -----      00C5H    0004H
  +--> ?PR?OSDCTRL
  +--> ?PR?_PCT_WRITEASICBYTE?BUSCTRL

?PR?_PCT_WRITEOSDFNTY?OSDCTRL                   -----    -----      0029H    0002H      00B2H    001FH
  +--> ?PR?OSDCTRL
  +--> ?PR?_PCT_WRITEOSDDATABUFFERY?OSDCTRL
  +--> ?PR?_PCT_WRITEASICBYTE?BUSCTRL
  +--> ?PR?_PCT_READASICBYTE?BUSCTRL

?PR?_PCT_WRITEOSDDATABUFFERY?OSDCTRL            -----    -----      -----    -----      00D1H    0004H
  +--> ?PR?OSDCTRL
  +--> ?PR?_PCT_WRITEASICBYTE?BUSCTRL

?PR?_MONIHSCOMM?COMMANDSHELL                    -----    -----      0027H    0003H      -----    -----
  +--> ?PR?COMMANDSHELL
  +--> ?CO?COMMANDSHELL
  +--> ?PR?SCANF?SCANF
  +--> ?PR?_PCT_WINATTRCTRLY?TW28XX_VIDEO
  +--> ?PR?_PCT_RECOMPENSEYHDELAY?TW28XX_VIDEO
BL51 BANKED LINKER/LOCATER V6.22.2.0                                                  07/14/2021  16:13:00  PAGE 12


  +--> ?PR?_PCT_SETVIDEOHDELAY?TW28XX_VIDEO
  +--> ?PR?_PCT_SETXVIDEOMIXING?TW28XX_VIDEO
  +--> ?PR?_PCT_WINATTRCTRL?TW28XX_VIDEO
  +--> ?PR?_PCT_FLASHOSDCTRL?MAIN
  +--> ?PR?_PCT_CHECKVMIXTYPE?COMMANDSHELL
  +--> ?PR?_PCT_DISSHOWOSDPAGE?OSDCTRL
  +--> ?PR?_PCT_CLEAROSDPAGEX?OSDCTRL
  +--> ?PR?PCT_SHOWMODEICON?OSDACTION
  +--> ?PR?_PCT_OSD_ACTIONPTHX?OSDACTION

?PR?_PCT_WINATTRCTRLY?TW28XX_VIDEO              -----    -----      -----    -----      00A5H    0003H
  +--> ?PR?TW28XX_VIDEO
  +--> ?PR?_PCT_READASICBYTE?BUSCTRL
  +--> ?PR?_PCT_WRITEASICBYTE?BUSCTRL

?PR?_PCT_RECOMPENSEYHDELAY?TW28XX_VIDEO         -----    -----      -----    -----      00A5H    0006H
  +--> ?PR?TW28XX_VIDEO
  +--> ?PR?_PCT_READASICBYTE?BUSCTRL
  +--> ?PR?_PCT_WRITEASICBYTE?BUSCTRL

?PR?_PCT_SETVIDEOHDELAY?TW28XX_VIDEO            -----    -----      -----    -----      00A5H    000BH
  +--> ?PR?TW28XX_VIDEO
  +--> ?PR?_PCT_WRITEASICBYTE?BUSCTRL
  +--> ?PR?_PCT_READASICBYTE?BUSCTRL

?PR?_PCT_CHECKVMIXTYPE?COMMANDSHELL             -----    -----      002AH    0001H      -----    -----
  +--> ?PR?COMMANDSHELL

?PR?_PCT_DISSHOWOSDPAGE?OSDCTRL                 -----    -----      -----    -----      00A5H    0001H
  +--> ?PR?OSDCTRL
  +--> ?PR?_PCT_READASICBYTE?BUSCTRL
  +--> ?PR?_PCT_WRITEASICBYTE?BUSCTRL

?PR?_PCT_CLEAROSDPAGEX?OSDCTRL                  -----    -----      -----    -----      -----    -----
  +--> ?PR?_PCT_SETOSDDRAWPAGE?OSDCTRL
  +--> ?PR?_PCT_PRESETBACKGROUNDCOLOR?OSDCTRL
  +--> ?PR?_PCT_FULLCOLORONOSD?OSDCTRL

?PR?PCT_SHOWMODEICON?OSDACTION                  -----    -----      -----    -----      -----    -----
  +--> ?PR?_PCT_SETOSDDRAWPAGE?OSDCTRL
  +--> ?PR?OSDACTION
  +--> ?CO?OSDACTION
  +--> ?PR?_PCT_SHOWGRAPHSTRING?OSD_GRAPH
  +--> ?PR?_PCT_PRESETBACKGROUNDCOLOR?OSDCTRL
  +--> ?PR?_PCT_PRESETFOREGROUNDCOLOR?OSDCTRL

?PR?OSDACTION                                   -----    -----      -----    -----      -----    -----
  +--> ?CO?OSDACTION

?PR?_PCT_SHOWGRAPHSTRING?OSD_GRAPH              -----    -----      -----    -----      00A8H    0007H
  +--> ?PR?OSD_GRAPH
  +--> ?PR?_STRLEN?STRLEN
  +--> ?PR?_PCT_OSD16X16GRAPHX?OSD_GRAPH
  +--> ?PR?PTC_SWITCHTOI2CMODE?BUSCTRL

?PR?_PCT_OSD16X16GRAPHX?OSD_GRAPH               -----    -----      -----    -----      00AFH    000BH
  +--> ?PR?OSD_GRAPH
BL51 BANKED LINKER/LOCATER V6.22.2.0                                                  07/14/2021  16:13:00  PAGE 13


  +--> ?CO?OSD_GRAPH
  +--> ?PR?_PCT_WRITEASICBYTE?BUSCTRL
  +--> ?PR?_PCT_READASICBYTE?BUSCTRL

?PR?_PCT_OSD_ACTIONPTHX?OSDACTION               -----    -----      -----    -----      00A5H    0003H
  +--> ?PR?OSDACTION
  +--> ?PR?_PCT_PRESETFOREGROUNDCOLOR?OSDCTRL
  +--> ?PR?_PCT_PRESETBACKGROUNDCOLOR?OSDCTRL
  +--> ?PR?_PCT_SHOWGRAPHSTRING?OSD_GRAPH

?PR?PCT_AUDIOACTIONFORHS?COMMANDSHELL           -----    -----      0027H    0002H      -----    -----
  +--> ?PR?_PCT_AUDIOSELLIVE?TW28XX_AUDIO
  +--> ?PR?_PCT_AUDIOMIXMUTE?TW28XX_AUDIO

?PR?PCT_OSDACTIONFORHS?OSDACTION                -----    -----      -----    -----      -----    -----
  +--> ?PR?_PCT_SETOSDDRAWPAGE?OSDCTRL
  +--> ?PR?OSDACTION
  +--> ?PR?_PCT_SHOWMIRRORICON?OSDACTION
  +--> ?PR?_PCT_SHOWSPEAKICON?OSDACTION
  +--> ?PR?_PCT_SHOWINDICATEICON?OSDACTION
  +--> ?PR?PCT_ENFALSHVLOSS?OSDACTION
  +--> ?PR?_PCT_ENSHOWOSDPAGE?OSDCTRL

?PR?_PCT_SHOWMIRRORICON?OSDACTION               -----    -----      -----    -----      00A5H    0003H
  +--> ?PR?OSDACTION
  +--> ?PR?_PCT_PRESETFOREGROUNDCOLOR?OSDCTRL
  +--> ?PR?_PCT_CLEARWORDSPATHX?OSDCTRL
  +--> ?PR?_PCT_SHOWGRAPHSTRING?OSD_GRAPH

?PR?_PCT_CLEARWORDSPATHX?OSDCTRL                -----    -----      -----    -----      00A8H    0007H
  +--> ?PR?OSDCTRL
  +--> ?PR?_PCT_WRITEASICBYTE?BUSCTRL
  +--> ?PR?_PCT_READASICBYTE?BUSCTRL

?PR?_PCT_SHOWSPEAKICON?OSDACTION                -----    -----      -----    -----      00A5H    0003H
  +--> ?PR?OSDACTION
  +--> ?PR?_PCT_PRESETFOREGROUNDCOLOR?OSDCTRL
  +--> ?PR?_PCT_CLEARWORDSPATHX?OSDCTRL
  +--> ?PR?_PCT_SHOWGRAPHSTRING?OSD_GRAPH

?PR?_PCT_SHOWINDICATEICON?OSDACTION             -----    -----      0027H    0001H      00A5H    0003H
  +--> ?PR?OSDACTION
  +--> ?PR?_PCT_PRESETFOREGROUNDCOLOR?OSDCTRL
  +--> ?PR?_PCT_CLEARWORDSPATHX?OSDCTRL
  +--> ?PR?_PCT_SHOWGRAPHSTRING?OSD_GRAPH
  +--> ?CO?OSDACTION

?PR?_MONIHSCOMMSJMODE?COMMANDSHELL              -----    -----      -----    -----      -----    -----
  +--> ?PR?COMMANDSHELL
  +--> ?CO?COMMANDSHELL
  +--> ?PR?SCANF?SCANF

?PR?MONIHSCOMMDISSCROLL?COMMANDSHELL            -----    -----      -----    -----      -----    -----
  +--> ?PR?_PCT_ENSHOWOSDPAGE?OSDCTRL

?PR?MONIHSCOMMVERSION?COMMANDSHELL              -----    -----      -----    -----      00A5H    0001H
  +--> ?PR?_RS_TX?UART
BL51 BANKED LINKER/LOCATER V6.22.2.0                                                  07/14/2021  16:13:00  PAGE 14


  +--> ?CO?COMMANDSHELL

?PR?PCT_CHECKSYSTEM?COMMANDSHELL                -----    -----      -----    -----      -----    -----
  +--> ?PR?_PCT_DETECTVIDEOFORMAT?TW28XX_VIDEO
  +--> ?PR?_PCT_ENSHOWOSDPAGE?OSDCTRL
  +--> ?PR?_PCT_CHANGESYSTEMTYPE?TW2835_INIT
  +--> ?PR?_PCT_RECOMPENSEYHDELAY?TW28XX_VIDEO
  +--> ?PR?COMMANDSHELL
  +--> ?PR?_PCT_SETVIDEOHDELAY?TW28XX_VIDEO
  +--> ?PR?_PCT_SETXVIDEOMIXING?TW28XX_VIDEO
  +--> ?PR?_PCT_CLEAROSDPAGEX?OSDCTRL
  +--> ?PR?PCT_SHOWMODEICON?OSDACTION
  +--> ?PR?_PCT_OSD_ACTIONPTHX?OSDACTION
  +--> ?PR?PCT_OSDACTIONFORHS?OSDACTION

?PR?_PCT_CHANGESYSTEMTYPE?TW2835_INIT           -----    -----      -----    -----      009FH    0002H
  +--> ?PR?TW2835_INIT
  +--> ?CO?TW2835_INIT
  +--> ?PR?_PCT_WRITEASICTABLE?BUSCTRL

?PR?PCT_GETVIDEOSIGNALSTATUS?OSDACTION          -----    -----      -----    -----      -----    -----
  +--> ?PR?_PCT_READASICBYTE?BUSCTRL
  +--> ?PR?_PCT_WRITEASICBYTE?BUSCTRL
  +--> ?PR?PCT_SHOWVLOSS?OSDACTION

?PR?PCT_SHOWVLOSS?OSDACTION                     -----    -----      -----    -----      -----    -----
  +--> ?PR?OSDACTION
  +--> ?PR?_PCT_SHOWGRAPHSTRING?OSD_GRAPH
  +--> ?PR?_PCT_CLEARWORDSPATHX?OSDCTRL

*** NEW ROOT ***************************************************

?PR?RS_INTERRUPT?UART                           -----    -----      -----    -----      -----    -----
  +--> ?PR?UART



SYMBOL TABLE OF MODULE:  .\OBJ\TW2835 (?C_STARTUP)

  VALUE           TYPE          NAME
  ----------------------------------

  -------         MODULE        ?C_STARTUP
  C:88A5H         SEGMENT       ?C_C51STARTUP
  I:0036H         SEGMENT       ?STACK
  C:0000H         PUBLIC        ?C_STARTUP
  D:00E0H         SYMBOL        ACC
  D:00F0H         SYMBOL        B
  D:0083H         SYMBOL        DPH
  D:0082H         SYMBOL        DPL
  N:0000H         SYMBOL        IBPSTACK
  N:0100H         SYMBOL        IBPSTACKTOP
  N:0080H         SYMBOL        IDATALEN
  C:88A8H         SYMBOL        IDATALOOP
  N:0000H         SYMBOL        PBPSTACK
  N:0100H         SYMBOL        PBPSTACKTOP
  N:0000H         SYMBOL        PDATALEN
BL51 BANKED LINKER/LOCATER V6.22.2.0                                                  07/14/2021  16:13:00  PAGE 15


  N:0000H         SYMBOL        PDATASTART
  N:0000H         SYMBOL        PPAGE
  N:0000H         SYMBOL        PPAGEENABLE
  D:00A0H         SYMBOL        PPAGE_SFR
  D:0081H         SYMBOL        SP
  C:88A5H         SYMBOL        STARTUP1
  N:0000H         SYMBOL        XBPSTACK
  N:0000H         SYMBOL        XBPSTACKTOP
  N:0000H         SYMBOL        XDATALEN
  N:0000H         SYMBOL        XDATASTART
  C:0000H         LINE#         126
  C:88A5H         LINE#         133
  C:88A7H         LINE#         134
  C:88A8H         LINE#         135
  C:88A9H         LINE#         136
  C:88ABH         LINE#         185
  C:88AEH         LINE#         196
  -------         ENDMOD        ?C_STARTUP

  -------         MODULE        UART
  C:0000H         SYMBOL        _ICE_DUMMY_
  D:0090H         PUBLIC        P1
  D:00B0H         PUBLIC        P3
  C:98BEH         PUBLIC        InitialUART
  D:00A8H         PUBLIC        IE
  X:0000H         PUBLIC        RS_RECVBUF
  B:00A8H.4       PUBLIC        ES
  D:00B8H         PUBLIC        IP
  B:0098H.0       PUBLIC        RI
  B:0098H.1       PUBLIC        TI
  B:00B8H.4       PUBLIC        PS
  D:00D8H         PUBLIC        CCON
  D:0099H         PUBLIC        SBUF
  D:00C0H         PUBLIC        WDTC
  D:0098H         PUBLIC        SCON
  D:0088H         PUBLIC        TCON
  C:98CEH         PUBLIC        RS_RxReady
  D:008DH         PUBLIC        TH1
  D:00E8H         PUBLIC        IEA
  X:0050H         PUBLIC        RsRxRp
  B:0088H.6       PUBLIC        TR1
  X:0051H         PUBLIC        RsRxWp
  D:00F8H         PUBLIC        IPA
  D:00C8H         PUBLIC        T2CON
  C:9808H         PUBLIC        RS_rx
  C:0003H         PUBLIC        _RS_tx
  C:971DH         PUBLIC        RS_interrupt
  D:00D0H         PUBLIC        PSW
  C:990AH         SYMBOL        Com000E
  C:990AH         SYMBOL        L?0015
  -------         PROC          COM000E
  -------         ENDPROC       COM000E
  -------         PROC          INITIALUART
  C:98BEH         LINE#         66
  C:98BEH         LINE#         67
  C:98BEH         LINE#         69
  C:98C0H         LINE#         70
BL51 BANKED LINKER/LOCATER V6.22.2.0                                                  07/14/2021  16:13:00  PAGE 16


  C:98C2H         LINE#         77
  C:98C5H         LINE#         84
  C:98C7H         LINE#         86
  C:98CBH         LINE#         87
  C:98CDH         LINE#         88
  -------         ENDPROC       INITIALUART
  -------         PROC          RS_RXREADY
  C:98CEH         LINE#         94
  C:98CEH         LINE#         95
  C:98CEH         LINE#         96
  C:98DAH         LINE#         97
  C:98DCH         LINE#         98
  -------         ENDPROC       RS_RXREADY
  -------         PROC          RS_RX
  -------         DO            
  D:0007H         SYMBOL        ret
  -------         ENDDO         
  C:9808H         LINE#         104
  C:9808H         LINE#         105
  C:9808H         LINE#         108
  C:980AH         LINE#         112
  C:9812H         LINE#         113
  C:9814H         LINE#         114
  C:9819H         LINE#         115
  C:981BH         LINE#         116
  C:981DH         LINE#         118
  C:981DH         LINE#         119
  -------         ENDPROC       RS_RX
  -------         PROC          _RS_TX
  D:0007H         SYMBOL        tx_buf
  C:0003H         LINE#         125
  C:0003H         LINE#         126
  C:0003H         LINE#         127
  C:0003H         LINE#         128
  C:0006H         LINE#         129
  C:0008H         LINE#         130
  C:000AH         LINE#         131
  C:000AH         LINE#         132
  C:000AH         LINE#         133
  C:000AH         LINE#         134
  -------         ENDPROC       _RS_TX
  -------         PROC          RS_INTERRUPT
  C:971DH         LINE#         140
  C:9724H         LINE#         142
  C:9727H         LINE#         143
  C:9729H         LINE#         147
  C:9732H         LINE#         148
  C:9734H         LINE#         149
  C:973BH         LINE#         161
  C:973BH         LINE#         162
  -------         ENDPROC       RS_INTERRUPT
  -------         ENDMOD        UART

  -------         MODULE        BUSCTRL
  C:0000H         SYMBOL        _ICE_DUMMY_
  D:0080H         PUBLIC        P0
  D:0090H         PUBLIC        P1
BL51 BANKED LINKER/LOCATER V6.22.2.0                                                  07/14/2021  16:13:00  PAGE 17


  D:00B0H         PUBLIC        P3
  B:00A8H.7       PUBLIC        EA
  D:00A8H         PUBLIC        IE
  C:96D3H         PUBLIC        _PCT_PageChange
  C:8DF5H         PUBLIC        _PCT_WriteSTable
  D:00B8H         PUBLIC        IP
  B:0090H.3       PUBLIC        HALE
  B:0090H.2       PUBLIC        HRDB
  D:00D8H         PUBLIC        CCON
  D:00C0H         PUBLIC        WDTC
  B:0090H.1       PUBLIC        HWRB
  D:0098H         PUBLIC        SCON
  D:0088H         PUBLIC        TCON
  C:8931H         PUBLIC        _PCT_WriteAsicTable
  C:9966H         PUBLIC        PTC_SwitchToI2CMode
  D:00E8H         PUBLIC        IEA
  B:00B0H.6       PUBLIC        HCSB0
  B:00B0H.7       PUBLIC        HCSB1
  D:00F8H         PUBLIC        IPA
  C:8AF7H         PUBLIC        _PCT_ReadAsicByte
  D:00C8H         PUBLIC        T2CON
  C:8B5CH         PUBLIC        _PCT_WriteAsicByte
  D:00D0H         PUBLIC        PSW
  C:9740H         SYMBOL        Com002C
  C:9740H         SYMBOL        L?0045
  C:9740H         SYMBOL        L?0046
  C:974BH         SYMBOL        L?0047
  C:974BH         SYMBOL        L?0048
  C:9752H         SYMBOL        L?0049
  C:9752H         SYMBOL        L?0050
  C:975AH         SYMBOL        L?0051
  C:975CH         SYMBOL        L?0052
  -------         PROC          COM002C
  -------         ENDPROC       COM002C
  -------         PROC          _PCT_PAGECHANGE
  D:0007H         SYMBOL        _pg
  -------         DO            
  X:00D9H         SYMBOL        _dvc
  D:0006H         SYMBOL        _addr
  -------         ENDDO         
  C:96D3H         LINE#         66
  C:96D3H         LINE#         67
  C:96D3H         LINE#         68
  C:96D7H         LINE#         69
  C:96D9H         LINE#         71
  C:96DBH         LINE#         73
  C:96DEH         LINE#         77
  C:96E0H         LINE#         78
  C:96E2H         LINE#         80
  C:96E2H         LINE#         81
  C:96E2H         LINE#         82
  C:96E5H         LINE#         83
  C:96E7H         LINE#         84
  C:96E9H         LINE#         85
  C:96EBH         LINE#         87
  C:96EEH         LINE#         88
  C:96F0H         LINE#         89
BL51 BANKED LINKER/LOCATER V6.22.2.0                                                  07/14/2021  16:13:00  PAGE 18


  C:96F2H         LINE#         90
  C:96F5H         LINE#         91
  C:96F7H         LINE#         92
  -------         ENDPROC       _PCT_PAGECHANGE
  -------         PROC          _PCT_WRITEASICBYTE
  D:0007H         SYMBOL        _dvc
  D:0005H         SYMBOL        _pg
  D:0003H         SYMBOL        _addr
  X:00D8H         SYMBOL        _wdat
  C:8B5CH         LINE#         94
  C:8B5CH         LINE#         95
  C:8B5CH         LINE#         96
  C:8B5CH         LINE#         98
  C:8B5CH         LINE#         101
  C:8B61H         LINE#         102
  C:8B66H         LINE#         104
  C:8B66H         LINE#         106
  C:8B6EH         LINE#         107
  C:8B6EH         LINE#         108
  C:8B70H         LINE#         109
  C:8B72H         LINE#         110
  C:8B74H         LINE#         112
  C:8B74H         LINE#         114
  C:8B82H         LINE#         115
  C:8B90H         LINE#         116
  C:8B9CH         LINE#         117
  C:8B9CH         LINE#         119
  C:8B9CH         LINE#         120
  C:8B9CH         LINE#         121
  C:8B9FH         LINE#         122
  C:8BA4H         LINE#         123
  C:8BA6H         LINE#         124
  C:8BA8H         LINE#         126
  C:8BABH         LINE#         128
  C:8BB0H         LINE#         129
  C:8BB0H         LINE#         130
  C:8BB2H         LINE#         131
  C:8BB4H         LINE#         132
  C:8BB6H         LINE#         134
  C:8BB6H         LINE#         135
  C:8BB8H         LINE#         136
  C:8BBAH         LINE#         137
  C:8BBAH         LINE#         138
  C:8BBDH         LINE#         139
  C:8BBFH         LINE#         140
  -------         ENDPROC       _PCT_WRITEASICBYTE
  -------         PROC          _PCT_WRITEASICTABLE
  D:0007H         SYMBOL        _dvc
  D:0005H         SYMBOL        _pg
  D:0004H         SYMBOL        _addr
  X:00AAH         SYMBOL        _tbl_ptr
  X:00ADH         SYMBOL        _tbl_cnt
  C:8931H         LINE#         146
  C:8933H         LINE#         147
  C:8933H         LINE#         148
  C:8933H         LINE#         150
  C:8933H         LINE#         154
BL51 BANKED LINKER/LOCATER V6.22.2.0                                                  07/14/2021  16:13:00  PAGE 19


  C:8938H         LINE#         155
  C:893DH         LINE#         157
  C:893DH         LINE#         159
  C:8944H         LINE#         160
  C:8944H         LINE#         161
  C:8946H         LINE#         162
  C:8948H         LINE#         163
  C:894AH         LINE#         165
  C:894AH         LINE#         167
  C:8956H         LINE#         168
  C:8962H         LINE#         169
  C:896CH         LINE#         170
  C:896CH         LINE#         172
  C:896CH         LINE#         173
  C:8971H         LINE#         175
  C:8973H         LINE#         176
  C:8975H         LINE#         178
  C:898BH         LINE#         179
  C:898DH         LINE#         180
  C:898FH         LINE#         181
  C:8996H         LINE#         185
  C:8996H         LINE#         187
  C:899DH         LINE#         188
  C:899DH         LINE#         189
  C:899FH         LINE#         190
  C:89A1H         LINE#         191
  C:89A3H         LINE#         193
  C:89A3H         LINE#         194
  C:89A5H         LINE#         195
  C:89A7H         LINE#         196
  C:89A7H         LINE#         197
  C:89AAH         LINE#         199
  C:89ACH         LINE#         200
  -------         ENDPROC       _PCT_WRITEASICTABLE
  -------         PROC          _PCT_READASICBYTE
  D:0004H         SYMBOL        _dvc
  D:0005H         SYMBOL        _pg
  D:0003H         SYMBOL        _addr
  -------         DO            
  D:0006H         SYMBOL        _rdat_
  -------         ENDDO         
  C:8AF7H         LINE#         207
  C:8AF9H         LINE#         208
  C:8AF9H         LINE#         211
  C:8AF9H         LINE#         213
  C:8AFEH         LINE#         214
  C:8B03H         LINE#         217
  C:8B03H         LINE#         219
  C:8B03H         LINE#         221
  C:8B0BH         LINE#         222
  C:8B0BH         LINE#         223
  C:8B0DH         LINE#         224
  C:8B0FH         LINE#         225
  C:8B11H         LINE#         227
  C:8B11H         LINE#         229
  C:8B1FH         LINE#         230
  C:8B2DH         LINE#         231
BL51 BANKED LINKER/LOCATER V6.22.2.0                                                  07/14/2021  16:13:00  PAGE 20


  C:8B39H         LINE#         232
  C:8B39H         LINE#         234
  C:8B39H         LINE#         235
  C:8B39H         LINE#         236
  C:8B3CH         LINE#         237
  C:8B3FH         LINE#         238
  C:8B41H         LINE#         239
  C:8B43H         LINE#         240
  C:8B45H         LINE#         242
  C:8B48H         LINE#         244
  C:8B4DH         LINE#         245
  C:8B4DH         LINE#         246
  C:8B4FH         LINE#         247
  C:8B51H         LINE#         248
  C:8B53H         LINE#         250
  C:8B53H         LINE#         251
  C:8B55H         LINE#         252
  C:8B57H         LINE#         253
  C:8B57H         LINE#         255
  C:8B59H         LINE#         256
  C:8B5BH         LINE#         257
  -------         ENDPROC       _PCT_READASICBYTE
  -------         PROC          _PCT_WRITESTABLE
  D:0007H         SYMBOL        _dvc
  X:00ACH         SYMBOL        _tbl_ptr
  C:8DF5H         LINE#         264
  C:8DFFH         LINE#         265
  C:8DFFH         LINE#         269
  C:8DFFH         LINE#         270
  C:8E0DH         LINE#         271
  C:8E2AH         LINE#         272
  C:8E2AH         LINE#         273
  C:8E3EH         LINE#         274
  C:8E3EH         LINE#         275
  C:8E49H         LINE#         276
  C:8E4BH         LINE#         277
  -------         ENDPROC       _PCT_WRITESTABLE
  -------         PROC          PTC_SWITCHTOI2CMODE
  C:9966H         LINE#         283
  C:9966H         LINE#         284
  C:9966H         LINE#         294
  -------         ENDPROC       PTC_SWITCHTOI2CMODE
  -------         ENDMOD        BUSCTRL

  -------         MODULE        COMMANDSHELL
  C:0000H         SYMBOL        _ICE_DUMMY_
  D:0090H         PUBLIC        P1
  D:00B0H         PUBLIC        P3
  C:981EH         PUBLIC        _MoniHSCommSJmode
  C:9523H         PUBLIC        MoniVideoAutoDetect
  C:64E1H         PUBLIC        _PCT_RunCommShell
  C:7ADCH         PUBLIC        _MoniAudioGain
  D:00A8H         PUBLIC        IE
  C:94BDH         PUBLIC        _MoniReadOneBuffer
  D:00B8H         PUBLIC        IP
  C:98ACH         PUBLIC        _MoniYVideoMix
  X:0052H         PUBLIC        sysdat
BL51 BANKED LINKER/LOCATER V6.22.2.0                                                  07/14/2021  16:13:00  PAGE 21


  C:984AH         PUBLIC        _MoniAudioLive
  D:00D8H         PUBLIC        CCON
  C:98DDH         PUBLIC        PCT_SendACK
  C:94F0H         PUBLIC        _MoniWriteOneBuffer
  C:98ECH         PUBLIC        MoniAudioMute
  C:91EEH         PUBLIC        MoniHSCommVersion
  C:80D2H         PUBLIC        _MoniSetVideoFormat
  C:90D8H         PUBLIC        _MoniReadAsicByte
  C:8A8FH         PUBLIC        _PCT_GetFirstStr
  C:8A24H         PUBLIC        PCT_CheckSystem
  D:00C0H         PUBLIC        WDTC
  D:0098H         PUBLIC        SCON
  D:0088H         PUBLIC        TCON
  C:908CH         PUBLIC        _MoniWriteAsicByte
  C:7C19H         PUBLIC        _MoniHSComm
  X:0063H         PUBLIC        msg
  D:00E8H         PUBLIC        IEA
  C:9334H         PUBLIC        _PCT_StrToCommCode
  C:9231H         PUBLIC        _PCT_CheckVMixType
  C:9956H         PUBLIC        MoniHSCommDisScroll
  D:00F8H         PUBLIC        IPA
  C:8CE2H         PUBLIC        _MoniShowSODStr
  C:69F5H         PUBLIC        _MoniVideoMixAttr
  C:9272H         PUBLIC        PCT_AudioActionForHS
  D:00C8H         PUBLIC        T2CON
  C:8E4CH         PUBLIC        _MoniVideoMixWin
  C:91ABH         PUBLIC        _MoniReadPageBuffer
  X:00DAH         PUBLIC        Original_selwintype
  C:903DH         PUBLIC        MoniRegisterDump
  D:00D0H         PUBLIC        PSW
  C:7684H         PUBLIC        _MoniAudioMixing
  C:6C05H         SYMBOL        Com00E8
  C:6C05H         SYMBOL        L?0233
  C:6C06H         SYMBOL        L?0234
  C:6C3CH         SYMBOL        L?0235
  C:6C43H         SYMBOL        L?0236
  C:6C44H         SYMBOL        L?0237
  C:6C7AH         SYMBOL        L?0238
  C:6C81H         SYMBOL        L?0239
  C:6C81H         SYMBOL        L?0240
  C:6C83H         SYMBOL        L?0241
  C:6C8CH         SYMBOL        L?0242
  C:6C8DH         SYMBOL        L?0243
  C:6CADH         SYMBOL        L?0244
  C:6CB4H         SYMBOL        L?0245
  C:6CB4H         SYMBOL        L?0246
  C:6CBFH         SYMBOL        L?0247
  C:6CC6H         SYMBOL        L?0248
  C:6CD6H         SYMBOL        L?0249
  C:6CDDH         SYMBOL        L?0250
  C:6CEDH         SYMBOL        L?0251
  C:6CF4H         SYMBOL        L?0252
  C:6D04H         SYMBOL        L?0253
  C:6D0BH         SYMBOL        L?0254
  C:6D16H         SYMBOL        L?0255
  C:6D1DH         SYMBOL        L?0256
  C:6D28H         SYMBOL        L?0257
BL51 BANKED LINKER/LOCATER V6.22.2.0                                                  07/14/2021  16:13:00  PAGE 22


  C:6D2FH         SYMBOL        L?0258
  C:6D34H         SYMBOL        L?0259
  C:6D3BH         SYMBOL        L?0260
  C:6D40H         SYMBOL        L?0261
  C:6D47H         SYMBOL        L?0263
  C:6D53H         SYMBOL        L?0264
  C:6D54H         SYMBOL        L?0265
  C:6D5BH         SYMBOL        L?0267
  C:6D5BH         SYMBOL        L?0268
  C:6D63H         SYMBOL        L?0269
  C:6D6AH         SYMBOL        L?0270
  C:6D71H         SYMBOL        L?0274
  C:6D71H         SYMBOL        L?0275
  C:6D78H         SYMBOL        L?0276
  C:6D7FH         SYMBOL        L?0280
  C:6D86H         SYMBOL        L?0283
  C:6D8DH         SYMBOL        L?0288
  C:6D94H         SYMBOL        L?0290
  C:6DA3H         SYMBOL        L?0291
  C:6DAAH         SYMBOL        L?0294
  C:6DB1H         SYMBOL        L?0297
  C:6DB8H         SYMBOL        L?0301
  C:6DB8H         SYMBOL        L?0302
  C:6DB9H         SYMBOL        L?0303
  C:6DC1H         SYMBOL        L?0304
  C:6DC1H         SYMBOL        L?0305
  C:6DCBH         SYMBOL        L?0307
  C:6DD2H         SYMBOL        L?0308
  C:6DD3H         SYMBOL        L?0309
  C:6DDAH         SYMBOL        L?0310
  C:6DDAH         SYMBOL        L?0311
  C:6DE1H         SYMBOL        L?0313
  C:6DE1H         SYMBOL        L?0314
  C:6DEAH         SYMBOL        L?0315
  C:6DF7H         SYMBOL        L?0318
  C:6E03H         SYMBOL        L?0320
  C:6E03H         SYMBOL        L?0321
  C:6E09H         SYMBOL        L?0322
  -------         PROC          COM00E8
  -------         ENDPROC       COM00E8
  -------         PROC          _PCT_GETFIRSTSTR
  X:00ABH         SYMBOL        tagStr
  X:00AEH         SYMBOL        sourceStr
  C:8A8FH         LINE#         105
  C:8A94H         LINE#         106
  C:8A94H         LINE#         107
  C:8A9FH         LINE#         108
  C:8AB4H         LINE#         109
  C:8ACAH         LINE#         110
  C:8ACCH         LINE#         111
  C:8ACCH         LINE#         112
  C:8AD8H         LINE#         113
  C:8ADCH         LINE#         114
  C:8AE4H         LINE#         115
  C:8AE7H         LINE#         116
  C:8AEAH         LINE#         117
  C:8AEDH         LINE#         118
BL51 BANKED LINKER/LOCATER V6.22.2.0                                                  07/14/2021  16:13:00  PAGE 23


  C:8AF5H         LINE#         119
  -------         ENDPROC       _PCT_GETFIRSTSTR
  -------         PROC          _PCT_STRTOCOMMCODE
  X:00ABH         SYMBOL        Str
  -------         DO            
  D:0031H         SYMBOL        ret
  -------         ENDDO         
  C:9334H         LINE#         126
  C:9339H         LINE#         127
  C:9339H         LINE#         128
  C:933EH         LINE#         130
  C:936DH         LINE#         131
  C:9371H         LINE#         132
  -------         ENDPROC       _PCT_STRTOCOMMCODE
  -------         PROC          PCT_SENDACK
  C:98DDH         LINE#         138
  C:98DDH         LINE#         139
  C:98DDH         LINE#         140
  C:98E2H         LINE#         141
  C:98E7H         LINE#         142
  -------         ENDPROC       PCT_SENDACK
  -------         PROC          _PCT_CHECKVMIXTYPE
  D:0007H         SYMBOL        _typ
  -------         DO            
  D:002AH         SYMBOL        tmplktp
  -------         ENDDO         
  C:9231H         LINE#         149
  C:9231H         LINE#         150
  C:9231H         LINE#         151
  C:9234H         LINE#         153
  C:9239H         LINE#         154
  C:9240H         LINE#         155
  C:9246H         LINE#         156
  C:9252H         LINE#         158
  C:925EH         LINE#         159
  C:9263H         LINE#         161
  C:9263H         LINE#         162
  C:9268H         LINE#         163
  C:926DH         LINE#         164
  C:9271H         LINE#         165
  -------         ENDPROC       _PCT_CHECKVMIXTYPE
  -------         PROC          _MONIREADPAGEBUFFER
  D:0001H         SYMBOL        szParam
  -------         DO            
  D:0027H         SYMBOL        page
  D:0028H         SYMBOL        start
  D:0029H         SYMBOL        end
  -------         ENDDO         
  C:91ABH         LINE#         175
  C:91ABH         LINE#         176
  C:91ABH         LINE#         179
  C:91D0H         LINE#         181
  C:91D0H         LINE#         182
  C:91E6H         LINE#         183
  C:91E8H         LINE#         184
  C:91EDH         LINE#         185
  -------         ENDPROC       _MONIREADPAGEBUFFER
BL51 BANKED LINKER/LOCATER V6.22.2.0                                                  07/14/2021  16:13:00  PAGE 24


  -------         PROC          _MONIREADONEBUFFER
  D:0001H         SYMBOL        szParam
  -------         DO            
  D:0027H         SYMBOL        page
  D:0028H         SYMBOL        addr
  -------         ENDDO         
  C:94BDH         LINE#         191
  C:94BDH         LINE#         192
  C:94BDH         LINE#         195
  C:94DAH         LINE#         197
  -------         ENDPROC       _MONIREADONEBUFFER
  -------         PROC          _MONIWRITEONEBUFFER
  D:0001H         SYMBOL        szParam
  -------         DO            
  D:0027H         SYMBOL        page
  D:0028H         SYMBOL        addr
  D:0029H         SYMBOL        dat
  -------         ENDDO         
  C:94F0H         LINE#         204
  C:94F0H         LINE#         205
  C:94F0H         LINE#         208
  C:9515H         LINE#         209
  -------         ENDPROC       _MONIWRITEONEBUFFER
  -------         PROC          _MONIWRITEASICBYTE
  D:0001H         SYMBOL        szParam
  -------         DO            
  D:0027H         SYMBOL        _dev
  D:0028H         SYMBOL        _pg
  D:0029H         SYMBOL        _addr
  D:002AH         SYMBOL        _wdat
  -------         ENDDO         
  C:908CH         LINE#         216
  C:908CH         LINE#         217
  C:908CH         LINE#         218
  C:908FH         LINE#         219
  C:9091H         LINE#         220
  C:9093H         LINE#         221
  C:9095H         LINE#         223
  C:90CAH         LINE#         224
  -------         ENDPROC       _MONIWRITEASICBYTE
  -------         PROC          _MONIREADASICBYTE
  D:0001H         SYMBOL        szParam
  -------         DO            
  D:0027H         SYMBOL        _dev
  D:0028H         SYMBOL        _pg
  D:0029H         SYMBOL        _addr
  D:002AH         SYMBOL        _rdat
  -------         ENDDO         
  C:90D8H         LINE#         231
  C:90D8H         LINE#         232
  C:90D8H         LINE#         233
  C:90DBH         LINE#         234
  C:90DDH         LINE#         235
  C:90DFH         LINE#         236
  C:90E1H         LINE#         238
  C:9106H         LINE#         239
  C:9111H         LINE#         240
BL51 BANKED LINKER/LOCATER V6.22.2.0                                                  07/14/2021  16:13:00  PAGE 25


  -------         ENDPROC       _MONIREADASICBYTE
  C:77BFH         SYMBOL        L?0271
  C:77D5H         SYMBOL        L?0284
  C:77EBH         SYMBOL        L?0287
  -------         PROC          _MONIAUDIOMIXING
  X:00A5H         SYMBOL        szParam
  -------         DO            
  D:0027H         SYMBOL        selch0
  D:0028H         SYMBOL        selch1
  D:0029H         SYMBOL        selch2
  D:002AH         SYMBOL        selch3
  D:002BH         SYMBOL        selch4
  D:002CH         SYMBOL        valch0
  D:002DH         SYMBOL        valch1
  D:002EH         SYMBOL        valch2
  D:002FH         SYMBOL        valch3
  D:0030H         SYMBOL        valch4
  X:00A8H         SYMBOL        getStr
  C:64DCH         SYMBOL        chaddr
  -------         ENDDO         
  C:7684H         LINE#         248
  C:7686H         LINE#         249
  C:7686H         LINE#         260
  C:7699H         LINE#         262
  C:76A1H         LINE#         268
  C:76CAH         LINE#         269
  C:76CAH         LINE#         270
  C:76DFH         LINE#         271
  C:76E8H         LINE#         272
  C:76EEH         LINE#         273
  C:76F1H         LINE#         275
  C:76F1H         LINE#         276
  C:7713H         LINE#         278
  C:7713H         LINE#         279
  C:7716H         LINE#         280
  C:7719H         LINE#         281
  C:771CH         LINE#         283
  C:771CH         LINE#         284
  C:7733H         LINE#         286
  C:7733H         LINE#         287
  C:7736H         LINE#         288
  C:773AH         LINE#         289
  C:773DH         LINE#         290
  C:7740H         LINE#         292
  C:7740H         LINE#         293
  C:775AH         LINE#         295
  C:775AH         LINE#         296
  C:775AH         LINE#         297
  C:775AH         LINE#         298
  C:775DH         LINE#         300
  C:7765H         LINE#         301
  C:7768H         LINE#         303
  C:7768H         LINE#         304
  C:7793H         LINE#         306
  C:7793H         LINE#         307
  C:7793H         LINE#         308
  C:7793H         LINE#         309
BL51 BANKED LINKER/LOCATER V6.22.2.0                                                  07/14/2021  16:13:00  PAGE 26


  C:779BH         LINE#         310
  C:77A4H         LINE#         312
  C:77BEH         LINE#         313
  C:77BEH         LINE#         315
  C:77BEH         LINE#         316
  C:77BEH         LINE#         317
  C:77BEH         LINE#         318
  -------         ENDPROC       _MONIAUDIOMIXING
  -------         PROC          MONIAUDIOMUTE
  C:98ECH         LINE#         325
  C:98ECH         LINE#         326
  C:98ECH         LINE#         327
  C:98F4H         LINE#         332
  -------         ENDPROC       MONIAUDIOMUTE
  C:7BE4H         SYMBOL        L?0279
  C:7BFEH         SYMBOL        L?0306
  C:7C0FH         SYMBOL        L?0323
  -------         PROC          _MONIAUDIOGAIN
  X:00A5H         SYMBOL        szParam
  -------         DO            
  D:0027H         SYMBOL        selch0
  D:0028H         SYMBOL        selch1
  D:0029H         SYMBOL        selch2
  D:002AH         SYMBOL        selch3
  D:002BH         SYMBOL        selch4
  D:002CH         SYMBOL        ch0val
  D:002DH         SYMBOL        ch1val
  D:002EH         SYMBOL        ch2val
  D:002FH         SYMBOL        ch3val
  D:0030H         SYMBOL        ch4val
  X:00A8H         SYMBOL        getStr
  -------         ENDDO         
  C:7ADCH         LINE#         340
  C:7ADEH         LINE#         341
  C:7ADEH         LINE#         346
  C:7AF1H         LINE#         348
  C:7B17H         LINE#         349
  C:7B17H         LINE#         350
  C:7B2CH         LINE#         351
  C:7B30H         LINE#         352
  C:7B33H         LINE#         354
  C:7B33H         LINE#         355
  C:7B55H         LINE#         357
  C:7B55H         LINE#         358
  C:7B58H         LINE#         359
  C:7B5BH         LINE#         361
  C:7B5BH         LINE#         362
  C:7B72H         LINE#         364
  C:7B72H         LINE#         365
  C:7B72H         LINE#         366
  C:7B75H         LINE#         367
  C:7B78H         LINE#         369
  C:7B78H         LINE#         370
  C:7B92H         LINE#         372
  C:7B92H         LINE#         373
  C:7B92H         LINE#         374
  C:7B95H         LINE#         375
BL51 BANKED LINKER/LOCATER V6.22.2.0                                                  07/14/2021  16:13:00  PAGE 27


  C:7B98H         LINE#         376
  C:7B9BH         LINE#         378
  C:7B9BH         LINE#         379
  C:7BC6H         LINE#         381
  C:7BC6H         LINE#         382
  C:7BCEH         LINE#         383
  C:7BD2H         LINE#         384
  C:7BDAH         LINE#         385
  C:7BE3H         LINE#         386
  C:7BE3H         LINE#         388
  C:7BE3H         LINE#         389
  C:7BE3H         LINE#         390
  C:7BE3H         LINE#         391
  -------         ENDPROC       _MONIAUDIOGAIN
  -------         PROC          _MONIAUDIOLIVE
  D:0001H         SYMBOL        szParam
  -------         DO            
  D:0027H         SYMBOL        chan
  -------         ENDDO         
  C:984AH         LINE#         398
  C:984AH         LINE#         399
  C:984AH         LINE#         402
  C:9857H         LINE#         404
  -------         ENDPROC       _MONIAUDIOLIVE
  -------         PROC          MONIREGISTERDUMP
  -------         DO            
  D:0027H         SYMBOL        addr
  D:0028H         SYMBOL        page
  -------         ENDDO         
  C:903DH         LINE#         411
  C:903DH         LINE#         412
  C:903DH         LINE#         416
  C:904BH         LINE#         417
  C:9059H         LINE#         418
  C:905CH         LINE#         419
  C:905CH         LINE#         420
  C:9072H         LINE#         421
  C:9074H         LINE#         422
  C:9083H         LINE#         423
  C:9087H         LINE#         424
  C:908BH         LINE#         425
  -------         ENDPROC       MONIREGISTERDUMP
  -------         PROC          _MONIVIDEOMIXWIN
  D:0001H         SYMBOL        szParam
  -------         DO            
  D:0027H         SYMBOL        chose
  D:0028H         SYMBOL        wintp
  -------         ENDDO         
  C:8E4CH         LINE#         431
  C:8E4CH         LINE#         432
  C:8E4CH         LINE#         435
  C:8E8EH         LINE#         437
  C:8E9BH         LINE#         438
  -------         ENDPROC       _MONIVIDEOMIXWIN
  C:6BC3H         SYMBOL        L?0278
  C:6BCAH         SYMBOL        L?0282
  C:6BD1H         SYMBOL        L?0286
BL51 BANKED LINKER/LOCATER V6.22.2.0                                                  07/14/2021  16:13:00  PAGE 28


  C:6BD8H         SYMBOL        L?0292
  C:6BDFH         SYMBOL        L?0293
  C:6BF0H         SYMBOL        L?0296
  C:6BF7H         SYMBOL        L?0299
  C:6BFEH         SYMBOL        L?0316
  -------         PROC          _MONIVIDEOMIXATTR
  X:00A5H         SYMBOL        szParam
  -------         DO            
  D:0027H         SYMBOL        chose
  D:0029H         SYMBOL        attrsel
  D:002AH         SYMBOL        setval
  D:002BH         SYMBOL        winNm
  D:002FH         SYMBOL        wincnt
  D:0030H         SYMBOL        division
  X:00A8H         SYMBOL        getStr
  -------         ENDDO         
  C:69F5H         LINE#         445
  C:69FAH         LINE#         446
  C:69FAH         LINE#         449
  C:69FDH         LINE#         453
  C:6A03H         LINE#         454
  C:6A0DH         LINE#         456
  C:6A13H         LINE#         457
  C:6A1FH         LINE#         459
  C:6A2DH         LINE#         460
  C:6A30H         LINE#         461
  C:6A30H         LINE#         462
  C:6A41H         LINE#         463
  C:6A44H         LINE#         464
  C:6A44H         LINE#         465
  C:6A55H         LINE#         466
  C:6A58H         LINE#         467
  C:6A58H         LINE#         468
  C:6A68H         LINE#         469
  C:6A6BH         LINE#         470
  C:6A6BH         LINE#         471
  C:6A7BH         LINE#         472
  C:6A7EH         LINE#         473
  C:6A7EH         LINE#         474
  C:6A8EH         LINE#         475
  C:6A91H         LINE#         476
  C:6A91H         LINE#         477
  C:6AA1H         LINE#         478
  C:6AA4H         LINE#         479
  C:6AA4H         LINE#         480
  C:6AB4H         LINE#         481
  C:6AB7H         LINE#         482
  C:6ABAH         LINE#         483
  C:6ACBH         LINE#         484
  C:6ACEH         LINE#         485
  C:6ACEH         LINE#         486
  C:6ADFH         LINE#         487
  C:6AE2H         LINE#         488
  C:6AE2H         LINE#         489
  C:6AF2H         LINE#         490
  C:6AF5H         LINE#         491
  C:6AF5H         LINE#         492
BL51 BANKED LINKER/LOCATER V6.22.2.0                                                  07/14/2021  16:13:00  PAGE 29


  C:6B05H         LINE#         493
  C:6B08H         LINE#         494
  C:6B08H         LINE#         495
  C:6B18H         LINE#         496
  C:6B1BH         LINE#         497
  C:6B1BH         LINE#         498
  C:6B2BH         LINE#         499
  C:6B2EH         LINE#         500
  C:6B2EH         LINE#         501
  C:6B41H         LINE#         502
  C:6B44H         LINE#         503
  C:6B47H         LINE#         504
  C:6B5CH         LINE#         505
  C:6B5FH         LINE#         506
  C:6B61H         LINE#         507
  C:6B61H         LINE#         509
  C:6B61H         LINE#         511
  C:6B77H         LINE#         512
  C:6B94H         LINE#         513
  C:6B94H         LINE#         514
  C:6BA5H         LINE#         515
  C:6BA7H         LINE#         516
  C:6BA7H         LINE#         517
  C:6BA9H         LINE#         518
  C:6BADH         LINE#         519
  C:6BB7H         LINE#         520
  C:6BBEH         LINE#         521
  C:6BBEH         LINE#         522
  C:6BC2H         LINE#         523
  -------         ENDPROC       _MONIVIDEOMIXATTR
  -------         PROC          _MONIYVIDEOMIX
  D:0001H         SYMBOL        szParam
  -------         DO            
  D:0027H         SYMBOL        chan
  -------         ENDDO         
  C:98ACH         LINE#         530
  C:98ACH         LINE#         531
  C:98ACH         LINE#         534
  C:98B9H         LINE#         535
  -------         ENDPROC       _MONIYVIDEOMIX
  -------         PROC          MONIVIDEOAUTODETECT
  C:9523H         LINE#         542
  C:9523H         LINE#         543
  C:9523H         LINE#         544
  -------         ENDPROC       MONIVIDEOAUTODETECT
  C:81BFH         SYMBOL        L?0273
  C:81DDH         SYMBOL        L?0319
  -------         PROC          _MONISETVIDEOFORMAT
  X:00A5H         SYMBOL        szParam
  -------         DO            
  D:0027H         SYMBOL        selch0
  D:0028H         SYMBOL        selch1
  D:0029H         SYMBOL        selch2
  D:002AH         SYMBOL        selch3
  D:002BH         SYMBOL        valch0
  D:002CH         SYMBOL        valch1
  D:002DH         SYMBOL        valch2
BL51 BANKED LINKER/LOCATER V6.22.2.0                                                  07/14/2021  16:13:00  PAGE 30


  D:002EH         SYMBOL        valch3
  X:00A8H         SYMBOL        getStr
  -------         ENDDO         
  C:80D2H         LINE#         556
  C:80D4H         LINE#         557
  C:80D4H         LINE#         562
  C:80E7H         LINE#         564
  C:8107H         LINE#         565
  C:8107H         LINE#         566
  C:811EH         LINE#         567
  C:8121H         LINE#         568
  C:8124H         LINE#         570
  C:8124H         LINE#         571
  C:813BH         LINE#         573
  C:8143H         LINE#         574
  C:814BH         LINE#         575
  C:814EH         LINE#         577
  C:814EH         LINE#         578
  C:8168H         LINE#         580
  C:8168H         LINE#         581
  C:816BH         LINE#         582
  C:8173H         LINE#         583
  C:8176H         LINE#         585
  C:8176H         LINE#         586
  C:81A1H         LINE#         588
  C:81A1H         LINE#         589
  C:81A4H         LINE#         590
  C:81B1H         LINE#         591
  C:81BEH         LINE#         592
  C:81BEH         LINE#         594
  C:81BEH         LINE#         595
  C:81BEH         LINE#         596
  C:81BEH         LINE#         597
  -------         ENDPROC       _MONISETVIDEOFORMAT
  C:8D2CH         SYMBOL        L?0300
  -------         PROC          _MONISHOWSODSTR
  X:00A5H         SYMBOL        szParam
  -------         DO            
  D:0027H         SYMBOL        addrx
  D:0028H         SYMBOL        addry
  X:00A8H         SYMBOL        getStr
  -------         ENDDO         
  C:8CE2H         LINE#         603
  C:8CE4H         LINE#         604
  C:8CE4H         LINE#         608
  C:8CE7H         LINE#         609
  C:8CF2H         LINE#         610
  C:8CF5H         LINE#         611
  C:8D00H         LINE#         613
  C:8D05H         LINE#         614
  C:8D0AH         LINE#         615
  C:8D0FH         LINE#         616
  C:8D27H         LINE#         617
  C:8D2CH         LINE#         618
  -------         ENDPROC       _MONISHOWSODSTR
  -------         PROC          PCT_AUDIOACTIONFORHS
  -------         DO            
BL51 BANKED LINKER/LOCATER V6.22.2.0                                                  07/14/2021  16:13:00  PAGE 31


  D:0027H         SYMBOL        winid
  D:0028H         SYMBOL        muteFlage
  -------         ENDDO         
  C:9272H         LINE#         624
  C:9272H         LINE#         625
  C:9272H         LINE#         627
  C:9275H         LINE#         630
  C:9283H         LINE#         631
  C:928CH         LINE#         632
  C:9298H         LINE#         633
  C:929BH         LINE#         634
  C:929BH         LINE#         635
  C:929FH         LINE#         637
  C:92A3H         LINE#         639
  C:92ABH         LINE#         644
  C:92B2H         LINE#         645
  C:92B2H         LINE#         647
  -------         ENDPROC       PCT_AUDIOACTIONFORHS
  -------         PROC          _MONIHSCOMM
  D:0001H         SYMBOL        szParam
  -------         DO            
  D:0027H         SYMBOL        winid
  D:0028H         SYMBOL        chose
  D:0029H         SYMBOL        wintp
  -------         ENDDO         
  C:7C19H         LINE#         654
  C:7C19H         LINE#         658
  C:7C83H         LINE#         661
  C:7C9DH         LINE#         665
  C:7CA5H         LINE#         666
  C:7CADH         LINE#         667
  C:7CB6H         LINE#         668
  C:7CBFH         LINE#         670
  C:7CC9H         LINE#         671
  C:7CD3H         LINE#         672
  C:7CDDH         LINE#         673
  C:7CE7H         LINE#         678
  C:7CF0H         LINE#         679
  C:7CF8H         LINE#         681
  C:7D02H         LINE#         683
  C:7D10H         LINE#         684
  C:7D21H         LINE#         688
  C:7D26H         LINE#         689
  C:7D2BH         LINE#         690
  C:7D30H         LINE#         691
  C:7D37H         LINE#         692
  C:7D3CH         LINE#         693
  C:7D41H         LINE#         694
  C:7D44H         LINE#         695
  C:7D4DH         LINE#         696
  C:7D54H         LINE#         698
  -------         ENDPROC       _MONIHSCOMM
  -------         PROC          PCT_CHECKSYSTEM
  -------         DO            
  D:0007H         SYMBOL        TempSystem
  -------         ENDDO         
  C:8A24H         LINE#         704
BL51 BANKED LINKER/LOCATER V6.22.2.0                                                  07/14/2021  16:13:00  PAGE 32


  C:8A24H         LINE#         705
  C:8A24H         LINE#         708
  C:8A29H         LINE#         710
  C:8A35H         LINE#         711
  C:8A37H         LINE#         712
  C:8A3DH         LINE#         713
  C:8A3FH         LINE#         715
  C:8A43H         LINE#         718
  C:8A52H         LINE#         720
  C:8A57H         LINE#         722
  C:8A5EH         LINE#         723
  C:8A67H         LINE#         724
  C:8A6FH         LINE#         726
  C:8A79H         LINE#         729
  C:8A7EH         LINE#         730
  C:8A81H         LINE#         731
  C:8A8AH         LINE#         732
  C:8A8DH         LINE#         734
  C:8A8EH         LINE#         735
  -------         ENDPROC       PCT_CHECKSYSTEM
  -------         PROC          _MONIHSCOMMSJMODE
  D:0001H         SYMBOL        szParam
  C:981EH         LINE#         741
  C:981EH         LINE#         742
  C:981EH         LINE#         743
  -------         ENDPROC       _MONIHSCOMMSJMODE
  -------         PROC          MONIHSCOMMDISSCROLL
  C:9956H         LINE#         750
  C:9956H         LINE#         751
  C:9956H         LINE#         752
  -------         ENDPROC       MONIHSCOMMDISSCROLL
  C:9227H         SYMBOL        L?0317
  -------         PROC          MONIHSCOMMVERSION
  -------         DO            
  X:00A5H         SYMBOL        version
  -------         ENDDO         
  C:91EEH         LINE#         760
  C:91EEH         LINE#         761
  C:91EEH         LINE#         762
  C:91F2H         LINE#         765
  C:91F7H         LINE#         772
  C:91FAH         LINE#         773
  C:91FEH         LINE#         774
  C:9209H         LINE#         775
  C:920EH         LINE#         777
  C:9217H         LINE#         778
  C:9217H         LINE#         779
  C:921AH         LINE#         780
  C:921CH         LINE#         781
  C:921EH         LINE#         783
  C:921EH         LINE#         784
  C:9221H         LINE#         785
  C:9226H         LINE#         786
  C:9226H         LINE#         788
  -------         ENDPROC       MONIHSCOMMVERSION
  C:672AH         SYMBOL        L?0262
[...]
  C:55DFH         LINE#         305
  C:55F0H         LINE#         306
  C:55F6H         LINE#         307
  C:55F9H         LINE#         309
  C:55F9H         LINE#         310
  C:55F9H         LINE#         313
  C:55F9H         LINE#         314
  C:5603H         LINE#         315
  C:5611H         LINE#         316
  C:5617H         LINE#         318
  C:5617H         LINE#         319
  C:5617H         LINE#         320
  C:5625H         LINE#         321
  C:562BH         LINE#         323
  C:562BH         LINE#         324
  C:5637H         LINE#         325
  C:5645H         LINE#         326
BL51 BANKED LINKER/LOCATER V6.22.2.0                                                  07/14/2021  16:13:00  PAGE 74


  C:5651H         LINE#         328
  C:5656H         LINE#         329
  C:565FH         LINE#         330
  C:5670H         LINE#         331
  C:567CH         LINE#         332
  C:567CH         LINE#         334
  C:567CH         LINE#         335
  C:567CH         LINE#         336
  C:567CH         LINE#         337
  -------         ENDPROC       _PCT_SETVIDEOHDELAY
  C:74E1H         SYMBOL        L?0168
  C:74EEH         SYMBOL        L?0181
  -------         PROC          _PCT_SETXVIDEOMIXING
  X:00A5H         SYMBOL        _typ
  X:00A6H         SYMBOL        _winch
  -------         DO            
  X:00A9H         SYMBOL        wregptr
  -------         ENDDO         
  C:7361H         LINE#         340
  C:736AH         LINE#         341
  C:736AH         LINE#         344
  C:737AH         LINE#         345
  C:738AH         LINE#         346
  C:739EH         LINE#         347
  C:73B2H         LINE#         349
  C:73E8H         LINE#         350
  C:73E8H         LINE#         351
  C:73E8H         LINE#         355
  C:73F7H         LINE#         356
  C:7401H         LINE#         357
  C:7401H         LINE#         358
  C:7404H         LINE#         360
  C:7404H         LINE#         361
  C:7404H         LINE#         362
  C:7404H         LINE#         363
  C:7404H         LINE#         364
  C:7413H         LINE#         365
  C:7415H         LINE#         367
  C:7426H         LINE#         368
  C:7431H         LINE#         369
  C:7431H         LINE#         370
  C:7434H         LINE#         372
  C:7434H         LINE#         373
  C:7434H         LINE#         374
  C:7434H         LINE#         375
  C:7434H         LINE#         376
  C:7434H         LINE#         377
  C:7434H         LINE#         378
  C:7434H         LINE#         379
  C:7434H         LINE#         380
  C:7443H         LINE#         381
  C:7445H         LINE#         383
  C:7456H         LINE#         384
  C:746AH         LINE#         385
  C:747BH         LINE#         386
  C:7480H         LINE#         387
  C:7483H         LINE#         389
BL51 BANKED LINKER/LOCATER V6.22.2.0                                                  07/14/2021  16:13:00  PAGE 75


  C:7483H         LINE#         390
  C:7483H         LINE#         391
  C:7492H         LINE#         392
  C:74A2H         LINE#         393
  C:74B3H         LINE#         394
  C:74C4H         LINE#         395
  C:74D2H         LINE#         396
  C:74E0H         LINE#         397
  C:74E0H         LINE#         399
  C:74E0H         LINE#         400
  C:74E0H         LINE#         401
  C:74E0H         LINE#         402
  -------         ENDPROC       _PCT_SETXVIDEOMIXING
  -------         PROC          _PCT_SETYVIDEOMIXING
  D:0007H         SYMBOL        _typ
  C:985EH         LINE#         408
  C:985EH         LINE#         409
  C:985EH         LINE#         410
  -------         ENDPROC       _PCT_SETYVIDEOMIXING
  C:7649H         SYMBOL        L?0153
  C:7656H         SYMBOL        L?0155
  C:7663H         SYMBOL        L?0165
  C:7670H         SYMBOL        L?0183
  C:7677H         SYMBOL        L?0184
  -------         PROC          _PCT_RECOMPENSEYHDELAY
  X:00A5H         SYMBOL        _chmiro
  -------         DO            
  X:00A8H         SYMBOL        ptr_Video_HDelay
  -------         ENDDO         
  C:74F6H         LINE#         414
  C:74FCH         LINE#         415
  C:74FCH         LINE#         419
  C:7505H         LINE#         420
  C:750AH         LINE#         422
  C:750DH         LINE#         425
  C:753AH         LINE#         426
  C:753AH         LINE#         428
  C:7553H         LINE#         429
  C:755CH         LINE#         430
  C:7579H         LINE#         431
  C:7582H         LINE#         432
  C:759BH         LINE#         433
  C:75A7H         LINE#         434
  C:75C7H         LINE#         435
  C:75C7H         LINE#         436
  C:75CAH         LINE#         438
  C:75CAH         LINE#         439
  C:75E0H         LINE#         440
  C:75E6H         LINE#         441
  C:75E9H         LINE#         443
  C:75E9H         LINE#         444
  C:75FFH         LINE#         445
  C:7605H         LINE#         446
  C:7608H         LINE#         448
  C:7608H         LINE#         449
  C:761EH         LINE#         450
  C:7624H         LINE#         451
BL51 BANKED LINKER/LOCATER V6.22.2.0                                                  07/14/2021  16:13:00  PAGE 76


  C:7626H         LINE#         453
  C:7626H         LINE#         454
  C:763CH         LINE#         455
  C:7648H         LINE#         456
  C:7648H         LINE#         457
  C:7648H         LINE#         458
  -------         ENDPROC       _PCT_RECOMPENSEYHDELAY
  -------         PROC          _PCT_WINATTRCTRL
  X:00ABH         SYMBOL        _wid
  X:00ACH         SYMBOL        _attrsel
  X:00ADH         SYMBOL        _setval
  -------         DO            
  D:0004H         SYMBOL        dat
  -------         ENDDO         
  C:9556H         LINE#         509
  C:9561H         LINE#         510
  C:9561H         LINE#         516
  C:956BH         LINE#         517
  C:957CH         LINE#         518
  -------         ENDPROC       _PCT_WINATTRCTRL
  -------         PROC          _PCT_WINATTRCTRLY
  X:00A5H         SYMBOL        _wid
  X:00A6H         SYMBOL        _attrsel
  X:00A7H         SYMBOL        _setval
  -------         DO            
  D:0004H         SYMBOL        dat
  -------         ENDDO         
  C:93E6H         LINE#         527
  C:93F1H         LINE#         528
  C:93F1H         LINE#         533
  C:93FEH         LINE#         534
  C:940FH         LINE#         535
  -------         ENDPROC       _PCT_WINATTRCTRLY
  -------         PROC          _PCT_WINATTRCLEAR
  X:00A5H         SYMBOL        _attrsel
  -------         DO            
  X:00A6H         SYMBOL        _wid
  X:00A7H         SYMBOL        dat
  -------         ENDDO         
  C:9372H         LINE#         544
  C:9376H         LINE#         545
  C:9376H         LINE#         552
  C:9386H         LINE#         553
  C:9393H         LINE#         554
  C:939CH         LINE#         555
  C:93A6H         LINE#         556
  C:93ADH         LINE#         557
  -------         ENDPROC       _PCT_WINATTRCLEAR
  -------         ENDMOD        TW28XX_VIDEO

  -------         MODULE        TW2835_INIT
  C:0000H         SYMBOL        _ICE_DUMMY_
  D:0090H         PUBLIC        P1
  D:00B0H         PUBLIC        P3
  D:00A8H         PUBLIC        IE
  C:33ACH         PUBLIC        TW2835_Page0
  C:35ACH         PUBLIC        TW2835_Page1
BL51 BANKED LINKER/LOCATER V6.22.2.0                                                  07/14/2021  16:13:00  PAGE 77


  C:37ACH         PUBLIC        TW2837_Page0
  C:39ACH         PUBLIC        TW2837_Page1
  C:3BACH         PUBLIC        TW2837_Page2
  C:8C21H         PUBLIC        PCT_InitialTW2835
  D:00B8H         PUBLIC        IP
  C:3C2CH         PUBLIC        tbl_ntsc_pg1_pic_fl
  C:3C3CH         PUBLIC        tbl_ntsc_pg1_pic_qd
  C:9886H         PUBLIC        PCT_TW2835ResetN
  C:3C7CH         PUBLIC        tbl_pal_pg1_pic_qd
  D:00D8H         PUBLIC        CCON
  D:00C0H         PUBLIC        WDTC
  D:0098H         PUBLIC        SCON
  C:3C5CH         PUBLIC        tbl_ntsc_pg1_pic_9_rb
  D:0088H         PUBLIC        TCON
  C:3C9CH         PUBLIC        tbl_pal_pg1_pic_9_rb
  C:97D8H         PUBLIC        PCT_TW2837IDCheck
  C:3C4CH         PUBLIC        tbl_ntsc_pg1_pic_9_lt
  C:877EH         PUBLIC        _PCT_ChangeSystemType
  C:3C8CH         PUBLIC        tbl_pal_pg1_pic_9_lt
  D:00E8H         PUBLIC        IEA
  D:00F8H         PUBLIC        IPA
  C:3C6CH         PUBLIC        tbl_ntsc_pg1_enc
  C:3CACH         PUBLIC        tbl_pal_pg1_enc
  D:00C8H         PUBLIC        T2CON
  B:00B0H.4       PUBLIC        RSTn
  X:009AH         PUBLIC        TW2837IDCheck
  C:6E10H         PUBLIC        PCT_TW2835_Initial
  D:00D0H         PUBLIC        PSW
  C:95B5H         SYMBOL        Com001B
  C:95B5H         SYMBOL        L?0028
  C:95BEH         SYMBOL        L?0029
  C:95CDH         SYMBOL        L?0042
  C:95D9H         SYMBOL        L?0043
  -------         PROC          COM001B
  -------         ENDPROC       COM001B
  C:8C78H         SYMBOL        L?0044
  -------         PROC          PCT_INITIALTW2835
  C:8C21H         LINE#         73
  C:8C21H         LINE#         74
  C:8C21H         LINE#         75
  C:8C24H         LINE#         76
  C:8C28H         LINE#         79
  C:8C2DH         LINE#         81
  C:8C30H         LINE#         83
  C:8C38H         LINE#         85
  C:8C3FH         LINE#         86
  C:8C3FH         LINE#         87
  C:8C45H         LINE#         89
  C:8C4EH         LINE#         90
  C:8C4EH         LINE#         91
  C:8C50H         LINE#         92
  C:8C50H         LINE#         94
  C:8C50H         LINE#         96
  C:8C50H         LINE#         97
  C:8C59H         LINE#         98
  C:8C62H         LINE#         99
  C:8C64H         LINE#         100
BL51 BANKED LINKER/LOCATER V6.22.2.0                                                  07/14/2021  16:13:00  PAGE 78


  C:8C64H         LINE#         102
  C:8C64H         LINE#         103
  C:8C6BH         LINE#         104
  C:8C6DH         LINE#         105
  C:8C72H         LINE#         107
  C:8C75H         LINE#         108
  C:8C78H         LINE#         109
  -------         ENDPROC       PCT_INITIALTW2835
  -------         PROC          PCT_TW2835RESETN
  -------         DO            
  D:0006H         SYMBOL        _delay
  -------         ENDDO         
  C:9886H         LINE#         115
  C:9886H         LINE#         116
  C:9886H         LINE#         131
  C:9888H         LINE#         132
  C:9896H         LINE#         133
  C:9898H         LINE#         135
  -------         ENDPROC       PCT_TW2835RESETN
  -------         PROC          PCT_TW2837IDCHECK
  C:97D8H         LINE#         142
  C:97D8H         LINE#         143
  C:97D8H         LINE#         144
  C:97E7H         LINE#         145
  C:97ECH         LINE#         147
  C:97F0H         LINE#         148
  -------         ENDPROC       PCT_TW2837IDCHECK
  C:6F54H         SYMBOL        L?0030
  C:6F6AH         SYMBOL        L?0031
  C:6F7DH         SYMBOL        L?0032
  C:6F93H         SYMBOL        L?0033
  C:6FA2H         SYMBOL        L?0035
  C:6FB4H         SYMBOL        L?0036
  C:6FC4H         SYMBOL        L?0038
  C:6FD2H         SYMBOL        L?0039
  C:6FDFH         SYMBOL        L?0041
  -------         PROC          PCT_TW2835_INITIAL
  -------         DO            
  X:00A5H         SYMBOL        offset
  -------         ENDDO         
  C:6E10H         LINE#         154
  C:6E10H         LINE#         155
  C:6E10H         LINE#         158
  C:6E15H         LINE#         159
  C:6E1DH         LINE#         160
  C:6E1DH         LINE#         162
  C:6E24H         LINE#         164
  C:6E34H         LINE#         165
  C:6E44H         LINE#         167
  C:6E5AH         LINE#         169
  C:6E68H         LINE#         171
  C:6E73H         LINE#         173
  C:6E83H         LINE#         176
  C:6E93H         LINE#         177
  C:6EA3H         LINE#         178
  C:6EBAH         LINE#         180
  C:6EC1H         LINE#         181
BL51 BANKED LINKER/LOCATER V6.22.2.0                                                  07/14/2021  16:13:00  PAGE 79


  C:6ECAH         LINE#         182
  C:6ED2H         LINE#         183
  C:6EDDH         LINE#         184
  C:6EE1H         LINE#         185
  C:6EE3H         LINE#         186
  C:6EE3H         LINE#         187
  C:6EECH         LINE#         188
  C:6EFCH         LINE#         189
  C:6F04H         LINE#         190
  C:6F0FH         LINE#         191
  C:6F1CH         LINE#         192
  C:6F1CH         LINE#         194
  C:6F1CH         LINE#         196
  C:6F1CH         LINE#         197
  C:6F26H         LINE#         198
  C:6F31H         LINE#         200
  C:6F3CH         LINE#         202
  C:6F53H         LINE#         204
  C:6F53H         LINE#         208
  -------         ENDPROC       PCT_TW2835_INITIAL
  C:87DFH         SYMBOL        L?0034
  C:87F2H         SYMBOL        L?0037
  C:8804H         SYMBOL        L?0040
  -------         PROC          _PCT_CHANGESYSTEMTYPE
  D:0007H         SYMBOL        _sys
  -------         DO            
  X:009FH         SYMBOL        offset
  -------         ENDDO         
  C:877EH         LINE#         214
  C:877EH         LINE#         215
  C:877EH         LINE#         218
  C:8781H         LINE#         220
  C:8788H         LINE#         221
  C:8788H         LINE#         222
  C:878BH         LINE#         224
  C:8796H         LINE#         226
  C:87A1H         LINE#         227
  C:87A9H         LINE#         228
  C:87ABH         LINE#         230
  C:87ABH         LINE#         231
  C:87B1H         LINE#         233
  C:87BCH         LINE#         235
  C:87C7H         LINE#         236
  C:87DEH         LINE#         238
  C:87DEH         LINE#         240
  -------         ENDPROC       _PCT_CHANGESYSTEMTYPE
  -------         ENDMOD        TW2835_INIT

  -------         MODULE        ?C?CLDPTR
  C:4FF3H         PUBLIC        ?C?CLDPTR
  -------         ENDMOD        ?C?CLDPTR

  -------         MODULE        ?C?CLDOPTR
  C:500CH         PUBLIC        ?C?CLDOPTR
  -------         ENDMOD        ?C?CLDOPTR

  -------         MODULE        ?C?CSTPTR
BL51 BANKED LINKER/LOCATER V6.22.2.0                                                  07/14/2021  16:13:00  PAGE 80


  C:5039H         PUBLIC        ?C?CSTPTR
  -------         ENDMOD        ?C?CSTPTR

  -------         MODULE        ?C?IMUL
  C:504BH         PUBLIC        ?C?IMUL
  -------         ENDMOD        ?C?IMUL

  -------         MODULE        ?C?ILDPTR
  C:505DH         PUBLIC        ?C?ILDPTR
  -------         ENDMOD        ?C?ILDPTR

  -------         MODULE        ?C?IILDOPTR
  C:5088H         PUBLIC        ?C?IILDOPTR
  -------         ENDMOD        ?C?IILDOPTR

  -------         MODULE        ?C?ULCMP
  C:50D5H         PUBLIC        ?C?ULCMP
  -------         ENDMOD        ?C?ULCMP

  -------         MODULE        ?C?PLDPTR
  C:50E6H         PUBLIC        ?C?PLDPTR
  -------         ENDMOD        ?C?PLDPTR

  -------         MODULE        ?C?PSTPTR
  C:5106H         PUBLIC        ?C?PSTPTR
  -------         ENDMOD        ?C?PSTPTR

  -------         MODULE        ?C?CCASE
  C:5155H         PUBLIC        ?C?CCASE
  -------         ENDMOD        ?C?CCASE

  -------         MODULE        PRINTF
  X:00A5H         PUBLIC        ?_PRINTF517?BYTE
  X:00A5H         PUBLIC        ?_PRINTF?BYTE
  X:00A5H         PUBLIC        ?_SPRINTF517?BYTE
  X:00A5H         PUBLIC        ?_SPRINTF?BYTE
  C:5BF3H         PUBLIC        _PRINTF
  C:5BF3H         PUBLIC        _PRINTF517
  C:5BEDH         PUBLIC        _SPRINTF
  C:5BEDH         PUBLIC        _SPRINTF517
  -------         ENDMOD        PRINTF

  -------         MODULE        PUTS
  C:95E3H         PUBLIC        _PUTS
  -------         ENDMOD        PUTS

  -------         MODULE        SCANF
  X:00ABH         PUBLIC        ?_SCANF517?BYTE
  X:00ABH         PUBLIC        ?_SCANF?BYTE
  X:00ABH         PUBLIC        ?_SSCANF517?BYTE
  X:00ABH         PUBLIC        ?_SSCANF?BYTE
  C:5F6EH         PUBLIC        _SCANF
  C:5F6EH         PUBLIC        _SCANF517
  C:5F6AH         PUBLIC        _SSCANF
  C:5F6AH         PUBLIC        _SSCANF517
  -------         ENDMOD        SCANF

BL51 BANKED LINKER/LOCATER V6.22.2.0                                                  07/14/2021  16:13:00  PAGE 81


  -------         MODULE        ?C?STRCMP
  C:52F9H         PUBLIC        ?C?STRCMP
  -------         ENDMOD        ?C?STRCMP

  -------         MODULE        STRLEN
  C:000EH         PUBLIC        _STRLEN
  -------         ENDMOD        STRLEN

  -------         MODULE        ATOI
  C:84CCH         PUBLIC        _atoi
  -------         ENDMOD        ATOI

  -------         MODULE        ?C?IILDX
  C:5316H         PUBLIC        ?C?IILDX
  -------         ENDMOD        ?C?IILDX

  -------         MODULE        ?C?ISTPTR
  C:532CH         PUBLIC        ?C?ISTPTR
  -------         ENDMOD        ?C?ISTPTR

  -------         MODULE        ?C?LNEG
  C:534BH         PUBLIC        ?C?LNEG
  -------         ENDMOD        ?C?LNEG

  -------         MODULE        ?C?LSTPTR
  C:5359H         PUBLIC        ?C?LSTPTR
  -------         ENDMOD        ?C?LSTPTR

  -------         MODULE        ?C?PLDIDATA
  C:5373H         PUBLIC        ?C?PLDIDATA
  -------         ENDMOD        ?C?PLDIDATA

  -------         MODULE        ?C?PSTIDATA
  C:537CH         PUBLIC        ?C?PSTIDATA
  -------         ENDMOD        ?C?PSTIDATA

  -------         MODULE        ?C?PLDXDATA
  C:5385H         PUBLIC        ?C?PLDXDATA
  -------         ENDMOD        ?C?PLDXDATA

  -------         MODULE        ?C?PSTXDATA
  C:538EH         PUBLIC        ?C?PSTXDATA
  -------         ENDMOD        ?C?PSTXDATA

  -------         MODULE        ?C?PLDPDATA
  C:5397H         PUBLIC        ?C?PLDPDATA
  -------         ENDMOD        ?C?PLDPDATA

  -------         MODULE        ?C?PLDIPDATA
  C:53A0H         PUBLIC        ?C?PLDIPDATA
  -------         ENDMOD        ?C?PLDIPDATA

  -------         MODULE        ?C?PILDPDATA
  C:53B0H         PUBLIC        ?C?PILDPDATA
  -------         ENDMOD        ?C?PILDPDATA

  -------         MODULE        ?C?PSTPDATA
BL51 BANKED LINKER/LOCATER V6.22.2.0                                                  07/14/2021  16:13:00  PAGE 82


  C:53C0H         PUBLIC        ?C?PSTPDATA
  -------         ENDMOD        ?C?PSTPDATA

  -------         MODULE        ?C?PLDCODE
  C:53C9H         PUBLIC        ?C?PLDCODE
  -------         ENDMOD        ?C?PLDCODE

  -------         MODULE        PUTCHAR
  C:9686H         PUBLIC        _PUTCHAR
  -------         ENDMOD        PUTCHAR

  -------         MODULE        GETCHAR
  B:0024H.2       PUBLIC        ?C?CHARLOADED
  X:009BH         PUBLIC        ?_UNGETCHAR?BYTE
  C:9899H         PUBLIC        GETCHAR
  -------         ENDMOD        GETCHAR

  -------         MODULE        UNGETC
  C:994FH         PUBLIC        _UNGETCHAR
  -------         ENDMOD        UNGETC

  -------         MODULE        ISDIGIT
  C:98FBH         PUBLIC        _isdigit
  -------         ENDMOD        ISDIGIT

  -------         MODULE        ISSPACE
  C:9872H         PUBLIC        _isspace
  -------         ENDMOD        ISSPACE

  -------         MODULE        ?C?LSTIDATA
  C:53D5H         PUBLIC        ?C?LSTIDATA
  -------         ENDMOD        ?C?LSTIDATA

  -------         MODULE        ?C?LSTXDATA
  C:53E1H         PUBLIC        ?C?LSTXDATA
  -------         ENDMOD        ?C?LSTXDATA

  -------         MODULE        ?C?LSTPDATA
  C:53EDH         PUBLIC        ?C?LSTPDATA
  -------         ENDMOD        ?C?LSTPDATA

  -------         MODULE        _GETKEY
  C:992CH         PUBLIC        _GETKEY
  -------         ENDMOD        _GETKEY

Program Size: data=46.3 xdata=219 code=39271
LINK/LOCATE RUN COMPLETE.  0 WARNING(S),  0 ERROR(S)
