BL51 BANKED LINKER/LOCATER V6.22                                                        03/28/2018  18:26:36  PAGE 1


BL51 BANKED LINKER/LOCATER V6.22, INVOKED BY:
C:\KEIL\C51\BIN\BL51.EXE .\OBJ\STARTUP.obj, .\OBJ\UART.obj, .\OBJ\BusCtrl.obj, .\OBJ\CommandShell.obj, .\OBJ\Main.obj, .
>> \OBJ\OSD_Graph.obj, .\OBJ\OSDAction.obj, .\OBJ\OSDCtrl.obj, .\OBJ\Timer.obj, .\OBJ\TW28xx_Audio.obj, .\OBJ\TW28xx_Vid
>> eo.obj, .\OBJ\TW2835_Init.obj TO .\OBJ\TW2835 PRINT (.\OBJ\TW2835.m51) RAMSIZE (256)


MEMORY MODEL: COMPACT


INPUT MODULES INCLUDED:
  .\OBJ\STARTUP.obj (?C_STARTUP)
  .\OBJ\UART.obj (UART)
  .\OBJ\BusCtrl.obj (BUSCTRL)
  .\OBJ\CommandShell.obj (COMMANDSHELL)
  .\OBJ\Main.obj (MAIN)
  .\OBJ\OSD_Graph.obj (OSD_GRAPH)
  .\OBJ\OSDAction.obj (OSDACTION)
  .\OBJ\OSDCtrl.obj (OSDCTRL)
  .\OBJ\Timer.obj (TIMER)
  .\OBJ\TW28xx_Audio.obj (TW28XX_AUDIO)
  .\OBJ\TW28xx_Video.obj (TW28XX_VIDEO)
  .\OBJ\TW2835_Init.obj (TW2835_INIT)
  C:\KEIL\C51\LIB\C51C.LIB (?C_INIT)
  C:\KEIL\C51\LIB\C51C.LIB (?C?CLDPTR)
  C:\KEIL\C51\LIB\C51C.LIB (?C?CLDOPTR)
  C:\KEIL\C51\LIB\C51C.LIB (?C?CSTPTR)
  C:\KEIL\C51\LIB\C51C.LIB (?C?IMUL)
  C:\KEIL\C51\LIB\C51C.LIB (?C?ILDPTR)
  C:\KEIL\C51\LIB\C51C.LIB (?C?IILDOPTR)
  C:\KEIL\C51\LIB\C51C.LIB (?C?ULCMP)
  C:\KEIL\C51\LIB\C51C.LIB (?C?PLDPTR)
  C:\KEIL\C51\LIB\C51C.LIB (?C?PSTPTR)
  C:\KEIL\C51\LIB\C51C.LIB (?C?CCASE)
  C:\KEIL\C51\LIB\C51C.LIB (PRINTF)
  C:\KEIL\C51\LIB\C51C.LIB (PUTS)
  C:\KEIL\C51\LIB\C51C.LIB (SCANF)
  C:\KEIL\C51\LIB\C51C.LIB (?C?STRCMP)
  C:\KEIL\C51\LIB\C51C.LIB (STRLEN)
  C:\KEIL\C51\LIB\C51C.LIB (ATOI)
  C:\KEIL\C51\LIB\C51C.LIB (?C?IILDX)
  C:\KEIL\C51\LIB\C51C.LIB (?C?ISTPTR)
  C:\KEIL\C51\LIB\C51C.LIB (?C?LNEG)
  C:\KEIL\C51\LIB\C51C.LIB (?C?LSTPTR)
  C:\KEIL\C51\LIB\C51C.LIB (?C?PLDIDATA)
  C:\KEIL\C51\LIB\C51C.LIB (?C?PSTIDATA)
  C:\KEIL\C51\LIB\C51C.LIB (?C?PLDXDATA)
  C:\KEIL\C51\LIB\C51C.LIB (?C?PSTXDATA)
  C:\KEIL\C51\LIB\C51C.LIB (?C?PLDPDATA)
  C:\KEIL\C51\LIB\C51C.LIB (?C?PLDIPDATA)
  C:\KEIL\C51\LIB\C51C.LIB (?C?PILDPDATA)
  C:\KEIL\C51\LIB\C51C.LIB (?C?PSTPDATA)
  C:\KEIL\C51\LIB\C51C.LIB (?C?PLDCODE)
  C:\KEIL\C51\LIB\C51C.LIB (PUTCHAR)
  C:\KEIL\C51\LIB\C51C.LIB (GETCHAR)
  C:\KEIL\C51\LIB\C51C.LIB (UNGETC)
  C:\KEIL\C51\LIB\C51C.LIB (ISDIGIT)
  C:\KEIL\C51\LIB\C51C.LIB (ISSPACE)
  C:\KEIL\C51\LIB\C51C.LIB (?C?LSTIDATA)
BL51 BANKED LINKER/LOCATER V6.22                                                      03/28/2018  18:26:36  PAGE 2


  C:\KEIL\C51\LIB\C51C.LIB (?C?LSTXDATA)
  C:\KEIL\C51\LIB\C51C.LIB (?C?LSTPDATA)
  C:\KEIL\C51\LIB\C51C.LIB (_GETKEY)


LINK MAP OF MODULE:  .\OBJ\TW2835 (?C_STARTUP)


            TYPE    BASE      LENGTH    RELOCATION   SEGMENT NAME
            -----------------------------------------------------

            * * * * * * *   D A T A   M E M O R Y   * * * * * * *
            REG     0000H     0008H     ABSOLUTE     "REG BANK 0"
            REG     0008H     0008H     ABSOLUTE     "REG BANK 1"
            DATA    0010H     0006H     UNIT         ?DT?TIMER
            DATA    0016H     0002H     UNIT         ?DT?OSDCTRL
                    0018H     0008H                  *** GAP ***
            DATA    0020H     0001H     BIT_ADDR     ?BA?MAIN
            DATA    0021H     0001H     BIT_ADDR     ?BA?OSDACTION
            DATA    0022H     0001H     BIT_ADDR     ?BA?OSDCTRL
            BIT     0023H.0   0001H.1   UNIT         _BIT_GROUP_
            BIT     0024H.1   0000H.1   UNIT         ?BI?MAIN
            BIT     0024H.2   0000H.1   UNIT         ?BI?GETCHAR
                    0024H.3   0000H.5                *** GAP ***
            DATA    0025H     0011H     UNIT         _DATA_GROUP_
            IDATA   0036H     0001H     UNIT         ?STACK

            * * * * * * *  X D A T A   M E M O R Y  * * * * * * *
            XDATA   0000H     0052H     INPAGE       ?PD?UART
            XDATA   0052H     0019H     INPAGE       ?PD?COMMANDSHELL
            XDATA   006BH     002DH     INPAGE       ?PD?MAIN
            XDATA   0098H     0001H     INPAGE       ?PD?OSD_GRAPH
            XDATA   0099H     0002H     INPAGE       ?PD?OSDACTION
            XDATA   009BH     0001H     INPAGE       ?PD?GETCHAR
            XDATA   009CH     003DH     INPAGE       _PDATA_GROUP_
            XDATA   00D9H     0001H     UNIT         ?XD?COMMANDSHELL

            * * * * * * *   C O D E   M E M O R Y   * * * * * * *
            CODE    0000H     0003H     ABSOLUTE     
            CODE    0003H     0008H     UNIT         ?PR?_RS_TX?UART
            CODE    000BH     0003H     ABSOLUTE     
            CODE    000EH     0015H     UNIT         ?PR?_STRLEN?STRLEN
            CODE    0023H     0003H     ABSOLUTE     
            CODE    0026H     24E6H     UNIT         ?CO?OSD_GRAPH
            CODE    250CH     0EA0H     UNIT         ?CO?OSDCTRL
            CODE    33ACH     045FH     UNIT         ?PR?_PCT_SHOWMIRRORICON?OSDACTION
            CODE    380BH     0453H     UNIT         ?CO?TW28XX_VIDEO
            CODE    3C5EH     0406H     UNIT         ?C?LIB_CODE
            CODE    4064H     0400H     UNIT         ?CO?TW2835_INIT
            CODE    4464H     0367H     UNIT         ?PR?_PCT_SETVIDEOHDELAY?TW28XX_VIDEO
            CODE    47CBH     035BH     UNIT         ?PR?PRINTF?PRINTF
            CODE    4B26H     0330H     UNIT         ?PR?_PCT_OSD_ACTIONPTHX?OSDACTION
            CODE    4E56H     0316H     UNIT         ?PR?SCANF?SCANF
            CODE    516CH     02DFH     UNIT         ?CO?COMMANDSHELL
            CODE    544BH     028CH     UNIT         ?PR?_PCT_RUNCOMMSHELL?COMMANDSHELL
            CODE    56D7H     025AH     UNIT         ?PR?_PCT_SHOWINDICATEICON?OSDACTION
            CODE    5931H     0210H     UNIT         ?PR?_MONIVIDEOMIXATTR?COMMANDSHELL
BL51 BANKED LINKER/LOCATER V6.22                                                      03/28/2018  18:26:36  PAGE 3


            CODE    5B41H     020BH     UNIT         ?PR?COMMANDSHELL
            CODE    5D4CH     01B8H     UNIT         ?PR?PCT_AUDIOREGLIST?TW28XX_AUDIO
            CODE    5F04H     0195H     UNIT         ?PR?_PCT_SETXVIDEOMIXING?TW28XX_VIDEO
            CODE    6099H     018AH     UNIT         ?PR?_MONIAUDIOMIXING?COMMANDSHELL
            CODE    6223H     016FH     UNIT         ?PR?_PCT_OSD16X16GRAPHX?OSD_GRAPH
            CODE    6392H     0169H     UNIT         ?PR?_PCT_WRITEOSDDATABUFFERX?OSDCTRL
            CODE    64FBH     0156H     UNIT         ?PR?OSDCTRL
            CODE    6651H     013DH     UNIT         ?PR?_MONIAUDIOGAIN?COMMANDSHELL
            CODE    678EH     0136H     UNIT         ?PR?_MONIHSCOMM?COMMANDSHELL
            CODE    68C4H     012FH     UNIT         ?PR?PCT_INITOSDCOLOR?OSDCTRL
            CODE    69F3H     0120H     UNIT         ?PR?_PCT_RECOMPENSEYHDELAY?TW28XX_VIDEO
            CODE    6B13H     011DH     UNIT         ?PR?_PCT_WRITEOSDDATABUFFERY?OSDCTRL
            CODE    6C30H     0117H     UNIT         ?PR?_MONISETVIDEOFORMAT?COMMANDSHELL
            CODE    6D47H     0104H     UNIT         ?PR?TW28XX_VIDEO
            CODE    6E4BH     00F7H     UNIT         ?PR?_PCT_WRITEOSDFNTX?OSDCTRL
            CODE    6F42H     00E2H     UNIT         ?PR?_PCT_WRITEOSDFNTY?OSDCTRL
            CODE    7024H     00D0H     UNIT         ?PR?_ATOI?ATOI
            CODE    70F4H     00A1H     UNIT         ?PR?_PCT_CLEARWORDSPATHX?OSDCTRL
            CODE    7195H     009EH     UNIT         ?PR?_PCT_FULLCOLORONOSD?OSDCTRL
            CODE    7233H     0097H     UNIT         ?PR?_PCT_SETCHANELSCALE?TW28XX_VIDEO
            CODE    72CAH     008CH     UNIT         ?C_C51STARTUP
            CODE    7356H     0084H     UNIT         ?PR?PCT_GETVIDEOSIGNALSTATUS?OSDACTION
            CODE    73DAH     0075H     UNIT         ?PR?MAIN?MAIN
            CODE    744FH     0068H     UNIT         ?PR?_PCT_GETFIRSTSTR?COMMANDSHELL
            CODE    74B7H     0068H     UNIT         ?PR?OSDACTION
            CODE    751FH     0064H     UNIT         ?PR?PCT_TW2835_INITIAL?TW2835_INIT
            CODE    7583H     0063H     UNIT         ?PR?PCT_CHECKSYSTEM?COMMANDSHELL
            CODE    75E6H     0062H     UNIT         ?PR?_PCT_CHANGESYSTEMTYPE?TW2835_INIT
            CODE    7648H     0061H     UNIT         ?PR?_PCT_AUDIOMIXCTRL?TW28XX_AUDIO
            CODE    76A9H     0060H     UNIT         ?PR?_PCT_SHOWOSDSTRING?OSDCTRL
            CODE    7709H     005FH     UNIT         ?PR?_PCT_SHOWGRAPHSTRING?OSD_GRAPH
            CODE    7768H     005DH     UNIT         ?PR?_MONISHOWSODSTR?COMMANDSHELL
            CODE    77C5H     005BH     UNIT         ?PR?_PCT_AUDIOGAINCTRL?TW28XX_AUDIO
            CODE    7820H     0057H     UNIT         ?PR?_PCT_WRITESTABLE?BUSCTRL
            CODE    7877H     0056H     UNIT         ?PR?_MONIVIDEOMIXWIN?COMMANDSHELL
            CODE    78CDH     0054H     UNIT         ?PR?TIMER0_INTERRUPT?TIMER
            CODE    7921H     0052H     UNIT         ?PR?COMMANDSHELL?MAIN
            CODE    7973H     0050H     UNIT         ?PR?_PCT_SETOSDCOLOR?OSDCTRL
            CODE    79C3H     004CH     UNIT         ?PR?_MONIWRITEASICBYTE?COMMANDSHELL
            CODE    7A0FH     004AH     UNIT         ?PR?_PCT_WRITEASICTABLE?BUSCTRL
            CODE    7A59H     004AH     UNIT         ?PR?PCT_INITIALOSD?OSDACTION
            CODE    7AA3H     0049H     UNIT         ?PR?MONIREGISTERDUMP?COMMANDSHELL
            CODE    7AECH     0047H     UNIT         ?PR?_MONIREADASICBYTE?COMMANDSHELL
            CODE    7B33H     0047H     UNIT         ?PR?_PCT_DETECTVIDEOFORMAT?TW28XX_VIDEO
            CODE    7B7AH     0046H     UNIT         ?PR?_WAIT_MS?MAIN
            CODE    7BC0H     0044H     UNIT         ?PR?PCT_SHOWMODEICON?OSDACTION
            CODE    7C04H     0043H     UNIT         ?PR?_MONIREADPAGEBUFFER?COMMANDSHELL
            CODE    7C47H     0042H     UNIT         ?PR?PCT_INITIALTW2835?TW2835_INIT
            CODE    7C89H     0041H     UNIT         ?PR?_PCT_CHECKVMIXTYPE?COMMANDSHELL
            CODE    7CCAH     0041H     UNIT         ?PR?TW28XX_AUDIO
            CODE    7D0BH     0040H     UNIT         ?PR?OSD_GRAPH
            CODE    7D4BH     0040H     UNIT         ?CO?TW28XX_AUDIO
            CODE    7D8BH     003EH     UNIT         ?PR?_PCT_STRTOCOMMCODE?COMMANDSHELL
            CODE    7DC9H     003BH     UNIT         ?PR?PCT_AUDIOACTIONFORHS?COMMANDSHELL
            CODE    7E04H     0038H     UNIT         ?PR?_PCT_WINATTRCTRLY?TW28XX_VIDEO
            CODE    7E3CH     0038H     UNIT         ?PR?_PCT_WINATTRCLEAR?TW28XX_VIDEO
            CODE    7E74H     0036H     UNIT         ?PR?_PUTSP?MAIN
BL51 BANKED LINKER/LOCATER V6.22                                                      03/28/2018  18:26:36  PAGE 4


            CODE    7EAAH     0035H     UNIT         ?PR?_PCT_ENSHOWOSDPAGE?OSDCTRL
            CODE    7EDFH     0033H     UNIT         ?PR?_PCT_READASICBYTE?BUSCTRL
            CODE    7F12H     0033H     UNIT         ?PR?_MONIREADONEBUFFER?COMMANDSHELL
            CODE    7F45H     0033H     UNIT         ?PR?_MONIWRITEONEBUFFER?COMMANDSHELL
            CODE    7F78H     0033H     UNIT         ?PR?MONIVIDEOAUTODETECT?COMMANDSHELL
            CODE    7FABH     0033H     UNIT         ?PR?_PCT_AUDIOMIXMUTE?TW28XX_AUDIO
            CODE    7FDEH     0031H     UNIT         ?PR?_PCT_WINATTRCTRL?TW28XX_VIDEO
            CODE    800FH     002EH     UNIT         ?PR?MONIHSCOMMVERSION?COMMANDSHELL
            CODE    803DH     002DH     UNIT         ?PR?_PCT_WRITEASICBYTE?BUSCTRL
            CODE    806AH     002AH     UNIT         ?PR?_CHKSTARTCOMMSHELL?MAIN
            CODE    8094H     002AH     UNIT         ?PR?_PUTS?PUTS
            CODE    80BEH     0028H     UNIT         ?PR?BUSCTRL
            CODE    80E6H     0028H     UNIT         ?PR?_PCT_AUDIOSELLIVE?TW28XX_AUDIO
            CODE    810EH     0028H     UNIT         ?PR?_PCT_SETVIDEOFORMAT?TW28XX_VIDEO
            CODE    8136H     0027H     UNIT         ?PR?RS_INTERRUPT?UART
            CODE    815DH     0027H     UNIT         ?PR?PUTCHAR?PUTCHAR
            CODE    8184H     0025H     UNIT         ?PR?PCT_OSDACTIONFORHS?OSDACTION
            CODE    81A9H     0025H     UNIT         ?CO?OSDACTION
            CODE    81CEH     0023H     UNIT         ?PR?INITIALMPU?MAIN
            CODE    81F1H     001DH     UNIT         ?PR?_PCT_SETOSDDRAWPAGE?OSDCTRL
            CODE    820EH     001CH     UNIT         ?PR?_PCT_DISSHOWOSDPAGE?OSDCTRL
            CODE    822AH     001AH     UNIT         ?PR?RS_RX?UART
            CODE    8244H     0019H     UNIT         ?PR?_PCT_CLEAROSDPAGEX?OSDCTRL
            CODE    825DH     0018H     UNIT         ?PR?TW2835_INIT
            CODE    8275H     0017H     UNIT         ?CO?MAIN
            CODE    828CH     0016H     UNIT         ?PR?_MONIHSCOMMSJMODE?COMMANDSHELL
            CODE    82A2H     0016H     UNIT         ?PR?RESETCOMMSELL?MAIN
            CODE    82B8H     0016H     UNIT         ?PR?INITIALTIMER0?TIMER
            CODE    82CEH     0014H     UNIT         ?PR?_MONIAUDIOLIVE?COMMANDSHELL
            CODE    82E2H     0014H     UNIT         ?PR?_PCT_SETYVIDEOMIXING?TW28XX_VIDEO
            CODE    82F6H     0014H     UNIT         ?PR?_ISSPACE?ISSPACE
            CODE    830AH     0013H     UNIT         ?PR?PCT_TW2835RESETN?TW2835_INIT
            CODE    831DH     0013H     UNIT         ?PR?GETCHAR?GETCHAR
            CODE    8330H     0012H     UNIT         ?PR?_MONIYVIDEOMIX?COMMANDSHELL
            CODE    8342H     0010H     UNIT         ?PR?INITIALUART?UART
            CODE    8352H     000FH     UNIT         ?PR?RS_RXREADY?UART
            CODE    8361H     000FH     UNIT         ?PR?PCT_SENDACK?COMMANDSHELL
            CODE    8370H     000FH     UNIT         ?PR?MONIAUDIOMUTE?COMMANDSHELL
            CODE    837FH     000FH     UNIT         ?PR?_ISDIGIT?ISDIGIT
            CODE    838EH     000BH     UNIT         ?C_INITSEG
            CODE    8399H     000BH     UNIT         ?PR?INITIALCOMMSHELL?MAIN
            CODE    83A4H     000AH     UNIT         ?PR?_GETKEY?_GETKEY
            CODE    83AEH     0009H     UNIT         ?PR?NEWLINE?MAIN
            CODE    83B7H     0009H     UNIT         ?PR?_PCT_FLASHOSDCTRL?MAIN
            CODE    83C0H     0007H     UNIT         ?PR?PCT_ENFALSHVLOSS?OSDACTION
            CODE    83C7H     0007H     UNIT         ?PR?GETCHAR?UNGETCHAR
            CODE    83CEH     0005H     UNIT         ?PR?MONIHSCOMMDISSCROLL?COMMANDSHELL
            CODE    83D3H     0005H     UNIT         ?PR?PCT_CLEARGRAPHATTR?OSD_GRAPH
            CODE    83D8H     0003H     UNIT         ?PR?_PCT_PRESETFOREGROUNDCOLOR?OSDCTRL
            CODE    83DBH     0003H     UNIT         ?PR?_PCT_PRESETBACKGROUNDCOLOR?OSDCTRL
            CODE    83DEH     0001H     UNIT         ?PR?PTC_SWITCHTOI2CMODE?BUSCTRL



OVERLAY MAP OF MODULE:   .\OBJ\TW2835 (?C_STARTUP)


BL51 BANKED LINKER/LOCATER V6.22                                                      03/28/2018  18:26:36  PAGE 5


SEGMENT                                            BIT_GROUP          DATA_GROUP          PDATA_GROUP
  +--> CALLED SEGMENT                           START    LENGTH     START    LENGTH     START    LENGTH
-------------------------------------------------------------------------------------------------------
?C_C51STARTUP                                   -----    -----      -----    -----      -----    -----
  +--> ?PR?MAIN?MAIN
  +--> ?C_INITSEG

?PR?MAIN?MAIN                                   -----    -----      -----    -----      009CH    0003H
  +--> ?PR?INITIALMPU?MAIN
  +--> ?PR?INITIALCOMMSHELL?MAIN
  +--> ?PR?PTC_SWITCHTOI2CMODE?BUSCTRL
  +--> ?PR?PCT_INITIALTW2835?TW2835_INIT
  +--> ?PR?RESETCOMMSELL?MAIN
  +--> ?PR?COMMANDSHELL?MAIN
  +--> ?PR?_PCT_RUNCOMMSHELL?COMMANDSHELL
  +--> ?PR?PCT_CHECKSYSTEM?COMMANDSHELL
  +--> ?PR?RS_RXREADY?UART
  +--> ?PR?PCT_GETVIDEOSIGNALSTATUS?OSDACTION

?PR?INITIALMPU?MAIN                             -----    -----      -----    -----      -----    -----
  +--> ?PR?INITIALUART?UART
  +--> ?PR?INITIALTIMER0?TIMER

?PR?PCT_INITIALTW2835?TW2835_INIT               -----    -----      -----    -----      -----    -----
  +--> ?PR?PCT_TW2835RESETN?TW2835_INIT
  +--> ?PR?_PCT_READASICBYTE?BUSCTRL
  +--> ?PR?_PCT_DETECTVIDEOFORMAT?TW28XX_VIDEO
  +--> ?PR?_WAIT_MS?MAIN
  +--> ?PR?PCT_TW2835_INITIAL?TW2835_INIT
  +--> ?PR?PCT_INITIALOSD?OSDACTION

?PR?_PCT_READASICBYTE?BUSCTRL                   -----    -----      -----    -----      -----    -----
  +--> ?PR?BUSCTRL

?PR?_PCT_DETECTVIDEOFORMAT?TW28XX_VIDEO         -----    -----      -----    -----      00A5H    0002H
  +--> ?PR?_PCT_READASICBYTE?BUSCTRL

?PR?_WAIT_MS?MAIN                               -----    -----      -----    -----      00A5H    0004H

?PR?PCT_TW2835_INITIAL?TW2835_INIT              -----    -----      -----    -----      00A5H    0002H
  +--> ?PR?TW2835_INIT
  +--> ?CO?TW2835_INIT
  +--> ?PR?_PCT_WRITEASICTABLE?BUSCTRL

?PR?TW2835_INIT                                 -----    -----      -----    -----      -----    -----
  +--> ?CO?TW2835_INIT

?PR?_PCT_WRITEASICTABLE?BUSCTRL                 -----    -----      -----    -----      00A7H    0007H
  +--> ?PR?BUSCTRL

?PR?PCT_INITIALOSD?OSDACTION                    -----    -----      0027H    0001H      -----    -----
  +--> ?PR?PCT_INITOSDCOLOR?OSDCTRL
  +--> ?PR?PCT_CLEARGRAPHATTR?OSD_GRAPH
  +--> ?PR?_PCT_PRESETFOREGROUNDCOLOR?OSDCTRL
  +--> ?PR?_PCT_PRESETBACKGROUNDCOLOR?OSDCTRL
  +--> ?PR?_PCT_ENSHOWOSDPAGE?OSDCTRL
  +--> ?PR?_PCT_SETOSDDRAWPAGE?OSDCTRL
BL51 BANKED LINKER/LOCATER V6.22                                                      03/28/2018  18:26:36  PAGE 6


  +--> ?PR?_PCT_FULLCOLORONOSD?OSDCTRL

?PR?PCT_INITOSDCOLOR?OSDCTRL                    -----    -----      -----    -----      -----    -----
  +--> ?PR?_PCT_WRITEASICBYTE?BUSCTRL
  +--> ?PR?OSDCTRL
  +--> ?PR?_PCT_SETOSDCOLOR?OSDCTRL

?PR?_PCT_WRITEASICBYTE?BUSCTRL                  -----    -----      -----    -----      00D5H    0004H
  +--> ?PR?BUSCTRL

?PR?OSDCTRL                                     -----    -----      -----    -----      -----    -----
  +--> ?CO?OSDCTRL

?PR?_PCT_SETOSDCOLOR?OSDCTRL                    -----    -----      -----    -----      00A5H    0005H
  +--> ?PR?_PCT_WRITEASICBYTE?BUSCTRL

?PR?_PCT_ENSHOWOSDPAGE?OSDCTRL                  -----    -----      -----    -----      00ABH    0001H
  +--> ?PR?OSDCTRL
  +--> ?PR?_PCT_WRITEASICBYTE?BUSCTRL
  +--> ?PR?_PCT_READASICBYTE?BUSCTRL

?PR?_PCT_SETOSDDRAWPAGE?OSDCTRL                 -----    -----      -----    -----      00ABH    0001H
  +--> ?PR?OSDCTRL
  +--> ?PR?_PCT_READASICBYTE?BUSCTRL
  +--> ?PR?_PCT_WRITEASICBYTE?BUSCTRL

?PR?_PCT_FULLCOLORONOSD?OSDCTRL                 -----    -----      -----    -----      00A5H    0006H
  +--> ?PR?OSDCTRL
  +--> ?PR?_PCT_WRITEASICBYTE?BUSCTRL
  +--> ?PR?_PCT_READASICBYTE?BUSCTRL

?PR?RESETCOMMSELL?MAIN                          -----    -----      -----    -----      -----    -----
  +--> ?CO?MAIN
  +--> ?PR?_PUTSP?MAIN

?PR?_PUTSP?MAIN                                 -----    -----      0025H    0001H      009FH    0003H
  +--> ?PR?_RS_TX?UART

?PR?COMMANDSHELL?MAIN                           -----    -----      0025H    0001H      -----    -----
  +--> ?PR?RS_RXREADY?UART
  +--> ?PR?RS_RX?UART
  +--> ?PR?_RS_TX?UART
  +--> ?PR?_CHKSTARTCOMMSHELL?MAIN
  +--> ?PR?NEWLINE?MAIN

?PR?_CHKSTARTCOMMSHELL?MAIN                     -----    -----      -----    -----      009FH    0003H
  +--> ?CO?MAIN

?PR?NEWLINE?MAIN                                -----    -----      -----    -----      -----    -----
  +--> ?CO?MAIN
  +--> ?PR?_PUTS?PUTS

?PR?_PUTS?PUTS                                  -----    -----      -----    -----      -----    -----
  +--> ?PR?PUTCHAR?PUTCHAR

?PR?_PCT_RUNCOMMSHELL?COMMANDSHELL              -----    -----      0025H    0002H      009FH    0006H
  +--> ?PR?COMMANDSHELL
BL51 BANKED LINKER/LOCATER V6.22                                                      03/28/2018  18:26:36  PAGE 7


  +--> ?PR?_PCT_GETFIRSTSTR?COMMANDSHELL
  +--> ?PR?_PCT_STRTOCOMMCODE?COMMANDSHELL
  +--> ?CO?COMMANDSHELL
  +--> ?PR?_MONIREADPAGEBUFFER?COMMANDSHELL
  +--> ?PR?_MONIREADONEBUFFER?COMMANDSHELL
  +--> ?PR?_MONIWRITEONEBUFFER?COMMANDSHELL
  +--> ?PR?_MONIWRITEASICBYTE?COMMANDSHELL
  +--> ?PR?_MONIREADASICBYTE?COMMANDSHELL
  +--> ?PR?_MONIAUDIOMIXING?COMMANDSHELL
  +--> ?PR?MONIAUDIOMUTE?COMMANDSHELL
  +--> ?PR?PCT_AUDIOREGLIST?TW28XX_AUDIO
  +--> ?PR?_MONIAUDIOGAIN?COMMANDSHELL
  +--> ?PR?_MONIAUDIOLIVE?COMMANDSHELL
  +--> ?PR?MONIREGISTERDUMP?COMMANDSHELL
  +--> ?PR?_PCT_WINATTRCLEAR?TW28XX_VIDEO
  +--> ?PR?_MONIVIDEOMIXWIN?COMMANDSHELL
  +--> ?PR?PCT_SENDACK?COMMANDSHELL
  +--> ?PR?_MONIVIDEOMIXATTR?COMMANDSHELL
  +--> ?PR?_MONIYVIDEOMIX?COMMANDSHELL
  +--> ?PR?PCT_INITIALTW2835?TW2835_INIT
  +--> ?PR?MONIVIDEOAUTODETECT?COMMANDSHELL
  +--> ?PR?_MONISETVIDEOFORMAT?COMMANDSHELL
  +--> ?PR?_MONISHOWSODSTR?COMMANDSHELL
  +--> ?PR?_MONIHSCOMM?COMMANDSHELL
  +--> ?PR?PCT_AUDIOACTIONFORHS?COMMANDSHELL
  +--> ?PR?PCT_OSDACTIONFORHS?OSDACTION
  +--> ?PR?_PCT_FLASHOSDCTRL?MAIN
  +--> ?PR?_MONIHSCOMMSJMODE?COMMANDSHELL
  +--> ?PR?MONIHSCOMMDISSCROLL?COMMANDSHELL
  +--> ?PR?MONIHSCOMMVERSION?COMMANDSHELL

?PR?COMMANDSHELL                                -----    -----      -----    -----      -----    -----
  +--> ?CO?COMMANDSHELL

?PR?_PCT_GETFIRSTSTR?COMMANDSHELL               -----    -----      -----    -----      00ABH    0006H
  +--> ?PR?COMMANDSHELL

?PR?_PCT_STRTOCOMMCODE?COMMANDSHELL             -----    -----      0031H    0002H      00ABH    0003H
  +--> ?PR?COMMANDSHELL

?PR?_MONIREADPAGEBUFFER?COMMANDSHELL            -----    -----      0027H    0003H      -----    -----
  +--> ?PR?COMMANDSHELL
  +--> ?CO?COMMANDSHELL
  +--> ?PR?SCANF?SCANF
  +--> ?PR?_PCT_READASICBYTE?BUSCTRL
  +--> ?PR?PRINTF?PRINTF

?PR?SCANF?SCANF                                 0023H.0  0000H.6    0031H    0005H      00ABH    0015H
  +--> ?PR?GETCHAR?UNGETCHAR
  +--> ?PR?_ISSPACE?ISSPACE
  +--> ?PR?GETCHAR?GETCHAR

?PR?GETCHAR?GETCHAR                             -----    -----      -----    -----      -----    -----
  +--> ?PR?_GETKEY?_GETKEY
  +--> ?PR?PUTCHAR?PUTCHAR

?PR?PRINTF?PRINTF                               0023H.0  0001H.1    002BH    0005H      00A5H    000FH
BL51 BANKED LINKER/LOCATER V6.22                                                      03/28/2018  18:26:36  PAGE 8


  +--> ?PR?PUTCHAR?PUTCHAR

?PR?_MONIREADONEBUFFER?COMMANDSHELL             -----    -----      0027H    0002H      -----    -----
  +--> ?PR?COMMANDSHELL
  +--> ?CO?COMMANDSHELL
  +--> ?PR?SCANF?SCANF
  +--> ?PR?_PCT_READASICBYTE?BUSCTRL
  +--> ?PR?PRINTF?PRINTF

?PR?_MONIWRITEONEBUFFER?COMMANDSHELL            -----    -----      0027H    0003H      -----    -----
  +--> ?PR?COMMANDSHELL
  +--> ?CO?COMMANDSHELL
  +--> ?PR?SCANF?SCANF
  +--> ?PR?_PCT_WRITEASICBYTE?BUSCTRL

?PR?_MONIWRITEASICBYTE?COMMANDSHELL             -----    -----      0027H    0004H      -----    -----
  +--> ?PR?COMMANDSHELL
  +--> ?CO?COMMANDSHELL
  +--> ?PR?SCANF?SCANF
  +--> ?PR?_PCT_WRITEASICBYTE?BUSCTRL

?PR?_MONIREADASICBYTE?COMMANDSHELL              -----    -----      0027H    0004H      -----    -----
  +--> ?PR?COMMANDSHELL
  +--> ?CO?COMMANDSHELL
  +--> ?PR?SCANF?SCANF
  +--> ?PR?_PCT_READASICBYTE?BUSCTRL
  +--> ?PR?PRINTF?PRINTF

?PR?_MONIAUDIOMIXING?COMMANDSHELL               -----    -----      0027H    000AH      00A5H    0006H
  +--> ?PR?COMMANDSHELL
  +--> ?PR?_PCT_GETFIRSTSTR?COMMANDSHELL
  +--> ?PR?_PCT_AUDIOMIXMUTE?TW28XX_AUDIO
  +--> ?PR?_ATOI?ATOI
  +--> ?PR?SCANF?SCANF
  +--> ?PR?_PCT_AUDIOMIXCTRL?TW28XX_AUDIO
  +--> ?CO?COMMANDSHELL

?PR?_PCT_AUDIOMIXMUTE?TW28XX_AUDIO              -----    -----      0031H    0001H      00ABH    0002H
  +--> ?PR?_PCT_READASICBYTE?BUSCTRL
  +--> ?PR?_PCT_WRITEASICBYTE?BUSCTRL

?PR?_ATOI?ATOI                                  0023H.0  0000H.1    -----    -----      00ABH    0005H
  +--> ?PR?_ISSPACE?ISSPACE
  +--> ?PR?_ISDIGIT?ISDIGIT

?PR?_PCT_AUDIOMIXCTRL?TW28XX_AUDIO              -----    -----      -----    -----      00ABH    0004H
  +--> ?PR?TW28XX_AUDIO
  +--> ?PR?_PCT_READASICBYTE?BUSCTRL
  +--> ?CO?TW28XX_AUDIO
  +--> ?PR?_PCT_WRITEASICBYTE?BUSCTRL
  +--> ?PR?_PCT_AUDIOSELLIVE?TW28XX_AUDIO

?PR?TW28XX_AUDIO                                -----    -----      -----    -----      -----    -----
  +--> ?CO?TW28XX_AUDIO

?PR?_PCT_AUDIOSELLIVE?TW28XX_AUDIO              -----    -----      -----    -----      00AFH    0001H
  +--> ?PR?_PCT_WRITEASICBYTE?BUSCTRL
BL51 BANKED LINKER/LOCATER V6.22                                                      03/28/2018  18:26:36  PAGE 9



?PR?MONIAUDIOMUTE?COMMANDSHELL                  -----    -----      -----    -----      -----    -----
  +--> ?PR?_PCT_AUDIOMIXMUTE?TW28XX_AUDIO
  +--> ?PR?_PCT_AUDIOSELLIVE?TW28XX_AUDIO

?PR?PCT_AUDIOREGLIST?TW28XX_AUDIO               -----    -----      -----    -----      -----    -----
  +--> ?PR?PRINTF?PRINTF
  +--> ?PR?_PCT_READASICBYTE?BUSCTRL
  +--> ?CO?TW28XX_AUDIO

?PR?_MONIAUDIOGAIN?COMMANDSHELL                 -----    -----      0027H    000AH      00A5H    0006H
  +--> ?PR?COMMANDSHELL
  +--> ?PR?_PCT_GETFIRSTSTR?COMMANDSHELL
  +--> ?PR?_ATOI?ATOI
  +--> ?PR?SCANF?SCANF
  +--> ?CO?COMMANDSHELL
  +--> ?PR?_PCT_AUDIOGAINCTRL?TW28XX_AUDIO

?PR?_PCT_AUDIOGAINCTRL?TW28XX_AUDIO             -----    -----      -----    -----      00ABH    0003H
  +--> ?PR?TW28XX_AUDIO
  +--> ?PR?_PCT_READASICBYTE?BUSCTRL
  +--> ?CO?TW28XX_AUDIO
  +--> ?PR?_PCT_WRITEASICBYTE?BUSCTRL

?PR?_MONIAUDIOLIVE?COMMANDSHELL                 -----    -----      0027H    0001H      -----    -----
  +--> ?PR?COMMANDSHELL
  +--> ?PR?SCANF?SCANF
  +--> ?PR?_PCT_AUDIOSELLIVE?TW28XX_AUDIO

?PR?MONIREGISTERDUMP?COMMANDSHELL               -----    -----      0027H    0002H      -----    -----
  +--> ?CO?COMMANDSHELL
  +--> ?PR?PRINTF?PRINTF
  +--> ?PR?_PCT_READASICBYTE?BUSCTRL

?PR?_PCT_WINATTRCLEAR?TW28XX_VIDEO              -----    -----      -----    -----      00A5H    0003H
  +--> ?PR?TW28XX_VIDEO
  +--> ?PR?_PCT_READASICBYTE?BUSCTRL
  +--> ?PR?_PCT_WRITEASICBYTE?BUSCTRL

?PR?TW28XX_VIDEO                                -----    -----      -----    -----      -----    -----
  +--> ?CO?TW28XX_VIDEO

?PR?_MONIVIDEOMIXWIN?COMMANDSHELL               -----    -----      0027H    0002H      -----    -----
  +--> ?PR?COMMANDSHELL
  +--> ?CO?COMMANDSHELL
  +--> ?PR?SCANF?SCANF
  +--> ?PR?_PCT_SETXVIDEOMIXING?TW28XX_VIDEO

?PR?_PCT_SETXVIDEOMIXING?TW28XX_VIDEO           -----    -----      -----    -----      00A5H    0007H
  +--> ?PR?TW28XX_VIDEO
  +--> ?PR?_PCT_WRITEASICBYTE?BUSCTRL
  +--> ?CO?TW28XX_VIDEO
  +--> ?PR?_PCT_SETCHANELSCALE?TW28XX_VIDEO
  +--> ?PR?_PCT_WRITESTABLE?BUSCTRL

?PR?_PCT_SETCHANELSCALE?TW28XX_VIDEO            -----    -----      -----    -----      00ACH    0008H
  +--> ?PR?TW28XX_VIDEO
BL51 BANKED LINKER/LOCATER V6.22                                                      03/28/2018  18:26:36  PAGE 10


  +--> ?CO?TW28XX_VIDEO
  +--> ?PR?_PCT_WRITEASICBYTE?BUSCTRL

?PR?_PCT_WRITESTABLE?BUSCTRL                    -----    -----      -----    -----      00ACH    0003H
  +--> ?PR?BUSCTRL
  +--> ?PR?_PCT_READASICBYTE?BUSCTRL
  +--> ?PR?_PCT_WRITEASICBYTE?BUSCTRL

?PR?PCT_SENDACK?COMMANDSHELL                    -----    -----      -----    -----      -----    -----
  +--> ?PR?_RS_TX?UART

?PR?_MONIVIDEOMIXATTR?COMMANDSHELL              -----    -----      0027H    000AH      00A5H    0006H
  +--> ?PR?COMMANDSHELL
  +--> ?PR?_ATOI?ATOI
  +--> ?PR?_PCT_STRTOCOMMCODE?COMMANDSHELL
  +--> ?CO?COMMANDSHELL
  +--> ?PR?_PCT_GETFIRSTSTR?COMMANDSHELL
  +--> ?PR?_PCT_WINATTRCTRL?TW28XX_VIDEO

?PR?_PCT_WINATTRCTRL?TW28XX_VIDEO               -----    -----      -----    -----      00ABH    0003H
  +--> ?PR?TW28XX_VIDEO
  +--> ?PR?_PCT_READASICBYTE?BUSCTRL
  +--> ?PR?_PCT_WRITEASICBYTE?BUSCTRL

?PR?_MONIYVIDEOMIX?COMMANDSHELL                 -----    -----      0027H    0001H      -----    -----
  +--> ?PR?COMMANDSHELL
  +--> ?PR?SCANF?SCANF
  +--> ?PR?_PCT_SETYVIDEOMIXING?TW28XX_VIDEO

?PR?_PCT_SETYVIDEOMIXING?TW28XX_VIDEO           -----    -----      -----    -----      -----    -----
  +--> ?CO?TW28XX_VIDEO
  +--> ?PR?_PCT_WRITESTABLE?BUSCTRL

?PR?MONIVIDEOAUTODETECT?COMMANDSHELL            -----    -----      -----    -----      -----    -----
  +--> ?PR?_PCT_DETECTVIDEOFORMAT?TW28XX_VIDEO
  +--> ?CO?COMMANDSHELL
  +--> ?PR?PRINTF?PRINTF

?PR?_MONISETVIDEOFORMAT?COMMANDSHELL            -----    -----      0027H    0008H      00A5H    0006H
  +--> ?PR?COMMANDSHELL
  +--> ?PR?_PCT_GETFIRSTSTR?COMMANDSHELL
  +--> ?PR?_ATOI?ATOI
  +--> ?CO?COMMANDSHELL
  +--> ?PR?_PCT_SETVIDEOFORMAT?TW28XX_VIDEO
  +--> ?PR?SCANF?SCANF

?PR?_PCT_SETVIDEOFORMAT?TW28XX_VIDEO            -----    -----      -----    -----      00ABH    0002H
  +--> ?PR?_PCT_READASICBYTE?BUSCTRL
  +--> ?PR?TW28XX_VIDEO
  +--> ?PR?_PCT_WRITEASICBYTE?BUSCTRL

?PR?_MONISHOWSODSTR?COMMANDSHELL                -----    -----      0027H    0002H      00A5H    0006H
  +--> ?PR?COMMANDSHELL
  +--> ?PR?_ATOI?ATOI
  +--> ?PR?_PCT_PRESETFOREGROUNDCOLOR?OSDCTRL
  +--> ?PR?_PCT_PRESETBACKGROUNDCOLOR?OSDCTRL
  +--> ?PR?_PCT_SETOSDDRAWPAGE?OSDCTRL
BL51 BANKED LINKER/LOCATER V6.22                                                      03/28/2018  18:26:36  PAGE 11


  +--> ?PR?_PCT_SHOWOSDSTRING?OSDCTRL
  +--> ?PR?_PCT_ENSHOWOSDPAGE?OSDCTRL
  +--> ?PR?_PCT_GETFIRSTSTR?COMMANDSHELL

?PR?_PCT_SHOWOSDSTRING?OSDCTRL                  -----    -----      -----    -----      00ABH    0007H
  +--> ?PR?OSDCTRL
  +--> ?PR?_STRLEN?STRLEN
  +--> ?PR?_PCT_WRITEOSDFNTX?OSDCTRL
  +--> ?PR?_PCT_WRITEOSDFNTY?OSDCTRL
  +--> ?PR?PTC_SWITCHTOI2CMODE?BUSCTRL

?PR?_PCT_WRITEOSDFNTX?OSDCTRL                   -----    -----      0029H    0003H      00B2H    0013H
  +--> ?PR?OSDCTRL
  +--> ?PR?_PCT_WRITEOSDDATABUFFERX?OSDCTRL
  +--> ?PR?_PCT_WRITEASICBYTE?BUSCTRL
  +--> ?PR?_PCT_READASICBYTE?BUSCTRL

?PR?_PCT_WRITEOSDDATABUFFERX?OSDCTRL            -----    -----      -----    -----      00C5H    0004H
  +--> ?PR?OSDCTRL
  +--> ?PR?_PCT_WRITEASICBYTE?BUSCTRL

?PR?_PCT_WRITEOSDFNTY?OSDCTRL                   -----    -----      0029H    0002H      00B2H    001FH
  +--> ?PR?OSDCTRL
  +--> ?PR?_PCT_WRITEOSDDATABUFFERY?OSDCTRL
  +--> ?PR?_PCT_WRITEASICBYTE?BUSCTRL
  +--> ?PR?_PCT_READASICBYTE?BUSCTRL

?PR?_PCT_WRITEOSDDATABUFFERY?OSDCTRL            -----    -----      -----    -----      00D1H    0004H
  +--> ?PR?OSDCTRL
  +--> ?PR?_PCT_WRITEASICBYTE?BUSCTRL

?PR?_MONIHSCOMM?COMMANDSHELL                    -----    -----      0027H    0003H      -----    -----
  +--> ?PR?COMMANDSHELL
  +--> ?CO?COMMANDSHELL
  +--> ?PR?SCANF?SCANF
  +--> ?PR?_PCT_WINATTRCTRLY?TW28XX_VIDEO
  +--> ?PR?_PCT_RECOMPENSEYHDELAY?TW28XX_VIDEO
  +--> ?PR?_PCT_SETVIDEOHDELAY?TW28XX_VIDEO
  +--> ?PR?_PCT_SETXVIDEOMIXING?TW28XX_VIDEO
  +--> ?PR?_PCT_WINATTRCTRL?TW28XX_VIDEO
  +--> ?PR?_PCT_FLASHOSDCTRL?MAIN
  +--> ?PR?_PCT_CHECKVMIXTYPE?COMMANDSHELL
  +--> ?PR?_PCT_DISSHOWOSDPAGE?OSDCTRL
  +--> ?PR?_PCT_CLEAROSDPAGEX?OSDCTRL
  +--> ?PR?PCT_SHOWMODEICON?OSDACTION
  +--> ?PR?_PCT_OSD_ACTIONPTHX?OSDACTION

?PR?_PCT_WINATTRCTRLY?TW28XX_VIDEO              -----    -----      -----    -----      00A5H    0003H
  +--> ?PR?TW28XX_VIDEO
  +--> ?PR?_PCT_READASICBYTE?BUSCTRL
  +--> ?PR?_PCT_WRITEASICBYTE?BUSCTRL

?PR?_PCT_RECOMPENSEYHDELAY?TW28XX_VIDEO         -----    -----      -----    -----      00A5H    0003H
  +--> ?PR?TW28XX_VIDEO
  +--> ?PR?_PCT_READASICBYTE?BUSCTRL
  +--> ?CO?TW28XX_VIDEO
  +--> ?PR?_PCT_WRITEASICBYTE?BUSCTRL
BL51 BANKED LINKER/LOCATER V6.22                                                      03/28/2018  18:26:36  PAGE 12



?PR?_PCT_SETVIDEOHDELAY?TW28XX_VIDEO            -----    -----      -----    -----      00A5H    0008H
  +--> ?PR?TW28XX_VIDEO
  +--> ?PR?_PCT_WRITEASICBYTE?BUSCTRL
  +--> ?PR?_PCT_READASICBYTE?BUSCTRL
  +--> ?CO?TW28XX_VIDEO

?PR?_PCT_CHECKVMIXTYPE?COMMANDSHELL             -----    -----      002AH    0001H      -----    -----
  +--> ?PR?COMMANDSHELL

?PR?_PCT_DISSHOWOSDPAGE?OSDCTRL                 -----    -----      -----    -----      00A5H    0001H
  +--> ?PR?OSDCTRL
  +--> ?PR?_PCT_READASICBYTE?BUSCTRL
  +--> ?PR?_PCT_WRITEASICBYTE?BUSCTRL

?PR?_PCT_CLEAROSDPAGEX?OSDCTRL                  -----    -----      -----    -----      -----    -----
  +--> ?PR?_PCT_SETOSDDRAWPAGE?OSDCTRL
  +--> ?PR?_PCT_PRESETBACKGROUNDCOLOR?OSDCTRL
  +--> ?PR?_PCT_FULLCOLORONOSD?OSDCTRL

?PR?PCT_SHOWMODEICON?OSDACTION                  -----    -----      -----    -----      -----    -----
  +--> ?PR?_PCT_SETOSDDRAWPAGE?OSDCTRL
  +--> ?CO?OSDACTION
  +--> ?PR?_PCT_SHOWGRAPHSTRING?OSD_GRAPH
  +--> ?PR?_PCT_PRESETBACKGROUNDCOLOR?OSDCTRL
  +--> ?PR?_PCT_PRESETFOREGROUNDCOLOR?OSDCTRL

?PR?_PCT_SHOWGRAPHSTRING?OSD_GRAPH              -----    -----      -----    -----      00A8H    0007H
  +--> ?PR?OSD_GRAPH
  +--> ?PR?_STRLEN?STRLEN
  +--> ?PR?_PCT_OSD16X16GRAPHX?OSD_GRAPH
  +--> ?PR?PTC_SWITCHTOI2CMODE?BUSCTRL

?PR?_PCT_OSD16X16GRAPHX?OSD_GRAPH               -----    -----      -----    -----      00AFH    000BH
  +--> ?PR?OSD_GRAPH
  +--> ?CO?OSD_GRAPH
  +--> ?PR?_PCT_WRITEASICBYTE?BUSCTRL
  +--> ?PR?_PCT_READASICBYTE?BUSCTRL

?PR?_PCT_OSD_ACTIONPTHX?OSDACTION               -----    -----      -----    -----      00A5H    0003H
  +--> ?PR?OSDACTION
  +--> ?PR?_PCT_PRESETFOREGROUNDCOLOR?OSDCTRL
  +--> ?PR?_PCT_PRESETBACKGROUNDCOLOR?OSDCTRL
  +--> ?PR?_PCT_SHOWGRAPHSTRING?OSD_GRAPH

?PR?OSDACTION                                   -----    -----      -----    -----      -----    -----
  +--> ?CO?OSDACTION

?PR?PCT_AUDIOACTIONFORHS?COMMANDSHELL           -----    -----      0027H    0002H      -----    -----
  +--> ?PR?_PCT_AUDIOSELLIVE?TW28XX_AUDIO
  +--> ?PR?_PCT_AUDIOMIXMUTE?TW28XX_AUDIO

?PR?PCT_OSDACTIONFORHS?OSDACTION                -----    -----      -----    -----      -----    -----
  +--> ?PR?_PCT_SETOSDDRAWPAGE?OSDCTRL
  +--> ?PR?_PCT_SHOWMIRRORICON?OSDACTION
  +--> ?PR?_PCT_SHOWINDICATEICON?OSDACTION
  +--> ?PR?PCT_ENFALSHVLOSS?OSDACTION
BL51 BANKED LINKER/LOCATER V6.22                                                      03/28/2018  18:26:36  PAGE 13


  +--> ?PR?_PCT_ENSHOWOSDPAGE?OSDCTRL

?PR?_PCT_SHOWMIRRORICON?OSDACTION               -----    -----      -----    -----      00A5H    0003H
  +--> ?PR?OSDACTION
  +--> ?PR?_PCT_PRESETFOREGROUNDCOLOR?OSDCTRL
  +--> ?PR?_PCT_CLEARWORDSPATHX?OSDCTRL
  +--> ?PR?_PCT_SHOWGRAPHSTRING?OSD_GRAPH

?PR?_PCT_CLEARWORDSPATHX?OSDCTRL                -----    -----      -----    -----      00A8H    0007H
  +--> ?PR?OSDCTRL
  +--> ?PR?_PCT_WRITEASICBYTE?BUSCTRL
  +--> ?PR?_PCT_READASICBYTE?BUSCTRL

?PR?_PCT_SHOWINDICATEICON?OSDACTION             -----    -----      0027H    0001H      00A5H    0003H
  +--> ?PR?OSDACTION
  +--> ?PR?_PCT_PRESETFOREGROUNDCOLOR?OSDCTRL
  +--> ?PR?_PCT_SHOWGRAPHSTRING?OSD_GRAPH
  +--> ?PR?_PCT_CLEARWORDSPATHX?OSDCTRL
  +--> ?CO?OSDACTION

?PR?_MONIHSCOMMSJMODE?COMMANDSHELL              -----    -----      -----    -----      -----    -----
  +--> ?PR?COMMANDSHELL
  +--> ?CO?COMMANDSHELL
  +--> ?PR?SCANF?SCANF

?PR?MONIHSCOMMDISSCROLL?COMMANDSHELL            -----    -----      -----    -----      -----    -----
  +--> ?PR?_PCT_ENSHOWOSDPAGE?OSDCTRL

?PR?MONIHSCOMMVERSION?COMMANDSHELL              -----    -----      -----    -----      -----    -----
  +--> ?PR?_RS_TX?UART
  +--> ?CO?COMMANDSHELL

?PR?PCT_CHECKSYSTEM?COMMANDSHELL                -----    -----      -----    -----      -----    -----
  +--> ?PR?_PCT_DETECTVIDEOFORMAT?TW28XX_VIDEO
  +--> ?PR?_PCT_ENSHOWOSDPAGE?OSDCTRL
  +--> ?PR?_PCT_CHANGESYSTEMTYPE?TW2835_INIT
  +--> ?PR?_PCT_RECOMPENSEYHDELAY?TW28XX_VIDEO
  +--> ?PR?COMMANDSHELL
  +--> ?PR?_PCT_SETVIDEOHDELAY?TW28XX_VIDEO
  +--> ?PR?_PCT_SETXVIDEOMIXING?TW28XX_VIDEO
  +--> ?PR?_PCT_CLEAROSDPAGEX?OSDCTRL
  +--> ?PR?PCT_SHOWMODEICON?OSDACTION
  +--> ?PR?_PCT_OSD_ACTIONPTHX?OSDACTION
  +--> ?PR?PCT_OSDACTIONFORHS?OSDACTION

?PR?_PCT_CHANGESYSTEMTYPE?TW2835_INIT           -----    -----      -----    -----      009FH    0002H
  +--> ?PR?TW2835_INIT
  +--> ?CO?TW2835_INIT
  +--> ?PR?_PCT_WRITEASICTABLE?BUSCTRL

?PR?PCT_GETVIDEOSIGNALSTATUS?OSDACTION          -----    -----      -----    -----      009FH    0001H
  +--> ?PR?_PCT_READASICBYTE?BUSCTRL
  +--> ?PR?_PCT_WRITEASICBYTE?BUSCTRL
  +--> ?PR?_RS_TX?UART



BL51 BANKED LINKER/LOCATER V6.22                                                      03/28/2018  18:26:36  PAGE 14


SYMBOL TABLE OF MODULE:  .\OBJ\TW2835 (?C_STARTUP)

  VALUE           TYPE          NAME
  ----------------------------------

  -------         MODULE        ?C_STARTUP
  C:72CAH         SEGMENT       ?C_C51STARTUP
  I:0036H         SEGMENT       ?STACK
  C:0000H         PUBLIC        ?C_STARTUP
  D:00E0H         SYMBOL        ACC
  D:00F0H         SYMBOL        B
  D:0083H         SYMBOL        DPH
  D:0082H         SYMBOL        DPL
  N:0000H         SYMBOL        IBPSTACK
  N:0100H         SYMBOL        IBPSTACKTOP
  N:0080H         SYMBOL        IDATALEN
  C:72CDH         SYMBOL        IDATALOOP
  N:0000H         SYMBOL        PBPSTACK
  N:0100H         SYMBOL        PBPSTACKTOP
  N:0000H         SYMBOL        PDATALEN
  N:0000H         SYMBOL        PDATASTART
  N:0000H         SYMBOL        PPAGE
  N:0000H         SYMBOL        PPAGEENABLE
  D:00A0H         SYMBOL        PPAGE_SFR
  D:0081H         SYMBOL        SP
  C:72CAH         SYMBOL        STARTUP1
  N:0000H         SYMBOL        XBPSTACK
  N:0000H         SYMBOL        XBPSTACKTOP
  N:0000H         SYMBOL        XDATALEN
  N:0000H         SYMBOL        XDATASTART
  C:0000H         LINE#         126
  C:72CAH         LINE#         133
  C:72CCH         LINE#         134
  C:72CDH         LINE#         135
  C:72CEH         LINE#         136
  C:72D0H         LINE#         185
  C:72D3H         LINE#         196
  -------         ENDMOD        ?C_STARTUP

  -------         MODULE        UART
  C:0000H         SYMBOL        _ICE_DUMMY_
  D:0090H         PUBLIC        P1
  D:00B0H         PUBLIC        P3
  C:8342H         PUBLIC        InitialUART
  D:00A8H         PUBLIC        IE
  X:0000H         PUBLIC        RS_RECVBUF
  B:00A8H.4       PUBLIC        ES
  D:00B8H         PUBLIC        IP
  B:0098H.0       PUBLIC        RI
  B:0098H.1       PUBLIC        TI
  B:00B8H.4       PUBLIC        PS
  D:00D8H         PUBLIC        CCON
  D:0099H         PUBLIC        SBUF
  D:00C0H         PUBLIC        WDTC
  D:0098H         PUBLIC        SCON
  D:0088H         PUBLIC        TCON
  C:8352H         PUBLIC        RS_RxReady
BL51 BANKED LINKER/LOCATER V6.22                                                      03/28/2018  18:26:36  PAGE 15


  D:008DH         PUBLIC        TH1
  D:00E8H         PUBLIC        IEA
  X:0050H         PUBLIC        RsRxRp
  B:0088H.6       PUBLIC        TR1
  X:0051H         PUBLIC        RsRxWp
  D:00F8H         PUBLIC        IPA
  D:00C8H         PUBLIC        T2CON
  C:822AH         PUBLIC        RS_rx
  C:0003H         PUBLIC        _RS_tx
  C:8136H         PUBLIC        RS_interrupt
  D:00D0H         PUBLIC        PSW
  -------         PROC          INITIALUART
  C:8342H         LINE#         66
  C:8342H         LINE#         67
  C:8342H         LINE#         69
  C:8344H         LINE#         70
  C:8346H         LINE#         77
  C:8349H         LINE#         84
  C:834BH         LINE#         86
  C:834FH         LINE#         87
  C:8351H         LINE#         88
  -------         ENDPROC       INITIALUART
  -------         PROC          RS_RXREADY
  C:8352H         LINE#         94
  C:8352H         LINE#         95
  C:8352H         LINE#         96
  C:835EH         LINE#         97
  C:8360H         LINE#         98
  -------         ENDPROC       RS_RXREADY
  -------         PROC          RS_RX
  -------         DO            
  D:0007H         SYMBOL        ret
  -------         ENDDO         
  C:822AH         LINE#         104
  C:822AH         LINE#         105
  C:822AH         LINE#         108
  C:822CH         LINE#         112
  C:8234H         LINE#         113
  C:8239H         LINE#         114
  C:823FH         LINE#         115
  C:8241H         LINE#         116
  C:8243H         LINE#         118
  C:8243H         LINE#         119
  -------         ENDPROC       RS_RX
  -------         PROC          _RS_TX
  D:0007H         SYMBOL        tx_buf
  C:0003H         LINE#         125
  C:0003H         LINE#         126
  C:0003H         LINE#         127
  C:0003H         LINE#         128
  C:0006H         LINE#         129
  C:0008H         LINE#         130
  C:000AH         LINE#         131
  C:000AH         LINE#         132
  C:000AH         LINE#         133
  C:000AH         LINE#         134
  -------         ENDPROC       _RS_TX
BL51 BANKED LINKER/LOCATER V6.22                                                      03/28/2018  18:26:36  PAGE 16


  -------         PROC          RS_INTERRUPT
  C:8136H         LINE#         140
  C:813DH         LINE#         142
  C:8140H         LINE#         143
  C:8142H         LINE#         147
  C:814BH         LINE#         148
  C:8150H         LINE#         149
  C:8158H         LINE#         161
  C:8158H         LINE#         162
  -------         ENDPROC       RS_INTERRUPT
  -------         ENDMOD        UART

  -------         MODULE        BUSCTRL
  C:0000H         SYMBOL        _ICE_DUMMY_
  D:0080H         PUBLIC        P0
  D:0090H         PUBLIC        P1
  D:00B0H         PUBLIC        P3
  B:00A8H.7       PUBLIC        EA
  D:00A8H         PUBLIC        IE
  C:7820H         PUBLIC        _PCT_WriteSTable
  D:00B8H         PUBLIC        IP
  B:0090H.3       PUBLIC        HALE
  B:0090H.2       PUBLIC        HRDB
  D:00D8H         PUBLIC        CCON
  D:00C0H         PUBLIC        WDTC
  B:0090H.1       PUBLIC        HWRB
  D:0098H         PUBLIC        SCON
  D:0088H         PUBLIC        TCON
  C:7A0FH         PUBLIC        _PCT_WriteAsicTable
  C:83DEH         PUBLIC        PTC_SwitchToI2CMode
  D:00E8H         PUBLIC        IEA
  B:00B0H.6       PUBLIC        HCSB0
  B:00B0H.7       PUBLIC        HCSB1
  D:00F8H         PUBLIC        IPA
  C:7EDFH         PUBLIC        _PCT_ReadAsicByte
  D:00C8H         PUBLIC        T2CON
  C:803DH         PUBLIC        _PCT_WriteAsicByte
  D:00D0H         PUBLIC        PSW
  C:80BEH         SYMBOL        Com001C
  C:80BEH         SYMBOL        L?0029
  C:80BEH         SYMBOL        L?0030
  C:80C9H         SYMBOL        L?0031
  C:80D6H         SYMBOL        L?0032
  C:80D8H         SYMBOL        L?0033
  C:80DFH         SYMBOL        L?0034
  C:80DFH         SYMBOL        L?0035
  -------         PROC          COM001C
  -------         ENDPROC       COM001C
  -------         PROC          _PCT_WRITEASICBYTE
  D:0007H         SYMBOL        _dvc
  D:0005H         SYMBOL        _pg
  D:0003H         SYMBOL        _addr
  X:00D8H         SYMBOL        _wdat
  C:803DH         LINE#         63
  C:803DH         LINE#         64
  C:803DH         LINE#         65
  C:803DH         LINE#         67
BL51 BANKED LINKER/LOCATER V6.22                                                      03/28/2018  18:26:36  PAGE 17


  C:803DH         LINE#         69
  C:803DH         LINE#         71
  C:8048H         LINE#         72
  C:8052H         LINE#         73
  C:805AH         LINE#         74
  C:805AH         LINE#         75
  C:805AH         LINE#         76
  C:805DH         LINE#         77
  C:8062H         LINE#         78
  C:8064H         LINE#         79
  C:8066H         LINE#         81
  C:8066H         LINE#         82
  C:8066H         LINE#         83
  C:8066H         LINE#         84
  C:8066H         LINE#         85
  C:8069H         LINE#         86
  -------         ENDPROC       _PCT_WRITEASICBYTE
  -------         PROC          _PCT_WRITEASICTABLE
  D:0007H         SYMBOL        _dvc
  D:0005H         SYMBOL        _pg
  D:0006H         SYMBOL        _addr
  X:00AAH         SYMBOL        _tbl_ptr
  X:00ADH         SYMBOL        _tbl_cnt
  C:7A0FH         LINE#         92
  C:7A11H         LINE#         93
  C:7A11H         LINE#         94
  C:7A11H         LINE#         96
  C:7A11H         LINE#         98
  C:7A11H         LINE#         100
  C:7A1CH         LINE#         101
  C:7A26H         LINE#         102
  C:7A2EH         LINE#         104
  C:7A2EH         LINE#         105
  C:7A31H         LINE#         106
  C:7A31H         LINE#         107
  C:7A34H         LINE#         109
  C:7A4AH         LINE#         110
  C:7A4CH         LINE#         111
  C:7A4EH         LINE#         112
  C:7A55H         LINE#         114
  C:7A55H         LINE#         115
  C:7A55H         LINE#         116
  C:7A55H         LINE#         117
  C:7A55H         LINE#         118
  C:7A58H         LINE#         119
  -------         ENDPROC       _PCT_WRITEASICTABLE
  -------         PROC          _PCT_READASICBYTE
  D:0007H         SYMBOL        _dvc
  D:0005H         SYMBOL        _pg
  D:0003H         SYMBOL        _addr
  -------         DO            
  D:0007H         SYMBOL        _rdat_
  -------         ENDDO         
  C:7EDFH         LINE#         125
  C:7EDFH         LINE#         126
  C:7EDFH         LINE#         129
  C:7EDFH         LINE#         131
BL51 BANKED LINKER/LOCATER V6.22                                                      03/28/2018  18:26:36  PAGE 18


  C:7EDFH         LINE#         133
  C:7EDFH         LINE#         134
  C:7EEAH         LINE#         135
  C:7EF4H         LINE#         136
  C:7EFCH         LINE#         138
  C:7EFCH         LINE#         139
  C:7EFCH         LINE#         140
  C:7EFFH         LINE#         141
  C:7F02H         LINE#         142
  C:7F04H         LINE#         143
  C:7F06H         LINE#         144
  C:7F08H         LINE#         146
  C:7F0BH         LINE#         147
  C:7F0DH         LINE#         148
  C:7F0FH         LINE#         149
  C:7F11H         LINE#         150
  C:7F11H         LINE#         151
  -------         ENDPROC       _PCT_READASICBYTE
  -------         PROC          _PCT_WRITESTABLE
  D:0007H         SYMBOL        _dvc
  X:00ACH         SYMBOL        _tbl_ptr
  C:7820H         LINE#         158
  C:782AH         LINE#         159
  C:782AH         LINE#         163
  C:782AH         LINE#         164
  C:7838H         LINE#         165
  C:7855H         LINE#         166
  C:7855H         LINE#         167
  C:7869H         LINE#         168
  C:7869H         LINE#         169
  C:7874H         LINE#         170
  C:7876H         LINE#         171
  -------         ENDPROC       _PCT_WRITESTABLE
  -------         PROC          PTC_SWITCHTOI2CMODE
  C:83DEH         LINE#         177
  C:83DEH         LINE#         178
  C:83DEH         LINE#         188
  -------         ENDPROC       PTC_SWITCHTOI2CMODE
  -------         ENDMOD        BUSCTRL

  -------         MODULE        COMMANDSHELL
  C:0000H         SYMBOL        _ICE_DUMMY_
  D:0090H         PUBLIC        P1
  D:00B0H         PUBLIC        P3
  C:828CH         PUBLIC        _MoniHSCommSJmode
  C:7F78H         PUBLIC        MoniVideoAutoDetect
  C:544BH         PUBLIC        _PCT_RunCommShell
  C:6651H         PUBLIC        _MoniAudioGain
  D:00A8H         PUBLIC        IE
  C:7F12H         PUBLIC        _MoniReadOneBuffer
  D:00B8H         PUBLIC        IP
  C:8330H         PUBLIC        _MoniYVideoMix
  X:0052H         PUBLIC        sysdat
  C:82CEH         PUBLIC        _MoniAudioLive
  D:00D8H         PUBLIC        CCON
  C:8361H         PUBLIC        PCT_SendACK
  C:7F45H         PUBLIC        _MoniWriteOneBuffer
BL51 BANKED LINKER/LOCATER V6.22                                                      03/28/2018  18:26:36  PAGE 19


  C:8370H         PUBLIC        MoniAudioMute
  C:800FH         PUBLIC        MoniHSCommVersion
  C:6C30H         PUBLIC        _MoniSetVideoFormat
  C:7AECH         PUBLIC        _MoniReadAsicByte
  C:744FH         PUBLIC        _PCT_GetFirstStr
  C:7583H         PUBLIC        PCT_CheckSystem
  D:00C0H         PUBLIC        WDTC
  D:0098H         PUBLIC        SCON
  D:0088H         PUBLIC        TCON
  C:79C3H         PUBLIC        _MoniWriteAsicByte
  C:678EH         PUBLIC        _MoniHSComm
  X:0063H         PUBLIC        msg
  D:00E8H         PUBLIC        IEA
  C:7D8BH         PUBLIC        _PCT_StrToCommCode
  C:7C89H         PUBLIC        _PCT_CheckVMixType
  C:83CEH         PUBLIC        MoniHSCommDisScroll
  D:00F8H         PUBLIC        IPA
  C:7768H         PUBLIC        _MoniShowSODStr
  C:5931H         PUBLIC        _MoniVideoMixAttr
  C:7DC9H         PUBLIC        PCT_AudioActionForHS
  D:00C8H         PUBLIC        T2CON
  C:7877H         PUBLIC        _MoniVideoMixWin
  C:7C04H         PUBLIC        _MoniReadPageBuffer
  X:00D9H         PUBLIC        Original_selwintype
  C:7AA3H         PUBLIC        MoniRegisterDump
  D:00D0H         PUBLIC        PSW
  C:6099H         PUBLIC        _MoniAudioMixing
  C:5B41H         SYMBOL        Com00E5
  C:5B41H         SYMBOL        L?0230
  C:5B42H         SYMBOL        L?0231
  C:5B78H         SYMBOL        L?0232
  C:5B7FH         SYMBOL        L?0233
  C:5B80H         SYMBOL        L?0234
  C:5BB6H         SYMBOL        L?0235
  C:5BBDH         SYMBOL        L?0236
  C:5BBDH         SYMBOL        L?0237
  C:5BBFH         SYMBOL        L?0238
  C:5BC8H         SYMBOL        L?0239
  C:5BC9H         SYMBOL        L?0240
  C:5BE9H         SYMBOL        L?0241
  C:5BF0H         SYMBOL        L?0242
  C:5BF0H         SYMBOL        L?0243
  C:5BFBH         SYMBOL        L?0244
  C:5C02H         SYMBOL        L?0245
  C:5C12H         SYMBOL        L?0246
  C:5C19H         SYMBOL        L?0247
  C:5C29H         SYMBOL        L?0248
  C:5C30H         SYMBOL        L?0249
  C:5C40H         SYMBOL        L?0250
  C:5C47H         SYMBOL        L?0251
  C:5C52H         SYMBOL        L?0252
  C:5C59H         SYMBOL        L?0253
  C:5C64H         SYMBOL        L?0254
  C:5C6BH         SYMBOL        L?0255
  C:5C70H         SYMBOL        L?0256
  C:5C77H         SYMBOL        L?0257
  C:5C7CH         SYMBOL        L?0258
BL51 BANKED LINKER/LOCATER V6.22                                                      03/28/2018  18:26:36  PAGE 20


  C:5C83H         SYMBOL        L?0260
  C:5C8FH         SYMBOL        L?0261
  C:5C90H         SYMBOL        L?0262
  C:5C97H         SYMBOL        L?0264
  C:5C97H         SYMBOL        L?0265
  C:5C9FH         SYMBOL        L?0266
  C:5CA6H         SYMBOL        L?0267
  C:5CADH         SYMBOL        L?0271
  C:5CADH         SYMBOL        L?0272
  C:5CB4H         SYMBOL        L?0273
  C:5CBBH         SYMBOL        L?0277
  C:5CC2H         SYMBOL        L?0280
  C:5CC9H         SYMBOL        L?0285
  C:5CD0H         SYMBOL        L?0287
  C:5CDFH         SYMBOL        L?0288
  C:5CE6H         SYMBOL        L?0291
  C:5CEDH         SYMBOL        L?0294
  C:5CF4H         SYMBOL        L?0298
  C:5CF4H         SYMBOL        L?0299
  C:5CF5H         SYMBOL        L?0300
  C:5CFDH         SYMBOL        L?0301
  C:5CFDH         SYMBOL        L?0302
  C:5D07H         SYMBOL        L?0304
  C:5D0EH         SYMBOL        L?0305
  C:5D0FH         SYMBOL        L?0306
  C:5D16H         SYMBOL        L?0307
  C:5D16H         SYMBOL        L?0308
  C:5D1DH         SYMBOL        L?0310
  C:5D1DH         SYMBOL        L?0311
  C:5D26H         SYMBOL        L?0312
  C:5D33H         SYMBOL        L?0314
  C:5D3FH         SYMBOL        L?0316
  C:5D3FH         SYMBOL        L?0317
  C:5D45H         SYMBOL        L?0318
  -------         PROC          COM00E5
  -------         ENDPROC       COM00E5
  -------         PROC          _PCT_GETFIRSTSTR
  X:00ABH         SYMBOL        tagStr
  X:00AEH         SYMBOL        sourceStr
  C:744FH         LINE#         87
  C:7454H         LINE#         88
  C:7454H         LINE#         89
  C:745FH         LINE#         90
  C:7474H         LINE#         91
  C:748AH         LINE#         92
  C:748CH         LINE#         93
  C:748CH         LINE#         94
  C:7498H         LINE#         95
  C:749CH         LINE#         96
  C:74A4H         LINE#         97
  C:74A7H         LINE#         98
  C:74AAH         LINE#         99
  C:74ADH         LINE#         100
  C:74B5H         LINE#         101
  -------         ENDPROC       _PCT_GETFIRSTSTR
  -------         PROC          _PCT_STRTOCOMMCODE
  X:00ABH         SYMBOL        Str
BL51 BANKED LINKER/LOCATER V6.22                                                      03/28/2018  18:26:36  PAGE 21


  -------         DO            
  D:0031H         SYMBOL        ret
  -------         ENDDO         
  C:7D8BH         LINE#         108
  C:7D90H         LINE#         109
  C:7D90H         LINE#         110
  C:7D95H         LINE#         112
  C:7DC4H         LINE#         113
  C:7DC8H         LINE#         114
  -------         ENDPROC       _PCT_STRTOCOMMCODE
  -------         PROC          PCT_SENDACK
  C:8361H         LINE#         120
  C:8361H         LINE#         121
  C:8361H         LINE#         122
  C:8366H         LINE#         123
  C:836BH         LINE#         124
  -------         ENDPROC       PCT_SENDACK
  -------         PROC          _PCT_CHECKVMIXTYPE
  D:0007H         SYMBOL        _typ
  -------         DO            
  D:002AH         SYMBOL        tmplktp
  -------         ENDDO         
  C:7C89H         LINE#         131
  C:7C89H         LINE#         132
  C:7C89H         LINE#         133
  C:7C8CH         LINE#         135
  C:7C91H         LINE#         136
  C:7C98H         LINE#         137
  C:7C9EH         LINE#         138
  C:7CAAH         LINE#         140
  C:7CB6H         LINE#         141
  C:7CBBH         LINE#         143
  C:7CBBH         LINE#         144
  C:7CC0H         LINE#         145
  C:7CC5H         LINE#         146
  C:7CC9H         LINE#         147
  -------         ENDPROC       _PCT_CHECKVMIXTYPE
  -------         PROC          _MONIREADPAGEBUFFER
  D:0001H         SYMBOL        szParam
  -------         DO            
  D:0027H         SYMBOL        page
  D:0028H         SYMBOL        start
  D:0029H         SYMBOL        end
  -------         ENDDO         
  C:7C04H         LINE#         157
  C:7C04H         LINE#         158
  C:7C04H         LINE#         161
  C:7C29H         LINE#         163
  C:7C29H         LINE#         164
  C:7C3FH         LINE#         165
  C:7C41H         LINE#         166
  C:7C46H         LINE#         167
  -------         ENDPROC       _MONIREADPAGEBUFFER
  -------         PROC          _MONIREADONEBUFFER
  D:0001H         SYMBOL        szParam
  -------         DO            
  D:0027H         SYMBOL        page
BL51 BANKED LINKER/LOCATER V6.22                                                      03/28/2018  18:26:36  PAGE 22


  D:0028H         SYMBOL        addr
  -------         ENDDO         
  C:7F12H         LINE#         173
  C:7F12H         LINE#         174
  C:7F12H         LINE#         177
  C:7F2FH         LINE#         179
  -------         ENDPROC       _MONIREADONEBUFFER
  -------         PROC          _MONIWRITEONEBUFFER
  D:0001H         SYMBOL        szParam
  -------         DO            
  D:0027H         SYMBOL        page
  D:0028H         SYMBOL        addr
  D:0029H         SYMBOL        dat
  -------         ENDDO         
  C:7F45H         LINE#         186
  C:7F45H         LINE#         187
  C:7F45H         LINE#         190
  C:7F6AH         LINE#         191
  -------         ENDPROC       _MONIWRITEONEBUFFER
  -------         PROC          _MONIWRITEASICBYTE
  D:0001H         SYMBOL        szParam
  -------         DO            
  D:0027H         SYMBOL        _dev
  D:0028H         SYMBOL        _pg
  D:0029H         SYMBOL        _addr
  D:002AH         SYMBOL        _wdat
  -------         ENDDO         
  C:79C3H         LINE#         198
  C:79C3H         LINE#         199
  C:79C3H         LINE#         200
  C:79C6H         LINE#         201
  C:79C8H         LINE#         202
  C:79CAH         LINE#         203
  C:79CCH         LINE#         205
  C:7A01H         LINE#         206
  -------         ENDPROC       _MONIWRITEASICBYTE
  -------         PROC          _MONIREADASICBYTE
  D:0001H         SYMBOL        szParam
  -------         DO            
  D:0027H         SYMBOL        _dev
  D:0028H         SYMBOL        _pg
  D:0029H         SYMBOL        _addr
  D:002AH         SYMBOL        _rdat
  -------         ENDDO         
  C:7AECH         LINE#         213
  C:7AECH         LINE#         214
  C:7AECH         LINE#         215
  C:7AEFH         LINE#         216
  C:7AF1H         LINE#         217
  C:7AF3H         LINE#         218
  C:7AF5H         LINE#         220
  C:7B1AH         LINE#         221
  C:7B25H         LINE#         222
  -------         ENDPROC       _MONIREADASICBYTE
  C:61D4H         SYMBOL        L?0268
  C:61EAH         SYMBOL        L?0281
  C:6200H         SYMBOL        L?0284
BL51 BANKED LINKER/LOCATER V6.22                                                      03/28/2018  18:26:36  PAGE 23


  -------         PROC          _MONIAUDIOMIXING
  X:00A5H         SYMBOL        szParam
  -------         DO            
  D:0027H         SYMBOL        selch0
  D:0028H         SYMBOL        selch1
  D:0029H         SYMBOL        selch2
  D:002AH         SYMBOL        selch3
  D:002BH         SYMBOL        selch4
  D:002CH         SYMBOL        valch0
  D:002DH         SYMBOL        valch1
  D:002EH         SYMBOL        valch2
  D:002FH         SYMBOL        valch3
  D:0030H         SYMBOL        valch4
  X:00A8H         SYMBOL        getStr
  C:5446H         SYMBOL        chaddr
  -------         ENDDO         
  C:6099H         LINE#         230
  C:609BH         LINE#         231
  C:609BH         LINE#         242
  C:60AEH         LINE#         244
  C:60B6H         LINE#         250
  C:60DFH         LINE#         251
  C:60DFH         LINE#         252
  C:60F4H         LINE#         253
  C:60FDH         LINE#         254
  C:6103H         LINE#         255
  C:6106H         LINE#         257
  C:6106H         LINE#         258
  C:6128H         LINE#         260
  C:6128H         LINE#         261
  C:612BH         LINE#         262
  C:612EH         LINE#         263
  C:6131H         LINE#         265
  C:6131H         LINE#         266
  C:6148H         LINE#         268
  C:6148H         LINE#         269
  C:614BH         LINE#         270
  C:614FH         LINE#         271
  C:6152H         LINE#         272
  C:6155H         LINE#         274
  C:6155H         LINE#         275
  C:616FH         LINE#         277
  C:616FH         LINE#         278
  C:616FH         LINE#         279
  C:616FH         LINE#         280
  C:6172H         LINE#         282
  C:617AH         LINE#         283
  C:617DH         LINE#         285
  C:617DH         LINE#         286
  C:61A8H         LINE#         288
  C:61A8H         LINE#         289
  C:61A8H         LINE#         290
  C:61A8H         LINE#         291
  C:61B0H         LINE#         292
  C:61B9H         LINE#         294
  C:61D3H         LINE#         295
  C:61D3H         LINE#         297
BL51 BANKED LINKER/LOCATER V6.22                                                      03/28/2018  18:26:36  PAGE 24


  C:61D3H         LINE#         298
  C:61D3H         LINE#         299
  C:61D3H         LINE#         300
  -------         ENDPROC       _MONIAUDIOMIXING
  -------         PROC          MONIAUDIOMUTE
  C:8370H         LINE#         307
  C:8370H         LINE#         308
  C:8370H         LINE#         309
  C:8378H         LINE#         314
  -------         ENDPROC       MONIAUDIOMUTE
  C:6759H         SYMBOL        L?0276
  C:6773H         SYMBOL        L?0303
  C:6784H         SYMBOL        L?0319
  -------         PROC          _MONIAUDIOGAIN
  X:00A5H         SYMBOL        szParam
  -------         DO            
  D:0027H         SYMBOL        selch0
  D:0028H         SYMBOL        selch1
  D:0029H         SYMBOL        selch2
  D:002AH         SYMBOL        selch3
  D:002BH         SYMBOL        selch4
  D:002CH         SYMBOL        ch0val
  D:002DH         SYMBOL        ch1val
  D:002EH         SYMBOL        ch2val
  D:002FH         SYMBOL        ch3val
  D:0030H         SYMBOL        ch4val
  X:00A8H         SYMBOL        getStr
  -------         ENDDO         
  C:6651H         LINE#         322
  C:6653H         LINE#         323
  C:6653H         LINE#         328
  C:6666H         LINE#         330
  C:668CH         LINE#         331
  C:668CH         LINE#         332
  C:66A1H         LINE#         333
  C:66A5H         LINE#         334
  C:66A8H         LINE#         336
  C:66A8H         LINE#         337
  C:66CAH         LINE#         339
  C:66CAH         LINE#         340
  C:66CDH         LINE#         341
  C:66D0H         LINE#         343
  C:66D0H         LINE#         344
  C:66E7H         LINE#         346
  C:66E7H         LINE#         347
  C:66E7H         LINE#         348
  C:66EAH         LINE#         349
  C:66EDH         LINE#         351
  C:66EDH         LINE#         352
  C:6707H         LINE#         354
  C:6707H         LINE#         355
  C:6707H         LINE#         356
  C:670AH         LINE#         357
  C:670DH         LINE#         358
  C:6710H         LINE#         360
  C:6710H         LINE#         361
  C:673BH         LINE#         363
BL51 BANKED LINKER/LOCATER V6.22                                                      03/28/2018  18:26:36  PAGE 25


  C:673BH         LINE#         364
  C:6743H         LINE#         365
  C:6747H         LINE#         366
  C:674FH         LINE#         367
  C:6758H         LINE#         368
  C:6758H         LINE#         370
  C:6758H         LINE#         371
  C:6758H         LINE#         372
  C:6758H         LINE#         373
  -------         ENDPROC       _MONIAUDIOGAIN
  -------         PROC          _MONIAUDIOLIVE
  D:0001H         SYMBOL        szParam
  -------         DO            
  D:0027H         SYMBOL        chan
  -------         ENDDO         
  C:82CEH         LINE#         380
  C:82CEH         LINE#         381
  C:82CEH         LINE#         384
  C:82DBH         LINE#         386
  -------         ENDPROC       _MONIAUDIOLIVE
  -------         PROC          MONIREGISTERDUMP
  -------         DO            
  D:0027H         SYMBOL        addr
  D:0028H         SYMBOL        page
  -------         ENDDO         
  C:7AA3H         LINE#         393
  C:7AA3H         LINE#         394
  C:7AA3H         LINE#         398
  C:7AA6H         LINE#         399
  C:7AB4H         LINE#         400
  C:7AB7H         LINE#         401
  C:7AB7H         LINE#         402
  C:7ACDH         LINE#         403
  C:7ACFH         LINE#         404
  C:7ADEH         LINE#         405
  C:7AE2H         LINE#         406
  C:7AEBH         LINE#         407
  -------         ENDPROC       MONIREGISTERDUMP
  -------         PROC          _MONIVIDEOMIXWIN
  D:0001H         SYMBOL        szParam
  -------         DO            
  D:0027H         SYMBOL        chose
  D:0028H         SYMBOL        wintp
  -------         ENDDO         
  C:7877H         LINE#         413
  C:7877H         LINE#         414
  C:7877H         LINE#         417
  C:78B9H         LINE#         419
  C:78C6H         LINE#         420
  -------         ENDPROC       _MONIVIDEOMIXWIN
  C:5AFFH         SYMBOL        L?0275
  C:5B06H         SYMBOL        L?0279
  C:5B0DH         SYMBOL        L?0283
  C:5B14H         SYMBOL        L?0289
  C:5B1BH         SYMBOL        L?0290
  C:5B2CH         SYMBOL        L?0293
  C:5B33H         SYMBOL        L?0296
BL51 BANKED LINKER/LOCATER V6.22                                                      03/28/2018  18:26:36  PAGE 26


  C:5B3AH         SYMBOL        L?0313
  -------         PROC          _MONIVIDEOMIXATTR
  X:00A5H         SYMBOL        szParam
  -------         DO            
  D:0027H         SYMBOL        chose
  D:0029H         SYMBOL        attrsel
  D:002AH         SYMBOL        setval
  D:002BH         SYMBOL        winNm
  D:002FH         SYMBOL        wincnt
  D:0030H         SYMBOL        division
  X:00A8H         SYMBOL        getStr
  -------         ENDDO         
  C:5931H         LINE#         427
  C:5936H         LINE#         428
  C:5936H         LINE#         431
  C:5939H         LINE#         435
  C:593FH         LINE#         436
  C:5949H         LINE#         438
  C:594FH         LINE#         439
  C:595BH         LINE#         441
  C:5969H         LINE#         442
  C:596CH         LINE#         443
  C:596CH         LINE#         444
  C:597DH         LINE#         445
  C:5980H         LINE#         446
  C:5980H         LINE#         447
  C:5991H         LINE#         448
  C:5994H         LINE#         449
  C:5994H         LINE#         450
  C:59A4H         LINE#         451
  C:59A7H         LINE#         452
  C:59A7H         LINE#         453
  C:59B7H         LINE#         454
  C:59BAH         LINE#         455
  C:59BAH         LINE#         456
  C:59CAH         LINE#         457
  C:59CDH         LINE#         458
  C:59CDH         LINE#         459
  C:59DDH         LINE#         460
  C:59E0H         LINE#         461
  C:59E0H         LINE#         462
  C:59F0H         LINE#         463
  C:59F3H         LINE#         464
  C:59F6H         LINE#         465
  C:5A07H         LINE#         466
  C:5A0AH         LINE#         467
  C:5A0AH         LINE#         468
  C:5A1BH         LINE#         469
  C:5A1EH         LINE#         470
  C:5A1EH         LINE#         471
  C:5A2EH         LINE#         472
  C:5A31H         LINE#         473
  C:5A31H         LINE#         474
  C:5A41H         LINE#         475
  C:5A44H         LINE#         476
  C:5A44H         LINE#         477
  C:5A54H         LINE#         478
BL51 BANKED LINKER/LOCATER V6.22                                                      03/28/2018  18:26:36  PAGE 27


  C:5A57H         LINE#         479
  C:5A57H         LINE#         480
  C:5A67H         LINE#         481
  C:5A6AH         LINE#         482
  C:5A6AH         LINE#         483
  C:5A7DH         LINE#         484
  C:5A80H         LINE#         485
  C:5A83H         LINE#         486
  C:5A98H         LINE#         487
  C:5A9BH         LINE#         488
  C:5A9DH         LINE#         489
  C:5A9DH         LINE#         491
  C:5A9DH         LINE#         493
  C:5AB3H         LINE#         494
  C:5AD0H         LINE#         495
  C:5AD0H         LINE#         496
  C:5AE1H         LINE#         497
  C:5AE3H         LINE#         498
  C:5AE3H         LINE#         499
  C:5AE5H         LINE#         500
  C:5AE9H         LINE#         501
  C:5AF3H         LINE#         502
  C:5AFAH         LINE#         503
  C:5AFAH         LINE#         504
  C:5AFEH         LINE#         505
  -------         ENDPROC       _MONIVIDEOMIXATTR
  -------         PROC          _MONIYVIDEOMIX
  D:0001H         SYMBOL        szParam
  -------         DO            
  D:0027H         SYMBOL        chan
  -------         ENDDO         
  C:8330H         LINE#         512
  C:8330H         LINE#         513
  C:8330H         LINE#         516
  C:833DH         LINE#         517
  -------         ENDPROC       _MONIYVIDEOMIX
  -------         PROC          MONIVIDEOAUTODETECT
  C:7F78H         LINE#         524
  C:7F78H         LINE#         525
  C:7F78H         LINE#         526
  -------         ENDPROC       MONIVIDEOAUTODETECT
  C:6D1DH         SYMBOL        L?0270
  C:6D3BH         SYMBOL        L?0315
  -------         PROC          _MONISETVIDEOFORMAT
  X:00A5H         SYMBOL        szParam
  -------         DO            
  D:0027H         SYMBOL        selch0
  D:0028H         SYMBOL        selch1
  D:0029H         SYMBOL        selch2
  D:002AH         SYMBOL        selch3
  D:002BH         SYMBOL        valch0
  D:002CH         SYMBOL        valch1
  D:002DH         SYMBOL        valch2
  D:002EH         SYMBOL        valch3
  X:00A8H         SYMBOL        getStr
  -------         ENDDO         
  C:6C30H         LINE#         538
BL51 BANKED LINKER/LOCATER V6.22                                                      03/28/2018  18:26:36  PAGE 28


  C:6C32H         LINE#         539
  C:6C32H         LINE#         544
  C:6C45H         LINE#         546
  C:6C65H         LINE#         547
  C:6C65H         LINE#         548
  C:6C7CH         LINE#         549
  C:6C7FH         LINE#         550
  C:6C82H         LINE#         552
  C:6C82H         LINE#         553
  C:6C99H         LINE#         555
  C:6CA1H         LINE#         556
  C:6CA9H         LINE#         557
  C:6CACH         LINE#         559
  C:6CACH         LINE#         560
  C:6CC6H         LINE#         562
  C:6CC6H         LINE#         563
  C:6CC9H         LINE#         564
  C:6CD1H         LINE#         565
  C:6CD4H         LINE#         567
  C:6CD4H         LINE#         568
  C:6CFFH         LINE#         570
  C:6CFFH         LINE#         571
  C:6D02H         LINE#         572
  C:6D0FH         LINE#         573
  C:6D1CH         LINE#         574
  C:6D1CH         LINE#         576
  C:6D1CH         LINE#         577
  C:6D1CH         LINE#         578
  C:6D1CH         LINE#         579
  -------         ENDPROC       _MONISETVIDEOFORMAT
  C:77B2H         SYMBOL        L?0297
  -------         PROC          _MONISHOWSODSTR
  X:00A5H         SYMBOL        szParam
  -------         DO            
  D:0027H         SYMBOL        addrx
  D:0028H         SYMBOL        addry
  X:00A8H         SYMBOL        getStr
  -------         ENDDO         
  C:7768H         LINE#         585
  C:776AH         LINE#         586
  C:776AH         LINE#         590
  C:776DH         LINE#         591
  C:7778H         LINE#         592
  C:777BH         LINE#         593
  C:7786H         LINE#         595
  C:778BH         LINE#         596
  C:7790H         LINE#         597
  C:7795H         LINE#         598
  C:77ADH         LINE#         599
  C:77B2H         LINE#         600
  -------         ENDPROC       _MONISHOWSODSTR
  -------         PROC          PCT_AUDIOACTIONFORHS
  -------         DO            
  D:0027H         SYMBOL        winid
  D:0028H         SYMBOL        muteFlage
  -------         ENDDO         
  C:7DC9H         LINE#         606
BL51 BANKED LINKER/LOCATER V6.22                                                      03/28/2018  18:26:36  PAGE 29


  C:7DC9H         LINE#         607
  C:7DC9H         LINE#         609
  C:7DCCH         LINE#         612
  C:7DCFH         LINE#         613
  C:7DD8H         LINE#         614
  C:7DE4H         LINE#         615
  C:7DE7H         LINE#         616
  C:7DE7H         LINE#         617
  C:7DF0H         LINE#         619
  C:7DF4H         LINE#         621
  C:7DFCH         LINE#         626
  C:7E03H         LINE#         627
  C:7E03H         LINE#         629
  -------         ENDPROC       PCT_AUDIOACTIONFORHS
  -------         PROC          _MONIHSCOMM
  D:0001H         SYMBOL        szParam
  -------         DO            
  D:0027H         SYMBOL        winid
  D:0028H         SYMBOL        chose
  D:0029H         SYMBOL        wintp
  -------         ENDDO         
  C:678EH         LINE#         636
  C:678EH         LINE#         640
  C:67F8H         LINE#         643
  C:6812H         LINE#         647
  C:681AH         LINE#         648
  C:6822H         LINE#         649
  C:682BH         LINE#         650
  C:6834H         LINE#         652
  C:683EH         LINE#         653
  C:6848H         LINE#         654
  C:6852H         LINE#         655
  C:685CH         LINE#         660
  C:6865H         LINE#         661
  C:686DH         LINE#         663
  C:6877H         LINE#         665
  C:687AH         LINE#         666
  C:6890H         LINE#         670
  C:6895H         LINE#         671
  C:689AH         LINE#         672
  C:689FH         LINE#         673
  C:68A6H         LINE#         674
  C:68ABH         LINE#         675
  C:68B0H         LINE#         676
  C:68B3H         LINE#         677
  C:68BCH         LINE#         678
  C:68C3H         LINE#         680
  -------         ENDPROC       _MONIHSCOMM
  -------         PROC          PCT_CHECKSYSTEM
  -------         DO            
  D:0007H         SYMBOL        TempSystem
  -------         ENDDO         
  C:7583H         LINE#         686
  C:7583H         LINE#         687
  C:7583H         LINE#         690
  C:7588H         LINE#         692
  C:758CH         LINE#         693
BL51 BANKED LINKER/LOCATER V6.22                                                      03/28/2018  18:26:36  PAGE 30


  C:758EH         LINE#         694
  C:7594H         LINE#         695
  C:7596H         LINE#         697
  C:759AH         LINE#         700
  C:75A9H         LINE#         702
  C:75AEH         LINE#         704
  C:75B5H         LINE#         705
  C:75BEH         LINE#         706
  C:75C6H         LINE#         708
  C:75D0H         LINE#         711
  C:75D5H         LINE#         712
  C:75D8H         LINE#         713
  C:75E1H         LINE#         714
  C:75E4H         LINE#         716
  C:75E5H         LINE#         717
  -------         ENDPROC       PCT_CHECKSYSTEM
  -------         PROC          _MONIHSCOMMSJMODE
  D:0001H         SYMBOL        szParam
  C:828CH         LINE#         723
  C:828CH         LINE#         724
  C:828CH         LINE#         725
  -------         ENDPROC       _MONIHSCOMMSJMODE
  -------         PROC          MONIHSCOMMDISSCROLL
  C:83CEH         LINE#         732
  C:83CEH         LINE#         733
  C:83CEH         LINE#         734
  -------         ENDPROC       MONIHSCOMMDISSCROLL
  -------         PROC          MONIHSCOMMVERSION
  -------         DO            
  D:0007H         SYMBOL        version
  -------         ENDDO         
  C:800FH         LINE#         742
  C:800FH         LINE#         743
  C:800FH         LINE#         744
  C:8010H         LINE#         747
  C:8015H         LINE#         751
  C:8020H         LINE#         752
  C:803AH         LINE#         753
  -------         ENDPROC       MONIHSCOMMVERSION
  C:568AH         SYMBOL        L?0259
  C:5691H         SYMBOL        L?0263
  C:5698H         SYMBOL        L?0269
  C:569FH         SYMBOL        L?0274
  C:56A6H         SYMBOL        L?0278
  C:56ADH         SYMBOL        L?0282
  C:56B4H         SYMBOL        L?0286
  C:56BBH         SYMBOL        L?0292
  C:56C2H         SYMBOL        L?0295
  C:56C9H         SYMBOL        L?0309
  C:56D0H         SYMBOL        L?0320
  -------         PROC          _PCT_RUNCOMMSHELL
  X:009FH         SYMBOL        strptr
  -------         DO            
  D:0025H         SYMBOL        commcode
  X:00A2H         SYMBOL        getStr
  -------         ENDDO         
  C:544BH         LINE#         768
BL51 BANKED LINKER/LOCATER V6.22                                                      03/28/2018  18:26:36  PAGE 31


  C:544DH         LINE#         769
  C:544DH         LINE#         775
  C:5460H         LINE#         778
  C:546CH         LINE#         780
  C:547AH         LINE#         782
  C:5480H         LINE#         783
  C:5491H         LINE#         785
  C:5497H         LINE#         786
  C:54A8H         LINE#         788
  C:54AEH         LINE#         789
  C:54BFH         LINE#         792
  C:54C5H         LINE#         793
  C:54D6H         LINE#         796
  C:54DCH         LINE#         797
  C:54EDH         LINE#         800
  C:54F3H         LINE#         801
  C:5504H         LINE#         804
  C:5507H         LINE#         805
  C:5518H         LINE#         808
  C:551BH         LINE#         809
  C:552CH         LINE#         812
  C:5532H         LINE#         813
  C:5543H         LINE#         816
  C:5549H         LINE#         817
  C:555AH         LINE#         820
  C:555DH         LINE#         821
  C:556EH         LINE#         824
  C:5573H         LINE#         825
  C:5579H         LINE#         826
  C:557CH         LINE#         827
  C:558DH         LINE#         830
  C:5593H         LINE#         831
  C:55A4H         LINE#         834
  C:55AAH         LINE#         835
  C:55BBH         LINE#         837
  C:55BEH         LINE#         839
  C:55C4H         LINE#         840
  C:55D5H         LINE#         843
  C:55D8H         LINE#         844
  C:55E9H         LINE#         847
  C:55ECH         LINE#         848
  C:55FDH         LINE#         851
  C:5603H         LINE#         852
  C:5614H         LINE#         855
  C:561AH         LINE#         857
  C:562BH         LINE#         858
  C:562EH         LINE#         860
  C:5634H         LINE#         862
  C:5637H         LINE#         863
  C:563AH         LINE#         864
  C:563FH         LINE#         872
  C:564FH         LINE#         873
  C:5652H         LINE#         875
  C:5658H         LINE#         876
  C:5668H         LINE#         877
  C:566BH         LINE#         879
  C:566EH         LINE#         880
BL51 BANKED LINKER/LOCATER V6.22                                                      03/28/2018  18:26:36  PAGE 32


  C:5681H         LINE#         881
  C:5684H         LINE#         883
  C:5687H         LINE#         886
  C:5687H         LINE#         887
  C:5687H         LINE#         890
  C:5689H         LINE#         891
  -------         ENDPROC       _PCT_RUNCOMMSHELL
  -------         ENDMOD        COMMANDSHELL

  -------         MODULE        MAIN
  C:0000H         SYMBOL        _ICE_DUMMY_
  C:7E74H         PUBLIC        _PutsP
  D:00B1H         PUBLIC        P3M0
  D:0090H         PUBLIC        P1
  D:00B2H         PUBLIC        P3M1
  D:00B0H         PUBLIC        P3
  B:00A8H.7       PUBLIC        EA
  X:006BH         PUBLIC        RScommand
  D:00A8H         PUBLIC        IE
  B:0024H.1       PUBLIC        VlossFlag
  D:00B8H         PUBLIC        IP
  B:0098H.1       PUBLIC        TI
  D:00D8H         PUBLIC        CCON
  C:73DAH         PUBLIC        main
  C:82A2H         PUBLIC        ResetCommSell
  D:0020H         PUBLIC        commFlag
  D:0087H         PUBLIC        PCON
  D:00C0H         PUBLIC        WDTC
  D:0098H         PUBLIC        SCON
  D:0089H         PUBLIC        TMOD
  D:0088H         PUBLIC        TCON
  C:83AEH         PUBLIC        NewLine
  C:83B7H         PUBLIC        _PCT_FlashOSDCtrl
  C:7921H         PUBLIC        CommandShell
  C:81CEH         PUBLIC        InitialMPU
  B:0020H.0       PUBLIC        comm_chk_flag
  D:00E8H         PUBLIC        IEA
  C:806AH         PUBLIC        _chkStartCommShell
  C:7B7AH         PUBLIC        _Wait_ms
  C:8399H         PUBLIC        InitialCommShell
  D:00F8H         PUBLIC        IPA
  B:0020H.1       PUBLIC        osd_chk_flag
  D:00C8H         PUBLIC        T2CON
  X:0096H         PUBLIC        _delay
  D:00D0H         PUBLIC        PSW
  -------         PROC          COMMANDSHELL
  -------         DO            
  D:0025H         SYMBOL        ch
  -------         ENDDO         
  C:7921H         LINE#         74
  C:7921H         LINE#         79
  C:792EH         LINE#         80
  C:7933H         LINE#         81
  C:7939H         LINE#         83
  C:7943H         LINE#         84
  C:7943H         LINE#         85
  C:794BH         LINE#         86
BL51 BANKED LINKER/LOCATER V6.22                                                      03/28/2018  18:26:36  PAGE 33


  C:794FH         LINE#         87
  C:7958H         LINE#         88
  C:795EH         LINE#         89
  C:795EH         LINE#         91
  C:795EH         LINE#         92
  C:7963H         LINE#         93
  C:7964H         LINE#         95
  C:7964H         LINE#         96
[...]
  C:46FDH         SYMBOL        L?0122
  C:4714H         SYMBOL        L?0123
  C:472DH         SYMBOL        L?0124
  C:4741H         SYMBOL        L?0125
  C:4755H         SYMBOL        L?0126
  C:4771H         SYMBOL        L?0130
  C:4788H         SYMBOL        L?0134
  C:47A1H         SYMBOL        L?0143
  C:47B5H         SYMBOL        L?0157
  -------         PROC          _PCT_SETVIDEOHDELAY
  D:0007H         SYMBOL        _typ
  X:00A6H         SYMBOL        _winch
  X:00A9H         SYMBOL        _cattr
  -------         DO            
  X:00ACH         SYMBOL        hdelay
  -------         ENDDO         
  C:4464H         LINE#         155
  C:446AH         LINE#         156
  C:446AH         LINE#         164
  C:449CH         LINE#         165
  C:449CH         LINE#         166
  C:449CH         LINE#         171
  C:44A1H         LINE#         172
  C:44AAH         LINE#         173
  C:44B6H         LINE#         174
  C:44BCH         LINE#         176
  C:44BEH         LINE#         177
  C:44C7H         LINE#         178
  C:44CDH         LINE#         179
  C:44D0H         LINE#         181
  C:44D0H         LINE#         182
  C:44D0H         LINE#         184
  C:44D0H         LINE#         185
  C:44D9H         LINE#         186
  C:44E1H         LINE#         187
  C:44E7H         LINE#         189
  C:44ECH         LINE#         190
  C:44ECH         LINE#         191
  C:44F7H         LINE#         192
BL51 BANKED LINKER/LOCATER V6.22                                                      03/28/2018  18:26:36  PAGE 63


  C:44FDH         LINE#         194
  C:4500H         LINE#         196
  C:4500H         LINE#         197
  C:4500H         LINE#         199
  C:4500H         LINE#         200
  C:450AH         LINE#         201
  C:4512H         LINE#         202
  C:4518H         LINE#         204
  C:4518H         LINE#         205
  C:4518H         LINE#         206
  C:4523H         LINE#         207
  C:4529H         LINE#         208
  C:452CH         LINE#         210
  C:452CH         LINE#         211
  C:452CH         LINE#         213
  C:452CH         LINE#         214
  C:4535H         LINE#         215
  C:453DH         LINE#         216
  C:4543H         LINE#         218
  C:4543H         LINE#         219
  C:454FH         LINE#         220
  C:4557H         LINE#         221
  C:455DH         LINE#         223
  C:4566H         LINE#         224
  C:4569H         LINE#         225
  C:4574H         LINE#         226
  C:457AH         LINE#         227
  C:457DH         LINE#         229
  C:457DH         LINE#         230
  C:457DH         LINE#         231
  C:457DH         LINE#         233
  C:457DH         LINE#         234
  C:457DH         LINE#         237
  C:457DH         LINE#         238
  C:4587H         LINE#         239
  C:458FH         LINE#         240
  C:4595H         LINE#         242
  C:4595H         LINE#         243
  C:4595H         LINE#         244
  C:459DH         LINE#         245
  C:45A3H         LINE#         247
  C:45A8H         LINE#         248
  C:45B1H         LINE#         249
  C:45BCH         LINE#         250
  C:45C2H         LINE#         251
  C:45C5H         LINE#         253
  C:45C5H         LINE#         254
  C:45C5H         LINE#         257
  C:45C5H         LINE#         258
  C:45CFH         LINE#         259
  C:45D7H         LINE#         260
  C:45DDH         LINE#         262
  C:45DDH         LINE#         263
  C:45DDH         LINE#         264
  C:45E5H         LINE#         265
  C:45EBH         LINE#         267
  C:45EBH         LINE#         268
BL51 BANKED LINKER/LOCATER V6.22                                                      03/28/2018  18:26:36  PAGE 64


  C:45F7H         LINE#         269
  C:45FFH         LINE#         270
  C:4605H         LINE#         271
  C:4608H         LINE#         273
  C:4608H         LINE#         274
  C:4608H         LINE#         277
  C:4608H         LINE#         278
  C:4612H         LINE#         279
  C:461AH         LINE#         280
  C:4620H         LINE#         282
  C:4620H         LINE#         283
  C:4620H         LINE#         284
  C:4628H         LINE#         285
  C:462EH         LINE#         287
  C:462EH         LINE#         288
  C:463AH         LINE#         289
  C:4642H         LINE#         290
  C:464EH         LINE#         292
  C:4653H         LINE#         293
  C:465CH         LINE#         294
  C:4667H         LINE#         295
  C:4673H         LINE#         296
  C:4673H         LINE#         298
  C:4673H         LINE#         299
  C:4673H         LINE#         300
  C:4673H         LINE#         301
  -------         ENDPROC       _PCT_SETVIDEOHDELAY
  C:6084H         SYMBOL        L?0156
  C:6091H         SYMBOL        L?0169
  -------         PROC          _PCT_SETXVIDEOMIXING
  X:00A5H         SYMBOL        _typ
  X:00A6H         SYMBOL        _winch
  -------         DO            
  X:00A9H         SYMBOL        wregptr
  -------         ENDDO         
  C:5F04H         LINE#         304
  C:5F0DH         LINE#         305
  C:5F0DH         LINE#         308
  C:5F1DH         LINE#         309
  C:5F2DH         LINE#         310
  C:5F41H         LINE#         311
  C:5F55H         LINE#         313
  C:5F8BH         LINE#         314
  C:5F8BH         LINE#         315
  C:5F8BH         LINE#         319
  C:5F9AH         LINE#         320
  C:5FA4H         LINE#         321
  C:5FA4H         LINE#         322
  C:5FA7H         LINE#         324
  C:5FA7H         LINE#         325
  C:5FA7H         LINE#         326
  C:5FA7H         LINE#         327
  C:5FA7H         LINE#         328
  C:5FB6H         LINE#         329
  C:5FB8H         LINE#         331
  C:5FC9H         LINE#         332
  C:5FD4H         LINE#         333
BL51 BANKED LINKER/LOCATER V6.22                                                      03/28/2018  18:26:36  PAGE 65


  C:5FD4H         LINE#         334
  C:5FD7H         LINE#         336
  C:5FD7H         LINE#         337
  C:5FD7H         LINE#         338
  C:5FD7H         LINE#         339
  C:5FD7H         LINE#         340
  C:5FD7H         LINE#         341
  C:5FD7H         LINE#         342
  C:5FD7H         LINE#         343
  C:5FD7H         LINE#         344
  C:5FE6H         LINE#         345
  C:5FE8H         LINE#         347
  C:5FF9H         LINE#         348
  C:600DH         LINE#         349
  C:601EH         LINE#         350
  C:6023H         LINE#         351
  C:6026H         LINE#         353
  C:6026H         LINE#         354
  C:6026H         LINE#         355
  C:6035H         LINE#         356
  C:6045H         LINE#         357
  C:6056H         LINE#         358
  C:6067H         LINE#         359
  C:6075H         LINE#         360
  C:6083H         LINE#         361
  C:6083H         LINE#         363
  C:6083H         LINE#         364
  C:6083H         LINE#         365
  C:6083H         LINE#         366
  -------         ENDPROC       _PCT_SETXVIDEOMIXING
  -------         PROC          _PCT_SETYVIDEOMIXING
  D:0007H         SYMBOL        _typ
  C:82E2H         LINE#         372
  C:82E2H         LINE#         373
  C:82E2H         LINE#         374
  -------         ENDPROC       _PCT_SETYVIDEOMIXING
  C:6AE0H         SYMBOL        L?0144
  C:6AEBH         SYMBOL        L?0152
  C:6AF6H         SYMBOL        L?0160
  C:6B01H         SYMBOL        L?0170
  C:6B08H         SYMBOL        L?0172
  -------         PROC          _PCT_RECOMPENSEYHDELAY
  X:00A5H         SYMBOL        _chmiro
  C:69F3H         LINE#         378
  C:69F9H         LINE#         379
  C:69F9H         LINE#         380
  C:6A23H         LINE#         381
  C:6A23H         LINE#         383
  C:6A31H         LINE#         384
  C:6A3AH         LINE#         385
  C:6A4BH         LINE#         386
  C:6A54H         LINE#         387
  C:6A62H         LINE#         388
  C:6A6EH         LINE#         389
  C:6A7FH         LINE#         390
  C:6A7FH         LINE#         391
  C:6A82H         LINE#         393
BL51 BANKED LINKER/LOCATER V6.22                                                      03/28/2018  18:26:36  PAGE 66


  C:6A82H         LINE#         394
  C:6A90H         LINE#         395
  C:6A96H         LINE#         396
  C:6A99H         LINE#         398
  C:6A99H         LINE#         399
  C:6AA7H         LINE#         400
  C:6AADH         LINE#         401
  C:6AAFH         LINE#         403
  C:6AAFH         LINE#         404
  C:6ABDH         LINE#         405
  C:6AC3H         LINE#         406
  C:6AC5H         LINE#         408
  C:6AC5H         LINE#         409
  C:6AD3H         LINE#         410
  C:6ADFH         LINE#         411
  C:6ADFH         LINE#         412
  C:6ADFH         LINE#         413
  -------         ENDPROC       _PCT_RECOMPENSEYHDELAY
  -------         PROC          _PCT_WINATTRCTRL
  X:00ABH         SYMBOL        _wid
  X:00ACH         SYMBOL        _attrsel
  X:00ADH         SYMBOL        _setval
  -------         DO            
  D:0004H         SYMBOL        dat
  -------         ENDDO         
  C:7FDEH         LINE#         464
  C:7FE9H         LINE#         465
  C:7FE9H         LINE#         471
  C:7FF3H         LINE#         472
  C:8004H         LINE#         473
  -------         ENDPROC       _PCT_WINATTRCTRL
  -------         PROC          _PCT_WINATTRCTRLY
  X:00A5H         SYMBOL        _wid
  X:00A6H         SYMBOL        _attrsel
  X:00A7H         SYMBOL        _setval
  -------         DO            
  D:0004H         SYMBOL        dat
  -------         ENDDO         
  C:7E04H         LINE#         482
  C:7E0FH         LINE#         483
  C:7E0FH         LINE#         488
  C:7E1CH         LINE#         489
  C:7E2DH         LINE#         490
  -------         ENDPROC       _PCT_WINATTRCTRLY
  -------         PROC          _PCT_WINATTRCLEAR
  X:00A5H         SYMBOL        _attrsel
  -------         DO            
  X:00A6H         SYMBOL        _wid
  X:00A7H         SYMBOL        dat
  -------         ENDDO         
  C:7E3CH         LINE#         499
  C:7E40H         LINE#         500
  C:7E40H         LINE#         507
  C:7E4CH         LINE#         508
  C:7E59H         LINE#         509
  C:7E62H         LINE#         510
  C:7E6CH         LINE#         511
BL51 BANKED LINKER/LOCATER V6.22                                                      03/28/2018  18:26:36  PAGE 67


  C:7E73H         LINE#         512
  -------         ENDPROC       _PCT_WINATTRCLEAR
  -------         ENDMOD        TW28XX_VIDEO

  -------         MODULE        TW2835_INIT
  C:0000H         SYMBOL        _ICE_DUMMY_
  D:0090H         PUBLIC        P1
  D:00B0H         PUBLIC        P3
  D:00A8H         PUBLIC        IE
  C:4064H         PUBLIC        TW2835_Page0
  C:4264H         PUBLIC        TW2835_Page1
  C:7C47H         PUBLIC        PCT_InitialTW2835
  D:00B8H         PUBLIC        IP
  C:830AH         PUBLIC        PCT_TW2835ResetN
  D:00D8H         PUBLIC        CCON
  D:00C0H         PUBLIC        WDTC
  D:0098H         PUBLIC        SCON
  D:0088H         PUBLIC        TCON
  C:75E6H         PUBLIC        _PCT_ChangeSystemType
  D:00E8H         PUBLIC        IEA
  D:00F8H         PUBLIC        IPA
  D:00C8H         PUBLIC        T2CON
  B:00B0H.4       PUBLIC        RSTn
  C:751FH         PUBLIC        PCT_TW2835_Initial
  D:00D0H         PUBLIC        PSW
  C:825DH         SYMBOL        Com000C
  C:825DH         SYMBOL        L?0013
  C:8266H         SYMBOL        L?0014
  -------         PROC          COM000C
  -------         ENDPROC       COM000C
  -------         PROC          PCT_INITIALTW2835
  C:7C47H         LINE#         72
  C:7C47H         LINE#         73
  C:7C47H         LINE#         74
  C:7C4AH         LINE#         75
  C:7C4EH         LINE#         78
  C:7C53H         LINE#         79
  C:7C5BH         LINE#         80
  C:7C6AH         LINE#         81
  C:7C73H         LINE#         82
  C:7C75H         LINE#         83
  C:7C75H         LINE#         84
  C:7C7CH         LINE#         85
  C:7C7EH         LINE#         86
  C:7C83H         LINE#         88
  C:7C86H         LINE#         89
  -------         ENDPROC       PCT_INITIALTW2835
  -------         PROC          PCT_TW2835RESETN
  -------         DO            
  D:0006H         SYMBOL        _delay
  -------         ENDDO         
  C:830AH         LINE#         96
  C:830AH         LINE#         97
  C:830AH         LINE#         112
  C:830CH         LINE#         113
  C:831AH         LINE#         114
  C:831CH         LINE#         116
BL51 BANKED LINKER/LOCATER V6.22                                                      03/28/2018  18:26:36  PAGE 68


  -------         ENDPROC       PCT_TW2835RESETN
  C:7578H         SYMBOL        L?0015
  -------         PROC          PCT_TW2835_INITIAL
  -------         DO            
  X:00A5H         SYMBOL        offset
  -------         ENDDO         
  C:751FH         LINE#         122
  C:751FH         LINE#         123
  C:751FH         LINE#         126
  C:752AH         LINE#         127
  C:7535H         LINE#         128
  C:7547H         LINE#         130
  C:755EH         LINE#         132
  C:7578H         LINE#         133
  -------         ENDPROC       PCT_TW2835_INITIAL
  C:763DH         SYMBOL        L?0016
  -------         PROC          _PCT_CHANGESYSTEMTYPE
  D:0007H         SYMBOL        _sys
  -------         DO            
  X:009FH         SYMBOL        offset
  -------         ENDDO         
  C:75E6H         LINE#         139
  C:75E6H         LINE#         140
  C:75E6H         LINE#         143
  C:75EFH         LINE#         144
  C:75FAH         LINE#         146
  C:760DH         LINE#         148
  C:7623H         LINE#         149
  C:763DH         LINE#         150
  -------         ENDPROC       _PCT_CHANGESYSTEMTYPE
  -------         ENDMOD        TW2835_INIT

  -------         MODULE        ?C?CLDPTR
  C:3C5EH         PUBLIC        ?C?CLDPTR
  -------         ENDMOD        ?C?CLDPTR

  -------         MODULE        ?C?CLDOPTR
  C:3C77H         PUBLIC        ?C?CLDOPTR
  -------         ENDMOD        ?C?CLDOPTR

  -------         MODULE        ?C?CSTPTR
  C:3CA4H         PUBLIC        ?C?CSTPTR
  -------         ENDMOD        ?C?CSTPTR

  -------         MODULE        ?C?IMUL
  C:3CB6H         PUBLIC        ?C?IMUL
  -------         ENDMOD        ?C?IMUL

  -------         MODULE        ?C?ILDPTR
  C:3CC8H         PUBLIC        ?C?ILDPTR
  -------         ENDMOD        ?C?ILDPTR

  -------         MODULE        ?C?IILDOPTR
  C:3CF3H         PUBLIC        ?C?IILDOPTR
  -------         ENDMOD        ?C?IILDOPTR

  -------         MODULE        ?C?ULCMP
BL51 BANKED LINKER/LOCATER V6.22                                                      03/28/2018  18:26:36  PAGE 69


  C:3D40H         PUBLIC        ?C?ULCMP
  -------         ENDMOD        ?C?ULCMP

  -------         MODULE        ?C?PLDPTR
  C:3D51H         PUBLIC        ?C?PLDPTR
  -------         ENDMOD        ?C?PLDPTR

  -------         MODULE        ?C?PSTPTR
  C:3D71H         PUBLIC        ?C?PSTPTR
  -------         ENDMOD        ?C?PSTPTR

  -------         MODULE        ?C?CCASE
  C:3DC0H         PUBLIC        ?C?CCASE
  -------         ENDMOD        ?C?CCASE

  -------         MODULE        PRINTF
  X:00A5H         PUBLIC        ?_PRINTF517?BYTE
  X:00A5H         PUBLIC        ?_PRINTF?BYTE
  X:00A5H         PUBLIC        ?_SPRINTF517?BYTE
  X:00A5H         PUBLIC        ?_SPRINTF?BYTE
  C:482DH         PUBLIC        _PRINTF
  C:482DH         PUBLIC        _PRINTF517
  C:4827H         PUBLIC        _SPRINTF
  C:4827H         PUBLIC        _SPRINTF517
  -------         ENDMOD        PRINTF

  -------         MODULE        PUTS
  C:8094H         PUBLIC        _PUTS
  -------         ENDMOD        PUTS

  -------         MODULE        SCANF
  X:00ABH         PUBLIC        ?_SCANF517?BYTE
  X:00ABH         PUBLIC        ?_SCANF?BYTE
  X:00ABH         PUBLIC        ?_SSCANF517?BYTE
  X:00ABH         PUBLIC        ?_SSCANF?BYTE
  C:4ED8H         PUBLIC        _SCANF
  C:4ED8H         PUBLIC        _SCANF517
  C:4ED4H         PUBLIC        _SSCANF
  C:4ED4H         PUBLIC        _SSCANF517
  -------         ENDMOD        SCANF

  -------         MODULE        ?C?STRCMP
  C:3F64H         PUBLIC        ?C?STRCMP
  -------         ENDMOD        ?C?STRCMP

  -------         MODULE        STRLEN
  C:000EH         PUBLIC        _STRLEN
  -------         ENDMOD        STRLEN

  -------         MODULE        ATOI
  C:7024H         PUBLIC        _atoi
  -------         ENDMOD        ATOI

  -------         MODULE        ?C?IILDX
  C:3F81H         PUBLIC        ?C?IILDX
  -------         ENDMOD        ?C?IILDX

BL51 BANKED LINKER/LOCATER V6.22                                                      03/28/2018  18:26:36  PAGE 70


  -------         MODULE        ?C?ISTPTR
  C:3F97H         PUBLIC        ?C?ISTPTR
  -------         ENDMOD        ?C?ISTPTR

  -------         MODULE        ?C?LNEG
  C:3FB6H         PUBLIC        ?C?LNEG
  -------         ENDMOD        ?C?LNEG

  -------         MODULE        ?C?LSTPTR
  C:3FC4H         PUBLIC        ?C?LSTPTR
  -------         ENDMOD        ?C?LSTPTR

  -------         MODULE        ?C?PLDIDATA
  C:3FDEH         PUBLIC        ?C?PLDIDATA
  -------         ENDMOD        ?C?PLDIDATA

  -------         MODULE        ?C?PSTIDATA
  C:3FE7H         PUBLIC        ?C?PSTIDATA
  -------         ENDMOD        ?C?PSTIDATA

  -------         MODULE        ?C?PLDXDATA
  C:3FF0H         PUBLIC        ?C?PLDXDATA
  -------         ENDMOD        ?C?PLDXDATA

  -------         MODULE        ?C?PSTXDATA
  C:3FF9H         PUBLIC        ?C?PSTXDATA
  -------         ENDMOD        ?C?PSTXDATA

  -------         MODULE        ?C?PLDPDATA
  C:4002H         PUBLIC        ?C?PLDPDATA
  -------         ENDMOD        ?C?PLDPDATA

  -------         MODULE        ?C?PLDIPDATA
  C:400BH         PUBLIC        ?C?PLDIPDATA
  -------         ENDMOD        ?C?PLDIPDATA

  -------         MODULE        ?C?PILDPDATA
  C:401BH         PUBLIC        ?C?PILDPDATA
  -------         ENDMOD        ?C?PILDPDATA

  -------         MODULE        ?C?PSTPDATA
  C:402BH         PUBLIC        ?C?PSTPDATA
  -------         ENDMOD        ?C?PSTPDATA

  -------         MODULE        ?C?PLDCODE
  C:4034H         PUBLIC        ?C?PLDCODE
  -------         ENDMOD        ?C?PLDCODE

  -------         MODULE        PUTCHAR
  C:815DH         PUBLIC        _PUTCHAR
  -------         ENDMOD        PUTCHAR

  -------         MODULE        GETCHAR
  B:0024H.2       PUBLIC        ?C?CHARLOADED
  X:009BH         PUBLIC        ?_UNGETCHAR?BYTE
  C:831DH         PUBLIC        GETCHAR
  -------         ENDMOD        GETCHAR
BL51 BANKED LINKER/LOCATER V6.22                                                      03/28/2018  18:26:36  PAGE 71



  -------         MODULE        UNGETC
  C:83C7H         PUBLIC        _UNGETCHAR
  -------         ENDMOD        UNGETC

  -------         MODULE        ISDIGIT
  C:837FH         PUBLIC        _isdigit
  -------         ENDMOD        ISDIGIT

  -------         MODULE        ISSPACE
  C:82F6H         PUBLIC        _isspace
  -------         ENDMOD        ISSPACE

  -------         MODULE        ?C?LSTIDATA
  C:4040H         PUBLIC        ?C?LSTIDATA
  -------         ENDMOD        ?C?LSTIDATA

  -------         MODULE        ?C?LSTXDATA
  C:404CH         PUBLIC        ?C?LSTXDATA
  -------         ENDMOD        ?C?LSTXDATA

  -------         MODULE        ?C?LSTPDATA
  C:4058H         PUBLIC        ?C?LSTPDATA
  -------         ENDMOD        ?C?LSTPDATA

  -------         MODULE        _GETKEY
  C:83A4H         PUBLIC        _GETKEY
  -------         ENDMOD        _GETKEY

Program Size: data=46.3 xdata=218 code=33759
LINK/LOCATE RUN COMPLETE.  0 WARNING(S),  0 ERROR(S)
