BL51 BANKED LINKER/LOCATER V6.22                                                        06/13/2018  13:54:00  PAGE 1


BL51 BANKED LINKER/LOCATER V6.22, INVOKED BY:
C:\KEIL\C51\BIN\BL51.EXE .\OBJ\STARTUP.obj, .\OBJ\UART.obj, .\OBJ\BusCtrl.obj, .\OBJ\CommandShell.obj, .\OBJ\Main.obj, .
>> \OBJ\OSD_Graph.obj, .\OBJ\OSDAction.obj, .\OBJ\OSDCtrl.obj, .\OBJ\Timer.obj, .\OBJ\TW28xx_Audio.obj, .\OBJ\TW28xx_Vid
>> eo.obj, .\OBJ\TW2835_Init.obj TO .\OBJ\TW2835 PRINT (.\OBJ\TW2835.m51) RAMSIZE (256)


MEMORY MODEL: COMPACT


INPUT MODULES INCLUDED:
  .\OBJ\STARTUP.obj (?C_STARTUP)
  .\OBJ\UART.obj (UART)
  .\OBJ\BusCtrl.obj (BUSCTRL)
  .\OBJ\CommandShell.obj (COMMANDSHELL)
  .\OBJ\Main.obj (MAIN)
  .\OBJ\OSD_Graph.obj (OSD_GRAPH)
  .\OBJ\OSDAction.obj (OSDACTION)
  .\OBJ\OSDCtrl.obj (OSDCTRL)
  .\OBJ\Timer.obj (TIMER)
  .\OBJ\TW28xx_Audio.obj (TW28XX_AUDIO)
  .\OBJ\TW28xx_Video.obj (TW28XX_VIDEO)
  .\OBJ\TW2835_Init.obj (TW2835_INIT)
  C:\KEIL\C51\LIB\C51C.LIB (?C_INIT)
  C:\KEIL\C51\LIB\C51C.LIB (?C?CLDPTR)
  C:\KEIL\C51\LIB\C51C.LIB (?C?CLDOPTR)
  C:\KEIL\C51\LIB\C51C.LIB (?C?CSTPTR)
  C:\KEIL\C51\LIB\C51C.LIB (?C?IMUL)
  C:\KEIL\C51\LIB\C51C.LIB (?C?ILDPTR)
  C:\KEIL\C51\LIB\C51C.LIB (?C?IILDOPTR)
  C:\KEIL\C51\LIB\C51C.LIB (?C?ULCMP)
  C:\KEIL\C51\LIB\C51C.LIB (?C?PLDPTR)
  C:\KEIL\C51\LIB\C51C.LIB (?C?PSTPTR)
  C:\KEIL\C51\LIB\C51C.LIB (?C?CCASE)
  C:\KEIL\C51\LIB\C51C.LIB (PRINTF)
  C:\KEIL\C51\LIB\C51C.LIB (PUTS)
  C:\KEIL\C51\LIB\C51C.LIB (SCANF)
  C:\KEIL\C51\LIB\C51C.LIB (?C?STRCMP)
  C:\KEIL\C51\LIB\C51C.LIB (STRLEN)
  C:\KEIL\C51\LIB\C51C.LIB (ATOI)
  C:\KEIL\C51\LIB\C51C.LIB (?C?IILDX)
  C:\KEIL\C51\LIB\C51C.LIB (?C?ISTPTR)
  C:\KEIL\C51\LIB\C51C.LIB (?C?LNEG)
  C:\KEIL\C51\LIB\C51C.LIB (?C?LSTPTR)
  C:\KEIL\C51\LIB\C51C.LIB (?C?PLDIDATA)
  C:\KEIL\C51\LIB\C51C.LIB (?C?PSTIDATA)
  C:\KEIL\C51\LIB\C51C.LIB (?C?PLDXDATA)
  C:\KEIL\C51\LIB\C51C.LIB (?C?PSTXDATA)
  C:\KEIL\C51\LIB\C51C.LIB (?C?PLDPDATA)
  C:\KEIL\C51\LIB\C51C.LIB (?C?PLDIPDATA)
  C:\KEIL\C51\LIB\C51C.LIB (?C?PILDPDATA)
  C:\KEIL\C51\LIB\C51C.LIB (?C?PSTPDATA)
  C:\KEIL\C51\LIB\C51C.LIB (?C?PLDCODE)
  C:\KEIL\C51\LIB\C51C.LIB (PUTCHAR)
  C:\KEIL\C51\LIB\C51C.LIB (GETCHAR)
  C:\KEIL\C51\LIB\C51C.LIB (UNGETC)
  C:\KEIL\C51\LIB\C51C.LIB (ISDIGIT)
  C:\KEIL\C51\LIB\C51C.LIB (ISSPACE)
  C:\KEIL\C51\LIB\C51C.LIB (?C?LSTIDATA)
BL51 BANKED LINKER/LOCATER V6.22                                                      06/13/2018  13:54:00  PAGE 2


  C:\KEIL\C51\LIB\C51C.LIB (?C?LSTXDATA)
  C:\KEIL\C51\LIB\C51C.LIB (?C?LSTPDATA)
  C:\KEIL\C51\LIB\C51C.LIB (_GETKEY)


LINK MAP OF MODULE:  .\OBJ\TW2835 (?C_STARTUP)


            TYPE    BASE      LENGTH    RELOCATION   SEGMENT NAME
            -----------------------------------------------------

            * * * * * * *   D A T A   M E M O R Y   * * * * * * *
            REG     0000H     0008H     ABSOLUTE     "REG BANK 0"
            REG     0008H     0008H     ABSOLUTE     "REG BANK 1"
            DATA    0010H     0006H     UNIT         ?DT?TIMER
            DATA    0016H     0002H     UNIT         ?DT?OSDCTRL
                    0018H     0008H                  *** GAP ***
            DATA    0020H     0001H     BIT_ADDR     ?BA?MAIN
            DATA    0021H     0001H     BIT_ADDR     ?BA?OSDACTION
            DATA    0022H     0001H     BIT_ADDR     ?BA?OSDCTRL
            BIT     0023H.0   0001H.1   UNIT         _BIT_GROUP_
            BIT     0024H.1   0000H.1   UNIT         ?BI?MAIN
            BIT     0024H.2   0000H.1   UNIT         ?BI?GETCHAR
                    0024H.3   0000H.5                *** GAP ***
            DATA    0025H     0011H     UNIT         _DATA_GROUP_
            IDATA   0036H     0001H     UNIT         ?STACK

            * * * * * * *  X D A T A   M E M O R Y  * * * * * * *
            XDATA   0000H     0052H     INPAGE       ?PD?UART
            XDATA   0052H     0019H     INPAGE       ?PD?COMMANDSHELL
            XDATA   006BH     002DH     INPAGE       ?PD?MAIN
            XDATA   0098H     0001H     INPAGE       ?PD?OSD_GRAPH
            XDATA   0099H     0001H     INPAGE       ?PD?OSDACTION
            XDATA   009AH     0001H     INPAGE       ?PD?GETCHAR
            XDATA   009BH     003DH     INPAGE       _PDATA_GROUP_
            XDATA   00D8H     0001H     UNIT         ?XD?COMMANDSHELL

            * * * * * * *   C O D E   M E M O R Y   * * * * * * *
            CODE    0000H     0003H     ABSOLUTE     
            CODE    0003H     0008H     UNIT         ?PR?_RS_TX?UART
            CODE    000BH     0003H     ABSOLUTE     
            CODE    000EH     0015H     UNIT         ?PR?_STRLEN?STRLEN
            CODE    0023H     0003H     ABSOLUTE     
            CODE    0026H     24E6H     UNIT         ?CO?OSD_GRAPH
            CODE    250CH     0EA0H     UNIT         ?CO?OSDCTRL
            CODE    33ACH     0453H     UNIT         ?CO?TW28XX_VIDEO
            CODE    37FFH     042CH     UNIT         ?PR?_PCT_SHOWMIRRORICON?OSDACTION
            CODE    3C2BH     0423H     UNIT         ?PR?_PCT_SHOWSPEAKICON?OSDACTION
            CODE    404EH     0406H     UNIT         ?C?LIB_CODE
            CODE    4454H     0400H     UNIT         ?CO?TW2835_INIT
            CODE    4854H     0367H     UNIT         ?PR?_PCT_SETVIDEOHDELAY?TW28XX_VIDEO
            CODE    4BBBH     035BH     UNIT         ?PR?PRINTF?PRINTF
            CODE    4F16H     0358H     UNIT         ?PR?_PCT_OSD_ACTIONPTHX?OSDACTION
            CODE    526EH     0316H     UNIT         ?PR?SCANF?SCANF
            CODE    5584H     02DFH     UNIT         ?CO?COMMANDSHELL
            CODE    5863H     028CH     UNIT         ?PR?_PCT_RUNCOMMSHELL?COMMANDSHELL
            CODE    5AEFH     028CH     UNIT         ?PR?_PCT_SHOWINDICATEICON?OSDACTION
BL51 BANKED LINKER/LOCATER V6.22                                                      06/13/2018  13:54:00  PAGE 3


            CODE    5D7BH     0210H     UNIT         ?PR?_MONIVIDEOMIXATTR?COMMANDSHELL
            CODE    5F8BH     020BH     UNIT         ?PR?COMMANDSHELL
            CODE    6196H     01B8H     UNIT         ?PR?PCT_AUDIOREGLIST?TW28XX_AUDIO
            CODE    634EH     0195H     UNIT         ?PR?_PCT_SETXVIDEOMIXING?TW28XX_VIDEO
            CODE    64E3H     018AH     UNIT         ?PR?_MONIAUDIOMIXING?COMMANDSHELL
            CODE    666DH     016FH     UNIT         ?PR?_PCT_OSD16X16GRAPHX?OSD_GRAPH
            CODE    67DCH     0169H     UNIT         ?PR?_PCT_WRITEOSDDATABUFFERX?OSDCTRL
            CODE    6945H     0156H     UNIT         ?PR?OSDCTRL
            CODE    6A9BH     013DH     UNIT         ?PR?_MONIAUDIOGAIN?COMMANDSHELL
            CODE    6BD8H     0136H     UNIT         ?PR?_MONIHSCOMM?COMMANDSHELL
            CODE    6D0EH     012FH     UNIT         ?PR?PCT_INITOSDCOLOR?OSDCTRL
            CODE    6E3DH     0120H     UNIT         ?PR?_PCT_RECOMPENSEYHDELAY?TW28XX_VIDEO
            CODE    6F5DH     011DH     UNIT         ?PR?_PCT_WRITEOSDDATABUFFERY?OSDCTRL
            CODE    707AH     0117H     UNIT         ?PR?_MONISETVIDEOFORMAT?COMMANDSHELL
            CODE    7191H     0104H     UNIT         ?PR?TW28XX_VIDEO
            CODE    7295H     00F7H     UNIT         ?PR?_PCT_WRITEOSDFNTX?OSDCTRL
            CODE    738CH     00E2H     UNIT         ?PR?_PCT_WRITEOSDFNTY?OSDCTRL
            CODE    746EH     00D0H     UNIT         ?PR?_ATOI?ATOI
            CODE    753EH     00A1H     UNIT         ?PR?_PCT_CLEARWORDSPATHX?OSDCTRL
            CODE    75DFH     009EH     UNIT         ?PR?_PCT_FULLCOLORONOSD?OSDCTRL
            CODE    767DH     0097H     UNIT         ?PR?_PCT_SETCHANELSCALE?TW28XX_VIDEO
            CODE    7714H     0096H     UNIT         ?PR?OSDACTION
            CODE    77AAH     008CH     UNIT         ?C_C51STARTUP
            CODE    7836H     0075H     UNIT         ?PR?MAIN?MAIN
            CODE    78ABH     0068H     UNIT         ?PR?_PCT_GETFIRSTSTR?COMMANDSHELL
            CODE    7913H     0064H     UNIT         ?PR?PCT_TW2835_INITIAL?TW2835_INIT
            CODE    7977H     0063H     UNIT         ?PR?PCT_CHECKSYSTEM?COMMANDSHELL
            CODE    79DAH     0062H     UNIT         ?PR?_PCT_CHANGESYSTEMTYPE?TW2835_INIT
            CODE    7A3CH     0061H     UNIT         ?PR?_PCT_AUDIOMIXCTRL?TW28XX_AUDIO
            CODE    7A9DH     0060H     UNIT         ?PR?_PCT_SHOWOSDSTRING?OSDCTRL
            CODE    7AFDH     005FH     UNIT         ?PR?_PCT_SHOWGRAPHSTRING?OSD_GRAPH
            CODE    7B5CH     005DH     UNIT         ?PR?_MONISHOWSODSTR?COMMANDSHELL
            CODE    7BB9H     005BH     UNIT         ?PR?_PCT_AUDIOGAINCTRL?TW28XX_AUDIO
            CODE    7C14H     0057H     UNIT         ?PR?_PCT_WRITESTABLE?BUSCTRL
            CODE    7C6BH     0056H     UNIT         ?PR?_MONIVIDEOMIXWIN?COMMANDSHELL
            CODE    7CC1H     0054H     UNIT         ?PR?TIMER0_INTERRUPT?TIMER
            CODE    7D15H     0052H     UNIT         ?PR?COMMANDSHELL?MAIN
            CODE    7D67H     0050H     UNIT         ?PR?_PCT_SETOSDCOLOR?OSDCTRL
            CODE    7DB7H     004CH     UNIT         ?PR?_MONIWRITEASICBYTE?COMMANDSHELL
            CODE    7E03H     004AH     UNIT         ?PR?_PCT_WRITEASICTABLE?BUSCTRL
            CODE    7E4DH     004AH     UNIT         ?PR?PCT_INITIALOSD?OSDACTION
            CODE    7E97H     0049H     UNIT         ?PR?MONIREGISTERDUMP?COMMANDSHELL
            CODE    7EE0H     0047H     UNIT         ?PR?_MONIREADASICBYTE?COMMANDSHELL
            CODE    7F27H     0047H     UNIT         ?PR?_PCT_DETECTVIDEOFORMAT?TW28XX_VIDEO
            CODE    7F6EH     0046H     UNIT         ?PR?_WAIT_MS?MAIN
            CODE    7FB4H     0046H     UNIT         ?PR?PCT_SHOWMODEICON?OSDACTION
            CODE    7FFAH     0044H     UNIT         ?PR?PCT_INITIALTW2835?TW2835_INIT
            CODE    803EH     0043H     UNIT         ?PR?_MONIREADPAGEBUFFER?COMMANDSHELL
            CODE    8081H     0041H     UNIT         ?PR?_PCT_CHECKVMIXTYPE?COMMANDSHELL
            CODE    80C2H     0041H     UNIT         ?PR?TW28XX_AUDIO
            CODE    8103H     0040H     UNIT         ?PR?OSD_GRAPH
            CODE    8143H     0040H     UNIT         ?CO?TW28XX_AUDIO
            CODE    8183H     003EH     UNIT         ?PR?_PCT_STRTOCOMMCODE?COMMANDSHELL
            CODE    81C1H     003BH     UNIT         ?PR?PCT_AUDIOACTIONFORHS?COMMANDSHELL
            CODE    81FCH     0038H     UNIT         ?PR?_PCT_WINATTRCTRLY?TW28XX_VIDEO
            CODE    8234H     0038H     UNIT         ?PR?_PCT_WINATTRCLEAR?TW28XX_VIDEO
            CODE    826CH     0036H     UNIT         ?PR?_PUTSP?MAIN
BL51 BANKED LINKER/LOCATER V6.22                                                      06/13/2018  13:54:00  PAGE 4


            CODE    82A2H     0035H     UNIT         ?PR?PCT_GETVIDEOSIGNALSTATUS?OSDACTION
            CODE    82D7H     0035H     UNIT         ?PR?_PCT_ENSHOWOSDPAGE?OSDCTRL
            CODE    830CH     0033H     UNIT         ?PR?_PCT_READASICBYTE?BUSCTRL
            CODE    833FH     0033H     UNIT         ?PR?_MONIREADONEBUFFER?COMMANDSHELL
            CODE    8372H     0033H     UNIT         ?PR?_MONIWRITEONEBUFFER?COMMANDSHELL
            CODE    83A5H     0033H     UNIT         ?PR?MONIVIDEOAUTODETECT?COMMANDSHELL
            CODE    83D8H     0033H     UNIT         ?PR?_PCT_AUDIOMIXMUTE?TW28XX_AUDIO
            CODE    840BH     0031H     UNIT         ?PR?_PCT_WINATTRCTRL?TW28XX_VIDEO
            CODE    843CH     002DH     UNIT         ?PR?_PCT_WRITEASICBYTE?BUSCTRL
            CODE    8469H     002AH     UNIT         ?PR?MONIHSCOMMVERSION?COMMANDSHELL
            CODE    8493H     002AH     UNIT         ?PR?_CHKSTARTCOMMSHELL?MAIN
            CODE    84BDH     002AH     UNIT         ?PR?_PUTS?PUTS
            CODE    84E7H     0028H     UNIT         ?PR?BUSCTRL
            CODE    850FH     0028H     UNIT         ?PR?_PCT_AUDIOSELLIVE?TW28XX_AUDIO
            CODE    8537H     0028H     UNIT         ?PR?_PCT_SETVIDEOFORMAT?TW28XX_VIDEO
            CODE    855FH     0027H     UNIT         ?PR?RS_INTERRUPT?UART
            CODE    8586H     0027H     UNIT         ?PR?PUTCHAR?PUTCHAR
            CODE    85ADH     0025H     UNIT         ?PR?PCT_OSDACTIONFORHS?OSDACTION
            CODE    85D2H     0025H     UNIT         ?CO?OSDACTION
            CODE    85F7H     0023H     UNIT         ?PR?INITIALMPU?MAIN
            CODE    861AH     001DH     UNIT         ?PR?_PCT_SETOSDDRAWPAGE?OSDCTRL
            CODE    8637H     001CH     UNIT         ?PR?_PCT_DISSHOWOSDPAGE?OSDCTRL
            CODE    8653H     001AH     UNIT         ?PR?RS_RX?UART
            CODE    866DH     0019H     UNIT         ?PR?_PCT_CLEAROSDPAGEX?OSDCTRL
            CODE    8686H     0018H     UNIT         ?PR?TW2835_INIT
            CODE    869EH     0017H     UNIT         ?CO?MAIN
            CODE    86B5H     0016H     UNIT         ?PR?_MONIHSCOMMSJMODE?COMMANDSHELL
            CODE    86CBH     0016H     UNIT         ?PR?RESETCOMMSELL?MAIN
            CODE    86E1H     0016H     UNIT         ?PR?INITIALTIMER0?TIMER
            CODE    86F7H     0014H     UNIT         ?PR?_MONIAUDIOLIVE?COMMANDSHELL
            CODE    870BH     0014H     UNIT         ?PR?_PCT_SETYVIDEOMIXING?TW28XX_VIDEO
            CODE    871FH     0014H     UNIT         ?PR?_ISSPACE?ISSPACE
            CODE    8733H     0013H     UNIT         ?PR?PCT_TW2835RESETN?TW2835_INIT
            CODE    8746H     0013H     UNIT         ?PR?GETCHAR?GETCHAR
            CODE    8759H     0012H     UNIT         ?PR?_MONIYVIDEOMIX?COMMANDSHELL
            CODE    876BH     0010H     UNIT         ?PR?INITIALUART?UART
            CODE    877BH     000FH     UNIT         ?PR?RS_RXREADY?UART
            CODE    878AH     000FH     UNIT         ?PR?PCT_SENDACK?COMMANDSHELL
            CODE    8799H     000FH     UNIT         ?PR?MONIAUDIOMUTE?COMMANDSHELL
            CODE    87A8H     000FH     UNIT         ?PR?_ISDIGIT?ISDIGIT
            CODE    87B7H     000BH     UNIT         ?PR?INITIALCOMMSHELL?MAIN
            CODE    87C2H     000AH     UNIT         ?PR?_GETKEY?_GETKEY
            CODE    87CCH     0009H     UNIT         ?PR?NEWLINE?MAIN
            CODE    87D5H     0009H     UNIT         ?PR?_PCT_FLASHOSDCTRL?MAIN
            CODE    87DEH     0008H     UNIT         ?C_INITSEG
            CODE    87E6H     0007H     UNIT         ?PR?PCT_ENFALSHVLOSS?OSDACTION
            CODE    87EDH     0007H     UNIT         ?PR?GETCHAR?UNGETCHAR
            CODE    87F4H     0005H     UNIT         ?PR?MONIHSCOMMDISSCROLL?COMMANDSHELL
            CODE    87F9H     0005H     UNIT         ?PR?PCT_CLEARGRAPHATTR?OSD_GRAPH
            CODE    87FEH     0003H     UNIT         ?PR?_PCT_PRESETFOREGROUNDCOLOR?OSDCTRL
            CODE    8801H     0003H     UNIT         ?PR?_PCT_PRESETBACKGROUNDCOLOR?OSDCTRL
            CODE    8804H     0001H     UNIT         ?PR?PTC_SWITCHTOI2CMODE?BUSCTRL



OVERLAY MAP OF MODULE:   .\OBJ\TW2835 (?C_STARTUP)

BL51 BANKED LINKER/LOCATER V6.22                                                      06/13/2018  13:54:00  PAGE 5



SEGMENT                                            BIT_GROUP          DATA_GROUP          PDATA_GROUP
  +--> CALLED SEGMENT                           START    LENGTH     START    LENGTH     START    LENGTH
-------------------------------------------------------------------------------------------------------
?C_C51STARTUP                                   -----    -----      -----    -----      -----    -----
  +--> ?PR?MAIN?MAIN
  +--> ?C_INITSEG

?PR?MAIN?MAIN                                   -----    -----      -----    -----      009BH    0003H
  +--> ?PR?INITIALMPU?MAIN
  +--> ?PR?INITIALCOMMSHELL?MAIN
  +--> ?PR?PTC_SWITCHTOI2CMODE?BUSCTRL
  +--> ?PR?PCT_INITIALTW2835?TW2835_INIT
  +--> ?PR?RESETCOMMSELL?MAIN
  +--> ?PR?COMMANDSHELL?MAIN
  +--> ?PR?_PCT_RUNCOMMSHELL?COMMANDSHELL
  +--> ?PR?PCT_CHECKSYSTEM?COMMANDSHELL
  +--> ?PR?RS_RXREADY?UART
  +--> ?PR?PCT_GETVIDEOSIGNALSTATUS?OSDACTION

?PR?INITIALMPU?MAIN                             -----    -----      -----    -----      -----    -----
  +--> ?PR?INITIALUART?UART
  +--> ?PR?INITIALTIMER0?TIMER

?PR?PCT_INITIALTW2835?TW2835_INIT               -----    -----      -----    -----      -----    -----
  +--> ?PR?PCT_TW2835RESETN?TW2835_INIT
  +--> ?PR?_PCT_READASICBYTE?BUSCTRL
  +--> ?PR?_PCT_DETECTVIDEOFORMAT?TW28XX_VIDEO
  +--> ?PR?_WAIT_MS?MAIN
  +--> ?PR?PCT_TW2835_INITIAL?TW2835_INIT
  +--> ?PR?PCT_INITIALOSD?OSDACTION

?PR?_PCT_READASICBYTE?BUSCTRL                   -----    -----      -----    -----      -----    -----
  +--> ?PR?BUSCTRL

?PR?_PCT_DETECTVIDEOFORMAT?TW28XX_VIDEO         -----    -----      -----    -----      00A4H    0002H
  +--> ?PR?_PCT_READASICBYTE?BUSCTRL

?PR?_WAIT_MS?MAIN                               -----    -----      -----    -----      00A4H    0004H

?PR?PCT_TW2835_INITIAL?TW2835_INIT              -----    -----      -----    -----      00A4H    0002H
  +--> ?PR?TW2835_INIT
  +--> ?CO?TW2835_INIT
  +--> ?PR?_PCT_WRITEASICTABLE?BUSCTRL

?PR?TW2835_INIT                                 -----    -----      -----    -----      -----    -----
  +--> ?CO?TW2835_INIT

?PR?_PCT_WRITEASICTABLE?BUSCTRL                 -----    -----      -----    -----      00A6H    0007H
  +--> ?PR?BUSCTRL

?PR?PCT_INITIALOSD?OSDACTION                    -----    -----      0027H    0001H      -----    -----
  +--> ?PR?PCT_INITOSDCOLOR?OSDCTRL
  +--> ?PR?PCT_CLEARGRAPHATTR?OSD_GRAPH
  +--> ?PR?_PCT_PRESETFOREGROUNDCOLOR?OSDCTRL
  +--> ?PR?_PCT_PRESETBACKGROUNDCOLOR?OSDCTRL
  +--> ?PR?_PCT_ENSHOWOSDPAGE?OSDCTRL
BL51 BANKED LINKER/LOCATER V6.22                                                      06/13/2018  13:54:00  PAGE 6


  +--> ?PR?_PCT_SETOSDDRAWPAGE?OSDCTRL
  +--> ?PR?_PCT_FULLCOLORONOSD?OSDCTRL

?PR?PCT_INITOSDCOLOR?OSDCTRL                    -----    -----      -----    -----      -----    -----
  +--> ?PR?_PCT_WRITEASICBYTE?BUSCTRL
  +--> ?PR?OSDCTRL
  +--> ?PR?_PCT_SETOSDCOLOR?OSDCTRL

?PR?_PCT_WRITEASICBYTE?BUSCTRL                  -----    -----      -----    -----      00D4H    0004H
  +--> ?PR?BUSCTRL

?PR?OSDCTRL                                     -----    -----      -----    -----      -----    -----
  +--> ?CO?OSDCTRL

?PR?_PCT_SETOSDCOLOR?OSDCTRL                    -----    -----      -----    -----      00A4H    0005H
  +--> ?PR?_PCT_WRITEASICBYTE?BUSCTRL

?PR?_PCT_ENSHOWOSDPAGE?OSDCTRL                  -----    -----      -----    -----      00AAH    0001H
  +--> ?PR?OSDCTRL
  +--> ?PR?_PCT_WRITEASICBYTE?BUSCTRL
  +--> ?PR?_PCT_READASICBYTE?BUSCTRL

?PR?_PCT_SETOSDDRAWPAGE?OSDCTRL                 -----    -----      -----    -----      00AAH    0001H
  +--> ?PR?OSDCTRL
  +--> ?PR?_PCT_READASICBYTE?BUSCTRL
  +--> ?PR?_PCT_WRITEASICBYTE?BUSCTRL

?PR?_PCT_FULLCOLORONOSD?OSDCTRL                 -----    -----      -----    -----      00A4H    0006H
  +--> ?PR?OSDCTRL
  +--> ?PR?_PCT_WRITEASICBYTE?BUSCTRL
  +--> ?PR?_PCT_READASICBYTE?BUSCTRL

?PR?RESETCOMMSELL?MAIN                          -----    -----      -----    -----      -----    -----
  +--> ?CO?MAIN
  +--> ?PR?_PUTSP?MAIN

?PR?_PUTSP?MAIN                                 -----    -----      0025H    0001H      009EH    0003H
  +--> ?PR?_RS_TX?UART

?PR?COMMANDSHELL?MAIN                           -----    -----      0025H    0001H      -----    -----
  +--> ?PR?RS_RXREADY?UART
  +--> ?PR?RS_RX?UART
  +--> ?PR?_RS_TX?UART
  +--> ?PR?_CHKSTARTCOMMSHELL?MAIN
  +--> ?PR?NEWLINE?MAIN

?PR?_CHKSTARTCOMMSHELL?MAIN                     -----    -----      -----    -----      009EH    0003H
  +--> ?CO?MAIN

?PR?NEWLINE?MAIN                                -----    -----      -----    -----      -----    -----
  +--> ?CO?MAIN
  +--> ?PR?_PUTS?PUTS

?PR?_PUTS?PUTS                                  -----    -----      -----    -----      -----    -----
  +--> ?PR?PUTCHAR?PUTCHAR

?PR?_PCT_RUNCOMMSHELL?COMMANDSHELL              -----    -----      0025H    0002H      009EH    0006H
BL51 BANKED LINKER/LOCATER V6.22                                                      06/13/2018  13:54:00  PAGE 7


  +--> ?PR?COMMANDSHELL
  +--> ?PR?_PCT_GETFIRSTSTR?COMMANDSHELL
  +--> ?PR?_PCT_STRTOCOMMCODE?COMMANDSHELL
  +--> ?CO?COMMANDSHELL
  +--> ?PR?_MONIREADPAGEBUFFER?COMMANDSHELL
  +--> ?PR?_MONIREADONEBUFFER?COMMANDSHELL
  +--> ?PR?_MONIWRITEONEBUFFER?COMMANDSHELL
  +--> ?PR?_MONIWRITEASICBYTE?COMMANDSHELL
  +--> ?PR?_MONIREADASICBYTE?COMMANDSHELL
  +--> ?PR?_MONIAUDIOMIXING?COMMANDSHELL
  +--> ?PR?MONIAUDIOMUTE?COMMANDSHELL
  +--> ?PR?PCT_AUDIOREGLIST?TW28XX_AUDIO
  +--> ?PR?_MONIAUDIOGAIN?COMMANDSHELL
  +--> ?PR?_MONIAUDIOLIVE?COMMANDSHELL
  +--> ?PR?MONIREGISTERDUMP?COMMANDSHELL
  +--> ?PR?_PCT_WINATTRCLEAR?TW28XX_VIDEO
  +--> ?PR?_MONIVIDEOMIXWIN?COMMANDSHELL
  +--> ?PR?PCT_SENDACK?COMMANDSHELL
  +--> ?PR?_MONIVIDEOMIXATTR?COMMANDSHELL
  +--> ?PR?_MONIYVIDEOMIX?COMMANDSHELL
  +--> ?PR?PCT_INITIALTW2835?TW2835_INIT
  +--> ?PR?MONIVIDEOAUTODETECT?COMMANDSHELL
  +--> ?PR?_MONISETVIDEOFORMAT?COMMANDSHELL
  +--> ?PR?_MONISHOWSODSTR?COMMANDSHELL
  +--> ?PR?_MONIHSCOMM?COMMANDSHELL
  +--> ?PR?PCT_AUDIOACTIONFORHS?COMMANDSHELL
  +--> ?PR?PCT_OSDACTIONFORHS?OSDACTION
  +--> ?PR?_PCT_FLASHOSDCTRL?MAIN
  +--> ?PR?_MONIHSCOMMSJMODE?COMMANDSHELL
  +--> ?PR?MONIHSCOMMDISSCROLL?COMMANDSHELL
  +--> ?PR?MONIHSCOMMVERSION?COMMANDSHELL

?PR?COMMANDSHELL                                -----    -----      -----    -----      -----    -----
  +--> ?CO?COMMANDSHELL

?PR?_PCT_GETFIRSTSTR?COMMANDSHELL               -----    -----      -----    -----      00AAH    0006H
  +--> ?PR?COMMANDSHELL

?PR?_PCT_STRTOCOMMCODE?COMMANDSHELL             -----    -----      0031H    0002H      00AAH    0003H
  +--> ?PR?COMMANDSHELL

?PR?_MONIREADPAGEBUFFER?COMMANDSHELL            -----    -----      0027H    0003H      -----    -----
  +--> ?PR?COMMANDSHELL
  +--> ?CO?COMMANDSHELL
  +--> ?PR?SCANF?SCANF
  +--> ?PR?_PCT_READASICBYTE?BUSCTRL
  +--> ?PR?PRINTF?PRINTF

?PR?SCANF?SCANF                                 0023H.0  0000H.6    0031H    0005H      00AAH    0015H
  +--> ?PR?GETCHAR?UNGETCHAR
  +--> ?PR?_ISSPACE?ISSPACE
  +--> ?PR?GETCHAR?GETCHAR

?PR?GETCHAR?GETCHAR                             -----    -----      -----    -----      -----    -----
  +--> ?PR?_GETKEY?_GETKEY
  +--> ?PR?PUTCHAR?PUTCHAR

BL51 BANKED LINKER/LOCATER V6.22                                                      06/13/2018  13:54:00  PAGE 8


?PR?PRINTF?PRINTF                               0023H.0  0001H.1    002BH    0005H      00A4H    000FH
  +--> ?PR?PUTCHAR?PUTCHAR

?PR?_MONIREADONEBUFFER?COMMANDSHELL             -----    -----      0027H    0002H      -----    -----
  +--> ?PR?COMMANDSHELL
  +--> ?CO?COMMANDSHELL
  +--> ?PR?SCANF?SCANF
  +--> ?PR?_PCT_READASICBYTE?BUSCTRL
  +--> ?PR?PRINTF?PRINTF

?PR?_MONIWRITEONEBUFFER?COMMANDSHELL            -----    -----      0027H    0003H      -----    -----
  +--> ?PR?COMMANDSHELL
  +--> ?CO?COMMANDSHELL
  +--> ?PR?SCANF?SCANF
  +--> ?PR?_PCT_WRITEASICBYTE?BUSCTRL

?PR?_MONIWRITEASICBYTE?COMMANDSHELL             -----    -----      0027H    0004H      -----    -----
  +--> ?PR?COMMANDSHELL
  +--> ?CO?COMMANDSHELL
  +--> ?PR?SCANF?SCANF
  +--> ?PR?_PCT_WRITEASICBYTE?BUSCTRL

?PR?_MONIREADASICBYTE?COMMANDSHELL              -----    -----      0027H    0004H      -----    -----
  +--> ?PR?COMMANDSHELL
  +--> ?CO?COMMANDSHELL
  +--> ?PR?SCANF?SCANF
  +--> ?PR?_PCT_READASICBYTE?BUSCTRL
  +--> ?PR?PRINTF?PRINTF

?PR?_MONIAUDIOMIXING?COMMANDSHELL               -----    -----      0027H    000AH      00A4H    0006H
  +--> ?PR?COMMANDSHELL
  +--> ?PR?_PCT_GETFIRSTSTR?COMMANDSHELL
  +--> ?PR?_PCT_AUDIOMIXMUTE?TW28XX_AUDIO
  +--> ?PR?_ATOI?ATOI
  +--> ?PR?SCANF?SCANF
  +--> ?PR?_PCT_AUDIOMIXCTRL?TW28XX_AUDIO
  +--> ?CO?COMMANDSHELL

?PR?_PCT_AUDIOMIXMUTE?TW28XX_AUDIO              -----    -----      0031H    0001H      00AAH    0002H
  +--> ?PR?_PCT_READASICBYTE?BUSCTRL
  +--> ?PR?_PCT_WRITEASICBYTE?BUSCTRL

?PR?_ATOI?ATOI                                  0023H.0  0000H.1    -----    -----      00AAH    0005H
  +--> ?PR?_ISSPACE?ISSPACE
  +--> ?PR?_ISDIGIT?ISDIGIT

?PR?_PCT_AUDIOMIXCTRL?TW28XX_AUDIO              -----    -----      -----    -----      00AAH    0004H
  +--> ?PR?TW28XX_AUDIO
  +--> ?PR?_PCT_READASICBYTE?BUSCTRL
  +--> ?CO?TW28XX_AUDIO
  +--> ?PR?_PCT_WRITEASICBYTE?BUSCTRL
  +--> ?PR?_PCT_AUDIOSELLIVE?TW28XX_AUDIO

?PR?TW28XX_AUDIO                                -----    -----      -----    -----      -----    -----
  +--> ?CO?TW28XX_AUDIO

?PR?_PCT_AUDIOSELLIVE?TW28XX_AUDIO              -----    -----      -----    -----      00AEH    0001H
BL51 BANKED LINKER/LOCATER V6.22                                                      06/13/2018  13:54:00  PAGE 9


  +--> ?PR?_PCT_WRITEASICBYTE?BUSCTRL

?PR?MONIAUDIOMUTE?COMMANDSHELL                  -----    -----      -----    -----      -----    -----
  +--> ?PR?_PCT_AUDIOMIXMUTE?TW28XX_AUDIO
  +--> ?PR?_PCT_AUDIOSELLIVE?TW28XX_AUDIO

?PR?PCT_AUDIOREGLIST?TW28XX_AUDIO               -----    -----      -----    -----      -----    -----
  +--> ?PR?PRINTF?PRINTF
  +--> ?PR?_PCT_READASICBYTE?BUSCTRL
  +--> ?CO?TW28XX_AUDIO

?PR?_MONIAUDIOGAIN?COMMANDSHELL                 -----    -----      0027H    000AH      00A4H    0006H
  +--> ?PR?COMMANDSHELL
  +--> ?PR?_PCT_GETFIRSTSTR?COMMANDSHELL
  +--> ?PR?_ATOI?ATOI
  +--> ?PR?SCANF?SCANF
  +--> ?CO?COMMANDSHELL
  +--> ?PR?_PCT_AUDIOGAINCTRL?TW28XX_AUDIO

?PR?_PCT_AUDIOGAINCTRL?TW28XX_AUDIO             -----    -----      -----    -----      00AAH    0003H
  +--> ?PR?TW28XX_AUDIO
  +--> ?PR?_PCT_READASICBYTE?BUSCTRL
  +--> ?CO?TW28XX_AUDIO
  +--> ?PR?_PCT_WRITEASICBYTE?BUSCTRL

?PR?_MONIAUDIOLIVE?COMMANDSHELL                 -----    -----      0027H    0001H      -----    -----
  +--> ?PR?COMMANDSHELL
  +--> ?PR?SCANF?SCANF
  +--> ?PR?_PCT_AUDIOSELLIVE?TW28XX_AUDIO

?PR?MONIREGISTERDUMP?COMMANDSHELL               -----    -----      0027H    0002H      -----    -----
  +--> ?CO?COMMANDSHELL
  +--> ?PR?PRINTF?PRINTF
  +--> ?PR?_PCT_READASICBYTE?BUSCTRL

?PR?_PCT_WINATTRCLEAR?TW28XX_VIDEO              -----    -----      -----    -----      00A4H    0003H
  +--> ?PR?TW28XX_VIDEO
  +--> ?PR?_PCT_READASICBYTE?BUSCTRL
  +--> ?PR?_PCT_WRITEASICBYTE?BUSCTRL

?PR?TW28XX_VIDEO                                -----    -----      -----    -----      -----    -----
  +--> ?CO?TW28XX_VIDEO

?PR?_MONIVIDEOMIXWIN?COMMANDSHELL               -----    -----      0027H    0002H      -----    -----
  +--> ?PR?COMMANDSHELL
  +--> ?CO?COMMANDSHELL
  +--> ?PR?SCANF?SCANF
  +--> ?PR?_PCT_SETXVIDEOMIXING?TW28XX_VIDEO

?PR?_PCT_SETXVIDEOMIXING?TW28XX_VIDEO           -----    -----      -----    -----      00A4H    0007H
  +--> ?PR?TW28XX_VIDEO
  +--> ?PR?_PCT_WRITEASICBYTE?BUSCTRL
  +--> ?CO?TW28XX_VIDEO
  +--> ?PR?_PCT_SETCHANELSCALE?TW28XX_VIDEO
  +--> ?PR?_PCT_WRITESTABLE?BUSCTRL

?PR?_PCT_SETCHANELSCALE?TW28XX_VIDEO            -----    -----      -----    -----      00ABH    0008H
BL51 BANKED LINKER/LOCATER V6.22                                                      06/13/2018  13:54:00  PAGE 10


  +--> ?PR?TW28XX_VIDEO
  +--> ?CO?TW28XX_VIDEO
  +--> ?PR?_PCT_WRITEASICBYTE?BUSCTRL

?PR?_PCT_WRITESTABLE?BUSCTRL                    -----    -----      -----    -----      00ABH    0003H
  +--> ?PR?BUSCTRL
  +--> ?PR?_PCT_READASICBYTE?BUSCTRL
  +--> ?PR?_PCT_WRITEASICBYTE?BUSCTRL

?PR?PCT_SENDACK?COMMANDSHELL                    -----    -----      -----    -----      -----    -----
  +--> ?PR?_RS_TX?UART

?PR?_MONIVIDEOMIXATTR?COMMANDSHELL              -----    -----      0027H    000AH      00A4H    0006H
  +--> ?PR?COMMANDSHELL
  +--> ?PR?_ATOI?ATOI
  +--> ?PR?_PCT_STRTOCOMMCODE?COMMANDSHELL
  +--> ?CO?COMMANDSHELL
  +--> ?PR?_PCT_GETFIRSTSTR?COMMANDSHELL
  +--> ?PR?_PCT_WINATTRCTRL?TW28XX_VIDEO

?PR?_PCT_WINATTRCTRL?TW28XX_VIDEO               -----    -----      -----    -----      00AAH    0003H
  +--> ?PR?TW28XX_VIDEO
  +--> ?PR?_PCT_READASICBYTE?BUSCTRL
  +--> ?PR?_PCT_WRITEASICBYTE?BUSCTRL

?PR?_MONIYVIDEOMIX?COMMANDSHELL                 -----    -----      0027H    0001H      -----    -----
  +--> ?PR?COMMANDSHELL
  +--> ?PR?SCANF?SCANF
  +--> ?PR?_PCT_SETYVIDEOMIXING?TW28XX_VIDEO

?PR?_PCT_SETYVIDEOMIXING?TW28XX_VIDEO           -----    -----      -----    -----      -----    -----
  +--> ?CO?TW28XX_VIDEO
  +--> ?PR?_PCT_WRITESTABLE?BUSCTRL

?PR?MONIVIDEOAUTODETECT?COMMANDSHELL            -----    -----      -----    -----      -----    -----
  +--> ?PR?_PCT_DETECTVIDEOFORMAT?TW28XX_VIDEO
  +--> ?CO?COMMANDSHELL
  +--> ?PR?PRINTF?PRINTF

?PR?_MONISETVIDEOFORMAT?COMMANDSHELL            -----    -----      0027H    0008H      00A4H    0006H
  +--> ?PR?COMMANDSHELL
  +--> ?PR?_PCT_GETFIRSTSTR?COMMANDSHELL
  +--> ?PR?_ATOI?ATOI
  +--> ?CO?COMMANDSHELL
  +--> ?PR?_PCT_SETVIDEOFORMAT?TW28XX_VIDEO
  +--> ?PR?SCANF?SCANF

?PR?_PCT_SETVIDEOFORMAT?TW28XX_VIDEO            -----    -----      -----    -----      00AAH    0002H
  +--> ?PR?_PCT_READASICBYTE?BUSCTRL
  +--> ?PR?TW28XX_VIDEO
  +--> ?PR?_PCT_WRITEASICBYTE?BUSCTRL

?PR?_MONISHOWSODSTR?COMMANDSHELL                -----    -----      0027H    0002H      00A4H    0006H
  +--> ?PR?COMMANDSHELL
  +--> ?PR?_ATOI?ATOI
  +--> ?PR?_PCT_PRESETFOREGROUNDCOLOR?OSDCTRL
  +--> ?PR?_PCT_PRESETBACKGROUNDCOLOR?OSDCTRL
BL51 BANKED LINKER/LOCATER V6.22                                                      06/13/2018  13:54:00  PAGE 11


  +--> ?PR?_PCT_SETOSDDRAWPAGE?OSDCTRL
  +--> ?PR?_PCT_SHOWOSDSTRING?OSDCTRL
  +--> ?PR?_PCT_ENSHOWOSDPAGE?OSDCTRL
  +--> ?PR?_PCT_GETFIRSTSTR?COMMANDSHELL

?PR?_PCT_SHOWOSDSTRING?OSDCTRL                  -----    -----      -----    -----      00AAH    0007H
  +--> ?PR?OSDCTRL
  +--> ?PR?_STRLEN?STRLEN
  +--> ?PR?_PCT_WRITEOSDFNTX?OSDCTRL
  +--> ?PR?_PCT_WRITEOSDFNTY?OSDCTRL
  +--> ?PR?PTC_SWITCHTOI2CMODE?BUSCTRL

?PR?_PCT_WRITEOSDFNTX?OSDCTRL                   -----    -----      0029H    0003H      00B1H    0013H
  +--> ?PR?OSDCTRL
  +--> ?PR?_PCT_WRITEOSDDATABUFFERX?OSDCTRL
  +--> ?PR?_PCT_WRITEASICBYTE?BUSCTRL
  +--> ?PR?_PCT_READASICBYTE?BUSCTRL

?PR?_PCT_WRITEOSDDATABUFFERX?OSDCTRL            -----    -----      -----    -----      00C4H    0004H
  +--> ?PR?OSDCTRL
  +--> ?PR?_PCT_WRITEASICBYTE?BUSCTRL

?PR?_PCT_WRITEOSDFNTY?OSDCTRL                   -----    -----      0029H    0002H      00B1H    001FH
  +--> ?PR?OSDCTRL
  +--> ?PR?_PCT_WRITEOSDDATABUFFERY?OSDCTRL
  +--> ?PR?_PCT_WRITEASICBYTE?BUSCTRL
  +--> ?PR?_PCT_READASICBYTE?BUSCTRL

?PR?_PCT_WRITEOSDDATABUFFERY?OSDCTRL            -----    -----      -----    -----      00D0H    0004H
  +--> ?PR?OSDCTRL
  +--> ?PR?_PCT_WRITEASICBYTE?BUSCTRL

?PR?_MONIHSCOMM?COMMANDSHELL                    -----    -----      0027H    0003H      -----    -----
  +--> ?PR?COMMANDSHELL
  +--> ?CO?COMMANDSHELL
  +--> ?PR?SCANF?SCANF
  +--> ?PR?_PCT_WINATTRCTRLY?TW28XX_VIDEO
  +--> ?PR?_PCT_RECOMPENSEYHDELAY?TW28XX_VIDEO
  +--> ?PR?_PCT_SETVIDEOHDELAY?TW28XX_VIDEO
  +--> ?PR?_PCT_SETXVIDEOMIXING?TW28XX_VIDEO
  +--> ?PR?_PCT_WINATTRCTRL?TW28XX_VIDEO
  +--> ?PR?_PCT_FLASHOSDCTRL?MAIN
  +--> ?PR?_PCT_CHECKVMIXTYPE?COMMANDSHELL
  +--> ?PR?_PCT_DISSHOWOSDPAGE?OSDCTRL
  +--> ?PR?_PCT_CLEAROSDPAGEX?OSDCTRL
  +--> ?PR?PCT_SHOWMODEICON?OSDACTION
  +--> ?PR?_PCT_OSD_ACTIONPTHX?OSDACTION

?PR?_PCT_WINATTRCTRLY?TW28XX_VIDEO              -----    -----      -----    -----      00A4H    0003H
  +--> ?PR?TW28XX_VIDEO
  +--> ?PR?_PCT_READASICBYTE?BUSCTRL
  +--> ?PR?_PCT_WRITEASICBYTE?BUSCTRL

?PR?_PCT_RECOMPENSEYHDELAY?TW28XX_VIDEO         -----    -----      -----    -----      00A4H    0003H
  +--> ?PR?TW28XX_VIDEO
  +--> ?PR?_PCT_READASICBYTE?BUSCTRL
  +--> ?CO?TW28XX_VIDEO
BL51 BANKED LINKER/LOCATER V6.22                                                      06/13/2018  13:54:00  PAGE 12


  +--> ?PR?_PCT_WRITEASICBYTE?BUSCTRL

?PR?_PCT_SETVIDEOHDELAY?TW28XX_VIDEO            -----    -----      -----    -----      00A4H    0008H
  +--> ?PR?TW28XX_VIDEO
  +--> ?PR?_PCT_WRITEASICBYTE?BUSCTRL
  +--> ?PR?_PCT_READASICBYTE?BUSCTRL
  +--> ?CO?TW28XX_VIDEO

?PR?_PCT_CHECKVMIXTYPE?COMMANDSHELL             -----    -----      002AH    0001H      -----    -----
  +--> ?PR?COMMANDSHELL

?PR?_PCT_DISSHOWOSDPAGE?OSDCTRL                 -----    -----      -----    -----      00A4H    0001H
  +--> ?PR?OSDCTRL
  +--> ?PR?_PCT_READASICBYTE?BUSCTRL
  +--> ?PR?_PCT_WRITEASICBYTE?BUSCTRL

?PR?_PCT_CLEAROSDPAGEX?OSDCTRL                  -----    -----      -----    -----      -----    -----
  +--> ?PR?_PCT_SETOSDDRAWPAGE?OSDCTRL
  +--> ?PR?_PCT_PRESETBACKGROUNDCOLOR?OSDCTRL
  +--> ?PR?_PCT_FULLCOLORONOSD?OSDCTRL

?PR?PCT_SHOWMODEICON?OSDACTION                  -----    -----      -----    -----      -----    -----
  +--> ?PR?_PCT_SETOSDDRAWPAGE?OSDCTRL
  +--> ?CO?OSDACTION
  +--> ?PR?_PCT_SHOWGRAPHSTRING?OSD_GRAPH
  +--> ?PR?_PCT_PRESETBACKGROUNDCOLOR?OSDCTRL
  +--> ?PR?_PCT_PRESETFOREGROUNDCOLOR?OSDCTRL

?PR?_PCT_SHOWGRAPHSTRING?OSD_GRAPH              -----    -----      -----    -----      00A7H    0007H
  +--> ?PR?OSD_GRAPH
  +--> ?PR?_STRLEN?STRLEN
  +--> ?PR?_PCT_OSD16X16GRAPHX?OSD_GRAPH
  +--> ?PR?PTC_SWITCHTOI2CMODE?BUSCTRL

?PR?_PCT_OSD16X16GRAPHX?OSD_GRAPH               -----    -----      -----    -----      00AEH    000BH
  +--> ?PR?OSD_GRAPH
  +--> ?CO?OSD_GRAPH
  +--> ?PR?_PCT_WRITEASICBYTE?BUSCTRL
  +--> ?PR?_PCT_READASICBYTE?BUSCTRL

?PR?_PCT_OSD_ACTIONPTHX?OSDACTION               -----    -----      -----    -----      00A4H    0003H
  +--> ?PR?OSDACTION
  +--> ?PR?_PCT_PRESETFOREGROUNDCOLOR?OSDCTRL
  +--> ?PR?_PCT_PRESETBACKGROUNDCOLOR?OSDCTRL
  +--> ?PR?_PCT_SHOWGRAPHSTRING?OSD_GRAPH

?PR?OSDACTION                                   -----    -----      -----    -----      -----    -----
  +--> ?CO?OSDACTION

?PR?PCT_AUDIOACTIONFORHS?COMMANDSHELL           -----    -----      0027H    0002H      -----    -----
  +--> ?PR?_PCT_AUDIOSELLIVE?TW28XX_AUDIO
  +--> ?PR?_PCT_AUDIOMIXMUTE?TW28XX_AUDIO

?PR?PCT_OSDACTIONFORHS?OSDACTION                -----    -----      -----    -----      -----    -----
  +--> ?PR?_PCT_SETOSDDRAWPAGE?OSDCTRL
  +--> ?PR?OSDACTION
  +--> ?PR?_PCT_SHOWMIRRORICON?OSDACTION
BL51 BANKED LINKER/LOCATER V6.22                                                      06/13/2018  13:54:00  PAGE 13


  +--> ?PR?_PCT_SHOWSPEAKICON?OSDACTION
  +--> ?PR?_PCT_SHOWINDICATEICON?OSDACTION
  +--> ?PR?PCT_ENFALSHVLOSS?OSDACTION
  +--> ?PR?_PCT_ENSHOWOSDPAGE?OSDCTRL

?PR?_PCT_SHOWMIRRORICON?OSDACTION               -----    -----      -----    -----      00A4H    0003H
  +--> ?PR?OSDACTION
  +--> ?PR?_PCT_PRESETFOREGROUNDCOLOR?OSDCTRL
  +--> ?PR?_PCT_CLEARWORDSPATHX?OSDCTRL
  +--> ?PR?_PCT_SHOWGRAPHSTRING?OSD_GRAPH

?PR?_PCT_CLEARWORDSPATHX?OSDCTRL                -----    -----      -----    -----      00A7H    0007H
  +--> ?PR?OSDCTRL
  +--> ?PR?_PCT_WRITEASICBYTE?BUSCTRL
  +--> ?PR?_PCT_READASICBYTE?BUSCTRL

?PR?_PCT_SHOWSPEAKICON?OSDACTION                -----    -----      -----    -----      00A4H    0003H
  +--> ?PR?OSDACTION
  +--> ?PR?_PCT_PRESETFOREGROUNDCOLOR?OSDCTRL
  +--> ?PR?_PCT_CLEARWORDSPATHX?OSDCTRL
  +--> ?PR?_PCT_SHOWGRAPHSTRING?OSD_GRAPH

?PR?_PCT_SHOWINDICATEICON?OSDACTION             -----    -----      0027H    0001H      00A4H    0003H
  +--> ?PR?OSDACTION
  +--> ?PR?_PCT_PRESETFOREGROUNDCOLOR?OSDCTRL
  +--> ?PR?_PCT_CLEARWORDSPATHX?OSDCTRL
  +--> ?PR?_PCT_SHOWGRAPHSTRING?OSD_GRAPH
  +--> ?CO?OSDACTION

?PR?_MONIHSCOMMSJMODE?COMMANDSHELL              -----    -----      -----    -----      -----    -----
  +--> ?PR?COMMANDSHELL
  +--> ?CO?COMMANDSHELL
  +--> ?PR?SCANF?SCANF

?PR?MONIHSCOMMDISSCROLL?COMMANDSHELL            -----    -----      -----    -----      -----    -----
  +--> ?PR?_PCT_ENSHOWOSDPAGE?OSDCTRL

?PR?MONIHSCOMMVERSION?COMMANDSHELL              -----    -----      -----    -----      00A4H    0001H
  +--> ?PR?_RS_TX?UART
  +--> ?CO?COMMANDSHELL

?PR?PCT_CHECKSYSTEM?COMMANDSHELL                -----    -----      -----    -----      -----    -----
  +--> ?PR?_PCT_DETECTVIDEOFORMAT?TW28XX_VIDEO
  +--> ?PR?_PCT_ENSHOWOSDPAGE?OSDCTRL
  +--> ?PR?_PCT_CHANGESYSTEMTYPE?TW2835_INIT
  +--> ?PR?_PCT_RECOMPENSEYHDELAY?TW28XX_VIDEO
  +--> ?PR?COMMANDSHELL
  +--> ?PR?_PCT_SETVIDEOHDELAY?TW28XX_VIDEO
  +--> ?PR?_PCT_SETXVIDEOMIXING?TW28XX_VIDEO
  +--> ?PR?_PCT_CLEAROSDPAGEX?OSDCTRL
  +--> ?PR?PCT_SHOWMODEICON?OSDACTION
  +--> ?PR?_PCT_OSD_ACTIONPTHX?OSDACTION
  +--> ?PR?PCT_OSDACTIONFORHS?OSDACTION

?PR?_PCT_CHANGESYSTEMTYPE?TW2835_INIT           -----    -----      -----    -----      009EH    0002H
  +--> ?PR?TW2835_INIT
  +--> ?CO?TW2835_INIT
BL51 BANKED LINKER/LOCATER V6.22                                                      06/13/2018  13:54:00  PAGE 14


  +--> ?PR?_PCT_WRITEASICTABLE?BUSCTRL

?PR?PCT_GETVIDEOSIGNALSTATUS?OSDACTION          -----    -----      -----    -----      -----    -----
  +--> ?PR?_PCT_READASICBYTE?BUSCTRL
  +--> ?PR?_PCT_WRITEASICBYTE?BUSCTRL



SYMBOL TABLE OF MODULE:  .\OBJ\TW2835 (?C_STARTUP)

  VALUE           TYPE          NAME
  ----------------------------------

  -------         MODULE        ?C_STARTUP
  C:77AAH         SEGMENT       ?C_C51STARTUP
  I:0036H         SEGMENT       ?STACK
  C:0000H         PUBLIC        ?C_STARTUP
  D:00E0H         SYMBOL        ACC
  D:00F0H         SYMBOL        B
  D:0083H         SYMBOL        DPH
  D:0082H         SYMBOL        DPL
  N:0000H         SYMBOL        IBPSTACK
  N:0100H         SYMBOL        IBPSTACKTOP
  N:0080H         SYMBOL        IDATALEN
  C:77ADH         SYMBOL        IDATALOOP
  N:0000H         SYMBOL        PBPSTACK
  N:0100H         SYMBOL        PBPSTACKTOP
  N:0000H         SYMBOL        PDATALEN
  N:0000H         SYMBOL        PDATASTART
  N:0000H         SYMBOL        PPAGE
  N:0000H         SYMBOL        PPAGEENABLE
  D:00A0H         SYMBOL        PPAGE_SFR
  D:0081H         SYMBOL        SP
  C:77AAH         SYMBOL        STARTUP1
  N:0000H         SYMBOL        XBPSTACK
  N:0000H         SYMBOL        XBPSTACKTOP
  N:0000H         SYMBOL        XDATALEN
  N:0000H         SYMBOL        XDATASTART
  C:0000H         LINE#         126
  C:77AAH         LINE#         133
  C:77ACH         LINE#         134
  C:77ADH         LINE#         135
  C:77AEH         LINE#         136
  C:77B0H         LINE#         185
  C:77B3H         LINE#         196
  -------         ENDMOD        ?C_STARTUP

  -------         MODULE        UART
  C:0000H         SYMBOL        _ICE_DUMMY_
  D:0090H         PUBLIC        P1
  D:00B0H         PUBLIC        P3
  C:876BH         PUBLIC        InitialUART
  D:00A8H         PUBLIC        IE
  X:0000H         PUBLIC        RS_RECVBUF
  B:00A8H.4       PUBLIC        ES
  D:00B8H         PUBLIC        IP
  B:0098H.0       PUBLIC        RI
BL51 BANKED LINKER/LOCATER V6.22                                                      06/13/2018  13:54:00  PAGE 15


  B:0098H.1       PUBLIC        TI
  B:00B8H.4       PUBLIC        PS
  D:00D8H         PUBLIC        CCON
  D:0099H         PUBLIC        SBUF
  D:00C0H         PUBLIC        WDTC
  D:0098H         PUBLIC        SCON
  D:0088H         PUBLIC        TCON
  C:877BH         PUBLIC        RS_RxReady
  D:008DH         PUBLIC        TH1
  D:00E8H         PUBLIC        IEA
  X:0050H         PUBLIC        RsRxRp
  B:0088H.6       PUBLIC        TR1
  X:0051H         PUBLIC        RsRxWp
  D:00F8H         PUBLIC        IPA
  D:00C8H         PUBLIC        T2CON
  C:8653H         PUBLIC        RS_rx
  C:0003H         PUBLIC        _RS_tx
  C:855FH         PUBLIC        RS_interrupt
  D:00D0H         PUBLIC        PSW
  -------         PROC          INITIALUART
  C:876BH         LINE#         66
  C:876BH         LINE#         67
  C:876BH         LINE#         69
  C:876DH         LINE#         70
  C:876FH         LINE#         77
  C:8772H         LINE#         84
  C:8774H         LINE#         86
  C:8778H         LINE#         87
  C:877AH         LINE#         88
  -------         ENDPROC       INITIALUART
  -------         PROC          RS_RXREADY
  C:877BH         LINE#         94
  C:877BH         LINE#         95
  C:877BH         LINE#         96
  C:8787H         LINE#         97
  C:8789H         LINE#         98
  -------         ENDPROC       RS_RXREADY
  -------         PROC          RS_RX
  -------         DO            
  D:0007H         SYMBOL        ret
  -------         ENDDO         
  C:8653H         LINE#         104
  C:8653H         LINE#         105
  C:8653H         LINE#         108
  C:8655H         LINE#         112
  C:865DH         LINE#         113
  C:8662H         LINE#         114
  C:8668H         LINE#         115
  C:866AH         LINE#         116
  C:866CH         LINE#         118
  C:866CH         LINE#         119
  -------         ENDPROC       RS_RX
  -------         PROC          _RS_TX
  D:0007H         SYMBOL        tx_buf
  C:0003H         LINE#         125
  C:0003H         LINE#         126
  C:0003H         LINE#         127
BL51 BANKED LINKER/LOCATER V6.22                                                      06/13/2018  13:54:00  PAGE 16


  C:0003H         LINE#         128
  C:0006H         LINE#         129
  C:0008H         LINE#         130
  C:000AH         LINE#         131
  C:000AH         LINE#         132
  C:000AH         LINE#         133
  C:000AH         LINE#         134
  -------         ENDPROC       _RS_TX
  -------         PROC          RS_INTERRUPT
  C:855FH         LINE#         140
  C:8566H         LINE#         142
  C:8569H         LINE#         143
  C:856BH         LINE#         147
  C:8574H         LINE#         148
  C:8579H         LINE#         149
  C:8581H         LINE#         161
  C:8581H         LINE#         162
  -------         ENDPROC       RS_INTERRUPT
  -------         ENDMOD        UART

  -------         MODULE        BUSCTRL
  C:0000H         SYMBOL        _ICE_DUMMY_
  D:0080H         PUBLIC        P0
  D:0090H         PUBLIC        P1
  D:00B0H         PUBLIC        P3
  B:00A8H.7       PUBLIC        EA
  D:00A8H         PUBLIC        IE
  C:7C14H         PUBLIC        _PCT_WriteSTable
  D:00B8H         PUBLIC        IP
  B:0090H.3       PUBLIC        HALE
  B:0090H.2       PUBLIC        HRDB
  D:00D8H         PUBLIC        CCON
  D:00C0H         PUBLIC        WDTC
  B:0090H.1       PUBLIC        HWRB
  D:0098H         PUBLIC        SCON
  D:0088H         PUBLIC        TCON
  C:7E03H         PUBLIC        _PCT_WriteAsicTable
  C:8804H         PUBLIC        PTC_SwitchToI2CMode
  D:00E8H         PUBLIC        IEA
  B:00B0H.6       PUBLIC        HCSB0
  B:00B0H.7       PUBLIC        HCSB1
  D:00F8H         PUBLIC        IPA
  C:830CH         PUBLIC        _PCT_ReadAsicByte
  D:00C8H         PUBLIC        T2CON
  C:843CH         PUBLIC        _PCT_WriteAsicByte
  D:00D0H         PUBLIC        PSW
  C:84E7H         SYMBOL        Com001C
  C:84E7H         SYMBOL        L?0029
  C:84E7H         SYMBOL        L?0030
  C:84F2H         SYMBOL        L?0031
  C:84FFH         SYMBOL        L?0032
  C:8501H         SYMBOL        L?0033
  C:8508H         SYMBOL        L?0034
  C:8508H         SYMBOL        L?0035
  -------         PROC          COM001C
  -------         ENDPROC       COM001C
  -------         PROC          _PCT_WRITEASICBYTE
BL51 BANKED LINKER/LOCATER V6.22                                                      06/13/2018  13:54:00  PAGE 17


  D:0007H         SYMBOL        _dvc
  D:0005H         SYMBOL        _pg
  D:0003H         SYMBOL        _addr
  X:00D7H         SYMBOL        _wdat
  C:843CH         LINE#         63
  C:843CH         LINE#         64
  C:843CH         LINE#         65
  C:843CH         LINE#         67
  C:843CH         LINE#         69
  C:843CH         LINE#         71
  C:8447H         LINE#         72
  C:8451H         LINE#         73
  C:8459H         LINE#         74
  C:8459H         LINE#         75
  C:8459H         LINE#         76
  C:845CH         LINE#         77
  C:8461H         LINE#         78
  C:8463H         LINE#         79
  C:8465H         LINE#         81
  C:8465H         LINE#         82
  C:8465H         LINE#         83
  C:8465H         LINE#         84
  C:8465H         LINE#         85
  C:8468H         LINE#         86
  -------         ENDPROC       _PCT_WRITEASICBYTE
  -------         PROC          _PCT_WRITEASICTABLE
  D:0007H         SYMBOL        _dvc
  D:0005H         SYMBOL        _pg
  D:0006H         SYMBOL        _addr
  X:00A9H         SYMBOL        _tbl_ptr
  X:00ACH         SYMBOL        _tbl_cnt
  C:7E03H         LINE#         92
  C:7E05H         LINE#         93
  C:7E05H         LINE#         94
  C:7E05H         LINE#         96
  C:7E05H         LINE#         98
  C:7E05H         LINE#         100
  C:7E10H         LINE#         101
  C:7E1AH         LINE#         102
  C:7E22H         LINE#         104
  C:7E22H         LINE#         105
  C:7E25H         LINE#         106
  C:7E25H         LINE#         107
  C:7E28H         LINE#         109
  C:7E3EH         LINE#         110
  C:7E40H         LINE#         111
  C:7E42H         LINE#         112
  C:7E49H         LINE#         114
  C:7E49H         LINE#         115
  C:7E49H         LINE#         116
  C:7E49H         LINE#         117
  C:7E49H         LINE#         118
  C:7E4CH         LINE#         119
  -------         ENDPROC       _PCT_WRITEASICTABLE
  -------         PROC          _PCT_READASICBYTE
  D:0007H         SYMBOL        _dvc
  D:0005H         SYMBOL        _pg
BL51 BANKED LINKER/LOCATER V6.22                                                      06/13/2018  13:54:00  PAGE 18


  D:0003H         SYMBOL        _addr
  -------         DO            
  D:0007H         SYMBOL        _rdat_
  -------         ENDDO         
  C:830CH         LINE#         125
  C:830CH         LINE#         126
  C:830CH         LINE#         129
  C:830CH         LINE#         131
  C:830CH         LINE#         133
  C:830CH         LINE#         134
  C:8317H         LINE#         135
  C:8321H         LINE#         136
  C:8329H         LINE#         138
  C:8329H         LINE#         139
  C:8329H         LINE#         140
  C:832CH         LINE#         141
  C:832FH         LINE#         142
  C:8331H         LINE#         143
  C:8333H         LINE#         144
  C:8335H         LINE#         146
  C:8338H         LINE#         147
  C:833AH         LINE#         148
  C:833CH         LINE#         149
  C:833EH         LINE#         150
  C:833EH         LINE#         151
  -------         ENDPROC       _PCT_READASICBYTE
  -------         PROC          _PCT_WRITESTABLE
  D:0007H         SYMBOL        _dvc
  X:00ABH         SYMBOL        _tbl_ptr
  C:7C14H         LINE#         158
  C:7C1EH         LINE#         159
  C:7C1EH         LINE#         163
  C:7C1EH         LINE#         164
  C:7C2CH         LINE#         165
  C:7C49H         LINE#         166
  C:7C49H         LINE#         167
  C:7C5DH         LINE#         168
  C:7C5DH         LINE#         169
  C:7C68H         LINE#         170
  C:7C6AH         LINE#         171
  -------         ENDPROC       _PCT_WRITESTABLE
  -------         PROC          PTC_SWITCHTOI2CMODE
  C:8804H         LINE#         177
  C:8804H         LINE#         178
  C:8804H         LINE#         188
  -------         ENDPROC       PTC_SWITCHTOI2CMODE
  -------         ENDMOD        BUSCTRL

  -------         MODULE        COMMANDSHELL
  C:0000H         SYMBOL        _ICE_DUMMY_
  D:0090H         PUBLIC        P1
  D:00B0H         PUBLIC        P3
  C:86B5H         PUBLIC        _MoniHSCommSJmode
  C:83A5H         PUBLIC        MoniVideoAutoDetect
  C:5863H         PUBLIC        _PCT_RunCommShell
  C:6A9BH         PUBLIC        _MoniAudioGain
  D:00A8H         PUBLIC        IE
BL51 BANKED LINKER/LOCATER V6.22                                                      06/13/2018  13:54:00  PAGE 19


  C:833FH         PUBLIC        _MoniReadOneBuffer
  D:00B8H         PUBLIC        IP
  C:8759H         PUBLIC        _MoniYVideoMix
  X:0052H         PUBLIC        sysdat
  C:86F7H         PUBLIC        _MoniAudioLive
  D:00D8H         PUBLIC        CCON
  C:878AH         PUBLIC        PCT_SendACK
  C:8372H         PUBLIC        _MoniWriteOneBuffer
  C:8799H         PUBLIC        MoniAudioMute
  C:8469H         PUBLIC        MoniHSCommVersion
  C:707AH         PUBLIC        _MoniSetVideoFormat
  C:7EE0H         PUBLIC        _MoniReadAsicByte
  C:78ABH         PUBLIC        _PCT_GetFirstStr
  C:7977H         PUBLIC        PCT_CheckSystem
  D:00C0H         PUBLIC        WDTC
  D:0098H         PUBLIC        SCON
  D:0088H         PUBLIC        TCON
  C:7DB7H         PUBLIC        _MoniWriteAsicByte
  C:6BD8H         PUBLIC        _MoniHSComm
  X:0063H         PUBLIC        msg
  D:00E8H         PUBLIC        IEA
  C:8183H         PUBLIC        _PCT_StrToCommCode
  C:8081H         PUBLIC        _PCT_CheckVMixType
  C:87F4H         PUBLIC        MoniHSCommDisScroll
  D:00F8H         PUBLIC        IPA
  C:7B5CH         PUBLIC        _MoniShowSODStr
  C:5D7BH         PUBLIC        _MoniVideoMixAttr
  C:81C1H         PUBLIC        PCT_AudioActionForHS
  D:00C8H         PUBLIC        T2CON
  C:7C6BH         PUBLIC        _MoniVideoMixWin
  C:803EH         PUBLIC        _MoniReadPageBuffer
  X:00D8H         PUBLIC        Original_selwintype
  C:7E97H         PUBLIC        MoniRegisterDump
  D:00D0H         PUBLIC        PSW
  C:64E3H         PUBLIC        _MoniAudioMixing
  C:5F8BH         SYMBOL        Com00E5
  C:5F8BH         SYMBOL        L?0230
  C:5F8CH         SYMBOL        L?0231
  C:5FC2H         SYMBOL        L?0232
  C:5FC9H         SYMBOL        L?0233
  C:5FCAH         SYMBOL        L?0234
  C:6000H         SYMBOL        L?0235
  C:6007H         SYMBOL        L?0236
  C:6007H         SYMBOL        L?0237
  C:6009H         SYMBOL        L?0238
  C:6012H         SYMBOL        L?0239
  C:6013H         SYMBOL        L?0240
  C:6033H         SYMBOL        L?0241
  C:603AH         SYMBOL        L?0242
  C:603AH         SYMBOL        L?0243
  C:6045H         SYMBOL        L?0244
  C:604CH         SYMBOL        L?0245
  C:605CH         SYMBOL        L?0246
  C:6063H         SYMBOL        L?0247
  C:6073H         SYMBOL        L?0248
  C:607AH         SYMBOL        L?0249
  C:608AH         SYMBOL        L?0250
BL51 BANKED LINKER/LOCATER V6.22                                                      06/13/2018  13:54:00  PAGE 20


  C:6091H         SYMBOL        L?0251
  C:609CH         SYMBOL        L?0252
  C:60A3H         SYMBOL        L?0253
  C:60AEH         SYMBOL        L?0254
  C:60B5H         SYMBOL        L?0255
  C:60BAH         SYMBOL        L?0256
  C:60C1H         SYMBOL        L?0257
  C:60C6H         SYMBOL        L?0258
  C:60CDH         SYMBOL        L?0260
  C:60D9H         SYMBOL        L?0261
  C:60DAH         SYMBOL        L?0262
  C:60E1H         SYMBOL        L?0264
  C:60E1H         SYMBOL        L?0265
  C:60E9H         SYMBOL        L?0266
  C:60F0H         SYMBOL        L?0267
  C:60F7H         SYMBOL        L?0271
  C:60F7H         SYMBOL        L?0272
  C:60FEH         SYMBOL        L?0273
  C:6105H         SYMBOL        L?0277
  C:610CH         SYMBOL        L?0280
  C:6113H         SYMBOL        L?0285
  C:611AH         SYMBOL        L?0287
  C:6129H         SYMBOL        L?0288
  C:6130H         SYMBOL        L?0291
  C:6137H         SYMBOL        L?0294
  C:613EH         SYMBOL        L?0298
  C:613EH         SYMBOL        L?0299
  C:613FH         SYMBOL        L?0300
  C:6147H         SYMBOL        L?0301
  C:6147H         SYMBOL        L?0302
  C:6151H         SYMBOL        L?0304
  C:6158H         SYMBOL        L?0305
  C:6159H         SYMBOL        L?0306
  C:6160H         SYMBOL        L?0307
  C:6160H         SYMBOL        L?0308
  C:6167H         SYMBOL        L?0310
  C:6167H         SYMBOL        L?0311
  C:6170H         SYMBOL        L?0312
  C:617DH         SYMBOL        L?0315
  C:6189H         SYMBOL        L?0317
  C:6189H         SYMBOL        L?0318
  C:618FH         SYMBOL        L?0319
  -------         PROC          COM00E5
  -------         ENDPROC       COM00E5
  -------         PROC          _PCT_GETFIRSTSTR
  X:00AAH         SYMBOL        tagStr
  X:00ADH         SYMBOL        sourceStr
  C:78ABH         LINE#         103
  C:78B0H         LINE#         104
  C:78B0H         LINE#         105
  C:78BBH         LINE#         106
  C:78D0H         LINE#         107
  C:78E6H         LINE#         108
  C:78E8H         LINE#         109
  C:78E8H         LINE#         110
  C:78F4H         LINE#         111
  C:78F8H         LINE#         112
BL51 BANKED LINKER/LOCATER V6.22                                                      06/13/2018  13:54:00  PAGE 21


  C:7900H         LINE#         113
  C:7903H         LINE#         114
  C:7906H         LINE#         115
  C:7909H         LINE#         116
  C:7911H         LINE#         117
  -------         ENDPROC       _PCT_GETFIRSTSTR
  -------         PROC          _PCT_STRTOCOMMCODE
  X:00AAH         SYMBOL        Str
  -------         DO            
  D:0031H         SYMBOL        ret
  -------         ENDDO         
  C:8183H         LINE#         124
  C:8188H         LINE#         125
  C:8188H         LINE#         126
  C:818DH         LINE#         128
  C:81BCH         LINE#         129
  C:81C0H         LINE#         130
  -------         ENDPROC       _PCT_STRTOCOMMCODE
  -------         PROC          PCT_SENDACK
  C:878AH         LINE#         136
  C:878AH         LINE#         137
  C:878AH         LINE#         138
  C:878FH         LINE#         139
  C:8794H         LINE#         140
  -------         ENDPROC       PCT_SENDACK
  -------         PROC          _PCT_CHECKVMIXTYPE
  D:0007H         SYMBOL        _typ
  -------         DO            
  D:002AH         SYMBOL        tmplktp
  -------         ENDDO         
  C:8081H         LINE#         147
  C:8081H         LINE#         148
  C:8081H         LINE#         149
  C:8084H         LINE#         151
  C:8089H         LINE#         152
  C:8090H         LINE#         153
  C:8096H         LINE#         154
  C:80A2H         LINE#         156
  C:80AEH         LINE#         157
  C:80B3H         LINE#         159
  C:80B3H         LINE#         160
  C:80B8H         LINE#         161
  C:80BDH         LINE#         162
  C:80C1H         LINE#         163
  -------         ENDPROC       _PCT_CHECKVMIXTYPE
  -------         PROC          _MONIREADPAGEBUFFER
  D:0001H         SYMBOL        szParam
  -------         DO            
  D:0027H         SYMBOL        page
  D:0028H         SYMBOL        start
  D:0029H         SYMBOL        end
  -------         ENDDO         
  C:803EH         LINE#         173
  C:803EH         LINE#         174
  C:803EH         LINE#         177
  C:8063H         LINE#         179
  C:8063H         LINE#         180
BL51 BANKED LINKER/LOCATER V6.22                                                      06/13/2018  13:54:00  PAGE 22


  C:8079H         LINE#         181
  C:807BH         LINE#         182
  C:8080H         LINE#         183
  -------         ENDPROC       _MONIREADPAGEBUFFER
  -------         PROC          _MONIREADONEBUFFER
  D:0001H         SYMBOL        szParam
  -------         DO            
  D:0027H         SYMBOL        page
  D:0028H         SYMBOL        addr
  -------         ENDDO         
  C:833FH         LINE#         189
  C:833FH         LINE#         190
  C:833FH         LINE#         193
  C:835CH         LINE#         195
  -------         ENDPROC       _MONIREADONEBUFFER
  -------         PROC          _MONIWRITEONEBUFFER
  D:0001H         SYMBOL        szParam
  -------         DO            
  D:0027H         SYMBOL        page
  D:0028H         SYMBOL        addr
  D:0029H         SYMBOL        dat
  -------         ENDDO         
  C:8372H         LINE#         202
  C:8372H         LINE#         203
  C:8372H         LINE#         206
  C:8397H         LINE#         207
  -------         ENDPROC       _MONIWRITEONEBUFFER
  -------         PROC          _MONIWRITEASICBYTE
  D:0001H         SYMBOL        szParam
  -------         DO            
  D:0027H         SYMBOL        _dev
  D:0028H         SYMBOL        _pg
  D:0029H         SYMBOL        _addr
  D:002AH         SYMBOL        _wdat
  -------         ENDDO         
  C:7DB7H         LINE#         214
  C:7DB7H         LINE#         215
  C:7DB7H         LINE#         216
  C:7DBAH         LINE#         217
  C:7DBCH         LINE#         218
  C:7DBEH         LINE#         219
  C:7DC0H         LINE#         221
  C:7DF5H         LINE#         222
  -------         ENDPROC       _MONIWRITEASICBYTE
  -------         PROC          _MONIREADASICBYTE
  D:0001H         SYMBOL        szParam
  -------         DO            
  D:0027H         SYMBOL        _dev
  D:0028H         SYMBOL        _pg
  D:0029H         SYMBOL        _addr
  D:002AH         SYMBOL        _rdat
  -------         ENDDO         
  C:7EE0H         LINE#         229
  C:7EE0H         LINE#         230
  C:7EE0H         LINE#         231
  C:7EE3H         LINE#         232
  C:7EE5H         LINE#         233
BL51 BANKED LINKER/LOCATER V6.22                                                      06/13/2018  13:54:00  PAGE 23


  C:7EE7H         LINE#         234
  C:7EE9H         LINE#         236
  C:7F0EH         LINE#         237
  C:7F19H         LINE#         238
  -------         ENDPROC       _MONIREADASICBYTE
  C:661EH         SYMBOL        L?0268
  C:6634H         SYMBOL        L?0281
  C:664AH         SYMBOL        L?0284
  -------         PROC          _MONIAUDIOMIXING
  X:00A4H         SYMBOL        szParam
  -------         DO            
  D:0027H         SYMBOL        selch0
  D:0028H         SYMBOL        selch1
  D:0029H         SYMBOL        selch2
  D:002AH         SYMBOL        selch3
  D:002BH         SYMBOL        selch4
  D:002CH         SYMBOL        valch0
  D:002DH         SYMBOL        valch1
  D:002EH         SYMBOL        valch2
  D:002FH         SYMBOL        valch3
  D:0030H         SYMBOL        valch4
  X:00A7H         SYMBOL        getStr
  C:585EH         SYMBOL        chaddr
  -------         ENDDO         
  C:64E3H         LINE#         246
  C:64E5H         LINE#         247
  C:64E5H         LINE#         258
  C:64F8H         LINE#         260
  C:6500H         LINE#         266
  C:6529H         LINE#         267
  C:6529H         LINE#         268
  C:653EH         LINE#         269
  C:6547H         LINE#         270
  C:654DH         LINE#         271
  C:6550H         LINE#         273
  C:6550H         LINE#         274
  C:6572H         LINE#         276
  C:6572H         LINE#         277
  C:6575H         LINE#         278
  C:6578H         LINE#         279
  C:657BH         LINE#         281
  C:657BH         LINE#         282
  C:6592H         LINE#         284
  C:6592H         LINE#         285
  C:6595H         LINE#         286
  C:6599H         LINE#         287
  C:659CH         LINE#         288
  C:659FH         LINE#         290
  C:659FH         LINE#         291
  C:65B9H         LINE#         293
  C:65B9H         LINE#         294
  C:65B9H         LINE#         295
  C:65B9H         LINE#         296
  C:65BCH         LINE#         298
  C:65C4H         LINE#         299
  C:65C7H         LINE#         301
  C:65C7H         LINE#         302
BL51 BANKED LINKER/LOCATER V6.22                                                      06/13/2018  13:54:00  PAGE 24


  C:65F2H         LINE#         304
  C:65F2H         LINE#         305
  C:65F2H         LINE#         306
  C:65F2H         LINE#         307
  C:65FAH         LINE#         308
  C:6603H         LINE#         310
  C:661DH         LINE#         311
  C:661DH         LINE#         313
  C:661DH         LINE#         314
  C:661DH         LINE#         315
  C:661DH         LINE#         316
  -------         ENDPROC       _MONIAUDIOMIXING
  -------         PROC          MONIAUDIOMUTE
  C:8799H         LINE#         323
  C:8799H         LINE#         324
  C:8799H         LINE#         325
  C:87A1H         LINE#         330
  -------         ENDPROC       MONIAUDIOMUTE
  C:6BA3H         SYMBOL        L?0276
  C:6BBDH         SYMBOL        L?0303
  C:6BCEH         SYMBOL        L?0320
  -------         PROC          _MONIAUDIOGAIN
  X:00A4H         SYMBOL        szParam
  -------         DO            
  D:0027H         SYMBOL        selch0
  D:0028H         SYMBOL        selch1
  D:0029H         SYMBOL        selch2
  D:002AH         SYMBOL        selch3
  D:002BH         SYMBOL        selch4
  D:002CH         SYMBOL        ch0val
  D:002DH         SYMBOL        ch1val
  D:002EH         SYMBOL        ch2val
  D:002FH         SYMBOL        ch3val
  D:0030H         SYMBOL        ch4val
  X:00A7H         SYMBOL        getStr
  -------         ENDDO         
  C:6A9BH         LINE#         338
  C:6A9DH         LINE#         339
  C:6A9DH         LINE#         344
  C:6AB0H         LINE#         346
  C:6AD6H         LINE#         347
  C:6AD6H         LINE#         348
  C:6AEBH         LINE#         349
  C:6AEFH         LINE#         350
  C:6AF2H         LINE#         352
  C:6AF2H         LINE#         353
  C:6B14H         LINE#         355
  C:6B14H         LINE#         356
  C:6B17H         LINE#         357
  C:6B1AH         LINE#         359
  C:6B1AH         LINE#         360
  C:6B31H         LINE#         362
  C:6B31H         LINE#         363
  C:6B31H         LINE#         364
  C:6B34H         LINE#         365
  C:6B37H         LINE#         367
  C:6B37H         LINE#         368
BL51 BANKED LINKER/LOCATER V6.22                                                      06/13/2018  13:54:00  PAGE 25


  C:6B51H         LINE#         370
  C:6B51H         LINE#         371
  C:6B51H         LINE#         372
  C:6B54H         LINE#         373
  C:6B57H         LINE#         374
  C:6B5AH         LINE#         376
  C:6B5AH         LINE#         377
  C:6B85H         LINE#         379
  C:6B85H         LINE#         380
  C:6B8DH         LINE#         381
  C:6B91H         LINE#         382
  C:6B99H         LINE#         383
  C:6BA2H         LINE#         384
  C:6BA2H         LINE#         386
  C:6BA2H         LINE#         387
  C:6BA2H         LINE#         388
  C:6BA2H         LINE#         389
  -------         ENDPROC       _MONIAUDIOGAIN
  -------         PROC          _MONIAUDIOLIVE
  D:0001H         SYMBOL        szParam
  -------         DO            
  D:0027H         SYMBOL        chan
  -------         ENDDO         
  C:86F7H         LINE#         396
  C:86F7H         LINE#         397
  C:86F7H         LINE#         400
  C:8704H         LINE#         402
  -------         ENDPROC       _MONIAUDIOLIVE
  -------         PROC          MONIREGISTERDUMP
  -------         DO            
  D:0027H         SYMBOL        addr
  D:0028H         SYMBOL        page
  -------         ENDDO         
  C:7E97H         LINE#         409
  C:7E97H         LINE#         410
  C:7E97H         LINE#         414
  C:7E9AH         LINE#         415
  C:7EA8H         LINE#         416
  C:7EABH         LINE#         417
  C:7EABH         LINE#         418
  C:7EC1H         LINE#         419
  C:7EC3H         LINE#         420
  C:7ED2H         LINE#         421
  C:7ED6H         LINE#         422
  C:7EDFH         LINE#         423
  -------         ENDPROC       MONIREGISTERDUMP
  -------         PROC          _MONIVIDEOMIXWIN
  D:0001H         SYMBOL        szParam
  -------         DO            
  D:0027H         SYMBOL        chose
  D:0028H         SYMBOL        wintp
  -------         ENDDO         
  C:7C6BH         LINE#         429
  C:7C6BH         LINE#         430
  C:7C6BH         LINE#         433
  C:7CADH         LINE#         435
  C:7CBAH         LINE#         436
BL51 BANKED LINKER/LOCATER V6.22                                                      06/13/2018  13:54:00  PAGE 26


  -------         ENDPROC       _MONIVIDEOMIXWIN
  C:5F49H         SYMBOL        L?0275
  C:5F50H         SYMBOL        L?0279
  C:5F57H         SYMBOL        L?0283
  C:5F5EH         SYMBOL        L?0289
  C:5F65H         SYMBOL        L?0290
  C:5F76H         SYMBOL        L?0293
  C:5F7DH         SYMBOL        L?0296
  C:5F84H         SYMBOL        L?0313
  -------         PROC          _MONIVIDEOMIXATTR
  X:00A4H         SYMBOL        szParam
  -------         DO            
  D:0027H         SYMBOL        chose
  D:0029H         SYMBOL        attrsel
  D:002AH         SYMBOL        setval
  D:002BH         SYMBOL        winNm
  D:002FH         SYMBOL        wincnt
  D:0030H         SYMBOL        division
  X:00A7H         SYMBOL        getStr
  -------         ENDDO         
  C:5D7BH         LINE#         443
  C:5D80H         LINE#         444
  C:5D80H         LINE#         447
  C:5D83H         LINE#         451
  C:5D89H         LINE#         452
  C:5D93H         LINE#         454
  C:5D99H         LINE#         455
  C:5DA5H         LINE#         457
  C:5DB3H         LINE#         458
  C:5DB6H         LINE#         459
  C:5DB6H         LINE#         460
  C:5DC7H         LINE#         461
  C:5DCAH         LINE#         462
  C:5DCAH         LINE#         463
  C:5DDBH         LINE#         464
  C:5DDEH         LINE#         465
  C:5DDEH         LINE#         466
  C:5DEEH         LINE#         467
  C:5DF1H         LINE#         468
  C:5DF1H         LINE#         469
  C:5E01H         LINE#         470
  C:5E04H         LINE#         471
  C:5E04H         LINE#         472
  C:5E14H         LINE#         473
  C:5E17H         LINE#         474
  C:5E17H         LINE#         475
  C:5E27H         LINE#         476
  C:5E2AH         LINE#         477
  C:5E2AH         LINE#         478
  C:5E3AH         LINE#         479
  C:5E3DH         LINE#         480
  C:5E40H         LINE#         481
  C:5E51H         LINE#         482
  C:5E54H         LINE#         483
  C:5E54H         LINE#         484
  C:5E65H         LINE#         485
  C:5E68H         LINE#         486
BL51 BANKED LINKER/LOCATER V6.22                                                      06/13/2018  13:54:00  PAGE 27


  C:5E68H         LINE#         487
  C:5E78H         LINE#         488
  C:5E7BH         LINE#         489
  C:5E7BH         LINE#         490
  C:5E8BH         LINE#         491
  C:5E8EH         LINE#         492
  C:5E8EH         LINE#         493
  C:5E9EH         LINE#         494
  C:5EA1H         LINE#         495
  C:5EA1H         LINE#         496
  C:5EB1H         LINE#         497
  C:5EB4H         LINE#         498
  C:5EB4H         LINE#         499
  C:5EC7H         LINE#         500
  C:5ECAH         LINE#         501
  C:5ECDH         LINE#         502
  C:5EE2H         LINE#         503
  C:5EE5H         LINE#         504
  C:5EE7H         LINE#         505
  C:5EE7H         LINE#         507
  C:5EE7H         LINE#         509
  C:5EFDH         LINE#         510
  C:5F1AH         LINE#         511
  C:5F1AH         LINE#         512
  C:5F2BH         LINE#         513
  C:5F2DH         LINE#         514
  C:5F2DH         LINE#         515
  C:5F2FH         LINE#         516
  C:5F33H         LINE#         517
  C:5F3DH         LINE#         518
  C:5F44H         LINE#         519
  C:5F44H         LINE#         520
  C:5F48H         LINE#         521
  -------         ENDPROC       _MONIVIDEOMIXATTR
  -------         PROC          _MONIYVIDEOMIX
  D:0001H         SYMBOL        szParam
  -------         DO            
  D:0027H         SYMBOL        chan
  -------         ENDDO         
  C:8759H         LINE#         528
  C:8759H         LINE#         529
  C:8759H         LINE#         532
  C:8766H         LINE#         533
  -------         ENDPROC       _MONIYVIDEOMIX
  -------         PROC          MONIVIDEOAUTODETECT
  C:83A5H         LINE#         540
  C:83A5H         LINE#         541
  C:83A5H         LINE#         542
  -------         ENDPROC       MONIVIDEOAUTODETECT
  C:7167H         SYMBOL        L?0270
  C:7185H         SYMBOL        L?0316
  -------         PROC          _MONISETVIDEOFORMAT
  X:00A4H         SYMBOL        szParam
  -------         DO            
  D:0027H         SYMBOL        selch0
  D:0028H         SYMBOL        selch1
  D:0029H         SYMBOL        selch2
BL51 BANKED LINKER/LOCATER V6.22                                                      06/13/2018  13:54:00  PAGE 28


  D:002AH         SYMBOL        selch3
  D:002BH         SYMBOL        valch0
  D:002CH         SYMBOL        valch1
  D:002DH         SYMBOL        valch2
  D:002EH         SYMBOL        valch3
  X:00A7H         SYMBOL        getStr
  -------         ENDDO         
  C:707AH         LINE#         554
  C:707CH         LINE#         555
  C:707CH         LINE#         560
  C:708FH         LINE#         562
  C:70AFH         LINE#         563
  C:70AFH         LINE#         564
  C:70C6H         LINE#         565
  C:70C9H         LINE#         566
  C:70CCH         LINE#         568
  C:70CCH         LINE#         569
  C:70E3H         LINE#         571
  C:70EBH         LINE#         572
  C:70F3H         LINE#         573
  C:70F6H         LINE#         575
  C:70F6H         LINE#         576
  C:7110H         LINE#         578
  C:7110H         LINE#         579
  C:7113H         LINE#         580
  C:711BH         LINE#         581
  C:711EH         LINE#         583
  C:711EH         LINE#         584
  C:7149H         LINE#         586
  C:7149H         LINE#         587
  C:714CH         LINE#         588
  C:7159H         LINE#         589
  C:7166H         LINE#         590
  C:7166H         LINE#         592
  C:7166H         LINE#         593
  C:7166H         LINE#         594
  C:7166H         LINE#         595
  -------         ENDPROC       _MONISETVIDEOFORMAT
  C:7BA6H         SYMBOL        L?0297
  -------         PROC          _MONISHOWSODSTR
  X:00A4H         SYMBOL        szParam
  -------         DO            
  D:0027H         SYMBOL        addrx
  D:0028H         SYMBOL        addry
  X:00A7H         SYMBOL        getStr
  -------         ENDDO         
  C:7B5CH         LINE#         601
  C:7B5EH         LINE#         602
  C:7B5EH         LINE#         606
  C:7B61H         LINE#         607
  C:7B6CH         LINE#         608
  C:7B6FH         LINE#         609
  C:7B7AH         LINE#         611
  C:7B7FH         LINE#         612
  C:7B84H         LINE#         613
  C:7B89H         LINE#         614
  C:7BA1H         LINE#         615
BL51 BANKED LINKER/LOCATER V6.22                                                      06/13/2018  13:54:00  PAGE 29


  C:7BA6H         LINE#         616
  -------         ENDPROC       _MONISHOWSODSTR
  -------         PROC          PCT_AUDIOACTIONFORHS
  -------         DO            
  D:0027H         SYMBOL        winid
  D:0028H         SYMBOL        muteFlage
  -------         ENDDO         
  C:81C1H         LINE#         622
  C:81C1H         LINE#         623
  C:81C1H         LINE#         625
  C:81C4H         LINE#         628
  C:81C7H         LINE#         629
  C:81D0H         LINE#         630
  C:81DCH         LINE#         631
  C:81DFH         LINE#         632
  C:81DFH         LINE#         633
  C:81E8H         LINE#         635
  C:81ECH         LINE#         637
  C:81F4H         LINE#         642
  C:81FBH         LINE#         643
  C:81FBH         LINE#         645
  -------         ENDPROC       PCT_AUDIOACTIONFORHS
  -------         PROC          _MONIHSCOMM
  D:0001H         SYMBOL        szParam
  -------         DO            
  D:0027H         SYMBOL        winid
  D:0028H         SYMBOL        chose
  D:0029H         SYMBOL        wintp
  -------         ENDDO         
  C:6BD8H         LINE#         652
  C:6BD8H         LINE#         656
  C:6C42H         LINE#         659
  C:6C5CH         LINE#         663
  C:6C64H         LINE#         664
  C:6C6CH         LINE#         665
  C:6C75H         LINE#         666
  C:6C7EH         LINE#         668
  C:6C88H         LINE#         669
  C:6C92H         LINE#         670
  C:6C9CH         LINE#         671
  C:6CA6H         LINE#         676
  C:6CAFH         LINE#         677
  C:6CB7H         LINE#         679
  C:6CC1H         LINE#         681
  C:6CC4H         LINE#         682
  C:6CDAH         LINE#         686
  C:6CDFH         LINE#         687
  C:6CE4H         LINE#         688
  C:6CE9H         LINE#         689
  C:6CF0H         LINE#         690
  C:6CF5H         LINE#         691
  C:6CFAH         LINE#         692
  C:6CFDH         LINE#         693
  C:6D06H         LINE#         694
  C:6D0DH         LINE#         696
  -------         ENDPROC       _MONIHSCOMM
  -------         PROC          PCT_CHECKSYSTEM
BL51 BANKED LINKER/LOCATER V6.22                                                      06/13/2018  13:54:00  PAGE 30


  -------         DO            
  D:0007H         SYMBOL        TempSystem
  -------         ENDDO         
  C:7977H         LINE#         702
  C:7977H         LINE#         703
  C:7977H         LINE#         706
  C:797CH         LINE#         708
  C:7980H         LINE#         709
  C:7982H         LINE#         710
  C:7988H         LINE#         711
  C:798AH         LINE#         713
  C:798EH         LINE#         716
  C:799DH         LINE#         718
  C:79A2H         LINE#         720
  C:79A9H         LINE#         721
  C:79B2H         LINE#         722
  C:79BAH         LINE#         724
  C:79C4H         LINE#         727
  C:79C9H         LINE#         728
  C:79CCH         LINE#         729
  C:79D5H         LINE#         730
  C:79D8H         LINE#         732
  C:79D9H         LINE#         733
  -------         ENDPROC       PCT_CHECKSYSTEM
  -------         PROC          _MONIHSCOMMSJMODE
  D:0001H         SYMBOL        szParam
  C:86B5H         LINE#         739
  C:86B5H         LINE#         740
  C:86B5H         LINE#         741
  -------         ENDPROC       _MONIHSCOMMSJMODE
  -------         PROC          MONIHSCOMMDISSCROLL
  C:87F4H         LINE#         748
  C:87F4H         LINE#         749
  C:87F4H         LINE#         750
  -------         ENDPROC       MONIHSCOMMDISSCROLL
  C:8489H         SYMBOL        L?0314
  -------         PROC          MONIHSCOMMVERSION
  -------         DO            
  X:00A4H         SYMBOL        version
  -------         ENDDO         
  C:8469H         LINE#         758
  C:8469H         LINE#         759
  C:8469H         LINE#         760
  C:846DH         LINE#         763
  C:8472H         LINE#         770
  C:8475H         LINE#         771
  C:8479H         LINE#         772
  C:8484H         LINE#         773
  C:8489H         LINE#         775
  -------         ENDPROC       MONIHSCOMMVERSION
  C:5AA2H         SYMBOL        L?0259
  C:5AA9H         SYMBOL        L?0263
  C:5AB0H         SYMBOL        L?0269
  C:5AB7H         SYMBOL        L?0274
  C:5ABEH         SYMBOL        L?0278
  C:5AC5H         SYMBOL        L?0282
  C:5ACCH         SYMBOL        L?0286
BL51 BANKED LINKER/LOCATER V6.22                                                      06/13/2018  13:54:00  PAGE 31


  C:5AD3H         SYMBOL        L?0292
  C:5ADAH         SYMBOL        L?0295
  C:5AE1H         SYMBOL        L?0309
  C:5AE8H         SYMBOL        L?0321
  -------         PROC          _PCT_RUNCOMMSHELL
  X:009EH         SYMBOL        strptr
  -------         DO            
  D:0025H         SYMBOL        commcode
  X:00A1H         SYMBOL        getStr
  -------         ENDDO         
  C:5863H         LINE#         789
  C:5865H         LINE#         790
  C:5865H         LINE#         796
  C:5878H         LINE#         799
  C:5884H         LINE#         801
  C:5892H         LINE#         803
  C:5898H         LINE#         804
  C:58A9H         LINE#         806
  C:58AFH         LINE#         807
  C:58C0H         LINE#         809
  C:58C6H         LINE#         810
  C:58D7H         LINE#         813
  C:58DDH         LINE#         814
  C:58EEH         LINE#         817
  C:58F4H         LINE#         818
  C:5905H         LINE#         821
  C:590BH         LINE#         822
  C:591CH         LINE#         825
  C:591FH         LINE#         826
  C:5930H         LINE#         829
  C:5933H         LINE#         830
  C:5944H         LINE#         833
  C:594AH         LINE#         834
  C:595BH         LINE#         837
  C:5961H         LINE#         838
  C:5972H         LINE#         841
  C:5975H         LINE#         842
  C:5986H         LINE#         845
  C:598BH         LINE#         846
  C:5991H         LINE#         847
  C:5994H         LINE#         848
  C:59A5H         LINE#         851
  C:59ABH         LINE#         852
  C:59BCH         LINE#         855
  C:59C2H         LINE#         856
  C:59D3H         LINE#         858
  C:59D6H         LINE#         860
  C:59DCH         LINE#         861
  C:59EDH         LINE#         864
  C:59F0H         LINE#         865
  C:5A01H         LINE#         868
  C:5A04H         LINE#         869
  C:5A15H         LINE#         872
  C:5A1BH         LINE#         873
  C:5A2CH         LINE#         876
  C:5A32H         LINE#         878
  C:5A43H         LINE#         879
BL51 BANKED LINKER/LOCATER V6.22                                                      06/13/2018  13:54:00  PAGE 32


  C:5A46H         LINE#         881
  C:5A4CH         LINE#         883
  C:5A4FH         LINE#         884
  C:5A52H         LINE#         885
  C:5A57H         LINE#         893
  C:5A67H         LINE#         894
  C:5A6AH         LINE#         896
  C:5A70H         LINE#         897
  C:5A80H         LINE#         898
  C:5A83H         LINE#         900
  C:5A86H         LINE#         901
  C:5A99H         LINE#         902
  C:5A9CH         LINE#         904
  C:5A9FH         LINE#         907
  C:5A9FH         LINE#         908
  C:5A9FH         LINE#         911
  C:5AA1H         LINE#         912
  -------         ENDPROC       _PCT_RUNCOMMSHELL
  -------         ENDMOD        COMMANDSHELL

  -------         MODULE        MAIN
  C:0000H         SYMBOL        _ICE_DUMMY_
  C:826CH         PUBLIC        _PutsP
  D:00B1H         PUBLIC        P3M0
  D:0090H         PUBLIC        P1
  D:00B2H         PUBLIC        P3M1
  D:00B0H         PUBLIC        P3
  B:00A8H.7       PUBLIC        EA
  X:006BH         PUBLIC        RScommand
  D:00A8H         PUBLIC        IE
  B:0024H.1       PUBLIC        VlossFlag
  D:00B8H         PUBLIC        IP
  B:0098H.1       PUBLIC        TI
  D:00D8H         PUBLIC        CCON
  C:7836H         PUBLIC        main
  C:86CBH         PUBLIC        ResetCommSell
  D:0020H         PUBLIC        commFlag
  D:0087H         PUBLIC        PCON
  D:00C0H         PUBLIC        WDTC
  D:0098H         PUBLIC        SCON
  D:0089H         PUBLIC        TMOD
  D:0088H         PUBLIC        TCON
  C:87CCH         PUBLIC        NewLine
  C:87D5H         PUBLIC        _PCT_FlashOSDCtrl
  C:7D15H         PUBLIC        CommandShell
  C:85F7H         PUBLIC        InitialMPU
  B:0020H.0       PUBLIC        comm_chk_flag
  D:00E8H         PUBLIC        IEA
  C:8493H         PUBLIC        _chkStartCommShell
  C:7F6EH         PUBLIC        _Wait_ms
  C:87B7H         PUBLIC        InitialCommShell
  D:00F8H         PUBLIC        IPA
  B:0020H.1       PUBLIC        osd_chk_flag
  D:00C8H         PUBLIC        T2CON
  X:0096H         PUBLIC        _delay
  D:00D0H         PUBLIC        PSW
  -------         PROC          COMMANDSHELL
BL51 BANKED LINKER/LOCATER V6.22                                                      06/13/2018  13:54:00  PAGE 33


  -------         DO            
  D:0025H         SYMBOL        ch
  -------         ENDDO         
  C:7D15H         LINE#         74
  C:7D15H         LINE#         79
[...]
  C:4B31H         SYMBOL        L?0125
BL51 BANKED LINKER/LOCATER V6.22                                                      06/13/2018  13:54:00  PAGE 66


  C:4B45H         SYMBOL        L?0126
  C:4B61H         SYMBOL        L?0130
  C:4B78H         SYMBOL        L?0134
  C:4B91H         SYMBOL        L?0143
  C:4BA5H         SYMBOL        L?0157
  -------         PROC          _PCT_SETVIDEOHDELAY
  D:0007H         SYMBOL        _typ
  X:00A5H         SYMBOL        _winch
  X:00A8H         SYMBOL        _cattr
  -------         DO            
  X:00ABH         SYMBOL        hdelay
  -------         ENDDO         
  C:4854H         LINE#         155
  C:485AH         LINE#         156
  C:485AH         LINE#         164
  C:488CH         LINE#         165
  C:488CH         LINE#         166
  C:488CH         LINE#         171
  C:4891H         LINE#         172
  C:489AH         LINE#         173
  C:48A6H         LINE#         174
  C:48ACH         LINE#         176
  C:48AEH         LINE#         177
  C:48B7H         LINE#         178
  C:48BDH         LINE#         179
  C:48C0H         LINE#         181
  C:48C0H         LINE#         182
  C:48C0H         LINE#         184
  C:48C0H         LINE#         185
  C:48C9H         LINE#         186
  C:48D1H         LINE#         187
  C:48D7H         LINE#         189
  C:48DCH         LINE#         190
  C:48DCH         LINE#         191
  C:48E7H         LINE#         192
  C:48EDH         LINE#         194
  C:48F0H         LINE#         196
  C:48F0H         LINE#         197
  C:48F0H         LINE#         199
  C:48F0H         LINE#         200
  C:48FAH         LINE#         201
  C:4902H         LINE#         202
  C:4908H         LINE#         204
  C:4908H         LINE#         205
  C:4908H         LINE#         206
  C:4913H         LINE#         207
  C:4919H         LINE#         208
  C:491CH         LINE#         210
  C:491CH         LINE#         211
  C:491CH         LINE#         213
  C:491CH         LINE#         214
  C:4925H         LINE#         215
  C:492DH         LINE#         216
  C:4933H         LINE#         218
  C:4933H         LINE#         219
  C:493FH         LINE#         220
  C:4947H         LINE#         221
BL51 BANKED LINKER/LOCATER V6.22                                                      06/13/2018  13:54:00  PAGE 67


  C:494DH         LINE#         223
  C:4956H         LINE#         224
  C:4959H         LINE#         225
  C:4964H         LINE#         226
  C:496AH         LINE#         227
  C:496DH         LINE#         229
  C:496DH         LINE#         230
  C:496DH         LINE#         231
  C:496DH         LINE#         233
  C:496DH         LINE#         234
  C:496DH         LINE#         237
  C:496DH         LINE#         238
  C:4977H         LINE#         239
  C:497FH         LINE#         240
  C:4985H         LINE#         242
  C:4985H         LINE#         243
  C:4985H         LINE#         244
  C:498DH         LINE#         245
  C:4993H         LINE#         247
  C:4998H         LINE#         248
  C:49A1H         LINE#         249
  C:49ACH         LINE#         250
  C:49B2H         LINE#         251
  C:49B5H         LINE#         253
  C:49B5H         LINE#         254
  C:49B5H         LINE#         257
  C:49B5H         LINE#         258
  C:49BFH         LINE#         259
  C:49C7H         LINE#         260
  C:49CDH         LINE#         262
  C:49CDH         LINE#         263
  C:49CDH         LINE#         264
  C:49D5H         LINE#         265
  C:49DBH         LINE#         267
  C:49DBH         LINE#         268
  C:49E7H         LINE#         269
  C:49EFH         LINE#         270
  C:49F5H         LINE#         271
  C:49F8H         LINE#         273
  C:49F8H         LINE#         274
  C:49F8H         LINE#         277
  C:49F8H         LINE#         278
  C:4A02H         LINE#         279
  C:4A0AH         LINE#         280
  C:4A10H         LINE#         282
  C:4A10H         LINE#         283
  C:4A10H         LINE#         284
  C:4A18H         LINE#         285
  C:4A1EH         LINE#         287
  C:4A1EH         LINE#         288
  C:4A2AH         LINE#         289
  C:4A32H         LINE#         290
  C:4A3EH         LINE#         292
  C:4A43H         LINE#         293
  C:4A4CH         LINE#         294
  C:4A57H         LINE#         295
  C:4A63H         LINE#         296
BL51 BANKED LINKER/LOCATER V6.22                                                      06/13/2018  13:54:00  PAGE 68


  C:4A63H         LINE#         298
  C:4A63H         LINE#         299
  C:4A63H         LINE#         300
  C:4A63H         LINE#         301
  -------         ENDPROC       _PCT_SETVIDEOHDELAY
  C:64CEH         SYMBOL        L?0156
  C:64DBH         SYMBOL        L?0169
  -------         PROC          _PCT_SETXVIDEOMIXING
  X:00A4H         SYMBOL        _typ
  X:00A5H         SYMBOL        _winch
  -------         DO            
  X:00A8H         SYMBOL        wregptr
  -------         ENDDO         
  C:634EH         LINE#         304
  C:6357H         LINE#         305
  C:6357H         LINE#         308
  C:6367H         LINE#         309
  C:6377H         LINE#         310
  C:638BH         LINE#         311
  C:639FH         LINE#         313
  C:63D5H         LINE#         314
  C:63D5H         LINE#         315
  C:63D5H         LINE#         319
  C:63E4H         LINE#         320
  C:63EEH         LINE#         321
  C:63EEH         LINE#         322
  C:63F1H         LINE#         324
  C:63F1H         LINE#         325
  C:63F1H         LINE#         326
  C:63F1H         LINE#         327
  C:63F1H         LINE#         328
  C:6400H         LINE#         329
  C:6402H         LINE#         331
  C:6413H         LINE#         332
  C:641EH         LINE#         333
  C:641EH         LINE#         334
  C:6421H         LINE#         336
  C:6421H         LINE#         337
  C:6421H         LINE#         338
  C:6421H         LINE#         339
  C:6421H         LINE#         340
  C:6421H         LINE#         341
  C:6421H         LINE#         342
  C:6421H         LINE#         343
  C:6421H         LINE#         344
  C:6430H         LINE#         345
  C:6432H         LINE#         347
  C:6443H         LINE#         348
  C:6457H         LINE#         349
  C:6468H         LINE#         350
  C:646DH         LINE#         351
  C:6470H         LINE#         353
  C:6470H         LINE#         354
  C:6470H         LINE#         355
  C:647FH         LINE#         356
  C:648FH         LINE#         357
  C:64A0H         LINE#         358
BL51 BANKED LINKER/LOCATER V6.22                                                      06/13/2018  13:54:00  PAGE 69


  C:64B1H         LINE#         359
  C:64BFH         LINE#         360
  C:64CDH         LINE#         361
  C:64CDH         LINE#         363
  C:64CDH         LINE#         364
  C:64CDH         LINE#         365
  C:64CDH         LINE#         366
  -------         ENDPROC       _PCT_SETXVIDEOMIXING
  -------         PROC          _PCT_SETYVIDEOMIXING
  D:0007H         SYMBOL        _typ
  C:870BH         LINE#         372
  C:870BH         LINE#         373
  C:870BH         LINE#         374
  -------         ENDPROC       _PCT_SETYVIDEOMIXING
  C:6F2AH         SYMBOL        L?0144
  C:6F35H         SYMBOL        L?0152
  C:6F40H         SYMBOL        L?0160
  C:6F4BH         SYMBOL        L?0170
  C:6F52H         SYMBOL        L?0172
  -------         PROC          _PCT_RECOMPENSEYHDELAY
  X:00A4H         SYMBOL        _chmiro
  C:6E3DH         LINE#         378
  C:6E43H         LINE#         379
  C:6E43H         LINE#         380
  C:6E6DH         LINE#         381
  C:6E6DH         LINE#         383
  C:6E7BH         LINE#         384
  C:6E84H         LINE#         385
  C:6E95H         LINE#         386
  C:6E9EH         LINE#         387
  C:6EACH         LINE#         388
  C:6EB8H         LINE#         389
  C:6EC9H         LINE#         390
  C:6EC9H         LINE#         391
  C:6ECCH         LINE#         393
  C:6ECCH         LINE#         394
  C:6EDAH         LINE#         395
  C:6EE0H         LINE#         396
  C:6EE3H         LINE#         398
  C:6EE3H         LINE#         399
  C:6EF1H         LINE#         400
  C:6EF7H         LINE#         401
  C:6EF9H         LINE#         403
  C:6EF9H         LINE#         404
  C:6F07H         LINE#         405
  C:6F0DH         LINE#         406
  C:6F0FH         LINE#         408
  C:6F0FH         LINE#         409
  C:6F1DH         LINE#         410
  C:6F29H         LINE#         411
  C:6F29H         LINE#         412
  C:6F29H         LINE#         413
  -------         ENDPROC       _PCT_RECOMPENSEYHDELAY
  -------         PROC          _PCT_WINATTRCTRL
  X:00AAH         SYMBOL        _wid
  X:00ABH         SYMBOL        _attrsel
  X:00ACH         SYMBOL        _setval
BL51 BANKED LINKER/LOCATER V6.22                                                      06/13/2018  13:54:00  PAGE 70


  -------         DO            
  D:0004H         SYMBOL        dat
  -------         ENDDO         
  C:840BH         LINE#         464
  C:8416H         LINE#         465
  C:8416H         LINE#         471
  C:8420H         LINE#         472
  C:8431H         LINE#         473
  -------         ENDPROC       _PCT_WINATTRCTRL
  -------         PROC          _PCT_WINATTRCTRLY
  X:00A4H         SYMBOL        _wid
  X:00A5H         SYMBOL        _attrsel
  X:00A6H         SYMBOL        _setval
  -------         DO            
  D:0004H         SYMBOL        dat
  -------         ENDDO         
  C:81FCH         LINE#         482
  C:8207H         LINE#         483
  C:8207H         LINE#         488
  C:8214H         LINE#         489
  C:8225H         LINE#         490
  -------         ENDPROC       _PCT_WINATTRCTRLY
  -------         PROC          _PCT_WINATTRCLEAR
  X:00A4H         SYMBOL        _attrsel
  -------         DO            
  X:00A5H         SYMBOL        _wid
  X:00A6H         SYMBOL        dat
  -------         ENDDO         
  C:8234H         LINE#         499
  C:8238H         LINE#         500
  C:8238H         LINE#         507
  C:8244H         LINE#         508
  C:8251H         LINE#         509
  C:825AH         LINE#         510
  C:8264H         LINE#         511
  C:826BH         LINE#         512
  -------         ENDPROC       _PCT_WINATTRCLEAR
  -------         ENDMOD        TW28XX_VIDEO

  -------         MODULE        TW2835_INIT
  C:0000H         SYMBOL        _ICE_DUMMY_
  D:0090H         PUBLIC        P1
  D:00B0H         PUBLIC        P3
  D:00A8H         PUBLIC        IE
  C:4454H         PUBLIC        TW2835_Page0
  C:4654H         PUBLIC        TW2835_Page1
  C:7FFAH         PUBLIC        PCT_InitialTW2835
  D:00B8H         PUBLIC        IP
  C:8733H         PUBLIC        PCT_TW2835ResetN
  D:00D8H         PUBLIC        CCON
  D:00C0H         PUBLIC        WDTC
  D:0098H         PUBLIC        SCON
  D:0088H         PUBLIC        TCON
  C:79DAH         PUBLIC        _PCT_ChangeSystemType
  D:00E8H         PUBLIC        IEA
  D:00F8H         PUBLIC        IPA
  D:00C8H         PUBLIC        T2CON
BL51 BANKED LINKER/LOCATER V6.22                                                      06/13/2018  13:54:00  PAGE 71


  B:00B0H.4       PUBLIC        RSTn
  C:7913H         PUBLIC        PCT_TW2835_Initial
  D:00D0H         PUBLIC        PSW
  C:8686H         SYMBOL        Com000C
  C:8686H         SYMBOL        L?0013
  C:868FH         SYMBOL        L?0014
  -------         PROC          COM000C
  -------         ENDPROC       COM000C
  -------         PROC          PCT_INITIALTW2835
  C:7FFAH         LINE#         72
  C:7FFAH         LINE#         73
  C:7FFAH         LINE#         74
  C:7FFDH         LINE#         75
  C:8002H         LINE#         78
  C:8008H         LINE#         79
  C:8010H         LINE#         80
  C:801FH         LINE#         81
  C:8028H         LINE#         82
  C:802AH         LINE#         83
  C:802AH         LINE#         84
  C:8031H         LINE#         85
  C:8033H         LINE#         86
  C:8038H         LINE#         88
  C:803BH         LINE#         89
  -------         ENDPROC       PCT_INITIALTW2835
  -------         PROC          PCT_TW2835RESETN
  -------         DO            
  D:0006H         SYMBOL        _delay
  -------         ENDDO         
  C:8733H         LINE#         96
  C:8733H         LINE#         97
  C:8733H         LINE#         112
  C:8735H         LINE#         113
  C:8743H         LINE#         114
  C:8745H         LINE#         116
  -------         ENDPROC       PCT_TW2835RESETN
  C:796CH         SYMBOL        L?0015
  -------         PROC          PCT_TW2835_INITIAL
  -------         DO            
  X:00A4H         SYMBOL        offset
  -------         ENDDO         
  C:7913H         LINE#         122
  C:7913H         LINE#         123
  C:7913H         LINE#         126
  C:791EH         LINE#         127
  C:7929H         LINE#         128
  C:793BH         LINE#         130
  C:7952H         LINE#         132
  C:796CH         LINE#         133
  -------         ENDPROC       PCT_TW2835_INITIAL
  C:7A31H         SYMBOL        L?0016
  -------         PROC          _PCT_CHANGESYSTEMTYPE
  D:0007H         SYMBOL        _sys
  -------         DO            
  X:009EH         SYMBOL        offset
  -------         ENDDO         
  C:79DAH         LINE#         139
BL51 BANKED LINKER/LOCATER V6.22                                                      06/13/2018  13:54:00  PAGE 72


  C:79DAH         LINE#         140
  C:79DAH         LINE#         143
  C:79E3H         LINE#         144
  C:79EEH         LINE#         146
  C:7A01H         LINE#         148
  C:7A17H         LINE#         149
  C:7A31H         LINE#         150
  -------         ENDPROC       _PCT_CHANGESYSTEMTYPE
  -------         ENDMOD        TW2835_INIT

  -------         MODULE        ?C?CLDPTR
  C:404EH         PUBLIC        ?C?CLDPTR
  -------         ENDMOD        ?C?CLDPTR

  -------         MODULE        ?C?CLDOPTR
  C:4067H         PUBLIC        ?C?CLDOPTR
  -------         ENDMOD        ?C?CLDOPTR

  -------         MODULE        ?C?CSTPTR
  C:4094H         PUBLIC        ?C?CSTPTR
  -------         ENDMOD        ?C?CSTPTR

  -------         MODULE        ?C?IMUL
  C:40A6H         PUBLIC        ?C?IMUL
  -------         ENDMOD        ?C?IMUL

  -------         MODULE        ?C?ILDPTR
  C:40B8H         PUBLIC        ?C?ILDPTR
  -------         ENDMOD        ?C?ILDPTR

  -------         MODULE        ?C?IILDOPTR
  C:40E3H         PUBLIC        ?C?IILDOPTR
  -------         ENDMOD        ?C?IILDOPTR

  -------         MODULE        ?C?ULCMP
  C:4130H         PUBLIC        ?C?ULCMP
  -------         ENDMOD        ?C?ULCMP

  -------         MODULE        ?C?PLDPTR
  C:4141H         PUBLIC        ?C?PLDPTR
  -------         ENDMOD        ?C?PLDPTR

  -------         MODULE        ?C?PSTPTR
  C:4161H         PUBLIC        ?C?PSTPTR
  -------         ENDMOD        ?C?PSTPTR

  -------         MODULE        ?C?CCASE
  C:41B0H         PUBLIC        ?C?CCASE
  -------         ENDMOD        ?C?CCASE

  -------         MODULE        PRINTF
  X:00A4H         PUBLIC        ?_PRINTF517?BYTE
  X:00A4H         PUBLIC        ?_PRINTF?BYTE
  X:00A4H         PUBLIC        ?_SPRINTF517?BYTE
  X:00A4H         PUBLIC        ?_SPRINTF?BYTE
  C:4C1DH         PUBLIC        _PRINTF
  C:4C1DH         PUBLIC        _PRINTF517
BL51 BANKED LINKER/LOCATER V6.22                                                      06/13/2018  13:54:00  PAGE 73


  C:4C17H         PUBLIC        _SPRINTF
  C:4C17H         PUBLIC        _SPRINTF517
  -------         ENDMOD        PRINTF

  -------         MODULE        PUTS
  C:84BDH         PUBLIC        _PUTS
  -------         ENDMOD        PUTS

  -------         MODULE        SCANF
  X:00AAH         PUBLIC        ?_SCANF517?BYTE
  X:00AAH         PUBLIC        ?_SCANF?BYTE
  X:00AAH         PUBLIC        ?_SSCANF517?BYTE
  X:00AAH         PUBLIC        ?_SSCANF?BYTE
  C:52F0H         PUBLIC        _SCANF
  C:52F0H         PUBLIC        _SCANF517
  C:52ECH         PUBLIC        _SSCANF
  C:52ECH         PUBLIC        _SSCANF517
  -------         ENDMOD        SCANF

  -------         MODULE        ?C?STRCMP
  C:4354H         PUBLIC        ?C?STRCMP
  -------         ENDMOD        ?C?STRCMP

  -------         MODULE        STRLEN
  C:000EH         PUBLIC        _STRLEN
  -------         ENDMOD        STRLEN

  -------         MODULE        ATOI
  C:746EH         PUBLIC        _atoi
  -------         ENDMOD        ATOI

  -------         MODULE        ?C?IILDX
  C:4371H         PUBLIC        ?C?IILDX
  -------         ENDMOD        ?C?IILDX

  -------         MODULE        ?C?ISTPTR
  C:4387H         PUBLIC        ?C?ISTPTR
  -------         ENDMOD        ?C?ISTPTR

  -------         MODULE        ?C?LNEG
  C:43A6H         PUBLIC        ?C?LNEG
  -------         ENDMOD        ?C?LNEG

  -------         MODULE        ?C?LSTPTR
  C:43B4H         PUBLIC        ?C?LSTPTR
  -------         ENDMOD        ?C?LSTPTR

  -------         MODULE        ?C?PLDIDATA
  C:43CEH         PUBLIC        ?C?PLDIDATA
  -------         ENDMOD        ?C?PLDIDATA

  -------         MODULE        ?C?PSTIDATA
  C:43D7H         PUBLIC        ?C?PSTIDATA
  -------         ENDMOD        ?C?PSTIDATA

  -------         MODULE        ?C?PLDXDATA
  C:43E0H         PUBLIC        ?C?PLDXDATA
BL51 BANKED LINKER/LOCATER V6.22                                                      06/13/2018  13:54:00  PAGE 74


  -------         ENDMOD        ?C?PLDXDATA

  -------         MODULE        ?C?PSTXDATA
  C:43E9H         PUBLIC        ?C?PSTXDATA
  -------         ENDMOD        ?C?PSTXDATA

  -------         MODULE        ?C?PLDPDATA
  C:43F2H         PUBLIC        ?C?PLDPDATA
  -------         ENDMOD        ?C?PLDPDATA

  -------         MODULE        ?C?PLDIPDATA
  C:43FBH         PUBLIC        ?C?PLDIPDATA
  -------         ENDMOD        ?C?PLDIPDATA

  -------         MODULE        ?C?PILDPDATA
  C:440BH         PUBLIC        ?C?PILDPDATA
  -------         ENDMOD        ?C?PILDPDATA

  -------         MODULE        ?C?PSTPDATA
  C:441BH         PUBLIC        ?C?PSTPDATA
  -------         ENDMOD        ?C?PSTPDATA

  -------         MODULE        ?C?PLDCODE
  C:4424H         PUBLIC        ?C?PLDCODE
  -------         ENDMOD        ?C?PLDCODE

  -------         MODULE        PUTCHAR
  C:8586H         PUBLIC        _PUTCHAR
  -------         ENDMOD        PUTCHAR

  -------         MODULE        GETCHAR
  B:0024H.2       PUBLIC        ?C?CHARLOADED
  X:009AH         PUBLIC        ?_UNGETCHAR?BYTE
  C:8746H         PUBLIC        GETCHAR
  -------         ENDMOD        GETCHAR

  -------         MODULE        UNGETC
  C:87EDH         PUBLIC        _UNGETCHAR
  -------         ENDMOD        UNGETC

  -------         MODULE        ISDIGIT
  C:87A8H         PUBLIC        _isdigit
  -------         ENDMOD        ISDIGIT

  -------         MODULE        ISSPACE
  C:871FH         PUBLIC        _isspace
  -------         ENDMOD        ISSPACE

  -------         MODULE        ?C?LSTIDATA
  C:4430H         PUBLIC        ?C?LSTIDATA
  -------         ENDMOD        ?C?LSTIDATA

  -------         MODULE        ?C?LSTXDATA
  C:443CH         PUBLIC        ?C?LSTXDATA
  -------         ENDMOD        ?C?LSTXDATA

  -------         MODULE        ?C?LSTPDATA
BL51 BANKED LINKER/LOCATER V6.22                                                      06/13/2018  13:54:00  PAGE 75


  C:4448H         PUBLIC        ?C?LSTPDATA
  -------         ENDMOD        ?C?LSTPDATA

  -------         MODULE        _GETKEY
  C:87C2H         PUBLIC        _GETKEY
  -------         ENDMOD        _GETKEY

Program Size: data=46.3 xdata=217 code=34821
LINK/LOCATE RUN COMPLETE.  0 WARNING(S),  0 ERROR(S)
